# syndrdb/src/tests/homegrown/syndrQL [syndrdb/src/tests/homegrown/syndrQL.test]
src/tests/homegrown/syndrQL/create_bundle_parser_test.go:333:19: undefined: models
src/tests/homegrown/syndrQL/create_bundle_parser_test.go:349:19: undefined: models
src/tests/homegrown/syndrQL/create_bundle_parser_test.go:357:19: undefined: models
src/tests/homegrown/syndrQL/create_bundle_parser_test.go:365:19: undefined: models
# syndrdb/src/tests/homegrown [syndrdb/src/tests/homegrown.test]
src/tests/homegrown/hash_index_entry_test.go:248:6: TestIsNewer redeclared in this block
	src/tests/homegrown/compaction_manager_test.go:313:6: other declaration of TestIsNewer
src/tests/homegrown/phase2_nodes_test.go:44:6: createTestDocuments redeclared in this block
	src/tests/homegrown/test_order_by_end_to_end.go:253:6: other declaration of createTestDocuments
src/tests/homegrown/hash_index_api_test.go:17:50: undefined: IndexConfig
src/tests/homegrown/compaction_manager_test.go:561:13: undefined: hashIndexEntry
src/tests/homegrown/compaction_manager_test.go:566:13: undefined: hashIndexEntry
src/tests/homegrown/compaction_manager_test.go:574:6: cm.isNewer undefined (type *compactor.CompactionManager has no field or method isNewer, but does have method IsNewer)
src/tests/homegrown/compaction_strategy_test.go:12:14: undefined: NewFileCountStrategy
src/tests/homegrown/compaction_strategy_test.go:45:14: undefined: NewFileCountStrategy
src/tests/homegrown/compaction_strategy_test.go:51:13: undefined: NewFileCountStrategy
src/tests/homegrown/compaction_strategy_test.go:62:14: undefined: NewTotalSizeStrategy
src/tests/homegrown/compaction_strategy_test.go:62:14: too many errors
# syndrdb/src/tests/homegrown/graphQL [syndrdb/src/tests/homegrown/graphQL.test]
src/tests/homegrown/graphQL/relationship_resolver_test.go:40:3: not enough arguments in call to resolver.ResolveRelationship
	have (*models.Bundle, *models.Document, string, *models.Database)
	want (context.Context, *models.Bundle, *models.Document, string, *models.Database)
src/tests/homegrown/graphQL/relationship_resolver_test.go:90:3: not enough arguments in call to resolver.ResolveRelationship
	have (*models.Bundle, *models.Document, string, *models.Database)
	want (context.Context, *models.Bundle, *models.Document, string, *models.Database)
src/tests/homegrown/graphQL/relationship_resolver_test.go:139:3: not enough arguments in call to resolver.ResolveRelationship
	have (*models.Bundle, *models.Document, string, *models.Database)
	want (context.Context, *models.Bundle, *models.Document, string, *models.Database)
src/tests/homegrown/graphQL/relationship_resolver_test.go:230:5: not enough arguments in call to resolver.ResolveRelationship
	have (*models.Bundle, *models.Document, string, *models.Database)
	want (context.Context, *models.Bundle, *models.Document, string, *models.Database)
src/tests/homegrown/graphQL/relationship_resolver_test.go:294:5: not enough arguments in call to resolver.ResolveRelationship
	have (*models.Bundle, *models.Document, string, *models.Database)
	want (context.Context, *models.Bundle, *models.Document, string, *models.Database)
src/tests/homegrown/graphQL/relationship_resolver_test.go:324:3: not enough arguments in call to resolver.ResolveRelationship
	have (*models.Bundle, *models.Document, string, *models.Database)
	want (context.Context, *models.Bundle, *models.Document, string, *models.Database)
src/tests/homegrown/graphQL/relationship_resolver_test.go:369:14: cannot use &[]models.Document{…} (value of type *[]models.Document) as *map[string]models.Document value in struct literal
src/tests/homegrown/graphQL/relationship_resolver_test.go:384:14: cannot use &[]models.Document{…} (value of type *[]models.Document) as *map[string]models.Document value in struct literal
src/tests/homegrown/graphQL/relationship_resolver_test.go:402:3: unknown field CreatedAt in struct literal of type models.Database
src/tests/homegrown/graphQL/relationship_resolver_test.go:420:14: cannot use &[]models.Document{…} (value of type *[]models.Document) as *map[string]models.Document value in struct literal
src/tests/homegrown/graphQL/relationship_resolver_test.go:420:14: too many errors
FAIL	syndrdb/src/tests/homegrown [build failed]
=== RUN   TestCreateNewIndex_RegularIndex
2025-12-03T18:31:59.037-0500	DEBUG	hashindexV3/header_manager.go:104	Created header for index Email, field Email, file 0 (FK=false, Unique=false, PK=false)
2025-12-03T18:31:59.038-0500	DEBUG	hashindexV3/header_manager.go:198	Wrote header to /var/folders/85/q1ly22y17zl71m_r0pvz60z00000gn/T/TestCreateNewIndex_RegularIndex735485806/001/Email.0.hidx: index=Email, field=Email, 343 bytes
2025-12-03T18:31:59.038-0500	DEBUG	hashindexV3/hash_entry_storage.go:1171	Wrote header to new file Email.0.hidx: 343 bytes
2025-12-03T18:31:59.038-0500	INFO	hashindexV3/hash_entry_storage.go:492	Entry storage initialized	{"indexName": "Email", "fieldName": "Email", "bundleName": "TestBundle", "dataDir": "/var/folders/85/q1ly22y17zl71m_r0pvz60z00000gn/T/TestCreateNewIndex_RegularIndex735485806/001", "isForeignKey": false, "existingFiles": 1}
2025-12-03T18:31:59.038-0500	DEBUG	hashindexV3/hash_index_api.go:284	Created new LSM-style hash index	{"indexName": "Email", "bundleName": "TestBundle", "dataDir": "/var/folders/85/q1ly22y17zl71m_r0pvz60z00000gn/T/TestCreateNewIndex_RegularIndex735485806/001"}
    header_based_index_test.go:145: ✅ Regular index created successfully with proper header
2025-12-03T18:31:59.041-0500	DEBUG	hashindexV3/header_manager.go:158	Read header from /var/folders/85/q1ly22y17zl71m_r0pvz60z00000gn/T/TestCreateNewIndex_RegularIndex735485806/001/Email.0.hidx: index=Email, field=Email, entries=0, size=343 bytes
2025-12-03T18:31:59.041-0500	DEBUG	hashindexV3/header_manager.go:198	Wrote header to /var/folders/85/q1ly22y17zl71m_r0pvz60z00000gn/T/TestCreateNewIndex_RegularIndex735485806/001/Email.0.hidx: index=Email, field=Email, 343 bytes
2025-12-03T18:31:59.041-0500	DEBUG	hashindexV3/header_manager.go:236	Updated statistics in /var/folders/85/q1ly22y17zl71m_r0pvz60z00000gn/T/TestCreateNewIndex_RegularIndex735485806/001/Email.0.hidx: entries=0, deleted=0, size=343, seq=0
2025-12-03T18:31:59.041-0500	DEBUG	hashindexV3/hash_entry_storage.go:720	Updated header statistics: entries=0, size=343, seq=0
2025-12-03T18:31:59.041-0500	DEBUG	hashindexV3/hash_index_metadata.go:56	SaveMetadata called (deprecated, now no-op - using headers)	{"indexName": "Email"}
2025-12-03T18:31:59.041-0500	INFO	hashindexV3/hash_entry_storage.go:926	Entry storage closed	{"indexName": "Email", "bundleName": "TestBundle", "useBuckets": true, "totalEntries": 0, "totalBytes": 0}
2025-12-03T18:31:59.041-0500	INFO	hashindexV3/hash_index_api.go:729	Closed hash index	{"indexName": "Email", "totalPuts": 0, "totalGets": 0, "totalDeletes": 0}
--- PASS: TestCreateNewIndex_RegularIndex (0.00s)
=== RUN   TestCreateNewIndex_ForeignKeyIndex
2025-12-03T18:31:59.041-0500	DEBUG	hashindexV3/header_manager.go:104	Created header for index UserID_fk, field UserID, file 0 (FK=true, Unique=false, PK=false)
2025-12-03T18:31:59.041-0500	DEBUG	hashindexV3/header_manager.go:125	Created FK header for index UserID_fk → Users.DocumentID
2025-12-03T18:31:59.041-0500	DEBUG	hashindexV3/header_manager.go:198	Wrote header to /var/folders/85/q1ly22y17zl71m_r0pvz60z00000gn/T/TestCreateNewIndex_ForeignKeyIndex935668895/001/UserID_fk.0.hidx: index=UserID_fk, field=UserID, 408 bytes
2025-12-03T18:31:59.041-0500	DEBUG	hashindexV3/hash_entry_storage.go:1171	Wrote header to new file UserID_fk.0.hidx: 408 bytes
2025-12-03T18:31:59.041-0500	INFO	hashindexV3/hash_entry_storage.go:492	Entry storage initialized	{"indexName": "UserID_fk", "fieldName": "UserID", "bundleName": "TestBundle", "dataDir": "/var/folders/85/q1ly22y17zl71m_r0pvz60z00000gn/T/TestCreateNewIndex_ForeignKeyIndex935668895/001", "isForeignKey": true, "existingFiles": 1}
2025-12-03T18:31:59.041-0500	DEBUG	hashindexV3/hash_index_api.go:284	Created new LSM-style hash index	{"indexName": "UserID_fk", "bundleName": "TestBundle", "dataDir": "/var/folders/85/q1ly22y17zl71m_r0pvz60z00000gn/T/TestCreateNewIndex_ForeignKeyIndex935668895/001"}
    header_based_index_test.go:171: ✅ Foreign key index created successfully with -fk suffix
2025-12-03T18:31:59.043-0500	DEBUG	hashindexV3/header_manager.go:158	Read header from /var/folders/85/q1ly22y17zl71m_r0pvz60z00000gn/T/TestCreateNewIndex_ForeignKeyIndex935668895/001/UserID_fk.0.hidx: index=UserID_fk, field=UserID, entries=0, size=408 bytes
2025-12-03T18:31:59.043-0500	DEBUG	hashindexV3/header_manager.go:198	Wrote header to /var/folders/85/q1ly22y17zl71m_r0pvz60z00000gn/T/TestCreateNewIndex_ForeignKeyIndex935668895/001/UserID_fk.0.hidx: index=UserID_fk, field=UserID, 408 bytes
2025-12-03T18:31:59.043-0500	DEBUG	hashindexV3/header_manager.go:236	Updated statistics in /var/folders/85/q1ly22y17zl71m_r0pvz60z00000gn/T/TestCreateNewIndex_ForeignKeyIndex935668895/001/UserID_fk.0.hidx: entries=0, deleted=0, size=408, seq=0
2025-12-03T18:31:59.043-0500	DEBUG	hashindexV3/hash_entry_storage.go:720	Updated header statistics: entries=0, size=408, seq=0
2025-12-03T18:31:59.043-0500	DEBUG	hashindexV3/hash_index_metadata.go:56	SaveMetadata called (deprecated, now no-op - using headers)	{"indexName": "UserID_fk"}
2025-12-03T18:31:59.043-0500	INFO	hashindexV3/hash_entry_storage.go:926	Entry storage closed	{"indexName": "UserID_fk", "bundleName": "TestBundle", "useBuckets": true, "totalEntries": 0, "totalBytes": 0}
2025-12-03T18:31:59.043-0500	INFO	hashindexV3/hash_index_api.go:729	Closed hash index	{"indexName": "UserID_fk", "totalPuts": 0, "totalGets": 0, "totalDeletes": 0}
--- PASS: TestCreateNewIndex_ForeignKeyIndex (0.00s)
=== RUN   TestCreateNewIndex_PrimaryKeyIndex
2025-12-03T18:31:59.044-0500	DEBUG	hashindexV3/header_manager.go:104	Created header for index DocumentID, field DocumentID, file 0 (FK=false, Unique=true, PK=true)
2025-12-03T18:31:59.044-0500	DEBUG	hashindexV3/header_manager.go:198	Wrote header to /var/folders/85/q1ly22y17zl71m_r0pvz60z00000gn/T/TestCreateNewIndex_PrimaryKeyIndex3952444983/001/DocumentID.0.hidx: index=DocumentID, field=DocumentID, 353 bytes
2025-12-03T18:31:59.044-0500	DEBUG	hashindexV3/hash_entry_storage.go:1171	Wrote header to new file DocumentID.0.hidx: 353 bytes
2025-12-03T18:31:59.044-0500	INFO	hashindexV3/hash_entry_storage.go:492	Entry storage initialized	{"indexName": "DocumentID", "fieldName": "DocumentID", "bundleName": "TestBundle", "dataDir": "/var/folders/85/q1ly22y17zl71m_r0pvz60z00000gn/T/TestCreateNewIndex_PrimaryKeyIndex3952444983/001", "isForeignKey": false, "existingFiles": 1}
2025-12-03T18:31:59.044-0500	DEBUG	hashindexV3/hash_index_api.go:284	Created new LSM-style hash index	{"indexName": "DocumentID", "bundleName": "TestBundle", "dataDir": "/var/folders/85/q1ly22y17zl71m_r0pvz60z00000gn/T/TestCreateNewIndex_PrimaryKeyIndex3952444983/001"}
    header_based_index_test.go:189: ✅ Primary key index created successfully
2025-12-03T18:31:59.046-0500	DEBUG	hashindexV3/header_manager.go:158	Read header from /var/folders/85/q1ly22y17zl71m_r0pvz60z00000gn/T/TestCreateNewIndex_PrimaryKeyIndex3952444983/001/DocumentID.0.hidx: index=DocumentID, field=DocumentID, entries=0, size=353 bytes
2025-12-03T18:31:59.046-0500	DEBUG	hashindexV3/header_manager.go:198	Wrote header to /var/folders/85/q1ly22y17zl71m_r0pvz60z00000gn/T/TestCreateNewIndex_PrimaryKeyIndex3952444983/001/DocumentID.0.hidx: index=DocumentID, field=DocumentID, 353 bytes
2025-12-03T18:31:59.046-0500	DEBUG	hashindexV3/header_manager.go:236	Updated statistics in /var/folders/85/q1ly22y17zl71m_r0pvz60z00000gn/T/TestCreateNewIndex_PrimaryKeyIndex3952444983/001/DocumentID.0.hidx: entries=0, deleted=0, size=353, seq=0
2025-12-03T18:31:59.046-0500	DEBUG	hashindexV3/hash_entry_storage.go:720	Updated header statistics: entries=0, size=353, seq=0
2025-12-03T18:31:59.046-0500	DEBUG	hashindexV3/hash_index_metadata.go:56	SaveMetadata called (deprecated, now no-op - using headers)	{"indexName": "DocumentID"}
2025-12-03T18:31:59.046-0500	INFO	hashindexV3/hash_entry_storage.go:926	Entry storage closed	{"indexName": "DocumentID", "bundleName": "TestBundle", "useBuckets": true, "totalEntries": 0, "totalBytes": 0}
2025-12-03T18:31:59.046-0500	INFO	hashindexV3/hash_index_api.go:729	Closed hash index	{"indexName": "DocumentID", "totalPuts": 0, "totalGets": 0, "totalDeletes": 0}
--- PASS: TestCreateNewIndex_PrimaryKeyIndex (0.00s)
=== RUN   TestCreateNewIndex_UniqueIndex
2025-12-03T18:31:59.047-0500	DEBUG	hashindexV3/header_manager.go:104	Created header for index Email, field Email, file 0 (FK=false, Unique=true, PK=false)
2025-12-03T18:31:59.047-0500	DEBUG	hashindexV3/header_manager.go:198	Wrote header to /var/folders/85/q1ly22y17zl71m_r0pvz60z00000gn/T/TestCreateNewIndex_UniqueIndex182478772/001/Email.0.hidx: index=Email, field=Email, 343 bytes
2025-12-03T18:31:59.047-0500	DEBUG	hashindexV3/hash_entry_storage.go:1171	Wrote header to new file Email.0.hidx: 343 bytes
2025-12-03T18:31:59.047-0500	INFO	hashindexV3/hash_entry_storage.go:492	Entry storage initialized	{"indexName": "Email", "fieldName": "Email", "bundleName": "TestBundle", "dataDir": "/var/folders/85/q1ly22y17zl71m_r0pvz60z00000gn/T/TestCreateNewIndex_UniqueIndex182478772/001", "isForeignKey": false, "existingFiles": 1}
2025-12-03T18:31:59.047-0500	DEBUG	hashindexV3/hash_index_api.go:284	Created new LSM-style hash index	{"indexName": "Email", "bundleName": "TestBundle", "dataDir": "/var/folders/85/q1ly22y17zl71m_r0pvz60z00000gn/T/TestCreateNewIndex_UniqueIndex182478772/001"}
    header_based_index_test.go:205: ✅ Unique index created successfully
2025-12-03T18:31:59.051-0500	DEBUG	hashindexV3/header_manager.go:158	Read header from /var/folders/85/q1ly22y17zl71m_r0pvz60z00000gn/T/TestCreateNewIndex_UniqueIndex182478772/001/Email.0.hidx: index=Email, field=Email, entries=0, size=343 bytes
2025-12-03T18:31:59.051-0500	DEBUG	hashindexV3/header_manager.go:198	Wrote header to /var/folders/85/q1ly22y17zl71m_r0pvz60z00000gn/T/TestCreateNewIndex_UniqueIndex182478772/001/Email.0.hidx: index=Email, field=Email, 343 bytes
2025-12-03T18:31:59.051-0500	DEBUG	hashindexV3/header_manager.go:236	Updated statistics in /var/folders/85/q1ly22y17zl71m_r0pvz60z00000gn/T/TestCreateNewIndex_UniqueIndex182478772/001/Email.0.hidx: entries=0, deleted=0, size=343, seq=0
2025-12-03T18:31:59.051-0500	DEBUG	hashindexV3/hash_entry_storage.go:720	Updated header statistics: entries=0, size=343, seq=0
2025-12-03T18:31:59.051-0500	DEBUG	hashindexV3/hash_index_metadata.go:56	SaveMetadata called (deprecated, now no-op - using headers)	{"indexName": "Email"}
2025-12-03T18:31:59.051-0500	INFO	hashindexV3/hash_entry_storage.go:926	Entry storage closed	{"indexName": "Email", "bundleName": "TestBundle", "useBuckets": true, "totalEntries": 0, "totalBytes": 0}
2025-12-03T18:31:59.051-0500	INFO	hashindexV3/hash_index_api.go:729	Closed hash index	{"indexName": "Email", "totalPuts": 0, "totalGets": 0, "totalDeletes": 0}
--- PASS: TestCreateNewIndex_UniqueIndex (0.00s)
=== RUN   TestOpenExistingIndex_Success
2025-12-03T18:31:59.052-0500	DEBUG	hashindexV3/header_manager.go:104	Created header for index Email, field Email, file 0 (FK=false, Unique=false, PK=false)
2025-12-03T18:31:59.052-0500	DEBUG	hashindexV3/header_manager.go:198	Wrote header to /var/folders/85/q1ly22y17zl71m_r0pvz60z00000gn/T/TestOpenExistingIndex_Success2818027494/001/Email.0.hidx: index=Email, field=Email, 343 bytes
2025-12-03T18:31:59.052-0500	DEBUG	hashindexV3/hash_entry_storage.go:1171	Wrote header to new file Email.0.hidx: 343 bytes
2025-12-03T18:31:59.052-0500	INFO	hashindexV3/hash_entry_storage.go:492	Entry storage initialized	{"indexName": "Email", "fieldName": "Email", "bundleName": "TestBundle", "dataDir": "/var/folders/85/q1ly22y17zl71m_r0pvz60z00000gn/T/TestOpenExistingIndex_Success2818027494/001", "isForeignKey": false, "existingFiles": 1}
2025-12-03T18:31:59.052-0500	DEBUG	hashindexV3/hash_index_api.go:284	Created new LSM-style hash index	{"indexName": "Email", "bundleName": "TestBundle", "dataDir": "/var/folders/85/q1ly22y17zl71m_r0pvz60z00000gn/T/TestOpenExistingIndex_Success2818027494/001"}
2025-12-03T18:31:59.052-0500	DEBUG	hashindexV3/header_manager.go:104	Created header for index Email, field Email, file 0 (FK=false, Unique=false, PK=false)
2025-12-03T18:31:59.052-0500	DEBUG	hashindexV3/hash_entry_storage.go:230	Wrote header to new bucket file	{"fieldName": "Email", "bucketNum": 178, "fileNum": 0, "headerBytes": 343}
2025-12-03T18:31:59.052-0500	DEBUG	hashindexV3/header_manager.go:104	Created header for index Email, field Email, file 0 (FK=false, Unique=false, PK=false)
2025-12-03T18:31:59.052-0500	DEBUG	hashindexV3/hash_entry_storage.go:230	Wrote header to new bucket file	{"fieldName": "Email", "bucketNum": 153, "fileNum": 0, "headerBytes": 343}
2025-12-03T18:31:59.054-0500	DEBUG	hashindexV3/header_manager.go:158	Read header from /var/folders/85/q1ly22y17zl71m_r0pvz60z00000gn/T/TestOpenExistingIndex_Success2818027494/001/Email.0.hidx: index=Email, field=Email, entries=0, size=343 bytes
2025-12-03T18:31:59.054-0500	DEBUG	hashindexV3/header_manager.go:198	Wrote header to /var/folders/85/q1ly22y17zl71m_r0pvz60z00000gn/T/TestOpenExistingIndex_Success2818027494/001/Email.0.hidx: index=Email, field=Email, 343 bytes
2025-12-03T18:31:59.054-0500	DEBUG	hashindexV3/header_manager.go:236	Updated statistics in /var/folders/85/q1ly22y17zl71m_r0pvz60z00000gn/T/TestOpenExistingIndex_Success2818027494/001/Email.0.hidx: entries=2, deleted=0, size=343, seq=2
2025-12-03T18:31:59.054-0500	DEBUG	hashindexV3/hash_entry_storage.go:720	Updated header statistics: entries=2, size=343, seq=2
2025-12-03T18:31:59.054-0500	DEBUG	hashindexV3/hash_index_metadata.go:56	SaveMetadata called (deprecated, now no-op - using headers)	{"indexName": "Email"}
2025-12-03T18:31:59.054-0500	INFO	hashindexV3/hash_entry_storage.go:926	Entry storage closed	{"indexName": "Email", "bundleName": "TestBundle", "useBuckets": true, "totalEntries": 2, "totalBytes": 160}
2025-12-03T18:31:59.054-0500	INFO	hashindexV3/hash_index_api.go:729	Closed hash index	{"indexName": "Email", "totalPuts": 2, "totalGets": 0, "totalDeletes": 0}
2025-12-03T18:31:59.054-0500	DEBUG	hashindexV3/header_manager.go:158	Read header from /var/folders/85/q1ly22y17zl71m_r0pvz60z00000gn/T/TestOpenExistingIndex_Success2818027494/001/Email.0.hidx: index=Email, field=Email, entries=2, size=343 bytes
2025-12-03T18:31:59.054-0500	DEBUG	hashindexV3/hash_entry_storage.go:1204	Opened existing file Email.0.hidx: header size=343, file size=343
2025-12-03T18:31:59.054-0500	INFO	hashindexV3/hash_entry_storage.go:492	Entry storage initialized	{"indexName": "Email", "fieldName": "Email", "bundleName": "TestBundle", "dataDir": "/var/folders/85/q1ly22y17zl71m_r0pvz60z00000gn/T/TestOpenExistingIndex_Success2818027494/001", "isForeignKey": false, "existingFiles": 1}
2025-12-03T18:31:59.054-0500	DEBUG	hashindexV3/hash_index_api.go:284	Created new LSM-style hash index	{"indexName": "Email", "bundleName": "TestBundle", "dataDir": "/var/folders/85/q1ly22y17zl71m_r0pvz60z00000gn/T/TestOpenExistingIndex_Success2818027494/001"}
2025-12-03T18:31:59.054-0500	DEBUG	hashindexV3/header_manager.go:104	Created header for index Email, field Email, file 1 (FK=false, Unique=false, PK=false)
2025-12-03T18:31:59.054-0500	DEBUG	hashindexV3/hash_entry_storage.go:230	Wrote header to new bucket file	{"fieldName": "Email", "bucketNum": 178, "fileNum": 1, "headerBytes": 343}
2025-12-03T18:31:59.054-0500	DEBUG	hashindexV3/hash_entry_storage.go:1320	Scanning new format file, skipping header: 343 bytes
2025-12-03T18:31:59.054-0500	DEBUG	hashindexV3/hash_entry_storage.go:1320	Scanning new format file, skipping header: 343 bytes
2025-12-03T18:31:59.055-0500	DEBUG	hashindexV3/header_manager.go:104	Created header for index Email, field Email, file 1 (FK=false, Unique=false, PK=false)
2025-12-03T18:31:59.055-0500	DEBUG	hashindexV3/hash_entry_storage.go:230	Wrote header to new bucket file	{"fieldName": "Email", "bucketNum": 153, "fileNum": 1, "headerBytes": 343}
2025-12-03T18:31:59.055-0500	DEBUG	hashindexV3/hash_entry_storage.go:1320	Scanning new format file, skipping header: 343 bytes
2025-12-03T18:31:59.055-0500	DEBUG	hashindexV3/hash_entry_storage.go:1320	Scanning new format file, skipping header: 343 bytes
    header_based_index_test.go:246: ✅ Index reopened successfully with data intact
2025-12-03T18:31:59.056-0500	DEBUG	hashindexV3/header_manager.go:158	Read header from /var/folders/85/q1ly22y17zl71m_r0pvz60z00000gn/T/TestOpenExistingIndex_Success2818027494/001/Email.0.hidx: index=Email, field=Email, entries=2, size=343 bytes
2025-12-03T18:31:59.056-0500	DEBUG	hashindexV3/header_manager.go:198	Wrote header to /var/folders/85/q1ly22y17zl71m_r0pvz60z00000gn/T/TestOpenExistingIndex_Success2818027494/001/Email.0.hidx: index=Email, field=Email, 343 bytes
2025-12-03T18:31:59.056-0500	DEBUG	hashindexV3/header_manager.go:236	Updated statistics in /var/folders/85/q1ly22y17zl71m_r0pvz60z00000gn/T/TestOpenExistingIndex_Success2818027494/001/Email.0.hidx: entries=0, deleted=0, size=343, seq=0
2025-12-03T18:31:59.056-0500	DEBUG	hashindexV3/hash_entry_storage.go:720	Updated header statistics: entries=0, size=343, seq=0
2025-12-03T18:31:59.056-0500	DEBUG	hashindexV3/hash_index_metadata.go:56	SaveMetadata called (deprecated, now no-op - using headers)	{"indexName": "Email"}
2025-12-03T18:31:59.056-0500	INFO	hashindexV3/hash_entry_storage.go:926	Entry storage closed	{"indexName": "Email", "bundleName": "TestBundle", "useBuckets": true, "totalEntries": 0, "totalBytes": 0}
2025-12-03T18:31:59.056-0500	INFO	hashindexV3/hash_index_api.go:729	Closed hash index	{"indexName": "Email", "totalPuts": 0, "totalGets": 2, "totalDeletes": 0}
--- PASS: TestOpenExistingIndex_Success (0.01s)
=== RUN   TestOpenExistingIndex_HeaderValidation
2025-12-03T18:31:59.057-0500	DEBUG	hashindexV3/header_manager.go:104	Created header for index OrderID_fk, field OrderID, file 0 (FK=true, Unique=false, PK=false)
2025-12-03T18:31:59.057-0500	DEBUG	hashindexV3/header_manager.go:125	Created FK header for index OrderID_fk → Orders.DocumentID
2025-12-03T18:31:59.057-0500	DEBUG	hashindexV3/header_manager.go:198	Wrote header to /var/folders/85/q1ly22y17zl71m_r0pvz60z00000gn/T/TestOpenExistingIndex_HeaderValidation816509448/001/OrderID_fk.0.hidx: index=OrderID_fk, field=OrderID, 411 bytes
2025-12-03T18:31:59.057-0500	DEBUG	hashindexV3/hash_entry_storage.go:1171	Wrote header to new file OrderID_fk.0.hidx: 411 bytes
2025-12-03T18:31:59.057-0500	INFO	hashindexV3/hash_entry_storage.go:492	Entry storage initialized	{"indexName": "OrderID_fk", "fieldName": "OrderID", "bundleName": "TestBundle", "dataDir": "/var/folders/85/q1ly22y17zl71m_r0pvz60z00000gn/T/TestOpenExistingIndex_HeaderValidation816509448/001", "isForeignKey": true, "existingFiles": 1}
2025-12-03T18:31:59.057-0500	DEBUG	hashindexV3/hash_index_api.go:284	Created new LSM-style hash index	{"indexName": "OrderID_fk", "bundleName": "TestBundle", "dataDir": "/var/folders/85/q1ly22y17zl71m_r0pvz60z00000gn/T/TestOpenExistingIndex_HeaderValidation816509448/001"}
2025-12-03T18:31:59.061-0500	DEBUG	hashindexV3/header_manager.go:158	Read header from /var/folders/85/q1ly22y17zl71m_r0pvz60z00000gn/T/TestOpenExistingIndex_HeaderValidation816509448/001/OrderID_fk.0.hidx: index=OrderID_fk, field=OrderID, entries=0, size=411 bytes
2025-12-03T18:31:59.061-0500	DEBUG	hashindexV3/header_manager.go:198	Wrote header to /var/folders/85/q1ly22y17zl71m_r0pvz60z00000gn/T/TestOpenExistingIndex_HeaderValidation816509448/001/OrderID_fk.0.hidx: index=OrderID_fk, field=OrderID, 411 bytes
2025-12-03T18:31:59.061-0500	DEBUG	hashindexV3/header_manager.go:236	Updated statistics in /var/folders/85/q1ly22y17zl71m_r0pvz60z00000gn/T/TestOpenExistingIndex_HeaderValidation816509448/001/OrderID_fk.0.hidx: entries=0, deleted=0, size=411, seq=0
2025-12-03T18:31:59.061-0500	DEBUG	hashindexV3/hash_entry_storage.go:720	Updated header statistics: entries=0, size=411, seq=0
2025-12-03T18:31:59.061-0500	DEBUG	hashindexV3/hash_index_metadata.go:56	SaveMetadata called (deprecated, now no-op - using headers)	{"indexName": "OrderID_fk"}
2025-12-03T18:31:59.061-0500	INFO	hashindexV3/hash_entry_storage.go:926	Entry storage closed	{"indexName": "OrderID_fk", "bundleName": "TestBundle", "useBuckets": true, "totalEntries": 0, "totalBytes": 0}
2025-12-03T18:31:59.061-0500	INFO	hashindexV3/hash_index_api.go:729	Closed hash index	{"indexName": "OrderID_fk", "totalPuts": 0, "totalGets": 0, "totalDeletes": 0}
2025-12-03T18:31:59.061-0500	DEBUG	hashindexV3/header_manager.go:158	Read header from /var/folders/85/q1ly22y17zl71m_r0pvz60z00000gn/T/TestOpenExistingIndex_HeaderValidation816509448/001/OrderID_fk.0.hidx: index=OrderID_fk, field=OrderID, entries=0, size=411 bytes
2025-12-03T18:31:59.061-0500	DEBUG	hashindexV3/hash_entry_storage.go:1204	Opened existing file OrderID_fk.0.hidx: header size=411, file size=411
2025-12-03T18:31:59.061-0500	INFO	hashindexV3/hash_entry_storage.go:492	Entry storage initialized	{"indexName": "OrderID_fk", "fieldName": "OrderID", "bundleName": "TestBundle", "dataDir": "/var/folders/85/q1ly22y17zl71m_r0pvz60z00000gn/T/TestOpenExistingIndex_HeaderValidation816509448/001", "isForeignKey": true, "existingFiles": 1}
2025-12-03T18:31:59.061-0500	DEBUG	hashindexV3/hash_index_api.go:284	Created new LSM-style hash index	{"indexName": "OrderID_fk", "bundleName": "TestBundle", "dataDir": "/var/folders/85/q1ly22y17zl71m_r0pvz60z00000gn/T/TestOpenExistingIndex_HeaderValidation816509448/001"}
    header_based_index_test.go:267: ✅ Header validation passed on reopening
2025-12-03T18:31:59.063-0500	DEBUG	hashindexV3/header_manager.go:158	Read header from /var/folders/85/q1ly22y17zl71m_r0pvz60z00000gn/T/TestOpenExistingIndex_HeaderValidation816509448/001/OrderID_fk.0.hidx: index=OrderID_fk, field=OrderID, entries=0, size=411 bytes
2025-12-03T18:31:59.063-0500	DEBUG	hashindexV3/header_manager.go:198	Wrote header to /var/folders/85/q1ly22y17zl71m_r0pvz60z00000gn/T/TestOpenExistingIndex_HeaderValidation816509448/001/OrderID_fk.0.hidx: index=OrderID_fk, field=OrderID, 411 bytes
2025-12-03T18:31:59.063-0500	DEBUG	hashindexV3/header_manager.go:236	Updated statistics in /var/folders/85/q1ly22y17zl71m_r0pvz60z00000gn/T/TestOpenExistingIndex_HeaderValidation816509448/001/OrderID_fk.0.hidx: entries=0, deleted=0, size=411, seq=0
2025-12-03T18:31:59.063-0500	DEBUG	hashindexV3/hash_entry_storage.go:720	Updated header statistics: entries=0, size=411, seq=0
2025-12-03T18:31:59.063-0500	DEBUG	hashindexV3/hash_index_metadata.go:56	SaveMetadata called (deprecated, now no-op - using headers)	{"indexName": "OrderID_fk"}
2025-12-03T18:31:59.063-0500	INFO	hashindexV3/hash_entry_storage.go:926	Entry storage closed	{"indexName": "OrderID_fk", "bundleName": "TestBundle", "useBuckets": true, "totalEntries": 0, "totalBytes": 0}
2025-12-03T18:31:59.063-0500	INFO	hashindexV3/hash_index_api.go:729	Closed hash index	{"indexName": "OrderID_fk", "totalPuts": 0, "totalGets": 0, "totalDeletes": 0}
--- PASS: TestOpenExistingIndex_HeaderValidation (0.01s)
=== RUN   TestAddEntries_SingleEntry
2025-12-03T18:31:59.063-0500	DEBUG	hashindexV3/header_manager.go:104	Created header for index Email, field Email, file 0 (FK=false, Unique=false, PK=false)
2025-12-03T18:31:59.063-0500	DEBUG	hashindexV3/header_manager.go:198	Wrote header to /var/folders/85/q1ly22y17zl71m_r0pvz60z00000gn/T/TestAddEntries_SingleEntry2517545759/001/Email.0.hidx: index=Email, field=Email, 343 bytes
2025-12-03T18:31:59.063-0500	DEBUG	hashindexV3/hash_entry_storage.go:1171	Wrote header to new file Email.0.hidx: 343 bytes
2025-12-03T18:31:59.063-0500	INFO	hashindexV3/hash_entry_storage.go:492	Entry storage initialized	{"indexName": "Email", "fieldName": "Email", "bundleName": "TestBundle", "dataDir": "/var/folders/85/q1ly22y17zl71m_r0pvz60z00000gn/T/TestAddEntries_SingleEntry2517545759/001", "isForeignKey": false, "existingFiles": 1}
2025-12-03T18:31:59.063-0500	DEBUG	hashindexV3/hash_index_api.go:284	Created new LSM-style hash index	{"indexName": "Email", "bundleName": "TestBundle", "dataDir": "/var/folders/85/q1ly22y17zl71m_r0pvz60z00000gn/T/TestAddEntries_SingleEntry2517545759/001"}
2025-12-03T18:31:59.063-0500	DEBUG	hashindexV3/header_manager.go:104	Created header for index Email, field Email, file 0 (FK=false, Unique=false, PK=false)
2025-12-03T18:31:59.064-0500	DEBUG	hashindexV3/hash_entry_storage.go:230	Wrote header to new bucket file	{"fieldName": "Email", "bucketNum": 30, "fileNum": 0, "headerBytes": 343}
    header_based_index_test.go:293: ✅ Single entry added and retrieved successfully
2025-12-03T18:31:59.067-0500	DEBUG	hashindexV3/header_manager.go:158	Read header from /var/folders/85/q1ly22y17zl71m_r0pvz60z00000gn/T/TestAddEntries_SingleEntry2517545759/001/Email.0.hidx: index=Email, field=Email, entries=0, size=343 bytes
2025-12-03T18:31:59.067-0500	DEBUG	hashindexV3/header_manager.go:198	Wrote header to /var/folders/85/q1ly22y17zl71m_r0pvz60z00000gn/T/TestAddEntries_SingleEntry2517545759/001/Email.0.hidx: index=Email, field=Email, 343 bytes
2025-12-03T18:31:59.067-0500	DEBUG	hashindexV3/header_manager.go:236	Updated statistics in /var/folders/85/q1ly22y17zl71m_r0pvz60z00000gn/T/TestAddEntries_SingleEntry2517545759/001/Email.0.hidx: entries=1, deleted=0, size=343, seq=1
2025-12-03T18:31:59.067-0500	DEBUG	hashindexV3/hash_entry_storage.go:720	Updated header statistics: entries=1, size=343, seq=1
2025-12-03T18:31:59.067-0500	DEBUG	hashindexV3/hash_index_metadata.go:56	SaveMetadata called (deprecated, now no-op - using headers)	{"indexName": "Email"}
2025-12-03T18:31:59.067-0500	INFO	hashindexV3/hash_entry_storage.go:926	Entry storage closed	{"indexName": "Email", "bundleName": "TestBundle", "useBuckets": true, "totalEntries": 1, "totalBytes": 86}
2025-12-03T18:31:59.067-0500	INFO	hashindexV3/hash_index_api.go:729	Closed hash index	{"indexName": "Email", "totalPuts": 1, "totalGets": 1, "totalDeletes": 0}
--- PASS: TestAddEntries_SingleEntry (0.00s)
=== RUN   TestAddEntries_MultipleEntries
2025-12-03T18:31:59.068-0500	DEBUG	hashindexV3/header_manager.go:104	Created header for index Category, field Category, file 0 (FK=false, Unique=false, PK=false)
2025-12-03T18:31:59.068-0500	DEBUG	hashindexV3/header_manager.go:198	Wrote header to /var/folders/85/q1ly22y17zl71m_r0pvz60z00000gn/T/TestAddEntries_MultipleEntries707619174/001/Category.0.hidx: index=Category, field=Category, 349 bytes
2025-12-03T18:31:59.068-0500	DEBUG	hashindexV3/hash_entry_storage.go:1171	Wrote header to new file Category.0.hidx: 349 bytes
2025-12-03T18:31:59.068-0500	INFO	hashindexV3/hash_entry_storage.go:492	Entry storage initialized	{"indexName": "Category", "fieldName": "Category", "bundleName": "TestBundle", "dataDir": "/var/folders/85/q1ly22y17zl71m_r0pvz60z00000gn/T/TestAddEntries_MultipleEntries707619174/001", "isForeignKey": false, "existingFiles": 1}
2025-12-03T18:31:59.068-0500	DEBUG	hashindexV3/hash_index_api.go:284	Created new LSM-style hash index	{"indexName": "Category", "bundleName": "TestBundle", "dataDir": "/var/folders/85/q1ly22y17zl71m_r0pvz60z00000gn/T/TestAddEntries_MultipleEntries707619174/001"}
2025-12-03T18:31:59.068-0500	DEBUG	hashindexV3/header_manager.go:104	Created header for index Category, field Category, file 0 (FK=false, Unique=false, PK=false)
2025-12-03T18:31:59.068-0500	DEBUG	hashindexV3/hash_entry_storage.go:230	Wrote header to new bucket file	{"fieldName": "Category", "bucketNum": 52, "fileNum": 0, "headerBytes": 349}
2025-12-03T18:31:59.069-0500	DEBUG	hashindexV3/header_manager.go:104	Created header for index Category, field Category, file 0 (FK=false, Unique=false, PK=false)
2025-12-03T18:31:59.069-0500	DEBUG	hashindexV3/hash_entry_storage.go:230	Wrote header to new bucket file	{"fieldName": "Category", "bucketNum": 28, "fileNum": 0, "headerBytes": 349}
2025-12-03T18:31:59.069-0500	DEBUG	hashindexV3/header_manager.go:104	Created header for index Category, field Category, file 0 (FK=false, Unique=false, PK=false)
2025-12-03T18:31:59.069-0500	DEBUG	hashindexV3/hash_entry_storage.go:230	Wrote header to new bucket file	{"fieldName": "Category", "bucketNum": 162, "fileNum": 0, "headerBytes": 349}
2025-12-03T18:31:59.069-0500	DEBUG	hashindexV3/header_manager.go:104	Created header for index Category, field Category, file 0 (FK=false, Unique=false, PK=false)
2025-12-03T18:31:59.069-0500	DEBUG	hashindexV3/hash_entry_storage.go:230	Wrote header to new bucket file	{"fieldName": "Category", "bucketNum": 15, "fileNum": 0, "headerBytes": 349}
    header_based_index_test.go:329: ✅ Multiple entries added successfully
2025-12-03T18:31:59.073-0500	DEBUG	hashindexV3/header_manager.go:158	Read header from /var/folders/85/q1ly22y17zl71m_r0pvz60z00000gn/T/TestAddEntries_MultipleEntries707619174/001/Category.0.hidx: index=Category, field=Category, entries=0, size=349 bytes
2025-12-03T18:31:59.073-0500	DEBUG	hashindexV3/header_manager.go:198	Wrote header to /var/folders/85/q1ly22y17zl71m_r0pvz60z00000gn/T/TestAddEntries_MultipleEntries707619174/001/Category.0.hidx: index=Category, field=Category, 349 bytes
2025-12-03T18:31:59.073-0500	DEBUG	hashindexV3/header_manager.go:236	Updated statistics in /var/folders/85/q1ly22y17zl71m_r0pvz60z00000gn/T/TestAddEntries_MultipleEntries707619174/001/Category.0.hidx: entries=5, deleted=0, size=349, seq=5
2025-12-03T18:31:59.073-0500	DEBUG	hashindexV3/hash_entry_storage.go:720	Updated header statistics: entries=5, size=349, seq=5
2025-12-03T18:31:59.073-0500	DEBUG	hashindexV3/hash_index_metadata.go:56	SaveMetadata called (deprecated, now no-op - using headers)	{"indexName": "Category"}
2025-12-03T18:31:59.073-0500	INFO	hashindexV3/hash_entry_storage.go:926	Entry storage closed	{"indexName": "Category", "bundleName": "TestBundle", "useBuckets": true, "totalEntries": 5, "totalBytes": 354}
2025-12-03T18:31:59.073-0500	INFO	hashindexV3/hash_index_api.go:729	Closed hash index	{"indexName": "Category", "totalPuts": 5, "totalGets": 2, "totalDeletes": 0}
--- PASS: TestAddEntries_MultipleEntries (0.01s)
=== RUN   TestAddEntries_LargeVolume
2025-12-03T18:31:59.074-0500	DEBUG	hashindexV3/header_manager.go:104	Created header for index UserID, field UserID, file 0 (FK=false, Unique=false, PK=false)
2025-12-03T18:31:59.075-0500	DEBUG	hashindexV3/header_manager.go:198	Wrote header to /var/folders/85/q1ly22y17zl71m_r0pvz60z00000gn/T/TestAddEntries_LargeVolume2377992509/001/UserID.0.hidx: index=UserID, field=UserID, 345 bytes
2025-12-03T18:31:59.075-0500	DEBUG	hashindexV3/hash_entry_storage.go:1171	Wrote header to new file UserID.0.hidx: 345 bytes
2025-12-03T18:31:59.075-0500	INFO	hashindexV3/hash_entry_storage.go:492	Entry storage initialized	{"indexName": "UserID", "fieldName": "UserID", "bundleName": "TestBundle", "dataDir": "/var/folders/85/q1ly22y17zl71m_r0pvz60z00000gn/T/TestAddEntries_LargeVolume2377992509/001", "isForeignKey": false, "existingFiles": 1}
2025-12-03T18:31:59.075-0500	DEBUG	hashindexV3/hash_index_api.go:284	Created new LSM-style hash index	{"indexName": "UserID", "bundleName": "TestBundle", "dataDir": "/var/folders/85/q1ly22y17zl71m_r0pvz60z00000gn/T/TestAddEntries_LargeVolume2377992509/001"}
2025-12-03T18:31:59.075-0500	DEBUG	hashindexV3/header_manager.go:104	Created header for index UserID, field UserID, file 0 (FK=false, Unique=false, PK=false)
2025-12-03T18:31:59.075-0500	DEBUG	hashindexV3/hash_entry_storage.go:230	Wrote header to new bucket file	{"fieldName": "UserID", "bucketNum": 232, "fileNum": 0, "headerBytes": 345}
2025-12-03T18:31:59.075-0500	DEBUG	hashindexV3/header_manager.go:104	Created header for index UserID, field UserID, file 0 (FK=false, Unique=false, PK=false)
2025-12-03T18:31:59.075-0500	DEBUG	hashindexV3/hash_entry_storage.go:230	Wrote header to new bucket file	{"fieldName": "UserID", "bucketNum": 160, "fileNum": 0, "headerBytes": 345}
2025-12-03T18:31:59.075-0500	DEBUG	hashindexV3/header_manager.go:104	Created header for index UserID, field UserID, file 0 (FK=false, Unique=false, PK=false)
2025-12-03T18:31:59.075-0500	DEBUG	hashindexV3/hash_entry_storage.go:230	Wrote header to new bucket file	{"fieldName": "UserID", "bucketNum": 24, "fileNum": 0, "headerBytes": 345}
2025-12-03T18:31:59.075-0500	DEBUG	hashindexV3/header_manager.go:104	Created header for index UserID, field UserID, file 0 (FK=false, Unique=false, PK=false)
2025-12-03T18:31:59.075-0500	DEBUG	hashindexV3/hash_entry_storage.go:230	Wrote header to new bucket file	{"fieldName": "UserID", "bucketNum": 196, "fileNum": 0, "headerBytes": 345}
2025-12-03T18:31:59.076-0500	DEBUG	hashindexV3/header_manager.go:104	Created header for index UserID, field UserID, file 0 (FK=false, Unique=false, PK=false)
2025-12-03T18:31:59.076-0500	DEBUG	hashindexV3/hash_entry_storage.go:230	Wrote header to new bucket file	{"fieldName": "UserID", "bucketNum": 99, "fileNum": 0, "headerBytes": 345}
2025-12-03T18:31:59.076-0500	DEBUG	hashindexV3/header_manager.go:104	Created header for index UserID, field UserID, file 0 (FK=false, Unique=false, PK=false)
2025-12-03T18:31:59.076-0500	DEBUG	hashindexV3/hash_entry_storage.go:230	Wrote header to new bucket file	{"fieldName": "UserID", "bucketNum": 117, "fileNum": 0, "headerBytes": 345}
2025-12-03T18:31:59.076-0500	DEBUG	hashindexV3/header_manager.go:104	Created header for index UserID, field UserID, file 0 (FK=false, Unique=false, PK=false)
2025-12-03T18:31:59.076-0500	DEBUG	hashindexV3/hash_entry_storage.go:230	Wrote header to new bucket file	{"fieldName": "UserID", "bucketNum": 200, "fileNum": 0, "headerBytes": 345}
2025-12-03T18:31:59.076-0500	DEBUG	hashindexV3/header_manager.go:104	Created header for index UserID, field UserID, file 0 (FK=false, Unique=false, PK=false)
2025-12-03T18:31:59.076-0500	DEBUG	hashindexV3/hash_entry_storage.go:230	Wrote header to new bucket file	{"fieldName": "UserID", "bucketNum": 183, "fileNum": 0, "headerBytes": 345}
2025-12-03T18:31:59.076-0500	DEBUG	hashindexV3/header_manager.go:104	Created header for index UserID, field UserID, file 0 (FK=false, Unique=false, PK=false)
2025-12-03T18:31:59.076-0500	DEBUG	hashindexV3/hash_entry_storage.go:230	Wrote header to new bucket file	{"fieldName": "UserID", "bucketNum": 84, "fileNum": 0, "headerBytes": 345}
2025-12-03T18:31:59.077-0500	DEBUG	hashindexV3/header_manager.go:104	Created header for index UserID, field UserID, file 0 (FK=false, Unique=false, PK=false)
2025-12-03T18:31:59.077-0500	DEBUG	hashindexV3/hash_entry_storage.go:230	Wrote header to new bucket file	{"fieldName": "UserID", "bucketNum": 78, "fileNum": 0, "headerBytes": 345}
2025-12-03T18:31:59.077-0500	DEBUG	hashindexV3/header_manager.go:104	Created header for index UserID, field UserID, file 0 (FK=false, Unique=false, PK=false)
2025-12-03T18:31:59.077-0500	DEBUG	hashindexV3/hash_entry_storage.go:230	Wrote header to new bucket file	{"fieldName": "UserID", "bucketNum": 0, "fileNum": 0, "headerBytes": 345}
2025-12-03T18:31:59.077-0500	DEBUG	hashindexV3/header_manager.go:104	Created header for index UserID, field UserID, file 0 (FK=false, Unique=false, PK=false)
2025-12-03T18:31:59.077-0500	DEBUG	hashindexV3/hash_entry_storage.go:230	Wrote header to new bucket file	{"fieldName": "UserID", "bucketNum": 132, "fileNum": 0, "headerBytes": 345}
2025-12-03T18:31:59.077-0500	DEBUG	hashindexV3/header_manager.go:104	Created header for index UserID, field UserID, file 0 (FK=false, Unique=false, PK=false)
2025-12-03T18:31:59.077-0500	DEBUG	hashindexV3/hash_entry_storage.go:230	Wrote header to new bucket file	{"fieldName": "UserID", "bucketNum": 111, "fileNum": 0, "headerBytes": 345}
2025-12-03T18:31:59.077-0500	DEBUG	hashindexV3/header_manager.go:104	Created header for index UserID, field UserID, file 0 (FK=false, Unique=false, PK=false)
2025-12-03T18:31:59.077-0500	DEBUG	hashindexV3/hash_entry_storage.go:230	Wrote header to new bucket file	{"fieldName": "UserID", "bucketNum": 146, "fileNum": 0, "headerBytes": 345}
2025-12-03T18:31:59.077-0500	DEBUG	hashindexV3/header_manager.go:104	Created header for index UserID, field UserID, file 0 (FK=false, Unique=false, PK=false)
2025-12-03T18:31:59.078-0500	DEBUG	hashindexV3/hash_entry_storage.go:230	Wrote header to new bucket file	{"fieldName": "UserID", "bucketNum": 184, "fileNum": 0, "headerBytes": 345}
2025-12-03T18:31:59.078-0500	DEBUG	hashindexV3/header_manager.go:104	Created header for index UserID, field UserID, file 0 (FK=false, Unique=false, PK=false)
2025-12-03T18:31:59.078-0500	DEBUG	hashindexV3/hash_entry_storage.go:230	Wrote header to new bucket file	{"fieldName": "UserID", "bucketNum": 197, "fileNum": 0, "headerBytes": 345}
2025-12-03T18:31:59.078-0500	DEBUG	hashindexV3/header_manager.go:104	Created header for index UserID, field UserID, file 0 (FK=false, Unique=false, PK=false)
2025-12-03T18:31:59.078-0500	DEBUG	hashindexV3/hash_entry_storage.go:230	Wrote header to new bucket file	{"fieldName": "UserID", "bucketNum": 18, "fileNum": 0, "headerBytes": 345}
2025-12-03T18:31:59.078-0500	DEBUG	hashindexV3/header_manager.go:104	Created header for index UserID, field UserID, file 0 (FK=false, Unique=false, PK=false)
2025-12-03T18:31:59.078-0500	DEBUG	hashindexV3/hash_entry_storage.go:230	Wrote header to new bucket file	{"fieldName": "UserID", "bucketNum": 70, "fileNum": 0, "headerBytes": 345}
2025-12-03T18:31:59.078-0500	DEBUG	hashindexV3/header_manager.go:104	Created header for index UserID, field UserID, file 0 (FK=false, Unique=false, PK=false)
2025-12-03T18:31:59.078-0500	DEBUG	hashindexV3/hash_entry_storage.go:230	Wrote header to new bucket file	{"fieldName": "UserID", "bucketNum": 151, "fileNum": 0, "headerBytes": 345}
2025-12-03T18:31:59.079-0500	DEBUG	hashindexV3/header_manager.go:104	Created header for index UserID, field UserID, file 0 (FK=false, Unique=false, PK=false)
2025-12-03T18:31:59.079-0500	DEBUG	hashindexV3/hash_entry_storage.go:230	Wrote header to new bucket file	{"fieldName": "UserID", "bucketNum": 101, "fileNum": 0, "headerBytes": 345}
2025-12-03T18:31:59.079-0500	DEBUG	hashindexV3/header_manager.go:104	Created header for index UserID, field UserID, file 0 (FK=false, Unique=false, PK=false)
2025-12-03T18:31:59.079-0500	DEBUG	hashindexV3/hash_entry_storage.go:230	Wrote header to new bucket file	{"fieldName": "UserID", "bucketNum": 238, "fileNum": 0, "headerBytes": 345}
2025-12-03T18:31:59.079-0500	DEBUG	hashindexV3/header_manager.go:104	Created header for index UserID, field UserID, file 0 (FK=false, Unique=false, PK=false)
2025-12-03T18:31:59.079-0500	DEBUG	hashindexV3/hash_entry_storage.go:230	Wrote header to new bucket file	{"fieldName": "UserID", "bucketNum": 35, "fileNum": 0, "headerBytes": 345}
2025-12-03T18:31:59.079-0500	DEBUG	hashindexV3/header_manager.go:104	Created header for index UserID, field UserID, file 0 (FK=false, Unique=false, PK=false)
2025-12-03T18:31:59.079-0500	DEBUG	hashindexV3/hash_entry_storage.go:230	Wrote header to new bucket file	{"fieldName": "UserID", "bucketNum": 207, "fileNum": 0, "headerBytes": 345}
2025-12-03T18:31:59.079-0500	DEBUG	hashindexV3/header_manager.go:104	Created header for index UserID, field UserID, file 0 (FK=false, Unique=false, PK=false)
2025-12-03T18:31:59.079-0500	DEBUG	hashindexV3/hash_entry_storage.go:230	Wrote header to new bucket file	{"fieldName": "UserID", "bucketNum": 71, "fileNum": 0, "headerBytes": 345}
2025-12-03T18:31:59.080-0500	DEBUG	hashindexV3/header_manager.go:104	Created header for index UserID, field UserID, file 0 (FK=false, Unique=false, PK=false)
2025-12-03T18:31:59.080-0500	DEBUG	hashindexV3/hash_entry_storage.go:230	Wrote header to new bucket file	{"fieldName": "UserID", "bucketNum": 88, "fileNum": 0, "headerBytes": 345}
2025-12-03T18:31:59.080-0500	DEBUG	hashindexV3/header_manager.go:104	Created header for index UserID, field UserID, file 0 (FK=false, Unique=false, PK=false)
2025-12-03T18:31:59.080-0500	DEBUG	hashindexV3/hash_entry_storage.go:230	Wrote header to new bucket file	{"fieldName": "UserID", "bucketNum": 33, "fileNum": 0, "headerBytes": 345}
2025-12-03T18:31:59.080-0500	DEBUG	hashindexV3/header_manager.go:104	Created header for index UserID, field UserID, file 0 (FK=false, Unique=false, PK=false)
2025-12-03T18:31:59.080-0500	DEBUG	hashindexV3/hash_entry_storage.go:230	Wrote header to new bucket file	{"fieldName": "UserID", "bucketNum": 56, "fileNum": 0, "headerBytes": 345}
2025-12-03T18:31:59.080-0500	DEBUG	hashindexV3/header_manager.go:104	Created header for index UserID, field UserID, file 0 (FK=false, Unique=false, PK=false)
2025-12-03T18:31:59.080-0500	DEBUG	hashindexV3/hash_entry_storage.go:230	Wrote header to new bucket file	{"fieldName": "UserID", "bucketNum": 214, "fileNum": 0, "headerBytes": 345}
2025-12-03T18:31:59.080-0500	DEBUG	hashindexV3/header_manager.go:104	Created header for index UserID, field UserID, file 0 (FK=false, Unique=false, PK=false)
2025-12-03T18:31:59.080-0500	DEBUG	hashindexV3/hash_entry_storage.go:230	Wrote header to new bucket file	{"fieldName": "UserID", "bucketNum": 139, "fileNum": 0, "headerBytes": 345}
2025-12-03T18:31:59.081-0500	DEBUG	hashindexV3/header_manager.go:104	Created header for index UserID, field UserID, file 0 (FK=false, Unique=false, PK=false)
2025-12-03T18:31:59.081-0500	DEBUG	hashindexV3/hash_entry_storage.go:230	Wrote header to new bucket file	{"fieldName": "UserID", "bucketNum": 188, "fileNum": 0, "headerBytes": 345}
2025-12-03T18:31:59.081-0500	DEBUG	hashindexV3/header_manager.go:104	Created header for index UserID, field UserID, file 0 (FK=false, Unique=false, PK=false)
2025-12-03T18:31:59.081-0500	DEBUG	hashindexV3/hash_entry_storage.go:230	Wrote header to new bucket file	{"fieldName": "UserID", "bucketNum": 176, "fileNum": 0, "headerBytes": 345}
2025-12-03T18:31:59.081-0500	DEBUG	hashindexV3/header_manager.go:104	Created header for index UserID, field UserID, file 0 (FK=false, Unique=false, PK=false)
2025-12-03T18:31:59.081-0500	DEBUG	hashindexV3/hash_entry_storage.go:230	Wrote header to new bucket file	{"fieldName": "UserID", "bucketNum": 154, "fileNum": 0, "headerBytes": 345}
2025-12-03T18:31:59.081-0500	DEBUG	hashindexV3/header_manager.go:104	Created header for index UserID, field UserID, file 0 (FK=false, Unique=false, PK=false)
2025-12-03T18:31:59.081-0500	DEBUG	hashindexV3/hash_entry_storage.go:230	Wrote header to new bucket file	{"fieldName": "UserID", "bucketNum": 10, "fileNum": 0, "headerBytes": 345}
2025-12-03T18:31:59.081-0500	DEBUG	hashindexV3/header_manager.go:104	Created header for index UserID, field UserID, file 0 (FK=false, Unique=false, PK=false)
2025-12-03T18:31:59.081-0500	DEBUG	hashindexV3/hash_entry_storage.go:230	Wrote header to new bucket file	{"fieldName": "UserID", "bucketNum": 152, "fileNum": 0, "headerBytes": 345}
2025-12-03T18:31:59.082-0500	DEBUG	hashindexV3/header_manager.go:104	Created header for index UserID, field UserID, file 0 (FK=false, Unique=false, PK=false)
2025-12-03T18:31:59.082-0500	DEBUG	hashindexV3/hash_entry_storage.go:230	Wrote header to new bucket file	{"fieldName": "UserID", "bucketNum": 253, "fileNum": 0, "headerBytes": 345}
2025-12-03T18:31:59.082-0500	DEBUG	hashindexV3/header_manager.go:104	Created header for index UserID, field UserID, file 0 (FK=false, Unique=false, PK=false)
2025-12-03T18:31:59.082-0500	DEBUG	hashindexV3/hash_entry_storage.go:230	Wrote header to new bucket file	{"fieldName": "UserID", "bucketNum": 149, "fileNum": 0, "headerBytes": 345}
2025-12-03T18:31:59.082-0500	DEBUG	hashindexV3/header_manager.go:104	Created header for index UserID, field UserID, file 0 (FK=false, Unique=false, PK=false)
2025-12-03T18:31:59.082-0500	DEBUG	hashindexV3/hash_entry_storage.go:230	Wrote header to new bucket file	{"fieldName": "UserID", "bucketNum": 153, "fileNum": 0, "headerBytes": 345}
2025-12-03T18:31:59.082-0500	DEBUG	hashindexV3/header_manager.go:104	Created header for index UserID, field UserID, file 0 (FK=false, Unique=false, PK=false)
2025-12-03T18:31:59.082-0500	DEBUG	hashindexV3/hash_entry_storage.go:230	Wrote header to new bucket file	{"fieldName": "UserID", "bucketNum": 247, "fileNum": 0, "headerBytes": 345}
2025-12-03T18:31:59.082-0500	DEBUG	hashindexV3/header_manager.go:104	Created header for index UserID, field UserID, file 0 (FK=false, Unique=false, PK=false)
2025-12-03T18:31:59.082-0500	DEBUG	hashindexV3/hash_entry_storage.go:230	Wrote header to new bucket file	{"fieldName": "UserID", "bucketNum": 237, "fileNum": 0, "headerBytes": 345}
2025-12-03T18:31:59.083-0500	DEBUG	hashindexV3/header_manager.go:104	Created header for index UserID, field UserID, file 0 (FK=false, Unique=false, PK=false)
2025-12-03T18:31:59.083-0500	DEBUG	hashindexV3/hash_entry_storage.go:230	Wrote header to new bucket file	{"fieldName": "UserID", "bucketNum": 20, "fileNum": 0, "headerBytes": 345}
2025-12-03T18:31:59.083-0500	DEBUG	hashindexV3/header_manager.go:104	Created header for index UserID, field UserID, file 0 (FK=false, Unique=false, PK=false)
2025-12-03T18:31:59.083-0500	DEBUG	hashindexV3/hash_entry_storage.go:230	Wrote header to new bucket file	{"fieldName": "UserID", "bucketNum": 64, "fileNum": 0, "headerBytes": 345}
2025-12-03T18:31:59.083-0500	DEBUG	hashindexV3/header_manager.go:104	Created header for index UserID, field UserID, file 0 (FK=false, Unique=false, PK=false)
2025-12-03T18:31:59.083-0500	DEBUG	hashindexV3/hash_entry_storage.go:230	Wrote header to new bucket file	{"fieldName": "UserID", "bucketNum": 40, "fileNum": 0, "headerBytes": 345}
2025-12-03T18:31:59.083-0500	DEBUG	hashindexV3/header_manager.go:104	Created header for index UserID, field UserID, file 0 (FK=false, Unique=false, PK=false)
2025-12-03T18:31:59.083-0500	DEBUG	hashindexV3/hash_entry_storage.go:230	Wrote header to new bucket file	{"fieldName": "UserID", "bucketNum": 174, "fileNum": 0, "headerBytes": 345}
2025-12-03T18:31:59.083-0500	DEBUG	hashindexV3/header_manager.go:104	Created header for index UserID, field UserID, file 0 (FK=false, Unique=false, PK=false)
2025-12-03T18:31:59.083-0500	DEBUG	hashindexV3/hash_entry_storage.go:230	Wrote header to new bucket file	{"fieldName": "UserID", "bucketNum": 225, "fileNum": 0, "headerBytes": 345}
2025-12-03T18:31:59.083-0500	DEBUG	hashindexV3/header_manager.go:104	Created header for index UserID, field UserID, file 0 (FK=false, Unique=false, PK=false)
2025-12-03T18:31:59.084-0500	DEBUG	hashindexV3/hash_entry_storage.go:230	Wrote header to new bucket file	{"fieldName": "UserID", "bucketNum": 7, "fileNum": 0, "headerBytes": 345}
2025-12-03T18:31:59.084-0500	DEBUG	hashindexV3/header_manager.go:104	Created header for index UserID, field UserID, file 0 (FK=false, Unique=false, PK=false)
2025-12-03T18:31:59.084-0500	DEBUG	hashindexV3/hash_entry_storage.go:230	Wrote header to new bucket file	{"fieldName": "UserID", "bucketNum": 77, "fileNum": 0, "headerBytes": 345}
2025-12-03T18:31:59.084-0500	DEBUG	hashindexV3/header_manager.go:104	Created header for index UserID, field UserID, file 0 (FK=false, Unique=false, PK=false)
2025-12-03T18:31:59.084-0500	DEBUG	hashindexV3/hash_entry_storage.go:230	Wrote header to new bucket file	{"fieldName": "UserID", "bucketNum": 130, "fileNum": 0, "headerBytes": 345}
2025-12-03T18:31:59.084-0500	DEBUG	hashindexV3/header_manager.go:104	Created header for index UserID, field UserID, file 0 (FK=false, Unique=false, PK=false)
2025-12-03T18:31:59.084-0500	DEBUG	hashindexV3/hash_entry_storage.go:230	Wrote header to new bucket file	{"fieldName": "UserID", "bucketNum": 98, "fileNum": 0, "headerBytes": 345}
2025-12-03T18:31:59.084-0500	DEBUG	hashindexV3/header_manager.go:104	Created header for index UserID, field UserID, file 0 (FK=false, Unique=false, PK=false)
2025-12-03T18:31:59.084-0500	DEBUG	hashindexV3/hash_entry_storage.go:230	Wrote header to new bucket file	{"fieldName": "UserID", "bucketNum": 119, "fileNum": 0, "headerBytes": 345}
2025-12-03T18:31:59.084-0500	DEBUG	hashindexV3/header_manager.go:104	Created header for index UserID, field UserID, file 0 (FK=false, Unique=false, PK=false)
2025-12-03T18:31:59.084-0500	DEBUG	hashindexV3/hash_entry_storage.go:230	Wrote header to new bucket file	{"fieldName": "UserID", "bucketNum": 42, "fileNum": 0, "headerBytes": 345}
2025-12-03T18:31:59.085-0500	DEBUG	hashindexV3/header_manager.go:104	Created header for index UserID, field UserID, file 0 (FK=false, Unique=false, PK=false)
2025-12-03T18:31:59.085-0500	DEBUG	hashindexV3/hash_entry_storage.go:230	Wrote header to new bucket file	{"fieldName": "UserID", "bucketNum": 114, "fileNum": 0, "headerBytes": 345}
2025-12-03T18:31:59.085-0500	DEBUG	hashindexV3/header_manager.go:104	Created header for index UserID, field UserID, file 0 (FK=false, Unique=false, PK=false)
2025-12-03T18:31:59.085-0500	DEBUG	hashindexV3/hash_entry_storage.go:230	Wrote header to new bucket file	{"fieldName": "UserID", "bucketNum": 31, "fileNum": 0, "headerBytes": 345}
2025-12-03T18:31:59.085-0500	DEBUG	hashindexV3/header_manager.go:104	Created header for index UserID, field UserID, file 0 (FK=false, Unique=false, PK=false)
2025-12-03T18:31:59.085-0500	DEBUG	hashindexV3/hash_entry_storage.go:230	Wrote header to new bucket file	{"fieldName": "UserID", "bucketNum": 216, "fileNum": 0, "headerBytes": 345}
2025-12-03T18:31:59.085-0500	DEBUG	hashindexV3/header_manager.go:104	Created header for index UserID, field UserID, file 0 (FK=false, Unique=false, PK=false)
2025-12-03T18:31:59.085-0500	DEBUG	hashindexV3/hash_entry_storage.go:230	Wrote header to new bucket file	{"fieldName": "UserID", "bucketNum": 142, "fileNum": 0, "headerBytes": 345}
2025-12-03T18:31:59.085-0500	DEBUG	hashindexV3/header_manager.go:104	Created header for index UserID, field UserID, file 0 (FK=false, Unique=false, PK=false)
2025-12-03T18:31:59.085-0500	DEBUG	hashindexV3/hash_entry_storage.go:230	Wrote header to new bucket file	{"fieldName": "UserID", "bucketNum": 242, "fileNum": 0, "headerBytes": 345}
2025-12-03T18:31:59.086-0500	DEBUG	hashindexV3/header_manager.go:104	Created header for index UserID, field UserID, file 0 (FK=false, Unique=false, PK=false)
2025-12-03T18:31:59.086-0500	DEBUG	hashindexV3/hash_entry_storage.go:230	Wrote header to new bucket file	{"fieldName": "UserID", "bucketNum": 204, "fileNum": 0, "headerBytes": 345}
2025-12-03T18:31:59.086-0500	DEBUG	hashindexV3/header_manager.go:104	Created header for index UserID, field UserID, file 0 (FK=false, Unique=false, PK=false)
2025-12-03T18:31:59.086-0500	DEBUG	hashindexV3/hash_entry_storage.go:230	Wrote header to new bucket file	{"fieldName": "UserID", "bucketNum": 105, "fileNum": 0, "headerBytes": 345}
2025-12-03T18:31:59.086-0500	DEBUG	hashindexV3/header_manager.go:104	Created header for index UserID, field UserID, file 0 (FK=false, Unique=false, PK=false)
2025-12-03T18:31:59.086-0500	DEBUG	hashindexV3/hash_entry_storage.go:230	Wrote header to new bucket file	{"fieldName": "UserID", "bucketNum": 4, "fileNum": 0, "headerBytes": 345}
2025-12-03T18:31:59.086-0500	DEBUG	hashindexV3/header_manager.go:104	Created header for index UserID, field UserID, file 0 (FK=false, Unique=false, PK=false)
2025-12-03T18:31:59.086-0500	DEBUG	hashindexV3/hash_entry_storage.go:230	Wrote header to new bucket file	{"fieldName": "UserID", "bucketNum": 82, "fileNum": 0, "headerBytes": 345}
2025-12-03T18:31:59.087-0500	DEBUG	hashindexV3/header_manager.go:104	Created header for index UserID, field UserID, file 0 (FK=false, Unique=false, PK=false)
2025-12-03T18:31:59.087-0500	DEBUG	hashindexV3/hash_entry_storage.go:230	Wrote header to new bucket file	{"fieldName": "UserID", "bucketNum": 13, "fileNum": 0, "headerBytes": 345}
2025-12-03T18:31:59.087-0500	DEBUG	hashindexV3/header_manager.go:104	Created header for index UserID, field UserID, file 0 (FK=false, Unique=false, PK=false)
2025-12-03T18:31:59.087-0500	DEBUG	hashindexV3/hash_entry_storage.go:230	Wrote header to new bucket file	{"fieldName": "UserID", "bucketNum": 244, "fileNum": 0, "headerBytes": 345}
2025-12-03T18:31:59.087-0500	DEBUG	hashindexV3/header_manager.go:104	Created header for index UserID, field UserID, file 0 (FK=false, Unique=false, PK=false)
2025-12-03T18:31:59.087-0500	DEBUG	hashindexV3/hash_entry_storage.go:230	Wrote header to new bucket file	{"fieldName": "UserID", "bucketNum": 39, "fileNum": 0, "headerBytes": 345}
2025-12-03T18:31:59.087-0500	DEBUG	hashindexV3/header_manager.go:104	Created header for index UserID, field UserID, file 0 (FK=false, Unique=false, PK=false)
2025-12-03T18:31:59.087-0500	DEBUG	hashindexV3/hash_entry_storage.go:230	Wrote header to new bucket file	{"fieldName": "UserID", "bucketNum": 75, "fileNum": 0, "headerBytes": 345}
2025-12-03T18:31:59.087-0500	DEBUG	hashindexV3/header_manager.go:104	Created header for index UserID, field UserID, file 0 (FK=false, Unique=false, PK=false)
2025-12-03T18:31:59.087-0500	DEBUG	hashindexV3/hash_entry_storage.go:230	Wrote header to new bucket file	{"fieldName": "UserID", "bucketNum": 28, "fileNum": 0, "headerBytes": 345}
2025-12-03T18:31:59.087-0500	DEBUG	hashindexV3/header_manager.go:104	Created header for index UserID, field UserID, file 0 (FK=false, Unique=false, PK=false)
2025-12-03T18:31:59.088-0500	DEBUG	hashindexV3/hash_entry_storage.go:230	Wrote header to new bucket file	{"fieldName": "UserID", "bucketNum": 215, "fileNum": 0, "headerBytes": 345}
2025-12-03T18:31:59.088-0500	DEBUG	hashindexV3/header_manager.go:104	Created header for index UserID, field UserID, file 0 (FK=false, Unique=false, PK=false)
2025-12-03T18:31:59.088-0500	DEBUG	hashindexV3/hash_entry_storage.go:230	Wrote header to new bucket file	{"fieldName": "UserID", "bucketNum": 108, "fileNum": 0, "headerBytes": 345}
2025-12-03T18:31:59.088-0500	DEBUG	hashindexV3/header_manager.go:104	Created header for index UserID, field UserID, file 0 (FK=false, Unique=false, PK=false)
2025-12-03T18:31:59.088-0500	DEBUG	hashindexV3/hash_entry_storage.go:230	Wrote header to new bucket file	{"fieldName": "UserID", "bucketNum": 59, "fileNum": 0, "headerBytes": 345}
2025-12-03T18:31:59.088-0500	DEBUG	hashindexV3/header_manager.go:104	Created header for index UserID, field UserID, file 0 (FK=false, Unique=false, PK=false)
2025-12-03T18:31:59.088-0500	DEBUG	hashindexV3/hash_entry_storage.go:230	Wrote header to new bucket file	{"fieldName": "UserID", "bucketNum": 254, "fileNum": 0, "headerBytes": 345}
2025-12-03T18:31:59.088-0500	DEBUG	hashindexV3/header_manager.go:104	Created header for index UserID, field UserID, file 0 (FK=false, Unique=false, PK=false)
2025-12-03T18:31:59.088-0500	DEBUG	hashindexV3/hash_entry_storage.go:230	Wrote header to new bucket file	{"fieldName": "UserID", "bucketNum": 230, "fileNum": 0, "headerBytes": 345}
2025-12-03T18:31:59.088-0500	DEBUG	hashindexV3/header_manager.go:104	Created header for index UserID, field UserID, file 0 (FK=false, Unique=false, PK=false)
2025-12-03T18:31:59.088-0500	DEBUG	hashindexV3/hash_entry_storage.go:230	Wrote header to new bucket file	{"fieldName": "UserID", "bucketNum": 198, "fileNum": 0, "headerBytes": 345}
2025-12-03T18:31:59.089-0500	DEBUG	hashindexV3/header_manager.go:104	Created header for index UserID, field UserID, file 0 (FK=false, Unique=false, PK=false)
2025-12-03T18:31:59.089-0500	DEBUG	hashindexV3/hash_entry_storage.go:230	Wrote header to new bucket file	{"fieldName": "UserID", "bucketNum": 231, "fileNum": 0, "headerBytes": 345}
2025-12-03T18:31:59.089-0500	DEBUG	hashindexV3/header_manager.go:104	Created header for index UserID, field UserID, file 0 (FK=false, Unique=false, PK=false)
2025-12-03T18:31:59.089-0500	DEBUG	hashindexV3/hash_entry_storage.go:230	Wrote header to new bucket file	{"fieldName": "UserID", "bucketNum": 96, "fileNum": 0, "headerBytes": 345}
2025-12-03T18:31:59.089-0500	DEBUG	hashindexV3/header_manager.go:104	Created header for index UserID, field UserID, file 0 (FK=false, Unique=false, PK=false)
2025-12-03T18:31:59.089-0500	DEBUG	hashindexV3/hash_entry_storage.go:230	Wrote header to new bucket file	{"fieldName": "UserID", "bucketNum": 92, "fileNum": 0, "headerBytes": 345}
2025-12-03T18:31:59.089-0500	DEBUG	hashindexV3/header_manager.go:104	Created header for index UserID, field UserID, file 0 (FK=false, Unique=false, PK=false)
2025-12-03T18:31:59.089-0500	DEBUG	hashindexV3/hash_entry_storage.go:230	Wrote header to new bucket file	{"fieldName": "UserID", "bucketNum": 72, "fileNum": 0, "headerBytes": 345}
2025-12-03T18:31:59.089-0500	DEBUG	hashindexV3/header_manager.go:104	Created header for index UserID, field UserID, file 0 (FK=false, Unique=false, PK=false)
2025-12-03T18:31:59.089-0500	DEBUG	hashindexV3/hash_entry_storage.go:230	Wrote header to new bucket file	{"fieldName": "UserID", "bucketNum": 62, "fileNum": 0, "headerBytes": 345}
2025-12-03T18:31:59.090-0500	DEBUG	hashindexV3/header_manager.go:104	Created header for index UserID, field UserID, file 0 (FK=false, Unique=false, PK=false)
2025-12-03T18:31:59.090-0500	DEBUG	hashindexV3/hash_entry_storage.go:230	Wrote header to new bucket file	{"fieldName": "UserID", "bucketNum": 89, "fileNum": 0, "headerBytes": 345}
2025-12-03T18:31:59.090-0500	DEBUG	hashindexV3/header_manager.go:104	Created header for index UserID, field UserID, file 0 (FK=false, Unique=false, PK=false)
2025-12-03T18:31:59.090-0500	DEBUG	hashindexV3/hash_entry_storage.go:230	Wrote header to new bucket file	{"fieldName": "UserID", "bucketNum": 38, "fileNum": 0, "headerBytes": 345}
2025-12-03T18:31:59.090-0500	DEBUG	hashindexV3/header_manager.go:104	Created header for index UserID, field UserID, file 0 (FK=false, Unique=false, PK=false)
2025-12-03T18:31:59.090-0500	DEBUG	hashindexV3/hash_entry_storage.go:230	Wrote header to new bucket file	{"fieldName": "UserID", "bucketNum": 133, "fileNum": 0, "headerBytes": 345}
2025-12-03T18:31:59.090-0500	DEBUG	hashindexV3/header_manager.go:104	Created header for index UserID, field UserID, file 0 (FK=false, Unique=false, PK=false)
2025-12-03T18:31:59.090-0500	DEBUG	hashindexV3/hash_entry_storage.go:230	Wrote header to new bucket file	{"fieldName": "UserID", "bucketNum": 212, "fileNum": 0, "headerBytes": 345}
2025-12-03T18:31:59.090-0500	DEBUG	hashindexV3/header_manager.go:104	Created header for index UserID, field UserID, file 0 (FK=false, Unique=false, PK=false)
2025-12-03T18:31:59.090-0500	DEBUG	hashindexV3/hash_entry_storage.go:230	Wrote header to new bucket file	{"fieldName": "UserID", "bucketNum": 131, "fileNum": 0, "headerBytes": 345}
2025-12-03T18:31:59.091-0500	DEBUG	hashindexV3/header_manager.go:104	Created header for index UserID, field UserID, file 0 (FK=false, Unique=false, PK=false)
2025-12-03T18:31:59.091-0500	DEBUG	hashindexV3/hash_entry_storage.go:230	Wrote header to new bucket file	{"fieldName": "UserID", "bucketNum": 37, "fileNum": 0, "headerBytes": 345}
2025-12-03T18:31:59.091-0500	DEBUG	hashindexV3/header_manager.go:104	Created header for index UserID, field UserID, file 0 (FK=false, Unique=false, PK=false)
2025-12-03T18:31:59.091-0500	DEBUG	hashindexV3/hash_entry_storage.go:230	Wrote header to new bucket file	{"fieldName": "UserID", "bucketNum": 128, "fileNum": 0, "headerBytes": 345}
2025-12-03T18:31:59.091-0500	DEBUG	hashindexV3/header_manager.go:104	Created header for index UserID, field UserID, file 0 (FK=false, Unique=false, PK=false)
2025-12-03T18:31:59.091-0500	DEBUG	hashindexV3/hash_entry_storage.go:230	Wrote header to new bucket file	{"fieldName": "UserID", "bucketNum": 241, "fileNum": 0, "headerBytes": 345}
2025-12-03T18:31:59.091-0500	DEBUG	hashindexV3/header_manager.go:104	Created header for index UserID, field UserID, file 0 (FK=false, Unique=false, PK=false)
2025-12-03T18:31:59.091-0500	DEBUG	hashindexV3/hash_entry_storage.go:230	Wrote header to new bucket file	{"fieldName": "UserID", "bucketNum": 79, "fileNum": 0, "headerBytes": 345}
2025-12-03T18:31:59.091-0500	DEBUG	hashindexV3/header_manager.go:158	Read header from /var/folders/85/q1ly22y17zl71m_r0pvz60z00000gn/T/TestAddEntries_LargeVolume2377992509/001/UserID.0.hidx: index=UserID, field=UserID, entries=0, size=345 bytes
2025-12-03T18:31:59.091-0500	DEBUG	hashindexV3/header_manager.go:198	Wrote header to /var/folders/85/q1ly22y17zl71m_r0pvz60z00000gn/T/TestAddEntries_LargeVolume2377992509/001/UserID.0.hidx: index=UserID, field=UserID, 345 bytes
2025-12-03T18:31:59.091-0500	DEBUG	hashindexV3/header_manager.go:236	Updated statistics in /var/folders/85/q1ly22y17zl71m_r0pvz60z00000gn/T/TestAddEntries_LargeVolume2377992509/001/UserID.0.hidx: entries=100, deleted=0, size=345, seq=100
2025-12-03T18:31:59.091-0500	DEBUG	hashindexV3/hash_entry_storage.go:720	Updated header statistics: entries=100, size=345, seq=100
2025-12-03T18:31:59.091-0500	DEBUG	hashindexV3/header_manager.go:104	Created header for index UserID, field UserID, file 0 (FK=false, Unique=false, PK=false)
2025-12-03T18:31:59.091-0500	DEBUG	hashindexV3/hash_entry_storage.go:230	Wrote header to new bucket file	{"fieldName": "UserID", "bucketNum": 27, "fileNum": 0, "headerBytes": 345}
2025-12-03T18:31:59.092-0500	DEBUG	hashindexV3/header_manager.go:104	Created header for index UserID, field UserID, file 0 (FK=false, Unique=false, PK=false)
2025-12-03T18:31:59.092-0500	DEBUG	hashindexV3/hash_entry_storage.go:230	Wrote header to new bucket file	{"fieldName": "UserID", "bucketNum": 32, "fileNum": 0, "headerBytes": 345}
2025-12-03T18:31:59.092-0500	DEBUG	hashindexV3/header_manager.go:104	Created header for index UserID, field UserID, file 0 (FK=false, Unique=false, PK=false)
2025-12-03T18:31:59.092-0500	DEBUG	hashindexV3/hash_entry_storage.go:230	Wrote header to new bucket file	{"fieldName": "UserID", "bucketNum": 159, "fileNum": 0, "headerBytes": 345}
2025-12-03T18:31:59.092-0500	DEBUG	hashindexV3/header_manager.go:104	Created header for index UserID, field UserID, file 0 (FK=false, Unique=false, PK=false)
2025-12-03T18:31:59.092-0500	DEBUG	hashindexV3/hash_entry_storage.go:230	Wrote header to new bucket file	{"fieldName": "UserID", "bucketNum": 115, "fileNum": 0, "headerBytes": 345}
2025-12-03T18:31:59.092-0500	DEBUG	hashindexV3/header_manager.go:104	Created header for index UserID, field UserID, file 0 (FK=false, Unique=false, PK=false)
2025-12-03T18:31:59.092-0500	DEBUG	hashindexV3/hash_entry_storage.go:230	Wrote header to new bucket file	{"fieldName": "UserID", "bucketNum": 209, "fileNum": 0, "headerBytes": 345}
2025-12-03T18:31:59.093-0500	DEBUG	hashindexV3/header_manager.go:104	Created header for index UserID, field UserID, file 0 (FK=false, Unique=false, PK=false)
2025-12-03T18:31:59.093-0500	DEBUG	hashindexV3/hash_entry_storage.go:230	Wrote header to new bucket file	{"fieldName": "UserID", "bucketNum": 249, "fileNum": 0, "headerBytes": 345}
2025-12-03T18:31:59.093-0500	DEBUG	hashindexV3/header_manager.go:104	Created header for index UserID, field UserID, file 0 (FK=false, Unique=false, PK=false)
2025-12-03T18:31:59.093-0500	DEBUG	hashindexV3/hash_entry_storage.go:230	Wrote header to new bucket file	{"fieldName": "UserID", "bucketNum": 54, "fileNum": 0, "headerBytes": 345}
2025-12-03T18:31:59.093-0500	DEBUG	hashindexV3/header_manager.go:104	Created header for index UserID, field UserID, file 0 (FK=false, Unique=false, PK=false)
2025-12-03T18:31:59.093-0500	DEBUG	hashindexV3/hash_entry_storage.go:230	Wrote header to new bucket file	{"fieldName": "UserID", "bucketNum": 186, "fileNum": 0, "headerBytes": 345}
2025-12-03T18:31:59.093-0500	DEBUG	hashindexV3/header_manager.go:104	Created header for index UserID, field UserID, file 0 (FK=false, Unique=false, PK=false)
2025-12-03T18:31:59.093-0500	DEBUG	hashindexV3/hash_entry_storage.go:230	Wrote header to new bucket file	{"fieldName": "UserID", "bucketNum": 222, "fileNum": 0, "headerBytes": 345}
2025-12-03T18:31:59.093-0500	DEBUG	hashindexV3/header_manager.go:104	Created header for index UserID, field UserID, file 0 (FK=false, Unique=false, PK=false)
2025-12-03T18:31:59.093-0500	DEBUG	hashindexV3/hash_entry_storage.go:230	Wrote header to new bucket file	{"fieldName": "UserID", "bucketNum": 224, "fileNum": 0, "headerBytes": 345}
2025-12-03T18:31:59.094-0500	DEBUG	hashindexV3/header_manager.go:104	Created header for index UserID, field UserID, file 0 (FK=false, Unique=false, PK=false)
2025-12-03T18:31:59.094-0500	DEBUG	hashindexV3/hash_entry_storage.go:230	Wrote header to new bucket file	{"fieldName": "UserID", "bucketNum": 189, "fileNum": 0, "headerBytes": 345}
2025-12-03T18:31:59.094-0500	DEBUG	hashindexV3/header_manager.go:104	Created header for index UserID, field UserID, file 0 (FK=false, Unique=false, PK=false)
2025-12-03T18:31:59.094-0500	DEBUG	hashindexV3/hash_entry_storage.go:230	Wrote header to new bucket file	{"fieldName": "UserID", "bucketNum": 218, "fileNum": 0, "headerBytes": 345}
2025-12-03T18:31:59.094-0500	DEBUG	hashindexV3/header_manager.go:104	Created header for index UserID, field UserID, file 0 (FK=false, Unique=false, PK=false)
2025-12-03T18:31:59.094-0500	DEBUG	hashindexV3/hash_entry_storage.go:230	Wrote header to new bucket file	{"fieldName": "UserID", "bucketNum": 95, "fileNum": 0, "headerBytes": 345}
2025-12-03T18:31:59.095-0500	DEBUG	hashindexV3/header_manager.go:104	Created header for index UserID, field UserID, file 0 (FK=false, Unique=false, PK=false)
2025-12-03T18:31:59.095-0500	DEBUG	hashindexV3/hash_entry_storage.go:230	Wrote header to new bucket file	{"fieldName": "UserID", "bucketNum": 41, "fileNum": 0, "headerBytes": 345}
2025-12-03T18:31:59.095-0500	DEBUG	hashindexV3/header_manager.go:104	Created header for index UserID, field UserID, file 0 (FK=false, Unique=false, PK=false)
2025-12-03T18:31:59.095-0500	DEBUG	hashindexV3/hash_entry_storage.go:230	Wrote header to new bucket file	{"fieldName": "UserID", "bucketNum": 104, "fileNum": 0, "headerBytes": 345}
2025-12-03T18:31:59.095-0500	DEBUG	hashindexV3/header_manager.go:104	Created header for index UserID, field UserID, file 0 (FK=false, Unique=false, PK=false)
2025-12-03T18:31:59.095-0500	DEBUG	hashindexV3/hash_entry_storage.go:230	Wrote header to new bucket file	{"fieldName": "UserID", "bucketNum": 234, "fileNum": 0, "headerBytes": 345}
2025-12-03T18:31:59.095-0500	DEBUG	hashindexV3/header_manager.go:104	Created header for index UserID, field UserID, file 0 (FK=false, Unique=false, PK=false)
2025-12-03T18:31:59.095-0500	DEBUG	hashindexV3/hash_entry_storage.go:230	Wrote header to new bucket file	{"fieldName": "UserID", "bucketNum": 51, "fileNum": 0, "headerBytes": 345}
2025-12-03T18:31:59.096-0500	DEBUG	hashindexV3/header_manager.go:104	Created header for index UserID, field UserID, file 0 (FK=false, Unique=false, PK=false)
2025-12-03T18:31:59.096-0500	DEBUG	hashindexV3/hash_entry_storage.go:230	Wrote header to new bucket file	{"fieldName": "UserID", "bucketNum": 162, "fileNum": 0, "headerBytes": 345}
2025-12-03T18:31:59.096-0500	DEBUG	hashindexV3/header_manager.go:104	Created header for index UserID, field UserID, file 0 (FK=false, Unique=false, PK=false)
2025-12-03T18:31:59.096-0500	DEBUG	hashindexV3/hash_entry_storage.go:230	Wrote header to new bucket file	{"fieldName": "UserID", "bucketNum": 181, "fileNum": 0, "headerBytes": 345}
2025-12-03T18:31:59.096-0500	DEBUG	hashindexV3/header_manager.go:104	Created header for index UserID, field UserID, file 0 (FK=false, Unique=false, PK=false)
2025-12-03T18:31:59.096-0500	DEBUG	hashindexV3/hash_entry_storage.go:230	Wrote header to new bucket file	{"fieldName": "UserID", "bucketNum": 165, "fileNum": 0, "headerBytes": 345}
2025-12-03T18:31:59.096-0500	DEBUG	hashindexV3/header_manager.go:104	Created header for index UserID, field UserID, file 0 (FK=false, Unique=false, PK=false)
2025-12-03T18:31:59.096-0500	DEBUG	hashindexV3/hash_entry_storage.go:230	Wrote header to new bucket file	{"fieldName": "UserID", "bucketNum": 90, "fileNum": 0, "headerBytes": 345}
2025-12-03T18:31:59.096-0500	DEBUG	hashindexV3/header_manager.go:104	Created header for index UserID, field UserID, file 0 (FK=false, Unique=false, PK=false)
2025-12-03T18:31:59.096-0500	DEBUG	hashindexV3/hash_entry_storage.go:230	Wrote header to new bucket file	{"fieldName": "UserID", "bucketNum": 164, "fileNum": 0, "headerBytes": 345}
2025-12-03T18:31:59.097-0500	DEBUG	hashindexV3/header_manager.go:104	Created header for index UserID, field UserID, file 0 (FK=false, Unique=false, PK=false)
2025-12-03T18:31:59.097-0500	DEBUG	hashindexV3/hash_entry_storage.go:230	Wrote header to new bucket file	{"fieldName": "UserID", "bucketNum": 16, "fileNum": 0, "headerBytes": 345}
2025-12-03T18:31:59.097-0500	DEBUG	hashindexV3/header_manager.go:104	Created header for index UserID, field UserID, file 0 (FK=false, Unique=false, PK=false)
2025-12-03T18:31:59.097-0500	DEBUG	hashindexV3/hash_entry_storage.go:230	Wrote header to new bucket file	{"fieldName": "UserID", "bucketNum": 81, "fileNum": 0, "headerBytes": 345}
2025-12-03T18:31:59.097-0500	DEBUG	hashindexV3/header_manager.go:104	Created header for index UserID, field UserID, file 0 (FK=false, Unique=false, PK=false)
2025-12-03T18:31:59.097-0500	DEBUG	hashindexV3/hash_entry_storage.go:230	Wrote header to new bucket file	{"fieldName": "UserID", "bucketNum": 36, "fileNum": 0, "headerBytes": 345}
2025-12-03T18:31:59.097-0500	DEBUG	hashindexV3/header_manager.go:104	Created header for index UserID, field UserID, file 0 (FK=false, Unique=false, PK=false)
2025-12-03T18:31:59.097-0500	DEBUG	hashindexV3/hash_entry_storage.go:230	Wrote header to new bucket file	{"fieldName": "UserID", "bucketNum": 112, "fileNum": 0, "headerBytes": 345}
2025-12-03T18:31:59.097-0500	DEBUG	hashindexV3/header_manager.go:104	Created header for index UserID, field UserID, file 0 (FK=false, Unique=false, PK=false)
2025-12-03T18:31:59.097-0500	DEBUG	hashindexV3/hash_entry_storage.go:230	Wrote header to new bucket file	{"fieldName": "UserID", "bucketNum": 240, "fileNum": 0, "headerBytes": 345}
2025-12-03T18:31:59.098-0500	DEBUG	hashindexV3/header_manager.go:104	Created header for index UserID, field UserID, file 0 (FK=false, Unique=false, PK=false)
2025-12-03T18:31:59.098-0500	DEBUG	hashindexV3/hash_entry_storage.go:230	Wrote header to new bucket file	{"fieldName": "UserID", "bucketNum": 61, "fileNum": 0, "headerBytes": 345}
2025-12-03T18:31:59.098-0500	DEBUG	hashindexV3/header_manager.go:104	Created header for index UserID, field UserID, file 0 (FK=false, Unique=false, PK=false)
2025-12-03T18:31:59.098-0500	DEBUG	hashindexV3/hash_entry_storage.go:230	Wrote header to new bucket file	{"fieldName": "UserID", "bucketNum": 76, "fileNum": 0, "headerBytes": 345}
2025-12-03T18:31:59.098-0500	DEBUG	hashindexV3/header_manager.go:104	Created header for index UserID, field UserID, file 0 (FK=false, Unique=false, PK=false)
2025-12-03T18:31:59.098-0500	DEBUG	hashindexV3/hash_entry_storage.go:230	Wrote header to new bucket file	{"fieldName": "UserID", "bucketNum": 171, "fileNum": 0, "headerBytes": 345}
2025-12-03T18:31:59.098-0500	DEBUG	hashindexV3/header_manager.go:104	Created header for index UserID, field UserID, file 0 (FK=false, Unique=false, PK=false)
2025-12-03T18:31:59.098-0500	DEBUG	hashindexV3/hash_entry_storage.go:230	Wrote header to new bucket file	{"fieldName": "UserID", "bucketNum": 52, "fileNum": 0, "headerBytes": 345}
2025-12-03T18:31:59.098-0500	DEBUG	hashindexV3/header_manager.go:104	Created header for index UserID, field UserID, file 0 (FK=false, Unique=false, PK=false)
2025-12-03T18:31:59.098-0500	DEBUG	hashindexV3/hash_entry_storage.go:230	Wrote header to new bucket file	{"fieldName": "UserID", "bucketNum": 6, "fileNum": 0, "headerBytes": 345}
2025-12-03T18:31:59.099-0500	DEBUG	hashindexV3/header_manager.go:104	Created header for index UserID, field UserID, file 0 (FK=false, Unique=false, PK=false)
2025-12-03T18:31:59.099-0500	DEBUG	hashindexV3/hash_entry_storage.go:230	Wrote header to new bucket file	{"fieldName": "UserID", "bucketNum": 85, "fileNum": 0, "headerBytes": 345}
2025-12-03T18:31:59.099-0500	DEBUG	hashindexV3/header_manager.go:104	Created header for index UserID, field UserID, file 0 (FK=false, Unique=false, PK=false)
2025-12-03T18:31:59.099-0500	DEBUG	hashindexV3/hash_entry_storage.go:230	Wrote header to new bucket file	{"fieldName": "UserID", "bucketNum": 166, "fileNum": 0, "headerBytes": 345}
2025-12-03T18:31:59.099-0500	DEBUG	hashindexV3/header_manager.go:104	Created header for index UserID, field UserID, file 0 (FK=false, Unique=false, PK=false)
2025-12-03T18:31:59.099-0500	DEBUG	hashindexV3/hash_entry_storage.go:230	Wrote header to new bucket file	{"fieldName": "UserID", "bucketNum": 118, "fileNum": 0, "headerBytes": 345}
2025-12-03T18:31:59.099-0500	DEBUG	hashindexV3/header_manager.go:104	Created header for index UserID, field UserID, file 0 (FK=false, Unique=false, PK=false)
2025-12-03T18:31:59.099-0500	DEBUG	hashindexV3/hash_entry_storage.go:230	Wrote header to new bucket file	{"fieldName": "UserID", "bucketNum": 74, "fileNum": 0, "headerBytes": 345}
2025-12-03T18:31:59.099-0500	DEBUG	hashindexV3/header_manager.go:104	Created header for index UserID, field UserID, file 0 (FK=false, Unique=false, PK=false)
2025-12-03T18:31:59.099-0500	DEBUG	hashindexV3/hash_entry_storage.go:230	Wrote header to new bucket file	{"fieldName": "UserID", "bucketNum": 60, "fileNum": 0, "headerBytes": 345}
2025-12-03T18:31:59.100-0500	DEBUG	hashindexV3/header_manager.go:104	Created header for index UserID, field UserID, file 0 (FK=false, Unique=false, PK=false)
2025-12-03T18:31:59.100-0500	DEBUG	hashindexV3/hash_entry_storage.go:230	Wrote header to new bucket file	{"fieldName": "UserID", "bucketNum": 175, "fileNum": 0, "headerBytes": 345}
2025-12-03T18:31:59.100-0500	DEBUG	hashindexV3/header_manager.go:104	Created header for index UserID, field UserID, file 0 (FK=false, Unique=false, PK=false)
2025-12-03T18:31:59.100-0500	DEBUG	hashindexV3/hash_entry_storage.go:230	Wrote header to new bucket file	{"fieldName": "UserID", "bucketNum": 203, "fileNum": 0, "headerBytes": 345}
2025-12-03T18:31:59.100-0500	DEBUG	hashindexV3/header_manager.go:104	Created header for index UserID, field UserID, file 0 (FK=false, Unique=false, PK=false)
2025-12-03T18:31:59.100-0500	DEBUG	hashindexV3/hash_entry_storage.go:230	Wrote header to new bucket file	{"fieldName": "UserID", "bucketNum": 246, "fileNum": 0, "headerBytes": 345}
2025-12-03T18:31:59.100-0500	DEBUG	hashindexV3/header_manager.go:104	Created header for index UserID, field UserID, file 0 (FK=false, Unique=false, PK=false)
2025-12-03T18:31:59.100-0500	DEBUG	hashindexV3/hash_entry_storage.go:230	Wrote header to new bucket file	{"fieldName": "UserID", "bucketNum": 201, "fileNum": 0, "headerBytes": 345}
2025-12-03T18:31:59.101-0500	DEBUG	hashindexV3/header_manager.go:104	Created header for index UserID, field UserID, file 0 (FK=false, Unique=false, PK=false)
2025-12-03T18:31:59.101-0500	DEBUG	hashindexV3/hash_entry_storage.go:230	Wrote header to new bucket file	{"fieldName": "UserID", "bucketNum": 177, "fileNum": 0, "headerBytes": 345}
2025-12-03T18:31:59.101-0500	DEBUG	hashindexV3/header_manager.go:104	Created header for index UserID, field UserID, file 0 (FK=false, Unique=false, PK=false)
2025-12-03T18:31:59.101-0500	DEBUG	hashindexV3/hash_entry_storage.go:230	Wrote header to new bucket file	{"fieldName": "UserID", "bucketNum": 173, "fileNum": 0, "headerBytes": 345}
2025-12-03T18:31:59.101-0500	DEBUG	hashindexV3/header_manager.go:104	Created header for index UserID, field UserID, file 0 (FK=false, Unique=false, PK=false)
2025-12-03T18:31:59.101-0500	DEBUG	hashindexV3/hash_entry_storage.go:230	Wrote header to new bucket file	{"fieldName": "UserID", "bucketNum": 208, "fileNum": 0, "headerBytes": 345}
2025-12-03T18:31:59.101-0500	DEBUG	hashindexV3/header_manager.go:104	Created header for index UserID, field UserID, file 0 (FK=false, Unique=false, PK=false)
2025-12-03T18:31:59.101-0500	DEBUG	hashindexV3/hash_entry_storage.go:230	Wrote header to new bucket file	{"fieldName": "UserID", "bucketNum": 14, "fileNum": 0, "headerBytes": 345}
2025-12-03T18:31:59.101-0500	DEBUG	hashindexV3/header_manager.go:104	Created header for index UserID, field UserID, file 0 (FK=false, Unique=false, PK=false)
2025-12-03T18:31:59.102-0500	DEBUG	hashindexV3/hash_entry_storage.go:230	Wrote header to new bucket file	{"fieldName": "UserID", "bucketNum": 86, "fileNum": 0, "headerBytes": 345}
2025-12-03T18:31:59.102-0500	DEBUG	hashindexV3/header_manager.go:104	Created header for index UserID, field UserID, file 0 (FK=false, Unique=false, PK=false)
2025-12-03T18:31:59.102-0500	DEBUG	hashindexV3/hash_entry_storage.go:230	Wrote header to new bucket file	{"fieldName": "UserID", "bucketNum": 206, "fileNum": 0, "headerBytes": 345}
2025-12-03T18:31:59.102-0500	DEBUG	hashindexV3/header_manager.go:104	Created header for index UserID, field UserID, file 0 (FK=false, Unique=false, PK=false)
2025-12-03T18:31:59.102-0500	DEBUG	hashindexV3/hash_entry_storage.go:230	Wrote header to new bucket file	{"fieldName": "UserID", "bucketNum": 1, "fileNum": 0, "headerBytes": 345}
2025-12-03T18:31:59.102-0500	DEBUG	hashindexV3/header_manager.go:104	Created header for index UserID, field UserID, file 0 (FK=false, Unique=false, PK=false)
2025-12-03T18:31:59.102-0500	DEBUG	hashindexV3/hash_entry_storage.go:230	Wrote header to new bucket file	{"fieldName": "UserID", "bucketNum": 93, "fileNum": 0, "headerBytes": 345}
2025-12-03T18:31:59.103-0500	DEBUG	hashindexV3/header_manager.go:104	Created header for index UserID, field UserID, file 0 (FK=false, Unique=false, PK=false)
2025-12-03T18:31:59.103-0500	DEBUG	hashindexV3/hash_entry_storage.go:230	Wrote header to new bucket file	{"fieldName": "UserID", "bucketNum": 49, "fileNum": 0, "headerBytes": 345}
2025-12-03T18:31:59.103-0500	DEBUG	hashindexV3/header_manager.go:104	Created header for index UserID, field UserID, file 0 (FK=false, Unique=false, PK=false)
2025-12-03T18:31:59.103-0500	DEBUG	hashindexV3/hash_entry_storage.go:230	Wrote header to new bucket file	{"fieldName": "UserID", "bucketNum": 29, "fileNum": 0, "headerBytes": 345}
2025-12-03T18:31:59.103-0500	DEBUG	hashindexV3/header_manager.go:104	Created header for index UserID, field UserID, file 0 (FK=false, Unique=false, PK=false)
2025-12-03T18:31:59.103-0500	DEBUG	hashindexV3/hash_entry_storage.go:230	Wrote header to new bucket file	{"fieldName": "UserID", "bucketNum": 124, "fileNum": 0, "headerBytes": 345}
2025-12-03T18:31:59.103-0500	DEBUG	hashindexV3/header_manager.go:104	Created header for index UserID, field UserID, file 0 (FK=false, Unique=false, PK=false)
2025-12-03T18:31:59.103-0500	DEBUG	hashindexV3/hash_entry_storage.go:230	Wrote header to new bucket file	{"fieldName": "UserID", "bucketNum": 121, "fileNum": 0, "headerBytes": 345}
2025-12-03T18:31:59.103-0500	DEBUG	hashindexV3/header_manager.go:158	Read header from /var/folders/85/q1ly22y17zl71m_r0pvz60z00000gn/T/TestAddEntries_LargeVolume2377992509/001/UserID.0.hidx: index=UserID, field=UserID, entries=100, size=345 bytes
2025-12-03T18:31:59.103-0500	DEBUG	hashindexV3/header_manager.go:198	Wrote header to /var/folders/85/q1ly22y17zl71m_r0pvz60z00000gn/T/TestAddEntries_LargeVolume2377992509/001/UserID.0.hidx: index=UserID, field=UserID, 345 bytes
2025-12-03T18:31:59.103-0500	DEBUG	hashindexV3/header_manager.go:236	Updated statistics in /var/folders/85/q1ly22y17zl71m_r0pvz60z00000gn/T/TestAddEntries_LargeVolume2377992509/001/UserID.0.hidx: entries=200, deleted=0, size=345, seq=200
2025-12-03T18:31:59.103-0500	DEBUG	hashindexV3/hash_entry_storage.go:720	Updated header statistics: entries=200, size=345, seq=200
2025-12-03T18:31:59.104-0500	DEBUG	hashindexV3/header_manager.go:104	Created header for index UserID, field UserID, file 0 (FK=false, Unique=false, PK=false)
2025-12-03T18:31:59.104-0500	DEBUG	hashindexV3/hash_entry_storage.go:230	Wrote header to new bucket file	{"fieldName": "UserID", "bucketNum": 245, "fileNum": 0, "headerBytes": 345}
2025-12-03T18:31:59.104-0500	DEBUG	hashindexV3/header_manager.go:104	Created header for index UserID, field UserID, file 0 (FK=false, Unique=false, PK=false)
2025-12-03T18:31:59.104-0500	DEBUG	hashindexV3/hash_entry_storage.go:230	Wrote header to new bucket file	{"fieldName": "UserID", "bucketNum": 25, "fileNum": 0, "headerBytes": 345}
2025-12-03T18:31:59.104-0500	DEBUG	hashindexV3/header_manager.go:104	Created header for index UserID, field UserID, file 0 (FK=false, Unique=false, PK=false)
2025-12-03T18:31:59.104-0500	DEBUG	hashindexV3/hash_entry_storage.go:230	Wrote header to new bucket file	{"fieldName": "UserID", "bucketNum": 129, "fileNum": 0, "headerBytes": 345}
2025-12-03T18:31:59.104-0500	DEBUG	hashindexV3/header_manager.go:104	Created header for index UserID, field UserID, file 0 (FK=false, Unique=false, PK=false)
2025-12-03T18:31:59.104-0500	DEBUG	hashindexV3/hash_entry_storage.go:230	Wrote header to new bucket file	{"fieldName": "UserID", "bucketNum": 157, "fileNum": 0, "headerBytes": 345}
2025-12-03T18:31:59.105-0500	DEBUG	hashindexV3/header_manager.go:104	Created header for index UserID, field UserID, file 0 (FK=false, Unique=false, PK=false)
2025-12-03T18:31:59.105-0500	DEBUG	hashindexV3/hash_entry_storage.go:230	Wrote header to new bucket file	{"fieldName": "UserID", "bucketNum": 255, "fileNum": 0, "headerBytes": 345}
2025-12-03T18:31:59.105-0500	DEBUG	hashindexV3/header_manager.go:104	Created header for index UserID, field UserID, file 0 (FK=false, Unique=false, PK=false)
2025-12-03T18:31:59.105-0500	DEBUG	hashindexV3/hash_entry_storage.go:230	Wrote header to new bucket file	{"fieldName": "UserID", "bucketNum": 145, "fileNum": 0, "headerBytes": 345}
2025-12-03T18:31:59.105-0500	DEBUG	hashindexV3/header_manager.go:104	Created header for index UserID, field UserID, file 0 (FK=false, Unique=false, PK=false)
2025-12-03T18:31:59.105-0500	DEBUG	hashindexV3/hash_entry_storage.go:230	Wrote header to new bucket file	{"fieldName": "UserID", "bucketNum": 87, "fileNum": 0, "headerBytes": 345}
2025-12-03T18:31:59.105-0500	DEBUG	hashindexV3/header_manager.go:104	Created header for index UserID, field UserID, file 0 (FK=false, Unique=false, PK=false)
2025-12-03T18:31:59.105-0500	DEBUG	hashindexV3/hash_entry_storage.go:230	Wrote header to new bucket file	{"fieldName": "UserID", "bucketNum": 144, "fileNum": 0, "headerBytes": 345}
2025-12-03T18:31:59.105-0500	DEBUG	hashindexV3/header_manager.go:104	Created header for index UserID, field UserID, file 0 (FK=false, Unique=false, PK=false)
2025-12-03T18:31:59.105-0500	DEBUG	hashindexV3/hash_entry_storage.go:230	Wrote header to new bucket file	{"fieldName": "UserID", "bucketNum": 69, "fileNum": 0, "headerBytes": 345}
2025-12-03T18:31:59.106-0500	DEBUG	hashindexV3/header_manager.go:104	Created header for index UserID, field UserID, file 0 (FK=false, Unique=false, PK=false)
2025-12-03T18:31:59.106-0500	DEBUG	hashindexV3/hash_entry_storage.go:230	Wrote header to new bucket file	{"fieldName": "UserID", "bucketNum": 227, "fileNum": 0, "headerBytes": 345}
2025-12-03T18:31:59.106-0500	DEBUG	hashindexV3/header_manager.go:104	Created header for index UserID, field UserID, file 0 (FK=false, Unique=false, PK=false)
2025-12-03T18:31:59.106-0500	DEBUG	hashindexV3/hash_entry_storage.go:230	Wrote header to new bucket file	{"fieldName": "UserID", "bucketNum": 17, "fileNum": 0, "headerBytes": 345}
2025-12-03T18:31:59.106-0500	DEBUG	hashindexV3/header_manager.go:104	Created header for index UserID, field UserID, file 0 (FK=false, Unique=false, PK=false)
2025-12-03T18:31:59.106-0500	DEBUG	hashindexV3/hash_entry_storage.go:230	Wrote header to new bucket file	{"fieldName": "UserID", "bucketNum": 11, "fileNum": 0, "headerBytes": 345}
2025-12-03T18:31:59.106-0500	DEBUG	hashindexV3/header_manager.go:104	Created header for index UserID, field UserID, file 0 (FK=false, Unique=false, PK=false)
2025-12-03T18:31:59.106-0500	DEBUG	hashindexV3/hash_entry_storage.go:230	Wrote header to new bucket file	{"fieldName": "UserID", "bucketNum": 161, "fileNum": 0, "headerBytes": 345}
2025-12-03T18:31:59.106-0500	DEBUG	hashindexV3/header_manager.go:104	Created header for index UserID, field UserID, file 0 (FK=false, Unique=false, PK=false)
2025-12-03T18:31:59.106-0500	DEBUG	hashindexV3/hash_entry_storage.go:230	Wrote header to new bucket file	{"fieldName": "UserID", "bucketNum": 26, "fileNum": 0, "headerBytes": 345}
2025-12-03T18:31:59.107-0500	DEBUG	hashindexV3/header_manager.go:104	Created header for index UserID, field UserID, file 0 (FK=false, Unique=false, PK=false)
2025-12-03T18:31:59.107-0500	DEBUG	hashindexV3/hash_entry_storage.go:230	Wrote header to new bucket file	{"fieldName": "UserID", "bucketNum": 116, "fileNum": 0, "headerBytes": 345}
2025-12-03T18:31:59.107-0500	DEBUG	hashindexV3/header_manager.go:104	Created header for index UserID, field UserID, file 0 (FK=false, Unique=false, PK=false)
2025-12-03T18:31:59.107-0500	DEBUG	hashindexV3/hash_entry_storage.go:230	Wrote header to new bucket file	{"fieldName": "UserID", "bucketNum": 137, "fileNum": 0, "headerBytes": 345}
2025-12-03T18:31:59.107-0500	DEBUG	hashindexV3/header_manager.go:104	Created header for index UserID, field UserID, file 0 (FK=false, Unique=false, PK=false)
2025-12-03T18:31:59.107-0500	DEBUG	hashindexV3/hash_entry_storage.go:230	Wrote header to new bucket file	{"fieldName": "UserID", "bucketNum": 44, "fileNum": 0, "headerBytes": 345}
2025-12-03T18:31:59.107-0500	DEBUG	hashindexV3/header_manager.go:104	Created header for index UserID, field UserID, file 0 (FK=false, Unique=false, PK=false)
2025-12-03T18:31:59.107-0500	DEBUG	hashindexV3/hash_entry_storage.go:230	Wrote header to new bucket file	{"fieldName": "UserID", "bucketNum": 158, "fileNum": 0, "headerBytes": 345}
2025-12-03T18:31:59.108-0500	DEBUG	hashindexV3/header_manager.go:104	Created header for index UserID, field UserID, file 0 (FK=false, Unique=false, PK=false)
2025-12-03T18:31:59.108-0500	DEBUG	hashindexV3/hash_entry_storage.go:230	Wrote header to new bucket file	{"fieldName": "UserID", "bucketNum": 228, "fileNum": 0, "headerBytes": 345}
2025-12-03T18:31:59.108-0500	DEBUG	hashindexV3/header_manager.go:104	Created header for index UserID, field UserID, file 0 (FK=false, Unique=false, PK=false)
2025-12-03T18:31:59.108-0500	DEBUG	hashindexV3/hash_entry_storage.go:230	Wrote header to new bucket file	{"fieldName": "UserID", "bucketNum": 169, "fileNum": 0, "headerBytes": 345}
2025-12-03T18:31:59.108-0500	DEBUG	hashindexV3/header_manager.go:104	Created header for index UserID, field UserID, file 0 (FK=false, Unique=false, PK=false)
2025-12-03T18:31:59.108-0500	DEBUG	hashindexV3/hash_entry_storage.go:230	Wrote header to new bucket file	{"fieldName": "UserID", "bucketNum": 180, "fileNum": 0, "headerBytes": 345}
2025-12-03T18:31:59.108-0500	DEBUG	hashindexV3/header_manager.go:104	Created header for index UserID, field UserID, file 0 (FK=false, Unique=false, PK=false)
2025-12-03T18:31:59.108-0500	DEBUG	hashindexV3/hash_entry_storage.go:230	Wrote header to new bucket file	{"fieldName": "UserID", "bucketNum": 19, "fileNum": 0, "headerBytes": 345}
2025-12-03T18:31:59.109-0500	DEBUG	hashindexV3/header_manager.go:104	Created header for index UserID, field UserID, file 0 (FK=false, Unique=false, PK=false)
2025-12-03T18:31:59.109-0500	DEBUG	hashindexV3/hash_entry_storage.go:230	Wrote header to new bucket file	{"fieldName": "UserID", "bucketNum": 250, "fileNum": 0, "headerBytes": 345}
2025-12-03T18:31:59.109-0500	DEBUG	hashindexV3/header_manager.go:104	Created header for index UserID, field UserID, file 0 (FK=false, Unique=false, PK=false)
2025-12-03T18:31:59.109-0500	DEBUG	hashindexV3/hash_entry_storage.go:230	Wrote header to new bucket file	{"fieldName": "UserID", "bucketNum": 45, "fileNum": 0, "headerBytes": 345}
2025-12-03T18:31:59.109-0500	DEBUG	hashindexV3/header_manager.go:104	Created header for index UserID, field UserID, file 0 (FK=false, Unique=false, PK=false)
2025-12-03T18:31:59.109-0500	DEBUG	hashindexV3/hash_entry_storage.go:230	Wrote header to new bucket file	{"fieldName": "UserID", "bucketNum": 91, "fileNum": 0, "headerBytes": 345}
2025-12-03T18:31:59.109-0500	DEBUG	hashindexV3/header_manager.go:104	Created header for index UserID, field UserID, file 0 (FK=false, Unique=false, PK=false)
2025-12-03T18:31:59.109-0500	DEBUG	hashindexV3/hash_entry_storage.go:230	Wrote header to new bucket file	{"fieldName": "UserID", "bucketNum": 199, "fileNum": 0, "headerBytes": 345}
2025-12-03T18:31:59.109-0500	DEBUG	hashindexV3/header_manager.go:104	Created header for index UserID, field UserID, file 0 (FK=false, Unique=false, PK=false)
2025-12-03T18:31:59.109-0500	DEBUG	hashindexV3/hash_entry_storage.go:230	Wrote header to new bucket file	{"fieldName": "UserID", "bucketNum": 120, "fileNum": 0, "headerBytes": 345}
2025-12-03T18:31:59.110-0500	DEBUG	hashindexV3/header_manager.go:104	Created header for index UserID, field UserID, file 0 (FK=false, Unique=false, PK=false)
2025-12-03T18:31:59.110-0500	DEBUG	hashindexV3/hash_entry_storage.go:230	Wrote header to new bucket file	{"fieldName": "UserID", "bucketNum": 109, "fileNum": 0, "headerBytes": 345}
2025-12-03T18:31:59.110-0500	DEBUG	hashindexV3/header_manager.go:104	Created header for index UserID, field UserID, file 0 (FK=false, Unique=false, PK=false)
2025-12-03T18:31:59.110-0500	DEBUG	hashindexV3/hash_entry_storage.go:230	Wrote header to new bucket file	{"fieldName": "UserID", "bucketNum": 226, "fileNum": 0, "headerBytes": 345}
2025-12-03T18:31:59.110-0500	DEBUG	hashindexV3/header_manager.go:104	Created header for index UserID, field UserID, file 0 (FK=false, Unique=false, PK=false)
2025-12-03T18:31:59.110-0500	DEBUG	hashindexV3/hash_entry_storage.go:230	Wrote header to new bucket file	{"fieldName": "UserID", "bucketNum": 126, "fileNum": 0, "headerBytes": 345}
2025-12-03T18:31:59.110-0500	DEBUG	hashindexV3/header_manager.go:104	Created header for index UserID, field UserID, file 0 (FK=false, Unique=false, PK=false)
2025-12-03T18:31:59.110-0500	DEBUG	hashindexV3/hash_entry_storage.go:230	Wrote header to new bucket file	{"fieldName": "UserID", "bucketNum": 30, "fileNum": 0, "headerBytes": 345}
2025-12-03T18:31:59.111-0500	DEBUG	hashindexV3/header_manager.go:104	Created header for index UserID, field UserID, file 0 (FK=false, Unique=false, PK=false)
2025-12-03T18:31:59.111-0500	DEBUG	hashindexV3/hash_entry_storage.go:230	Wrote header to new bucket file	{"fieldName": "UserID", "bucketNum": 191, "fileNum": 0, "headerBytes": 345}
2025-12-03T18:31:59.111-0500	DEBUG	hashindexV3/header_manager.go:104	Created header for index UserID, field UserID, file 0 (FK=false, Unique=false, PK=false)
2025-12-03T18:31:59.111-0500	DEBUG	hashindexV3/hash_entry_storage.go:230	Wrote header to new bucket file	{"fieldName": "UserID", "bucketNum": 239, "fileNum": 0, "headerBytes": 345}
2025-12-03T18:31:59.111-0500	DEBUG	hashindexV3/header_manager.go:104	Created header for index UserID, field UserID, file 0 (FK=false, Unique=false, PK=false)
2025-12-03T18:31:59.111-0500	DEBUG	hashindexV3/hash_entry_storage.go:230	Wrote header to new bucket file	{"fieldName": "UserID", "bucketNum": 187, "fileNum": 0, "headerBytes": 345}
2025-12-03T18:31:59.111-0500	DEBUG	hashindexV3/header_manager.go:104	Created header for index UserID, field UserID, file 0 (FK=false, Unique=false, PK=false)
2025-12-03T18:31:59.111-0500	DEBUG	hashindexV3/hash_entry_storage.go:230	Wrote header to new bucket file	{"fieldName": "UserID", "bucketNum": 53, "fileNum": 0, "headerBytes": 345}
2025-12-03T18:31:59.112-0500	DEBUG	hashindexV3/header_manager.go:104	Created header for index UserID, field UserID, file 0 (FK=false, Unique=false, PK=false)
2025-12-03T18:31:59.112-0500	DEBUG	hashindexV3/hash_entry_storage.go:230	Wrote header to new bucket file	{"fieldName": "UserID", "bucketNum": 94, "fileNum": 0, "headerBytes": 345}
2025-12-03T18:31:59.112-0500	DEBUG	hashindexV3/header_manager.go:104	Created header for index UserID, field UserID, file 0 (FK=false, Unique=false, PK=false)
2025-12-03T18:31:59.112-0500	DEBUG	hashindexV3/hash_entry_storage.go:230	Wrote header to new bucket file	{"fieldName": "UserID", "bucketNum": 156, "fileNum": 0, "headerBytes": 345}
2025-12-03T18:31:59.112-0500	DEBUG	hashindexV3/header_manager.go:104	Created header for index UserID, field UserID, file 0 (FK=false, Unique=false, PK=false)
2025-12-03T18:31:59.112-0500	DEBUG	hashindexV3/hash_entry_storage.go:230	Wrote header to new bucket file	{"fieldName": "UserID", "bucketNum": 125, "fileNum": 0, "headerBytes": 345}
2025-12-03T18:31:59.112-0500	DEBUG	hashindexV3/header_manager.go:104	Created header for index UserID, field UserID, file 0 (FK=false, Unique=false, PK=false)
2025-12-03T18:31:59.112-0500	DEBUG	hashindexV3/hash_entry_storage.go:230	Wrote header to new bucket file	{"fieldName": "UserID", "bucketNum": 235, "fileNum": 0, "headerBytes": 345}
2025-12-03T18:31:59.112-0500	DEBUG	hashindexV3/header_manager.go:104	Created header for index UserID, field UserID, file 0 (FK=false, Unique=false, PK=false)
2025-12-03T18:31:59.112-0500	DEBUG	hashindexV3/hash_entry_storage.go:230	Wrote header to new bucket file	{"fieldName": "UserID", "bucketNum": 182, "fileNum": 0, "headerBytes": 345}
2025-12-03T18:31:59.113-0500	DEBUG	hashindexV3/header_manager.go:104	Created header for index UserID, field UserID, file 0 (FK=false, Unique=false, PK=false)
2025-12-03T18:31:59.113-0500	DEBUG	hashindexV3/hash_entry_storage.go:230	Wrote header to new bucket file	{"fieldName": "UserID", "bucketNum": 48, "fileNum": 0, "headerBytes": 345}
2025-12-03T18:31:59.113-0500	DEBUG	hashindexV3/header_manager.go:158	Read header from /var/folders/85/q1ly22y17zl71m_r0pvz60z00000gn/T/TestAddEntries_LargeVolume2377992509/001/UserID.0.hidx: index=UserID, field=UserID, entries=200, size=345 bytes
2025-12-03T18:31:59.113-0500	DEBUG	hashindexV3/header_manager.go:198	Wrote header to /var/folders/85/q1ly22y17zl71m_r0pvz60z00000gn/T/TestAddEntries_LargeVolume2377992509/001/UserID.0.hidx: index=UserID, field=UserID, 345 bytes
2025-12-03T18:31:59.113-0500	DEBUG	hashindexV3/header_manager.go:236	Updated statistics in /var/folders/85/q1ly22y17zl71m_r0pvz60z00000gn/T/TestAddEntries_LargeVolume2377992509/001/UserID.0.hidx: entries=300, deleted=0, size=345, seq=300
2025-12-03T18:31:59.113-0500	DEBUG	hashindexV3/hash_entry_storage.go:720	Updated header statistics: entries=300, size=345, seq=300
2025-12-03T18:31:59.113-0500	DEBUG	hashindexV3/header_manager.go:104	Created header for index UserID, field UserID, file 0 (FK=false, Unique=false, PK=false)
2025-12-03T18:31:59.113-0500	DEBUG	hashindexV3/hash_entry_storage.go:230	Wrote header to new bucket file	{"fieldName": "UserID", "bucketNum": 113, "fileNum": 0, "headerBytes": 345}
2025-12-03T18:31:59.113-0500	DEBUG	hashindexV3/header_manager.go:104	Created header for index UserID, field UserID, file 0 (FK=false, Unique=false, PK=false)
2025-12-03T18:31:59.113-0500	DEBUG	hashindexV3/hash_entry_storage.go:230	Wrote header to new bucket file	{"fieldName": "UserID", "bucketNum": 185, "fileNum": 0, "headerBytes": 345}
2025-12-03T18:31:59.113-0500	DEBUG	hashindexV3/header_manager.go:104	Created header for index UserID, field UserID, file 0 (FK=false, Unique=false, PK=false)
2025-12-03T18:31:59.113-0500	DEBUG	hashindexV3/hash_entry_storage.go:230	Wrote header to new bucket file	{"fieldName": "UserID", "bucketNum": 65, "fileNum": 0, "headerBytes": 345}
2025-12-03T18:31:59.114-0500	DEBUG	hashindexV3/header_manager.go:104	Created header for index UserID, field UserID, file 0 (FK=false, Unique=false, PK=false)
2025-12-03T18:31:59.114-0500	DEBUG	hashindexV3/hash_entry_storage.go:230	Wrote header to new bucket file	{"fieldName": "UserID", "bucketNum": 205, "fileNum": 0, "headerBytes": 345}
2025-12-03T18:31:59.114-0500	DEBUG	hashindexV3/header_manager.go:104	Created header for index UserID, field UserID, file 0 (FK=false, Unique=false, PK=false)
2025-12-03T18:31:59.114-0500	DEBUG	hashindexV3/hash_entry_storage.go:230	Wrote header to new bucket file	{"fieldName": "UserID", "bucketNum": 63, "fileNum": 0, "headerBytes": 345}
2025-12-03T18:31:59.114-0500	DEBUG	hashindexV3/header_manager.go:104	Created header for index UserID, field UserID, file 0 (FK=false, Unique=false, PK=false)
2025-12-03T18:31:59.114-0500	DEBUG	hashindexV3/hash_entry_storage.go:230	Wrote header to new bucket file	{"fieldName": "UserID", "bucketNum": 57, "fileNum": 0, "headerBytes": 345}
2025-12-03T18:31:59.114-0500	DEBUG	hashindexV3/header_manager.go:104	Created header for index UserID, field UserID, file 0 (FK=false, Unique=false, PK=false)
2025-12-03T18:31:59.114-0500	DEBUG	hashindexV3/hash_entry_storage.go:230	Wrote header to new bucket file	{"fieldName": "UserID", "bucketNum": 83, "fileNum": 0, "headerBytes": 345}
2025-12-03T18:31:59.114-0500	DEBUG	hashindexV3/header_manager.go:104	Created header for index UserID, field UserID, file 0 (FK=false, Unique=false, PK=false)
2025-12-03T18:31:59.114-0500	DEBUG	hashindexV3/hash_entry_storage.go:230	Wrote header to new bucket file	{"fieldName": "UserID", "bucketNum": 23, "fileNum": 0, "headerBytes": 345}
2025-12-03T18:31:59.115-0500	DEBUG	hashindexV3/header_manager.go:104	Created header for index UserID, field UserID, file 0 (FK=false, Unique=false, PK=false)
2025-12-03T18:31:59.115-0500	DEBUG	hashindexV3/hash_entry_storage.go:230	Wrote header to new bucket file	{"fieldName": "UserID", "bucketNum": 219, "fileNum": 0, "headerBytes": 345}
2025-12-03T18:31:59.115-0500	DEBUG	hashindexV3/header_manager.go:104	Created header for index UserID, field UserID, file 0 (FK=false, Unique=false, PK=false)
2025-12-03T18:31:59.115-0500	DEBUG	hashindexV3/hash_entry_storage.go:230	Wrote header to new bucket file	{"fieldName": "UserID", "bucketNum": 147, "fileNum": 0, "headerBytes": 345}
2025-12-03T18:31:59.115-0500	DEBUG	hashindexV3/header_manager.go:104	Created header for index UserID, field UserID, file 0 (FK=false, Unique=false, PK=false)
2025-12-03T18:31:59.115-0500	DEBUG	hashindexV3/hash_entry_storage.go:230	Wrote header to new bucket file	{"fieldName": "UserID", "bucketNum": 248, "fileNum": 0, "headerBytes": 345}
2025-12-03T18:31:59.115-0500	DEBUG	hashindexV3/header_manager.go:104	Created header for index UserID, field UserID, file 0 (FK=false, Unique=false, PK=false)
2025-12-03T18:31:59.115-0500	DEBUG	hashindexV3/hash_entry_storage.go:230	Wrote header to new bucket file	{"fieldName": "UserID", "bucketNum": 2, "fileNum": 0, "headerBytes": 345}
2025-12-03T18:31:59.116-0500	DEBUG	hashindexV3/header_manager.go:104	Created header for index UserID, field UserID, file 0 (FK=false, Unique=false, PK=false)
2025-12-03T18:31:59.116-0500	DEBUG	hashindexV3/hash_entry_storage.go:230	Wrote header to new bucket file	{"fieldName": "UserID", "bucketNum": 193, "fileNum": 0, "headerBytes": 345}
2025-12-03T18:31:59.116-0500	DEBUG	hashindexV3/header_manager.go:104	Created header for index UserID, field UserID, file 0 (FK=false, Unique=false, PK=false)
2025-12-03T18:31:59.116-0500	DEBUG	hashindexV3/hash_entry_storage.go:230	Wrote header to new bucket file	{"fieldName": "UserID", "bucketNum": 22, "fileNum": 0, "headerBytes": 345}
2025-12-03T18:31:59.116-0500	DEBUG	hashindexV3/header_manager.go:104	Created header for index UserID, field UserID, file 0 (FK=false, Unique=false, PK=false)
2025-12-03T18:31:59.116-0500	DEBUG	hashindexV3/hash_entry_storage.go:230	Wrote header to new bucket file	{"fieldName": "UserID", "bucketNum": 223, "fileNum": 0, "headerBytes": 345}
2025-12-03T18:31:59.116-0500	DEBUG	hashindexV3/header_manager.go:104	Created header for index UserID, field UserID, file 0 (FK=false, Unique=false, PK=false)
2025-12-03T18:31:59.116-0500	DEBUG	hashindexV3/hash_entry_storage.go:230	Wrote header to new bucket file	{"fieldName": "UserID", "bucketNum": 123, "fileNum": 0, "headerBytes": 345}
2025-12-03T18:31:59.117-0500	DEBUG	hashindexV3/header_manager.go:104	Created header for index UserID, field UserID, file 0 (FK=false, Unique=false, PK=false)
2025-12-03T18:31:59.117-0500	DEBUG	hashindexV3/hash_entry_storage.go:230	Wrote header to new bucket file	{"fieldName": "UserID", "bucketNum": 46, "fileNum": 0, "headerBytes": 345}
2025-12-03T18:31:59.117-0500	DEBUG	hashindexV3/header_manager.go:104	Created header for index UserID, field UserID, file 0 (FK=false, Unique=false, PK=false)
2025-12-03T18:31:59.117-0500	DEBUG	hashindexV3/hash_entry_storage.go:230	Wrote header to new bucket file	{"fieldName": "UserID", "bucketNum": 3, "fileNum": 0, "headerBytes": 345}
2025-12-03T18:31:59.117-0500	DEBUG	hashindexV3/header_manager.go:104	Created header for index UserID, field UserID, file 0 (FK=false, Unique=false, PK=false)
2025-12-03T18:31:59.117-0500	DEBUG	hashindexV3/hash_entry_storage.go:230	Wrote header to new bucket file	{"fieldName": "UserID", "bucketNum": 211, "fileNum": 0, "headerBytes": 345}
2025-12-03T18:31:59.117-0500	DEBUG	hashindexV3/header_manager.go:104	Created header for index UserID, field UserID, file 0 (FK=false, Unique=false, PK=false)
2025-12-03T18:31:59.117-0500	DEBUG	hashindexV3/hash_entry_storage.go:230	Wrote header to new bucket file	{"fieldName": "UserID", "bucketNum": 163, "fileNum": 0, "headerBytes": 345}
2025-12-03T18:31:59.117-0500	DEBUG	hashindexV3/header_manager.go:104	Created header for index UserID, field UserID, file 0 (FK=false, Unique=false, PK=false)
2025-12-03T18:31:59.117-0500	DEBUG	hashindexV3/hash_entry_storage.go:230	Wrote header to new bucket file	{"fieldName": "UserID", "bucketNum": 68, "fileNum": 0, "headerBytes": 345}
2025-12-03T18:31:59.118-0500	DEBUG	hashindexV3/header_manager.go:104	Created header for index UserID, field UserID, file 0 (FK=false, Unique=false, PK=false)
2025-12-03T18:31:59.118-0500	DEBUG	hashindexV3/hash_entry_storage.go:230	Wrote header to new bucket file	{"fieldName": "UserID", "bucketNum": 97, "fileNum": 0, "headerBytes": 345}
2025-12-03T18:31:59.118-0500	DEBUG	hashindexV3/header_manager.go:104	Created header for index UserID, field UserID, file 0 (FK=false, Unique=false, PK=false)
2025-12-03T18:31:59.118-0500	DEBUG	hashindexV3/hash_entry_storage.go:230	Wrote header to new bucket file	{"fieldName": "UserID", "bucketNum": 194, "fileNum": 0, "headerBytes": 345}
2025-12-03T18:31:59.118-0500	DEBUG	hashindexV3/header_manager.go:158	Read header from /var/folders/85/q1ly22y17zl71m_r0pvz60z00000gn/T/TestAddEntries_LargeVolume2377992509/001/UserID.0.hidx: index=UserID, field=UserID, entries=300, size=345 bytes
2025-12-03T18:31:59.118-0500	DEBUG	hashindexV3/header_manager.go:198	Wrote header to /var/folders/85/q1ly22y17zl71m_r0pvz60z00000gn/T/TestAddEntries_LargeVolume2377992509/001/UserID.0.hidx: index=UserID, field=UserID, 345 bytes
2025-12-03T18:31:59.118-0500	DEBUG	hashindexV3/header_manager.go:236	Updated statistics in /var/folders/85/q1ly22y17zl71m_r0pvz60z00000gn/T/TestAddEntries_LargeVolume2377992509/001/UserID.0.hidx: entries=400, deleted=0, size=345, seq=400
2025-12-03T18:31:59.118-0500	DEBUG	hashindexV3/hash_entry_storage.go:720	Updated header statistics: entries=400, size=345, seq=400
2025-12-03T18:31:59.118-0500	DEBUG	hashindexV3/header_manager.go:104	Created header for index UserID, field UserID, file 0 (FK=false, Unique=false, PK=false)
2025-12-03T18:31:59.118-0500	DEBUG	hashindexV3/hash_entry_storage.go:230	Wrote header to new bucket file	{"fieldName": "UserID", "bucketNum": 12, "fileNum": 0, "headerBytes": 345}
2025-12-03T18:31:59.119-0500	DEBUG	hashindexV3/header_manager.go:104	Created header for index UserID, field UserID, file 0 (FK=false, Unique=false, PK=false)
2025-12-03T18:31:59.119-0500	DEBUG	hashindexV3/hash_entry_storage.go:230	Wrote header to new bucket file	{"fieldName": "UserID", "bucketNum": 135, "fileNum": 0, "headerBytes": 345}
2025-12-03T18:31:59.119-0500	DEBUG	hashindexV3/header_manager.go:104	Created header for index UserID, field UserID, file 0 (FK=false, Unique=false, PK=false)
2025-12-03T18:31:59.119-0500	DEBUG	hashindexV3/hash_entry_storage.go:230	Wrote header to new bucket file	{"fieldName": "UserID", "bucketNum": 233, "fileNum": 0, "headerBytes": 345}
2025-12-03T18:31:59.119-0500	DEBUG	hashindexV3/header_manager.go:104	Created header for index UserID, field UserID, file 0 (FK=false, Unique=false, PK=false)
2025-12-03T18:31:59.119-0500	DEBUG	hashindexV3/hash_entry_storage.go:230	Wrote header to new bucket file	{"fieldName": "UserID", "bucketNum": 210, "fileNum": 0, "headerBytes": 345}
2025-12-03T18:31:59.119-0500	DEBUG	hashindexV3/header_manager.go:104	Created header for index UserID, field UserID, file 0 (FK=false, Unique=false, PK=false)
2025-12-03T18:31:59.119-0500	DEBUG	hashindexV3/hash_entry_storage.go:230	Wrote header to new bucket file	{"fieldName": "UserID", "bucketNum": 140, "fileNum": 0, "headerBytes": 345}
2025-12-03T18:31:59.120-0500	DEBUG	hashindexV3/header_manager.go:104	Created header for index UserID, field UserID, file 0 (FK=false, Unique=false, PK=false)
2025-12-03T18:31:59.120-0500	DEBUG	hashindexV3/hash_entry_storage.go:230	Wrote header to new bucket file	{"fieldName": "UserID", "bucketNum": 167, "fileNum": 0, "headerBytes": 345}
2025-12-03T18:31:59.120-0500	DEBUG	hashindexV3/header_manager.go:104	Created header for index UserID, field UserID, file 0 (FK=false, Unique=false, PK=false)
2025-12-03T18:31:59.120-0500	DEBUG	hashindexV3/hash_entry_storage.go:230	Wrote header to new bucket file	{"fieldName": "UserID", "bucketNum": 103, "fileNum": 0, "headerBytes": 345}
2025-12-03T18:31:59.120-0500	DEBUG	hashindexV3/header_manager.go:104	Created header for index UserID, field UserID, file 0 (FK=false, Unique=false, PK=false)
2025-12-03T18:31:59.120-0500	DEBUG	hashindexV3/hash_entry_storage.go:230	Wrote header to new bucket file	{"fieldName": "UserID", "bucketNum": 141, "fileNum": 0, "headerBytes": 345}
2025-12-03T18:31:59.120-0500	DEBUG	hashindexV3/header_manager.go:104	Created header for index UserID, field UserID, file 0 (FK=false, Unique=false, PK=false)
2025-12-03T18:31:59.120-0500	DEBUG	hashindexV3/hash_entry_storage.go:230	Wrote header to new bucket file	{"fieldName": "UserID", "bucketNum": 251, "fileNum": 0, "headerBytes": 345}
2025-12-03T18:31:59.121-0500	DEBUG	hashindexV3/header_manager.go:104	Created header for index UserID, field UserID, file 0 (FK=false, Unique=false, PK=false)
2025-12-03T18:31:59.121-0500	DEBUG	hashindexV3/hash_entry_storage.go:230	Wrote header to new bucket file	{"fieldName": "UserID", "bucketNum": 195, "fileNum": 0, "headerBytes": 345}
2025-12-03T18:31:59.121-0500	DEBUG	hashindexV3/header_manager.go:104	Created header for index UserID, field UserID, file 0 (FK=false, Unique=false, PK=false)
2025-12-03T18:31:59.121-0500	DEBUG	hashindexV3/hash_entry_storage.go:230	Wrote header to new bucket file	{"fieldName": "UserID", "bucketNum": 190, "fileNum": 0, "headerBytes": 345}
2025-12-03T18:31:59.121-0500	DEBUG	hashindexV3/header_manager.go:104	Created header for index UserID, field UserID, file 0 (FK=false, Unique=false, PK=false)
2025-12-03T18:31:59.121-0500	DEBUG	hashindexV3/hash_entry_storage.go:230	Wrote header to new bucket file	{"fieldName": "UserID", "bucketNum": 252, "fileNum": 0, "headerBytes": 345}
2025-12-03T18:31:59.121-0500	DEBUG	hashindexV3/header_manager.go:104	Created header for index UserID, field UserID, file 0 (FK=false, Unique=false, PK=false)
2025-12-03T18:31:59.121-0500	DEBUG	hashindexV3/hash_entry_storage.go:230	Wrote header to new bucket file	{"fieldName": "UserID", "bucketNum": 34, "fileNum": 0, "headerBytes": 345}
2025-12-03T18:31:59.122-0500	DEBUG	hashindexV3/header_manager.go:104	Created header for index UserID, field UserID, file 0 (FK=false, Unique=false, PK=false)
2025-12-03T18:31:59.122-0500	DEBUG	hashindexV3/hash_entry_storage.go:230	Wrote header to new bucket file	{"fieldName": "UserID", "bucketNum": 134, "fileNum": 0, "headerBytes": 345}
2025-12-03T18:31:59.122-0500	DEBUG	hashindexV3/header_manager.go:104	Created header for index UserID, field UserID, file 0 (FK=false, Unique=false, PK=false)
2025-12-03T18:31:59.122-0500	DEBUG	hashindexV3/hash_entry_storage.go:230	Wrote header to new bucket file	{"fieldName": "UserID", "bucketNum": 67, "fileNum": 0, "headerBytes": 345}
2025-12-03T18:31:59.122-0500	DEBUG	hashindexV3/header_manager.go:104	Created header for index UserID, field UserID, file 0 (FK=false, Unique=false, PK=false)
2025-12-03T18:31:59.122-0500	DEBUG	hashindexV3/hash_entry_storage.go:230	Wrote header to new bucket file	{"fieldName": "UserID", "bucketNum": 172, "fileNum": 0, "headerBytes": 345}
2025-12-03T18:31:59.122-0500	DEBUG	hashindexV3/header_manager.go:104	Created header for index UserID, field UserID, file 0 (FK=false, Unique=false, PK=false)
2025-12-03T18:31:59.122-0500	DEBUG	hashindexV3/hash_entry_storage.go:230	Wrote header to new bucket file	{"fieldName": "UserID", "bucketNum": 148, "fileNum": 0, "headerBytes": 345}
2025-12-03T18:31:59.122-0500	DEBUG	hashindexV3/header_manager.go:104	Created header for index UserID, field UserID, file 0 (FK=false, Unique=false, PK=false)
2025-12-03T18:31:59.123-0500	DEBUG	hashindexV3/hash_entry_storage.go:230	Wrote header to new bucket file	{"fieldName": "UserID", "bucketNum": 122, "fileNum": 0, "headerBytes": 345}
2025-12-03T18:31:59.123-0500	DEBUG	hashindexV3/header_manager.go:104	Created header for index UserID, field UserID, file 0 (FK=false, Unique=false, PK=false)
2025-12-03T18:31:59.123-0500	DEBUG	hashindexV3/hash_entry_storage.go:230	Wrote header to new bucket file	{"fieldName": "UserID", "bucketNum": 178, "fileNum": 0, "headerBytes": 345}
2025-12-03T18:31:59.123-0500	DEBUG	hashindexV3/header_manager.go:104	Created header for index UserID, field UserID, file 0 (FK=false, Unique=false, PK=false)
2025-12-03T18:31:59.123-0500	DEBUG	hashindexV3/hash_entry_storage.go:230	Wrote header to new bucket file	{"fieldName": "UserID", "bucketNum": 202, "fileNum": 0, "headerBytes": 345}
2025-12-03T18:31:59.123-0500	DEBUG	hashindexV3/header_manager.go:104	Created header for index UserID, field UserID, file 0 (FK=false, Unique=false, PK=false)
2025-12-03T18:31:59.123-0500	DEBUG	hashindexV3/hash_entry_storage.go:230	Wrote header to new bucket file	{"fieldName": "UserID", "bucketNum": 136, "fileNum": 0, "headerBytes": 345}
2025-12-03T18:31:59.123-0500	DEBUG	hashindexV3/header_manager.go:158	Read header from /var/folders/85/q1ly22y17zl71m_r0pvz60z00000gn/T/TestAddEntries_LargeVolume2377992509/001/UserID.0.hidx: index=UserID, field=UserID, entries=400, size=345 bytes
2025-12-03T18:31:59.123-0500	DEBUG	hashindexV3/header_manager.go:198	Wrote header to /var/folders/85/q1ly22y17zl71m_r0pvz60z00000gn/T/TestAddEntries_LargeVolume2377992509/001/UserID.0.hidx: index=UserID, field=UserID, 345 bytes
2025-12-03T18:31:59.123-0500	DEBUG	hashindexV3/header_manager.go:236	Updated statistics in /var/folders/85/q1ly22y17zl71m_r0pvz60z00000gn/T/TestAddEntries_LargeVolume2377992509/001/UserID.0.hidx: entries=500, deleted=0, size=345, seq=500
2025-12-03T18:31:59.123-0500	DEBUG	hashindexV3/hash_entry_storage.go:720	Updated header statistics: entries=500, size=345, seq=500
2025-12-03T18:31:59.123-0500	DEBUG	hashindexV3/header_manager.go:104	Created header for index UserID, field UserID, file 0 (FK=false, Unique=false, PK=false)
2025-12-03T18:31:59.124-0500	DEBUG	hashindexV3/hash_entry_storage.go:230	Wrote header to new bucket file	{"fieldName": "UserID", "bucketNum": 236, "fileNum": 0, "headerBytes": 345}
2025-12-03T18:31:59.124-0500	DEBUG	hashindexV3/header_manager.go:104	Created header for index UserID, field UserID, file 0 (FK=false, Unique=false, PK=false)
2025-12-03T18:31:59.124-0500	DEBUG	hashindexV3/hash_entry_storage.go:230	Wrote header to new bucket file	{"fieldName": "UserID", "bucketNum": 73, "fileNum": 0, "headerBytes": 345}
2025-12-03T18:31:59.124-0500	DEBUG	hashindexV3/header_manager.go:104	Created header for index UserID, field UserID, file 0 (FK=false, Unique=false, PK=false)
2025-12-03T18:31:59.124-0500	DEBUG	hashindexV3/hash_entry_storage.go:230	Wrote header to new bucket file	{"fieldName": "UserID", "bucketNum": 192, "fileNum": 0, "headerBytes": 345}
2025-12-03T18:31:59.124-0500	DEBUG	hashindexV3/header_manager.go:104	Created header for index UserID, field UserID, file 0 (FK=false, Unique=false, PK=false)
2025-12-03T18:31:59.124-0500	DEBUG	hashindexV3/hash_entry_storage.go:230	Wrote header to new bucket file	{"fieldName": "UserID", "bucketNum": 229, "fileNum": 0, "headerBytes": 345}
2025-12-03T18:31:59.124-0500	DEBUG	hashindexV3/header_manager.go:104	Created header for index UserID, field UserID, file 0 (FK=false, Unique=false, PK=false)
2025-12-03T18:31:59.124-0500	DEBUG	hashindexV3/hash_entry_storage.go:230	Wrote header to new bucket file	{"fieldName": "UserID", "bucketNum": 170, "fileNum": 0, "headerBytes": 345}
2025-12-03T18:31:59.125-0500	DEBUG	hashindexV3/header_manager.go:104	Created header for index UserID, field UserID, file 0 (FK=false, Unique=false, PK=false)
2025-12-03T18:31:59.125-0500	DEBUG	hashindexV3/hash_entry_storage.go:230	Wrote header to new bucket file	{"fieldName": "UserID", "bucketNum": 243, "fileNum": 0, "headerBytes": 345}
2025-12-03T18:31:59.125-0500	DEBUG	hashindexV3/header_manager.go:104	Created header for index UserID, field UserID, file 0 (FK=false, Unique=false, PK=false)
2025-12-03T18:31:59.125-0500	DEBUG	hashindexV3/hash_entry_storage.go:230	Wrote header to new bucket file	{"fieldName": "UserID", "bucketNum": 55, "fileNum": 0, "headerBytes": 345}
2025-12-03T18:31:59.125-0500	DEBUG	hashindexV3/header_manager.go:104	Created header for index UserID, field UserID, file 0 (FK=false, Unique=false, PK=false)
2025-12-03T18:31:59.125-0500	DEBUG	hashindexV3/hash_entry_storage.go:230	Wrote header to new bucket file	{"fieldName": "UserID", "bucketNum": 66, "fileNum": 0, "headerBytes": 345}
2025-12-03T18:31:59.125-0500	DEBUG	hashindexV3/header_manager.go:104	Created header for index UserID, field UserID, file 0 (FK=false, Unique=false, PK=false)
2025-12-03T18:31:59.125-0500	DEBUG	hashindexV3/hash_entry_storage.go:230	Wrote header to new bucket file	{"fieldName": "UserID", "bucketNum": 138, "fileNum": 0, "headerBytes": 345}
2025-12-03T18:31:59.126-0500	DEBUG	hashindexV3/header_manager.go:104	Created header for index UserID, field UserID, file 0 (FK=false, Unique=false, PK=false)
2025-12-03T18:31:59.126-0500	DEBUG	hashindexV3/hash_entry_storage.go:230	Wrote header to new bucket file	{"fieldName": "UserID", "bucketNum": 8, "fileNum": 0, "headerBytes": 345}
2025-12-03T18:31:59.126-0500	DEBUG	hashindexV3/header_manager.go:104	Created header for index UserID, field UserID, file 0 (FK=false, Unique=false, PK=false)
2025-12-03T18:31:59.126-0500	DEBUG	hashindexV3/hash_entry_storage.go:230	Wrote header to new bucket file	{"fieldName": "UserID", "bucketNum": 127, "fileNum": 0, "headerBytes": 345}
2025-12-03T18:31:59.126-0500	DEBUG	hashindexV3/header_manager.go:104	Created header for index UserID, field UserID, file 0 (FK=false, Unique=false, PK=false)
2025-12-03T18:31:59.126-0500	DEBUG	hashindexV3/hash_entry_storage.go:230	Wrote header to new bucket file	{"fieldName": "UserID", "bucketNum": 150, "fileNum": 0, "headerBytes": 345}
2025-12-03T18:31:59.126-0500	DEBUG	hashindexV3/header_manager.go:104	Created header for index UserID, field UserID, file 0 (FK=false, Unique=false, PK=false)
2025-12-03T18:31:59.126-0500	DEBUG	hashindexV3/hash_entry_storage.go:230	Wrote header to new bucket file	{"fieldName": "UserID", "bucketNum": 43, "fileNum": 0, "headerBytes": 345}
2025-12-03T18:31:59.126-0500	DEBUG	hashindexV3/header_manager.go:158	Read header from /var/folders/85/q1ly22y17zl71m_r0pvz60z00000gn/T/TestAddEntries_LargeVolume2377992509/001/UserID.0.hidx: index=UserID, field=UserID, entries=500, size=345 bytes
2025-12-03T18:31:59.126-0500	DEBUG	hashindexV3/header_manager.go:198	Wrote header to /var/folders/85/q1ly22y17zl71m_r0pvz60z00000gn/T/TestAddEntries_LargeVolume2377992509/001/UserID.0.hidx: index=UserID, field=UserID, 345 bytes
2025-12-03T18:31:59.126-0500	DEBUG	hashindexV3/header_manager.go:236	Updated statistics in /var/folders/85/q1ly22y17zl71m_r0pvz60z00000gn/T/TestAddEntries_LargeVolume2377992509/001/UserID.0.hidx: entries=600, deleted=0, size=345, seq=600
2025-12-03T18:31:59.126-0500	DEBUG	hashindexV3/hash_entry_storage.go:720	Updated header statistics: entries=600, size=345, seq=600
2025-12-03T18:31:59.127-0500	DEBUG	hashindexV3/header_manager.go:104	Created header for index UserID, field UserID, file 0 (FK=false, Unique=false, PK=false)
2025-12-03T18:31:59.127-0500	DEBUG	hashindexV3/hash_entry_storage.go:230	Wrote header to new bucket file	{"fieldName": "UserID", "bucketNum": 5, "fileNum": 0, "headerBytes": 345}
2025-12-03T18:31:59.127-0500	DEBUG	hashindexV3/header_manager.go:104	Created header for index UserID, field UserID, file 0 (FK=false, Unique=false, PK=false)
2025-12-03T18:31:59.127-0500	DEBUG	hashindexV3/hash_entry_storage.go:230	Wrote header to new bucket file	{"fieldName": "UserID", "bucketNum": 221, "fileNum": 0, "headerBytes": 345}
2025-12-03T18:31:59.127-0500	DEBUG	hashindexV3/header_manager.go:104	Created header for index UserID, field UserID, file 0 (FK=false, Unique=false, PK=false)
2025-12-03T18:31:59.127-0500	DEBUG	hashindexV3/hash_entry_storage.go:230	Wrote header to new bucket file	{"fieldName": "UserID", "bucketNum": 102, "fileNum": 0, "headerBytes": 345}
2025-12-03T18:31:59.127-0500	DEBUG	hashindexV3/header_manager.go:104	Created header for index UserID, field UserID, file 0 (FK=false, Unique=false, PK=false)
2025-12-03T18:31:59.127-0500	DEBUG	hashindexV3/hash_entry_storage.go:230	Wrote header to new bucket file	{"fieldName": "UserID", "bucketNum": 58, "fileNum": 0, "headerBytes": 345}
2025-12-03T18:31:59.128-0500	DEBUG	hashindexV3/header_manager.go:104	Created header for index UserID, field UserID, file 0 (FK=false, Unique=false, PK=false)
2025-12-03T18:31:59.128-0500	DEBUG	hashindexV3/hash_entry_storage.go:230	Wrote header to new bucket file	{"fieldName": "UserID", "bucketNum": 217, "fileNum": 0, "headerBytes": 345}
2025-12-03T18:31:59.128-0500	DEBUG	hashindexV3/header_manager.go:104	Created header for index UserID, field UserID, file 0 (FK=false, Unique=false, PK=false)
2025-12-03T18:31:59.128-0500	DEBUG	hashindexV3/hash_entry_storage.go:230	Wrote header to new bucket file	{"fieldName": "UserID", "bucketNum": 213, "fileNum": 0, "headerBytes": 345}
2025-12-03T18:31:59.128-0500	DEBUG	hashindexV3/header_manager.go:158	Read header from /var/folders/85/q1ly22y17zl71m_r0pvz60z00000gn/T/TestAddEntries_LargeVolume2377992509/001/UserID.0.hidx: index=UserID, field=UserID, entries=600, size=345 bytes
2025-12-03T18:31:59.128-0500	DEBUG	hashindexV3/header_manager.go:198	Wrote header to /var/folders/85/q1ly22y17zl71m_r0pvz60z00000gn/T/TestAddEntries_LargeVolume2377992509/001/UserID.0.hidx: index=UserID, field=UserID, 345 bytes
2025-12-03T18:31:59.128-0500	DEBUG	hashindexV3/header_manager.go:236	Updated statistics in /var/folders/85/q1ly22y17zl71m_r0pvz60z00000gn/T/TestAddEntries_LargeVolume2377992509/001/UserID.0.hidx: entries=700, deleted=0, size=345, seq=700
2025-12-03T18:31:59.128-0500	DEBUG	hashindexV3/hash_entry_storage.go:720	Updated header statistics: entries=700, size=345, seq=700
2025-12-03T18:31:59.128-0500	DEBUG	hashindexV3/header_manager.go:104	Created header for index UserID, field UserID, file 0 (FK=false, Unique=false, PK=false)
2025-12-03T18:31:59.128-0500	DEBUG	hashindexV3/hash_entry_storage.go:230	Wrote header to new bucket file	{"fieldName": "UserID", "bucketNum": 50, "fileNum": 0, "headerBytes": 345}
2025-12-03T18:31:59.128-0500	DEBUG	hashindexV3/header_manager.go:104	Created header for index UserID, field UserID, file 0 (FK=false, Unique=false, PK=false)
2025-12-03T18:31:59.128-0500	DEBUG	hashindexV3/hash_entry_storage.go:230	Wrote header to new bucket file	{"fieldName": "UserID", "bucketNum": 110, "fileNum": 0, "headerBytes": 345}
2025-12-03T18:31:59.129-0500	DEBUG	hashindexV3/header_manager.go:104	Created header for index UserID, field UserID, file 0 (FK=false, Unique=false, PK=false)
2025-12-03T18:31:59.129-0500	DEBUG	hashindexV3/hash_entry_storage.go:230	Wrote header to new bucket file	{"fieldName": "UserID", "bucketNum": 106, "fileNum": 0, "headerBytes": 345}
2025-12-03T18:31:59.129-0500	DEBUG	hashindexV3/header_manager.go:104	Created header for index UserID, field UserID, file 0 (FK=false, Unique=false, PK=false)
2025-12-03T18:31:59.129-0500	DEBUG	hashindexV3/hash_entry_storage.go:230	Wrote header to new bucket file	{"fieldName": "UserID", "bucketNum": 220, "fileNum": 0, "headerBytes": 345}
2025-12-03T18:31:59.129-0500	DEBUG	hashindexV3/header_manager.go:104	Created header for index UserID, field UserID, file 0 (FK=false, Unique=false, PK=false)
2025-12-03T18:31:59.129-0500	DEBUG	hashindexV3/hash_entry_storage.go:230	Wrote header to new bucket file	{"fieldName": "UserID", "bucketNum": 9, "fileNum": 0, "headerBytes": 345}
2025-12-03T18:31:59.129-0500	DEBUG	hashindexV3/header_manager.go:104	Created header for index UserID, field UserID, file 0 (FK=false, Unique=false, PK=false)
2025-12-03T18:31:59.129-0500	DEBUG	hashindexV3/hash_entry_storage.go:230	Wrote header to new bucket file	{"fieldName": "UserID", "bucketNum": 80, "fileNum": 0, "headerBytes": 345}
2025-12-03T18:31:59.129-0500	DEBUG	hashindexV3/header_manager.go:158	Read header from /var/folders/85/q1ly22y17zl71m_r0pvz60z00000gn/T/TestAddEntries_LargeVolume2377992509/001/UserID.0.hidx: index=UserID, field=UserID, entries=700, size=345 bytes
2025-12-03T18:31:59.129-0500	DEBUG	hashindexV3/header_manager.go:198	Wrote header to /var/folders/85/q1ly22y17zl71m_r0pvz60z00000gn/T/TestAddEntries_LargeVolume2377992509/001/UserID.0.hidx: index=UserID, field=UserID, 345 bytes
2025-12-03T18:31:59.129-0500	DEBUG	hashindexV3/header_manager.go:236	Updated statistics in /var/folders/85/q1ly22y17zl71m_r0pvz60z00000gn/T/TestAddEntries_LargeVolume2377992509/001/UserID.0.hidx: entries=800, deleted=0, size=345, seq=800
2025-12-03T18:31:59.129-0500	DEBUG	hashindexV3/hash_entry_storage.go:720	Updated header statistics: entries=800, size=345, seq=800
2025-12-03T18:31:59.130-0500	DEBUG	hashindexV3/header_manager.go:104	Created header for index UserID, field UserID, file 0 (FK=false, Unique=false, PK=false)
2025-12-03T18:31:59.130-0500	DEBUG	hashindexV3/hash_entry_storage.go:230	Wrote header to new bucket file	{"fieldName": "UserID", "bucketNum": 107, "fileNum": 0, "headerBytes": 345}
2025-12-03T18:31:59.130-0500	DEBUG	hashindexV3/header_manager.go:104	Created header for index UserID, field UserID, file 0 (FK=false, Unique=false, PK=false)
2025-12-03T18:31:59.130-0500	DEBUG	hashindexV3/hash_entry_storage.go:230	Wrote header to new bucket file	{"fieldName": "UserID", "bucketNum": 15, "fileNum": 0, "headerBytes": 345}
2025-12-03T18:31:59.130-0500	DEBUG	hashindexV3/header_manager.go:104	Created header for index UserID, field UserID, file 0 (FK=false, Unique=false, PK=false)
2025-12-03T18:31:59.130-0500	DEBUG	hashindexV3/hash_entry_storage.go:230	Wrote header to new bucket file	{"fieldName": "UserID", "bucketNum": 143, "fileNum": 0, "headerBytes": 345}
2025-12-03T18:31:59.130-0500	DEBUG	hashindexV3/header_manager.go:158	Read header from /var/folders/85/q1ly22y17zl71m_r0pvz60z00000gn/T/TestAddEntries_LargeVolume2377992509/001/UserID.0.hidx: index=UserID, field=UserID, entries=800, size=345 bytes
2025-12-03T18:31:59.130-0500	DEBUG	hashindexV3/header_manager.go:198	Wrote header to /var/folders/85/q1ly22y17zl71m_r0pvz60z00000gn/T/TestAddEntries_LargeVolume2377992509/001/UserID.0.hidx: index=UserID, field=UserID, 345 bytes
2025-12-03T18:31:59.130-0500	DEBUG	hashindexV3/header_manager.go:236	Updated statistics in /var/folders/85/q1ly22y17zl71m_r0pvz60z00000gn/T/TestAddEntries_LargeVolume2377992509/001/UserID.0.hidx: entries=900, deleted=0, size=345, seq=900
2025-12-03T18:31:59.130-0500	DEBUG	hashindexV3/hash_entry_storage.go:720	Updated header statistics: entries=900, size=345, seq=900
2025-12-03T18:31:59.131-0500	DEBUG	hashindexV3/header_manager.go:104	Created header for index UserID, field UserID, file 0 (FK=false, Unique=false, PK=false)
2025-12-03T18:31:59.131-0500	DEBUG	hashindexV3/hash_entry_storage.go:230	Wrote header to new bucket file	{"fieldName": "UserID", "bucketNum": 47, "fileNum": 0, "headerBytes": 345}
2025-12-03T18:31:59.131-0500	DEBUG	hashindexV3/header_manager.go:104	Created header for index UserID, field UserID, file 0 (FK=false, Unique=false, PK=false)
2025-12-03T18:31:59.131-0500	DEBUG	hashindexV3/hash_entry_storage.go:230	Wrote header to new bucket file	{"fieldName": "UserID", "bucketNum": 21, "fileNum": 0, "headerBytes": 345}
2025-12-03T18:31:59.131-0500	DEBUG	hashindexV3/header_manager.go:158	Read header from /var/folders/85/q1ly22y17zl71m_r0pvz60z00000gn/T/TestAddEntries_LargeVolume2377992509/001/UserID.0.hidx: index=UserID, field=UserID, entries=900, size=345 bytes
2025-12-03T18:31:59.131-0500	DEBUG	hashindexV3/header_manager.go:198	Wrote header to /var/folders/85/q1ly22y17zl71m_r0pvz60z00000gn/T/TestAddEntries_LargeVolume2377992509/001/UserID.0.hidx: index=UserID, field=UserID, 345 bytes
2025-12-03T18:31:59.131-0500	DEBUG	hashindexV3/header_manager.go:236	Updated statistics in /var/folders/85/q1ly22y17zl71m_r0pvz60z00000gn/T/TestAddEntries_LargeVolume2377992509/001/UserID.0.hidx: entries=1000, deleted=0, size=345, seq=1000
2025-12-03T18:31:59.131-0500	DEBUG	hashindexV3/hash_entry_storage.go:720	Updated header statistics: entries=1000, size=345, seq=1000
    header_based_index_test.go:361: ✅ Added and verified 1000 entries successfully
2025-12-03T18:31:59.136-0500	DEBUG	hashindexV3/header_manager.go:158	Read header from /var/folders/85/q1ly22y17zl71m_r0pvz60z00000gn/T/TestAddEntries_LargeVolume2377992509/001/UserID.0.hidx: index=UserID, field=UserID, entries=1000, size=345 bytes
2025-12-03T18:31:59.136-0500	DEBUG	hashindexV3/header_manager.go:198	Wrote header to /var/folders/85/q1ly22y17zl71m_r0pvz60z00000gn/T/TestAddEntries_LargeVolume2377992509/001/UserID.0.hidx: index=UserID, field=UserID, 345 bytes
2025-12-03T18:31:59.136-0500	DEBUG	hashindexV3/header_manager.go:236	Updated statistics in /var/folders/85/q1ly22y17zl71m_r0pvz60z00000gn/T/TestAddEntries_LargeVolume2377992509/001/UserID.0.hidx: entries=1000, deleted=0, size=345, seq=1000
2025-12-03T18:31:59.136-0500	DEBUG	hashindexV3/hash_entry_storage.go:720	Updated header statistics: entries=1000, size=345, seq=1000
2025-12-03T18:31:59.136-0500	DEBUG	hashindexV3/hash_index_metadata.go:56	SaveMetadata called (deprecated, now no-op - using headers)	{"indexName": "UserID"}
2025-12-03T18:31:59.138-0500	INFO	hashindexV3/hash_entry_storage.go:926	Entry storage closed	{"indexName": "UserID", "bundleName": "TestBundle", "useBuckets": true, "totalEntries": 1000, "totalBytes": 75000}
2025-12-03T18:31:59.138-0500	INFO	hashindexV3/hash_index_api.go:729	Closed hash index	{"indexName": "UserID", "totalPuts": 1000, "totalGets": 3, "totalDeletes": 0}
--- PASS: TestAddEntries_LargeVolume (0.07s)
=== RUN   TestAddEntries_UpdateExisting
2025-12-03T18:31:59.145-0500	DEBUG	hashindexV3/header_manager.go:104	Created header for index Username, field Username, file 0 (FK=false, Unique=false, PK=false)
2025-12-03T18:31:59.145-0500	DEBUG	hashindexV3/header_manager.go:198	Wrote header to /var/folders/85/q1ly22y17zl71m_r0pvz60z00000gn/T/TestAddEntries_UpdateExisting1690503538/001/Username.0.hidx: index=Username, field=Username, 349 bytes
2025-12-03T18:31:59.145-0500	DEBUG	hashindexV3/hash_entry_storage.go:1171	Wrote header to new file Username.0.hidx: 349 bytes
2025-12-03T18:31:59.145-0500	INFO	hashindexV3/hash_entry_storage.go:492	Entry storage initialized	{"indexName": "Username", "fieldName": "Username", "bundleName": "TestBundle", "dataDir": "/var/folders/85/q1ly22y17zl71m_r0pvz60z00000gn/T/TestAddEntries_UpdateExisting1690503538/001", "isForeignKey": false, "existingFiles": 1}
2025-12-03T18:31:59.145-0500	DEBUG	hashindexV3/hash_index_api.go:284	Created new LSM-style hash index	{"indexName": "Username", "bundleName": "TestBundle", "dataDir": "/var/folders/85/q1ly22y17zl71m_r0pvz60z00000gn/T/TestAddEntries_UpdateExisting1690503538/001"}
2025-12-03T18:31:59.145-0500	DEBUG	hashindexV3/header_manager.go:104	Created header for index Username, field Username, file 0 (FK=false, Unique=false, PK=false)
2025-12-03T18:31:59.145-0500	DEBUG	hashindexV3/hash_entry_storage.go:230	Wrote header to new bucket file	{"fieldName": "Username", "bucketNum": 73, "fileNum": 0, "headerBytes": 349}
    header_based_index_test.go:383: ✅ Entry updated successfully with latest value retrievable
2025-12-03T18:31:59.149-0500	DEBUG	hashindexV3/header_manager.go:158	Read header from /var/folders/85/q1ly22y17zl71m_r0pvz60z00000gn/T/TestAddEntries_UpdateExisting1690503538/001/Username.0.hidx: index=Username, field=Username, entries=0, size=349 bytes
2025-12-03T18:31:59.149-0500	DEBUG	hashindexV3/header_manager.go:198	Wrote header to /var/folders/85/q1ly22y17zl71m_r0pvz60z00000gn/T/TestAddEntries_UpdateExisting1690503538/001/Username.0.hidx: index=Username, field=Username, 349 bytes
2025-12-03T18:31:59.149-0500	DEBUG	hashindexV3/header_manager.go:236	Updated statistics in /var/folders/85/q1ly22y17zl71m_r0pvz60z00000gn/T/TestAddEntries_UpdateExisting1690503538/001/Username.0.hidx: entries=2, deleted=0, size=349, seq=2
2025-12-03T18:31:59.149-0500	DEBUG	hashindexV3/hash_entry_storage.go:720	Updated header statistics: entries=2, size=349, seq=2
2025-12-03T18:31:59.149-0500	DEBUG	hashindexV3/hash_index_metadata.go:56	SaveMetadata called (deprecated, now no-op - using headers)	{"indexName": "Username"}
2025-12-03T18:31:59.149-0500	INFO	hashindexV3/hash_entry_storage.go:926	Entry storage closed	{"indexName": "Username", "bundleName": "TestBundle", "useBuckets": true, "totalEntries": 2, "totalBytes": 134}
2025-12-03T18:31:59.149-0500	INFO	hashindexV3/hash_index_api.go:729	Closed hash index	{"indexName": "Username", "totalPuts": 2, "totalGets": 1, "totalDeletes": 0}
--- PASS: TestAddEntries_UpdateExisting (0.00s)
=== RUN   TestRemoveEntries_SingleEntry
2025-12-03T18:31:59.150-0500	DEBUG	hashindexV3/header_manager.go:104	Created header for index Email, field Email, file 0 (FK=false, Unique=false, PK=false)
2025-12-03T18:31:59.150-0500	DEBUG	hashindexV3/header_manager.go:198	Wrote header to /var/folders/85/q1ly22y17zl71m_r0pvz60z00000gn/T/TestRemoveEntries_SingleEntry1468997985/001/Email.0.hidx: index=Email, field=Email, 343 bytes
2025-12-03T18:31:59.150-0500	DEBUG	hashindexV3/hash_entry_storage.go:1171	Wrote header to new file Email.0.hidx: 343 bytes
2025-12-03T18:31:59.150-0500	INFO	hashindexV3/hash_entry_storage.go:492	Entry storage initialized	{"indexName": "Email", "fieldName": "Email", "bundleName": "TestBundle", "dataDir": "/var/folders/85/q1ly22y17zl71m_r0pvz60z00000gn/T/TestRemoveEntries_SingleEntry1468997985/001", "isForeignKey": false, "existingFiles": 1}
2025-12-03T18:31:59.150-0500	DEBUG	hashindexV3/hash_index_api.go:284	Created new LSM-style hash index	{"indexName": "Email", "bundleName": "TestBundle", "dataDir": "/var/folders/85/q1ly22y17zl71m_r0pvz60z00000gn/T/TestRemoveEntries_SingleEntry1468997985/001"}
2025-12-03T18:31:59.150-0500	DEBUG	hashindexV3/header_manager.go:104	Created header for index Email, field Email, file 0 (FK=false, Unique=false, PK=false)
2025-12-03T18:31:59.150-0500	DEBUG	hashindexV3/hash_entry_storage.go:230	Wrote header to new bucket file	{"fieldName": "Email", "bucketNum": 61, "fileNum": 0, "headerBytes": 343}
2025-12-03T18:31:59.150-0500	DEBUG	hashindexV3/header_manager.go:104	Created header for index Email, field Email, file 0 (FK=false, Unique=false, PK=false)
2025-12-03T18:31:59.150-0500	DEBUG	hashindexV3/hash_entry_storage.go:230	Wrote header to new bucket file	{"fieldName": "Email", "bucketNum": 0, "fileNum": 0, "headerBytes": 343}
    header_based_index_test.go:417: ✅ Entry deleted successfully and no longer retrievable
2025-12-03T18:31:59.154-0500	DEBUG	hashindexV3/header_manager.go:158	Read header from /var/folders/85/q1ly22y17zl71m_r0pvz60z00000gn/T/TestRemoveEntries_SingleEntry1468997985/001/Email.0.hidx: index=Email, field=Email, entries=0, size=343 bytes
2025-12-03T18:31:59.154-0500	DEBUG	hashindexV3/header_manager.go:198	Wrote header to /var/folders/85/q1ly22y17zl71m_r0pvz60z00000gn/T/TestRemoveEntries_SingleEntry1468997985/001/Email.0.hidx: index=Email, field=Email, 343 bytes
2025-12-03T18:31:59.154-0500	DEBUG	hashindexV3/header_manager.go:236	Updated statistics in /var/folders/85/q1ly22y17zl71m_r0pvz60z00000gn/T/TestRemoveEntries_SingleEntry1468997985/001/Email.0.hidx: entries=2, deleted=0, size=343, seq=2
2025-12-03T18:31:59.154-0500	DEBUG	hashindexV3/hash_entry_storage.go:720	Updated header statistics: entries=2, size=343, seq=2
2025-12-03T18:31:59.154-0500	DEBUG	hashindexV3/hash_index_metadata.go:56	SaveMetadata called (deprecated, now no-op - using headers)	{"indexName": "Email"}
2025-12-03T18:31:59.154-0500	INFO	hashindexV3/hash_entry_storage.go:926	Entry storage closed	{"indexName": "Email", "bundleName": "TestBundle", "useBuckets": true, "totalEntries": 2, "totalBytes": 166}
2025-12-03T18:31:59.154-0500	INFO	hashindexV3/hash_index_api.go:729	Closed hash index	{"indexName": "Email", "totalPuts": 1, "totalGets": 3, "totalDeletes": 1}
--- PASS: TestRemoveEntries_SingleEntry (0.00s)
=== RUN   TestRemoveEntries_MultipleEntries
2025-12-03T18:31:59.155-0500	DEBUG	hashindexV3/header_manager.go:104	Created header for index Status, field Status, file 0 (FK=false, Unique=false, PK=false)
2025-12-03T18:31:59.155-0500	DEBUG	hashindexV3/header_manager.go:198	Wrote header to /var/folders/85/q1ly22y17zl71m_r0pvz60z00000gn/T/TestRemoveEntries_MultipleEntries237388514/001/Status.0.hidx: index=Status, field=Status, 345 bytes
2025-12-03T18:31:59.155-0500	DEBUG	hashindexV3/hash_entry_storage.go:1171	Wrote header to new file Status.0.hidx: 345 bytes
2025-12-03T18:31:59.155-0500	INFO	hashindexV3/hash_entry_storage.go:492	Entry storage initialized	{"indexName": "Status", "fieldName": "Status", "bundleName": "TestBundle", "dataDir": "/var/folders/85/q1ly22y17zl71m_r0pvz60z00000gn/T/TestRemoveEntries_MultipleEntries237388514/001", "isForeignKey": false, "existingFiles": 1}
2025-12-03T18:31:59.155-0500	DEBUG	hashindexV3/hash_index_api.go:284	Created new LSM-style hash index	{"indexName": "Status", "bundleName": "TestBundle", "dataDir": "/var/folders/85/q1ly22y17zl71m_r0pvz60z00000gn/T/TestRemoveEntries_MultipleEntries237388514/001"}
2025-12-03T18:31:59.155-0500	DEBUG	hashindexV3/header_manager.go:104	Created header for index Status, field Status, file 0 (FK=false, Unique=false, PK=false)
2025-12-03T18:31:59.155-0500	DEBUG	hashindexV3/hash_entry_storage.go:230	Wrote header to new bucket file	{"fieldName": "Status", "bucketNum": 18, "fileNum": 0, "headerBytes": 345}
2025-12-03T18:31:59.155-0500	DEBUG	hashindexV3/header_manager.go:104	Created header for index Status, field Status, file 0 (FK=false, Unique=false, PK=false)
2025-12-03T18:31:59.155-0500	DEBUG	hashindexV3/hash_entry_storage.go:230	Wrote header to new bucket file	{"fieldName": "Status", "bucketNum": 44, "fileNum": 0, "headerBytes": 345}
2025-12-03T18:31:59.155-0500	DEBUG	hashindexV3/header_manager.go:104	Created header for index Status, field Status, file 0 (FK=false, Unique=false, PK=false)
2025-12-03T18:31:59.155-0500	DEBUG	hashindexV3/hash_entry_storage.go:230	Wrote header to new bucket file	{"fieldName": "Status", "bucketNum": 137, "fileNum": 0, "headerBytes": 345}
2025-12-03T18:31:59.155-0500	DEBUG	hashindexV3/header_manager.go:104	Created header for index Status, field Status, file 0 (FK=false, Unique=false, PK=false)
2025-12-03T18:31:59.155-0500	DEBUG	hashindexV3/hash_entry_storage.go:230	Wrote header to new bucket file	{"fieldName": "Status", "bucketNum": 0, "fileNum": 0, "headerBytes": 345}
    header_based_index_test.go:466: ✅ Multiple entries deleted selectively
2025-12-03T18:31:59.159-0500	DEBUG	hashindexV3/header_manager.go:158	Read header from /var/folders/85/q1ly22y17zl71m_r0pvz60z00000gn/T/TestRemoveEntries_MultipleEntries237388514/001/Status.0.hidx: index=Status, field=Status, entries=0, size=345 bytes
2025-12-03T18:31:59.159-0500	DEBUG	hashindexV3/header_manager.go:198	Wrote header to /var/folders/85/q1ly22y17zl71m_r0pvz60z00000gn/T/TestRemoveEntries_MultipleEntries237388514/001/Status.0.hidx: index=Status, field=Status, 345 bytes
2025-12-03T18:31:59.159-0500	DEBUG	hashindexV3/header_manager.go:236	Updated statistics in /var/folders/85/q1ly22y17zl71m_r0pvz60z00000gn/T/TestRemoveEntries_MultipleEntries237388514/001/Status.0.hidx: entries=6, deleted=0, size=345, seq=6
2025-12-03T18:31:59.159-0500	DEBUG	hashindexV3/hash_entry_storage.go:720	Updated header statistics: entries=6, size=345, seq=6
2025-12-03T18:31:59.159-0500	DEBUG	hashindexV3/hash_index_metadata.go:56	SaveMetadata called (deprecated, now no-op - using headers)	{"indexName": "Status"}
2025-12-03T18:31:59.159-0500	INFO	hashindexV3/hash_entry_storage.go:926	Entry storage closed	{"indexName": "Status", "bundleName": "TestBundle", "useBuckets": true, "totalEntries": 6, "totalBytes": 406}
2025-12-03T18:31:59.159-0500	INFO	hashindexV3/hash_index_api.go:729	Closed hash index	{"indexName": "Status", "totalPuts": 4, "totalGets": 5, "totalDeletes": 2}
--- PASS: TestRemoveEntries_MultipleEntries (0.01s)
=== RUN   TestRemoveEntries_DeleteNonExistent
2025-12-03T18:31:59.160-0500	DEBUG	hashindexV3/header_manager.go:104	Created header for index Email, field Email, file 0 (FK=false, Unique=false, PK=false)
2025-12-03T18:31:59.160-0500	DEBUG	hashindexV3/header_manager.go:198	Wrote header to /var/folders/85/q1ly22y17zl71m_r0pvz60z00000gn/T/TestRemoveEntries_DeleteNonExistent2802226127/001/Email.0.hidx: index=Email, field=Email, 343 bytes
2025-12-03T18:31:59.160-0500	DEBUG	hashindexV3/hash_entry_storage.go:1171	Wrote header to new file Email.0.hidx: 343 bytes
2025-12-03T18:31:59.160-0500	INFO	hashindexV3/hash_entry_storage.go:492	Entry storage initialized	{"indexName": "Email", "fieldName": "Email", "bundleName": "TestBundle", "dataDir": "/var/folders/85/q1ly22y17zl71m_r0pvz60z00000gn/T/TestRemoveEntries_DeleteNonExistent2802226127/001", "isForeignKey": false, "existingFiles": 1}
2025-12-03T18:31:59.160-0500	DEBUG	hashindexV3/hash_index_api.go:284	Created new LSM-style hash index	{"indexName": "Email", "bundleName": "TestBundle", "dataDir": "/var/folders/85/q1ly22y17zl71m_r0pvz60z00000gn/T/TestRemoveEntries_DeleteNonExistent2802226127/001"}
2025-12-03T18:31:59.160-0500	DEBUG	hashindexV3/header_manager.go:104	Created header for index Email, field Email, file 0 (FK=false, Unique=false, PK=false)
2025-12-03T18:31:59.160-0500	DEBUG	hashindexV3/hash_entry_storage.go:230	Wrote header to new bucket file	{"fieldName": "Email", "bucketNum": 195, "fileNum": 0, "headerBytes": 343}
2025-12-03T18:31:59.160-0500	DEBUG	hashindexV3/hash_entry_storage.go:1320	Scanning new format file, skipping header: 343 bytes
    header_based_index_test.go:482: ✅ Deleting non-existent entry is idempotent
2025-12-03T18:31:59.163-0500	DEBUG	hashindexV3/header_manager.go:158	Read header from /var/folders/85/q1ly22y17zl71m_r0pvz60z00000gn/T/TestRemoveEntries_DeleteNonExistent2802226127/001/Email.0.hidx: index=Email, field=Email, entries=0, size=343 bytes
2025-12-03T18:31:59.163-0500	DEBUG	hashindexV3/header_manager.go:198	Wrote header to /var/folders/85/q1ly22y17zl71m_r0pvz60z00000gn/T/TestRemoveEntries_DeleteNonExistent2802226127/001/Email.0.hidx: index=Email, field=Email, 343 bytes
2025-12-03T18:31:59.163-0500	DEBUG	hashindexV3/header_manager.go:236	Updated statistics in /var/folders/85/q1ly22y17zl71m_r0pvz60z00000gn/T/TestRemoveEntries_DeleteNonExistent2802226127/001/Email.0.hidx: entries=0, deleted=0, size=343, seq=0
2025-12-03T18:31:59.163-0500	DEBUG	hashindexV3/hash_entry_storage.go:720	Updated header statistics: entries=0, size=343, seq=0
2025-12-03T18:31:59.163-0500	DEBUG	hashindexV3/hash_index_metadata.go:56	SaveMetadata called (deprecated, now no-op - using headers)	{"indexName": "Email"}
2025-12-03T18:31:59.163-0500	INFO	hashindexV3/hash_entry_storage.go:926	Entry storage closed	{"indexName": "Email", "bundleName": "TestBundle", "useBuckets": true, "totalEntries": 0, "totalBytes": 0}
2025-12-03T18:31:59.163-0500	INFO	hashindexV3/hash_index_api.go:729	Closed hash index	{"indexName": "Email", "totalPuts": 0, "totalGets": 0, "totalDeletes": 0}
--- PASS: TestRemoveEntries_DeleteNonExistent (0.00s)
=== RUN   TestRemoveEntries_DeleteAndReAdd
2025-12-03T18:31:59.163-0500	DEBUG	hashindexV3/header_manager.go:104	Created header for index Username, field Username, file 0 (FK=false, Unique=false, PK=false)
2025-12-03T18:31:59.163-0500	DEBUG	hashindexV3/header_manager.go:198	Wrote header to /var/folders/85/q1ly22y17zl71m_r0pvz60z00000gn/T/TestRemoveEntries_DeleteAndReAdd3290317492/001/Username.0.hidx: index=Username, field=Username, 349 bytes
2025-12-03T18:31:59.163-0500	DEBUG	hashindexV3/hash_entry_storage.go:1171	Wrote header to new file Username.0.hidx: 349 bytes
2025-12-03T18:31:59.163-0500	INFO	hashindexV3/hash_entry_storage.go:492	Entry storage initialized	{"indexName": "Username", "fieldName": "Username", "bundleName": "TestBundle", "dataDir": "/var/folders/85/q1ly22y17zl71m_r0pvz60z00000gn/T/TestRemoveEntries_DeleteAndReAdd3290317492/001", "isForeignKey": false, "existingFiles": 1}
2025-12-03T18:31:59.163-0500	DEBUG	hashindexV3/hash_index_api.go:284	Created new LSM-style hash index	{"indexName": "Username", "bundleName": "TestBundle", "dataDir": "/var/folders/85/q1ly22y17zl71m_r0pvz60z00000gn/T/TestRemoveEntries_DeleteAndReAdd3290317492/001"}
2025-12-03T18:31:59.163-0500	DEBUG	hashindexV3/header_manager.go:104	Created header for index Username, field Username, file 0 (FK=false, Unique=false, PK=false)
2025-12-03T18:31:59.163-0500	DEBUG	hashindexV3/hash_entry_storage.go:230	Wrote header to new bucket file	{"fieldName": "Username", "bucketNum": 59, "fileNum": 0, "headerBytes": 349}
2025-12-03T18:31:59.163-0500	DEBUG	hashindexV3/header_manager.go:104	Created header for index Username, field Username, file 0 (FK=false, Unique=false, PK=false)
2025-12-03T18:31:59.163-0500	DEBUG	hashindexV3/hash_entry_storage.go:230	Wrote header to new bucket file	{"fieldName": "Username", "bucketNum": 0, "fileNum": 0, "headerBytes": 349}
    header_based_index_test.go:509: ✅ Entry can be deleted and re-added successfully
2025-12-03T18:31:59.165-0500	DEBUG	hashindexV3/header_manager.go:158	Read header from /var/folders/85/q1ly22y17zl71m_r0pvz60z00000gn/T/TestRemoveEntries_DeleteAndReAdd3290317492/001/Username.0.hidx: index=Username, field=Username, entries=0, size=349 bytes
2025-12-03T18:31:59.165-0500	DEBUG	hashindexV3/header_manager.go:198	Wrote header to /var/folders/85/q1ly22y17zl71m_r0pvz60z00000gn/T/TestRemoveEntries_DeleteAndReAdd3290317492/001/Username.0.hidx: index=Username, field=Username, 349 bytes
2025-12-03T18:31:59.165-0500	DEBUG	hashindexV3/header_manager.go:236	Updated statistics in /var/folders/85/q1ly22y17zl71m_r0pvz60z00000gn/T/TestRemoveEntries_DeleteAndReAdd3290317492/001/Username.0.hidx: entries=3, deleted=0, size=349, seq=3
2025-12-03T18:31:59.165-0500	DEBUG	hashindexV3/hash_entry_storage.go:720	Updated header statistics: entries=3, size=349, seq=3
2025-12-03T18:31:59.165-0500	DEBUG	hashindexV3/hash_index_metadata.go:56	SaveMetadata called (deprecated, now no-op - using headers)	{"indexName": "Username"}
2025-12-03T18:31:59.165-0500	INFO	hashindexV3/hash_entry_storage.go:926	Entry storage closed	{"indexName": "Username", "bundleName": "TestBundle", "useBuckets": true, "totalEntries": 3, "totalBytes": 199}
2025-12-03T18:31:59.165-0500	INFO	hashindexV3/hash_index_api.go:729	Closed hash index	{"indexName": "Username", "totalPuts": 2, "totalGets": 2, "totalDeletes": 1}
--- PASS: TestRemoveEntries_DeleteAndReAdd (0.00s)
=== RUN   TestReadIndex_FindSingleValue
2025-12-03T18:31:59.166-0500	DEBUG	hashindexV3/header_manager.go:104	Created header for index Email, field Email, file 0 (FK=false, Unique=false, PK=false)
2025-12-03T18:31:59.166-0500	DEBUG	hashindexV3/header_manager.go:198	Wrote header to /var/folders/85/q1ly22y17zl71m_r0pvz60z00000gn/T/TestReadIndex_FindSingleValue2516945865/001/Email.0.hidx: index=Email, field=Email, 343 bytes
2025-12-03T18:31:59.166-0500	DEBUG	hashindexV3/hash_entry_storage.go:1171	Wrote header to new file Email.0.hidx: 343 bytes
2025-12-03T18:31:59.166-0500	INFO	hashindexV3/hash_entry_storage.go:492	Entry storage initialized	{"indexName": "Email", "fieldName": "Email", "bundleName": "TestBundle", "dataDir": "/var/folders/85/q1ly22y17zl71m_r0pvz60z00000gn/T/TestReadIndex_FindSingleValue2516945865/001", "isForeignKey": false, "existingFiles": 1}
2025-12-03T18:31:59.166-0500	DEBUG	hashindexV3/hash_index_api.go:284	Created new LSM-style hash index	{"indexName": "Email", "bundleName": "TestBundle", "dataDir": "/var/folders/85/q1ly22y17zl71m_r0pvz60z00000gn/T/TestReadIndex_FindSingleValue2516945865/001"}
2025-12-03T18:31:59.166-0500	DEBUG	hashindexV3/header_manager.go:104	Created header for index Email, field Email, file 0 (FK=false, Unique=false, PK=false)
2025-12-03T18:31:59.166-0500	DEBUG	hashindexV3/hash_entry_storage.go:230	Wrote header to new bucket file	{"fieldName": "Email", "bucketNum": 60, "fileNum": 0, "headerBytes": 343}
    header_based_index_test.go:535: ✅ Single value found successfully
2025-12-03T18:31:59.170-0500	DEBUG	hashindexV3/header_manager.go:158	Read header from /var/folders/85/q1ly22y17zl71m_r0pvz60z00000gn/T/TestReadIndex_FindSingleValue2516945865/001/Email.0.hidx: index=Email, field=Email, entries=0, size=343 bytes
2025-12-03T18:31:59.170-0500	DEBUG	hashindexV3/header_manager.go:198	Wrote header to /var/folders/85/q1ly22y17zl71m_r0pvz60z00000gn/T/TestReadIndex_FindSingleValue2516945865/001/Email.0.hidx: index=Email, field=Email, 343 bytes
2025-12-03T18:31:59.170-0500	DEBUG	hashindexV3/header_manager.go:236	Updated statistics in /var/folders/85/q1ly22y17zl71m_r0pvz60z00000gn/T/TestReadIndex_FindSingleValue2516945865/001/Email.0.hidx: entries=1, deleted=0, size=343, seq=1
2025-12-03T18:31:59.170-0500	DEBUG	hashindexV3/hash_entry_storage.go:720	Updated header statistics: entries=1, size=343, seq=1
2025-12-03T18:31:59.170-0500	DEBUG	hashindexV3/hash_index_metadata.go:56	SaveMetadata called (deprecated, now no-op - using headers)	{"indexName": "Email"}
2025-12-03T18:31:59.170-0500	INFO	hashindexV3/hash_entry_storage.go:926	Entry storage closed	{"indexName": "Email", "bundleName": "TestBundle", "useBuckets": true, "totalEntries": 1, "totalBytes": 88}
2025-12-03T18:31:59.170-0500	INFO	hashindexV3/hash_index_api.go:729	Closed hash index	{"indexName": "Email", "totalPuts": 1, "totalGets": 1, "totalDeletes": 0}
--- PASS: TestReadIndex_FindSingleValue (0.00s)
=== RUN   TestReadIndex_FindMultipleValues
2025-12-03T18:31:59.171-0500	DEBUG	hashindexV3/header_manager.go:104	Created header for index Category, field Category, file 0 (FK=false, Unique=false, PK=false)
2025-12-03T18:31:59.171-0500	DEBUG	hashindexV3/header_manager.go:198	Wrote header to /var/folders/85/q1ly22y17zl71m_r0pvz60z00000gn/T/TestReadIndex_FindMultipleValues2111814987/001/Category.0.hidx: index=Category, field=Category, 349 bytes
2025-12-03T18:31:59.171-0500	DEBUG	hashindexV3/hash_entry_storage.go:1171	Wrote header to new file Category.0.hidx: 349 bytes
2025-12-03T18:31:59.171-0500	INFO	hashindexV3/hash_entry_storage.go:492	Entry storage initialized	{"indexName": "Category", "fieldName": "Category", "bundleName": "TestBundle", "dataDir": "/var/folders/85/q1ly22y17zl71m_r0pvz60z00000gn/T/TestReadIndex_FindMultipleValues2111814987/001", "isForeignKey": false, "existingFiles": 1}
2025-12-03T18:31:59.171-0500	DEBUG	hashindexV3/hash_index_api.go:284	Created new LSM-style hash index	{"indexName": "Category", "bundleName": "TestBundle", "dataDir": "/var/folders/85/q1ly22y17zl71m_r0pvz60z00000gn/T/TestReadIndex_FindMultipleValues2111814987/001"}
2025-12-03T18:31:59.171-0500	DEBUG	hashindexV3/header_manager.go:104	Created header for index Category, field Category, file 0 (FK=false, Unique=false, PK=false)
2025-12-03T18:31:59.171-0500	DEBUG	hashindexV3/hash_entry_storage.go:230	Wrote header to new bucket file	{"fieldName": "Category", "bucketNum": 28, "fileNum": 0, "headerBytes": 349}
    header_based_index_test.go:561: ✅ Multiple values handled correctly (LSM returns latest)
2025-12-03T18:31:59.174-0500	DEBUG	hashindexV3/header_manager.go:158	Read header from /var/folders/85/q1ly22y17zl71m_r0pvz60z00000gn/T/TestReadIndex_FindMultipleValues2111814987/001/Category.0.hidx: index=Category, field=Category, entries=0, size=349 bytes
2025-12-03T18:31:59.174-0500	DEBUG	hashindexV3/header_manager.go:198	Wrote header to /var/folders/85/q1ly22y17zl71m_r0pvz60z00000gn/T/TestReadIndex_FindMultipleValues2111814987/001/Category.0.hidx: index=Category, field=Category, 349 bytes
2025-12-03T18:31:59.174-0500	DEBUG	hashindexV3/header_manager.go:236	Updated statistics in /var/folders/85/q1ly22y17zl71m_r0pvz60z00000gn/T/TestReadIndex_FindMultipleValues2111814987/001/Category.0.hidx: entries=3, deleted=0, size=349, seq=3
2025-12-03T18:31:59.174-0500	DEBUG	hashindexV3/hash_entry_storage.go:720	Updated header statistics: entries=3, size=349, seq=3
2025-12-03T18:31:59.174-0500	DEBUG	hashindexV3/hash_index_metadata.go:56	SaveMetadata called (deprecated, now no-op - using headers)	{"indexName": "Category"}
2025-12-03T18:31:59.174-0500	INFO	hashindexV3/hash_entry_storage.go:926	Entry storage closed	{"indexName": "Category", "bundleName": "TestBundle", "useBuckets": true, "totalEntries": 3, "totalBytes": 219}
2025-12-03T18:31:59.174-0500	INFO	hashindexV3/hash_index_api.go:729	Closed hash index	{"indexName": "Category", "totalPuts": 3, "totalGets": 1, "totalDeletes": 0}
--- PASS: TestReadIndex_FindMultipleValues (0.00s)
=== RUN   TestReadIndex_KeyNotFound
2025-12-03T18:31:59.174-0500	DEBUG	hashindexV3/header_manager.go:104	Created header for index Email, field Email, file 0 (FK=false, Unique=false, PK=false)
2025-12-03T18:31:59.175-0500	DEBUG	hashindexV3/header_manager.go:198	Wrote header to /var/folders/85/q1ly22y17zl71m_r0pvz60z00000gn/T/TestReadIndex_KeyNotFound192816098/001/Email.0.hidx: index=Email, field=Email, 343 bytes
2025-12-03T18:31:59.175-0500	DEBUG	hashindexV3/hash_entry_storage.go:1171	Wrote header to new file Email.0.hidx: 343 bytes
2025-12-03T18:31:59.175-0500	INFO	hashindexV3/hash_entry_storage.go:492	Entry storage initialized	{"indexName": "Email", "fieldName": "Email", "bundleName": "TestBundle", "dataDir": "/var/folders/85/q1ly22y17zl71m_r0pvz60z00000gn/T/TestReadIndex_KeyNotFound192816098/001", "isForeignKey": false, "existingFiles": 1}
2025-12-03T18:31:59.175-0500	DEBUG	hashindexV3/hash_index_api.go:284	Created new LSM-style hash index	{"indexName": "Email", "bundleName": "TestBundle", "dataDir": "/var/folders/85/q1ly22y17zl71m_r0pvz60z00000gn/T/TestReadIndex_KeyNotFound192816098/001"}
2025-12-03T18:31:59.175-0500	DEBUG	hashindexV3/header_manager.go:104	Created header for index Email, field Email, file 0 (FK=false, Unique=false, PK=false)
2025-12-03T18:31:59.175-0500	DEBUG	hashindexV3/hash_entry_storage.go:230	Wrote header to new bucket file	{"fieldName": "Email", "bucketNum": 28, "fileNum": 0, "headerBytes": 343}
2025-12-03T18:31:59.175-0500	DEBUG	hashindexV3/hash_entry_storage.go:1320	Scanning new format file, skipping header: 343 bytes
    header_based_index_test.go:578: ✅ Non-existent key returns empty result without error
2025-12-03T18:31:59.177-0500	DEBUG	hashindexV3/header_manager.go:158	Read header from /var/folders/85/q1ly22y17zl71m_r0pvz60z00000gn/T/TestReadIndex_KeyNotFound192816098/001/Email.0.hidx: index=Email, field=Email, entries=0, size=343 bytes
2025-12-03T18:31:59.177-0500	DEBUG	hashindexV3/header_manager.go:198	Wrote header to /var/folders/85/q1ly22y17zl71m_r0pvz60z00000gn/T/TestReadIndex_KeyNotFound192816098/001/Email.0.hidx: index=Email, field=Email, 343 bytes
2025-12-03T18:31:59.177-0500	DEBUG	hashindexV3/header_manager.go:236	Updated statistics in /var/folders/85/q1ly22y17zl71m_r0pvz60z00000gn/T/TestReadIndex_KeyNotFound192816098/001/Email.0.hidx: entries=0, deleted=0, size=343, seq=0
2025-12-03T18:31:59.177-0500	DEBUG	hashindexV3/hash_entry_storage.go:720	Updated header statistics: entries=0, size=343, seq=0
2025-12-03T18:31:59.177-0500	DEBUG	hashindexV3/hash_index_metadata.go:56	SaveMetadata called (deprecated, now no-op - using headers)	{"indexName": "Email"}
2025-12-03T18:31:59.177-0500	INFO	hashindexV3/hash_entry_storage.go:926	Entry storage closed	{"indexName": "Email", "bundleName": "TestBundle", "useBuckets": true, "totalEntries": 0, "totalBytes": 0}
2025-12-03T18:31:59.177-0500	INFO	hashindexV3/hash_index_api.go:729	Closed hash index	{"indexName": "Email", "totalPuts": 0, "totalGets": 0, "totalDeletes": 0}
--- PASS: TestReadIndex_KeyNotFound (0.00s)
=== RUN   TestReadIndex_AfterMultipleOperations
2025-12-03T18:31:59.177-0500	DEBUG	hashindexV3/header_manager.go:104	Created header for index Status, field Status, file 0 (FK=false, Unique=false, PK=false)
2025-12-03T18:31:59.177-0500	DEBUG	hashindexV3/header_manager.go:198	Wrote header to /var/folders/85/q1ly22y17zl71m_r0pvz60z00000gn/T/TestReadIndex_AfterMultipleOperations91181248/001/Status.0.hidx: index=Status, field=Status, 345 bytes
2025-12-03T18:31:59.177-0500	DEBUG	hashindexV3/hash_entry_storage.go:1171	Wrote header to new file Status.0.hidx: 345 bytes
2025-12-03T18:31:59.177-0500	INFO	hashindexV3/hash_entry_storage.go:492	Entry storage initialized	{"indexName": "Status", "fieldName": "Status", "bundleName": "TestBundle", "dataDir": "/var/folders/85/q1ly22y17zl71m_r0pvz60z00000gn/T/TestReadIndex_AfterMultipleOperations91181248/001", "isForeignKey": false, "existingFiles": 1}
2025-12-03T18:31:59.177-0500	DEBUG	hashindexV3/hash_index_api.go:284	Created new LSM-style hash index	{"indexName": "Status", "bundleName": "TestBundle", "dataDir": "/var/folders/85/q1ly22y17zl71m_r0pvz60z00000gn/T/TestReadIndex_AfterMultipleOperations91181248/001"}
2025-12-03T18:31:59.177-0500	DEBUG	hashindexV3/header_manager.go:104	Created header for index Status, field Status, file 0 (FK=false, Unique=false, PK=false)
2025-12-03T18:31:59.177-0500	DEBUG	hashindexV3/hash_entry_storage.go:230	Wrote header to new bucket file	{"fieldName": "Status", "bucketNum": 18, "fileNum": 0, "headerBytes": 345}
2025-12-03T18:31:59.177-0500	DEBUG	hashindexV3/header_manager.go:104	Created header for index Status, field Status, file 0 (FK=false, Unique=false, PK=false)
2025-12-03T18:31:59.177-0500	DEBUG	hashindexV3/hash_entry_storage.go:230	Wrote header to new bucket file	{"fieldName": "Status", "bucketNum": 44, "fileNum": 0, "headerBytes": 345}
2025-12-03T18:31:59.177-0500	DEBUG	hashindexV3/header_manager.go:104	Created header for index Status, field Status, file 0 (FK=false, Unique=false, PK=false)
2025-12-03T18:31:59.178-0500	DEBUG	hashindexV3/hash_entry_storage.go:230	Wrote header to new bucket file	{"fieldName": "Status", "bucketNum": 0, "fileNum": 0, "headerBytes": 345}
2025-12-03T18:31:59.178-0500	DEBUG	hashindexV3/header_manager.go:104	Created header for index Status, field Status, file 0 (FK=false, Unique=false, PK=false)
2025-12-03T18:31:59.178-0500	DEBUG	hashindexV3/hash_entry_storage.go:230	Wrote header to new bucket file	{"fieldName": "Status", "bucketNum": 137, "fileNum": 0, "headerBytes": 345}
    header_based_index_test.go:615: ✅ Index searches work correctly after mixed operations
2025-12-03T18:31:59.181-0500	DEBUG	hashindexV3/header_manager.go:158	Read header from /var/folders/85/q1ly22y17zl71m_r0pvz60z00000gn/T/TestReadIndex_AfterMultipleOperations91181248/001/Status.0.hidx: index=Status, field=Status, entries=0, size=345 bytes
2025-12-03T18:31:59.181-0500	DEBUG	hashindexV3/header_manager.go:198	Wrote header to /var/folders/85/q1ly22y17zl71m_r0pvz60z00000gn/T/TestReadIndex_AfterMultipleOperations91181248/001/Status.0.hidx: index=Status, field=Status, 345 bytes
2025-12-03T18:31:59.181-0500	DEBUG	hashindexV3/header_manager.go:236	Updated statistics in /var/folders/85/q1ly22y17zl71m_r0pvz60z00000gn/T/TestReadIndex_AfterMultipleOperations91181248/001/Status.0.hidx: entries=5, deleted=0, size=345, seq=5
2025-12-03T18:31:59.181-0500	DEBUG	hashindexV3/hash_entry_storage.go:720	Updated header statistics: entries=5, size=345, seq=5
2025-12-03T18:31:59.181-0500	DEBUG	hashindexV3/hash_index_metadata.go:56	SaveMetadata called (deprecated, now no-op - using headers)	{"indexName": "Status"}
2025-12-03T18:31:59.181-0500	INFO	hashindexV3/hash_entry_storage.go:926	Entry storage closed	{"indexName": "Status", "bundleName": "TestBundle", "useBuckets": true, "totalEntries": 5, "totalBytes": 343}
2025-12-03T18:31:59.181-0500	INFO	hashindexV3/hash_index_api.go:729	Closed hash index	{"indexName": "Status", "totalPuts": 4, "totalGets": 4, "totalDeletes": 1}
--- PASS: TestReadIndex_AfterMultipleOperations (0.00s)
=== RUN   TestReadIndex_CaseSensitivity
2025-12-03T18:31:59.182-0500	DEBUG	hashindexV3/header_manager.go:104	Created header for index Email, field Email, file 0 (FK=false, Unique=false, PK=false)
2025-12-03T18:31:59.182-0500	DEBUG	hashindexV3/header_manager.go:198	Wrote header to /var/folders/85/q1ly22y17zl71m_r0pvz60z00000gn/T/TestReadIndex_CaseSensitivity2574898519/001/Email.0.hidx: index=Email, field=Email, 343 bytes
2025-12-03T18:31:59.182-0500	DEBUG	hashindexV3/hash_entry_storage.go:1171	Wrote header to new file Email.0.hidx: 343 bytes
2025-12-03T18:31:59.182-0500	INFO	hashindexV3/hash_entry_storage.go:492	Entry storage initialized	{"indexName": "Email", "fieldName": "Email", "bundleName": "TestBundle", "dataDir": "/var/folders/85/q1ly22y17zl71m_r0pvz60z00000gn/T/TestReadIndex_CaseSensitivity2574898519/001", "isForeignKey": false, "existingFiles": 1}
2025-12-03T18:31:59.182-0500	DEBUG	hashindexV3/hash_index_api.go:284	Created new LSM-style hash index	{"indexName": "Email", "bundleName": "TestBundle", "dataDir": "/var/folders/85/q1ly22y17zl71m_r0pvz60z00000gn/T/TestReadIndex_CaseSensitivity2574898519/001"}
2025-12-03T18:31:59.182-0500	DEBUG	hashindexV3/header_manager.go:104	Created header for index Email, field Email, file 0 (FK=false, Unique=false, PK=false)
2025-12-03T18:31:59.182-0500	DEBUG	hashindexV3/hash_entry_storage.go:230	Wrote header to new bucket file	{"fieldName": "Email", "bucketNum": 164, "fileNum": 0, "headerBytes": 343}
2025-12-03T18:31:59.182-0500	DEBUG	hashindexV3/header_manager.go:104	Created header for index Email, field Email, file 0 (FK=false, Unique=false, PK=false)
2025-12-03T18:31:59.182-0500	DEBUG	hashindexV3/hash_entry_storage.go:230	Wrote header to new bucket file	{"fieldName": "Email", "bucketNum": 30, "fileNum": 0, "headerBytes": 343}
    header_based_index_test.go:640: ✅ Index searches are case-sensitive
2025-12-03T18:31:59.185-0500	DEBUG	hashindexV3/header_manager.go:158	Read header from /var/folders/85/q1ly22y17zl71m_r0pvz60z00000gn/T/TestReadIndex_CaseSensitivity2574898519/001/Email.0.hidx: index=Email, field=Email, entries=0, size=343 bytes
2025-12-03T18:31:59.185-0500	DEBUG	hashindexV3/header_manager.go:198	Wrote header to /var/folders/85/q1ly22y17zl71m_r0pvz60z00000gn/T/TestReadIndex_CaseSensitivity2574898519/001/Email.0.hidx: index=Email, field=Email, 343 bytes
2025-12-03T18:31:59.185-0500	DEBUG	hashindexV3/header_manager.go:236	Updated statistics in /var/folders/85/q1ly22y17zl71m_r0pvz60z00000gn/T/TestReadIndex_CaseSensitivity2574898519/001/Email.0.hidx: entries=2, deleted=0, size=343, seq=2
2025-12-03T18:31:59.185-0500	DEBUG	hashindexV3/hash_entry_storage.go:720	Updated header statistics: entries=2, size=343, seq=2
2025-12-03T18:31:59.185-0500	DEBUG	hashindexV3/hash_index_metadata.go:56	SaveMetadata called (deprecated, now no-op - using headers)	{"indexName": "Email"}
2025-12-03T18:31:59.185-0500	INFO	hashindexV3/hash_entry_storage.go:926	Entry storage closed	{"indexName": "Email", "bundleName": "TestBundle", "useBuckets": true, "totalEntries": 2, "totalBytes": 160}
2025-12-03T18:31:59.185-0500	INFO	hashindexV3/hash_index_api.go:729	Closed hash index	{"indexName": "Email", "totalPuts": 2, "totalGets": 2, "totalDeletes": 0}
--- PASS: TestReadIndex_CaseSensitivity (0.00s)
=== RUN   TestFullLifecycle_CreateAddReadUpdateDelete
    header_based_index_test.go:649: Starting full lifecycle test...
2025-12-03T18:31:59.186-0500	DEBUG	hashindexV3/header_manager.go:104	Created header for index Product, field Product, file 0 (FK=false, Unique=false, PK=false)
2025-12-03T18:31:59.186-0500	DEBUG	hashindexV3/header_manager.go:198	Wrote header to /var/folders/85/q1ly22y17zl71m_r0pvz60z00000gn/T/TestFullLifecycle_CreateAddReadUpdateDelete2208169044/001/Product.0.hidx: index=Product, field=Product, 347 bytes
2025-12-03T18:31:59.186-0500	DEBUG	hashindexV3/hash_entry_storage.go:1171	Wrote header to new file Product.0.hidx: 347 bytes
2025-12-03T18:31:59.186-0500	INFO	hashindexV3/hash_entry_storage.go:492	Entry storage initialized	{"indexName": "Product", "fieldName": "Product", "bundleName": "TestBundle", "dataDir": "/var/folders/85/q1ly22y17zl71m_r0pvz60z00000gn/T/TestFullLifecycle_CreateAddReadUpdateDelete2208169044/001", "isForeignKey": false, "existingFiles": 1}
2025-12-03T18:31:59.186-0500	DEBUG	hashindexV3/hash_index_api.go:284	Created new LSM-style hash index	{"indexName": "Product", "bundleName": "TestBundle", "dataDir": "/var/folders/85/q1ly22y17zl71m_r0pvz60z00000gn/T/TestFullLifecycle_CreateAddReadUpdateDelete2208169044/001"}
    header_based_index_test.go:656: ✓ Step 1: Index created
2025-12-03T18:31:59.186-0500	DEBUG	hashindexV3/header_manager.go:104	Created header for index Product, field Product, file 0 (FK=false, Unique=false, PK=false)
2025-12-03T18:31:59.186-0500	DEBUG	hashindexV3/hash_entry_storage.go:230	Wrote header to new bucket file	{"fieldName": "Product", "bucketNum": 108, "fileNum": 0, "headerBytes": 347}
2025-12-03T18:31:59.186-0500	DEBUG	hashindexV3/header_manager.go:104	Created header for index Product, field Product, file 0 (FK=false, Unique=false, PK=false)
2025-12-03T18:31:59.186-0500	DEBUG	hashindexV3/hash_entry_storage.go:230	Wrote header to new bucket file	{"fieldName": "Product", "bucketNum": 185, "fileNum": 0, "headerBytes": 347}
2025-12-03T18:31:59.186-0500	DEBUG	hashindexV3/header_manager.go:104	Created header for index Product, field Product, file 0 (FK=false, Unique=false, PK=false)
2025-12-03T18:31:59.186-0500	DEBUG	hashindexV3/hash_entry_storage.go:230	Wrote header to new bucket file	{"fieldName": "Product", "bucketNum": 184, "fileNum": 0, "headerBytes": 347}
    header_based_index_test.go:668: ✓ Step 2: Entries added
    header_based_index_test.go:676: ✓ Step 3: Entries read successfully
    header_based_index_test.go:684: ✓ Step 4: Entry updated
2025-12-03T18:31:59.186-0500	DEBUG	hashindexV3/header_manager.go:104	Created header for index Product, field Product, file 0 (FK=false, Unique=false, PK=false)
2025-12-03T18:31:59.186-0500	DEBUG	hashindexV3/hash_entry_storage.go:230	Wrote header to new bucket file	{"fieldName": "Product", "bucketNum": 0, "fileNum": 0, "headerBytes": 347}
    header_based_index_test.go:692: ✓ Step 5: Entry deleted
    header_based_index_test.go:698: ✓ Step 6: Remaining entries intact
    header_based_index_test.go:700: ✅ Full lifecycle test completed successfully!
2025-12-03T18:31:59.188-0500	DEBUG	hashindexV3/header_manager.go:158	Read header from /var/folders/85/q1ly22y17zl71m_r0pvz60z00000gn/T/TestFullLifecycle_CreateAddReadUpdateDelete2208169044/001/Product.0.hidx: index=Product, field=Product, entries=0, size=347 bytes
2025-12-03T18:31:59.188-0500	DEBUG	hashindexV3/header_manager.go:198	Wrote header to /var/folders/85/q1ly22y17zl71m_r0pvz60z00000gn/T/TestFullLifecycle_CreateAddReadUpdateDelete2208169044/001/Product.0.hidx: index=Product, field=Product, 347 bytes
2025-12-03T18:31:59.188-0500	DEBUG	hashindexV3/header_manager.go:236	Updated statistics in /var/folders/85/q1ly22y17zl71m_r0pvz60z00000gn/T/TestFullLifecycle_CreateAddReadUpdateDelete2208169044/001/Product.0.hidx: entries=5, deleted=0, size=347, seq=5
2025-12-03T18:31:59.188-0500	DEBUG	hashindexV3/hash_entry_storage.go:720	Updated header statistics: entries=5, size=347, seq=5
2025-12-03T18:31:59.188-0500	DEBUG	hashindexV3/hash_index_metadata.go:56	SaveMetadata called (deprecated, now no-op - using headers)	{"indexName": "Product"}
2025-12-03T18:31:59.188-0500	INFO	hashindexV3/hash_entry_storage.go:926	Entry storage closed	{"indexName": "Product", "bundleName": "TestBundle", "useBuckets": true, "totalEntries": 5, "totalBytes": 388}
2025-12-03T18:31:59.188-0500	INFO	hashindexV3/hash_index_api.go:729	Closed hash index	{"indexName": "Product", "totalPuts": 4, "totalGets": 7, "totalDeletes": 1}
--- PASS: TestFullLifecycle_CreateAddReadUpdateDelete (0.00s)
=== RUN   TestPersistence_DataSurvivesReopen
2025-12-03T18:31:59.189-0500	DEBUG	hashindexV3/header_manager.go:104	Created header for index PersistTest, field PersistTest, file 0 (FK=false, Unique=false, PK=false)
2025-12-03T18:31:59.189-0500	DEBUG	hashindexV3/header_manager.go:198	Wrote header to /var/folders/85/q1ly22y17zl71m_r0pvz60z00000gn/T/TestPersistence_DataSurvivesReopen3864034094/001/PersistTest.0.hidx: index=PersistTest, field=PersistTest, 355 bytes
2025-12-03T18:31:59.189-0500	DEBUG	hashindexV3/hash_entry_storage.go:1171	Wrote header to new file PersistTest.0.hidx: 355 bytes
2025-12-03T18:31:59.189-0500	INFO	hashindexV3/hash_entry_storage.go:492	Entry storage initialized	{"indexName": "PersistTest", "fieldName": "PersistTest", "bundleName": "TestBundle", "dataDir": "/var/folders/85/q1ly22y17zl71m_r0pvz60z00000gn/T/TestPersistence_DataSurvivesReopen3864034094/001", "isForeignKey": false, "existingFiles": 1}
2025-12-03T18:31:59.189-0500	DEBUG	hashindexV3/hash_index_api.go:284	Created new LSM-style hash index	{"indexName": "PersistTest", "bundleName": "TestBundle", "dataDir": "/var/folders/85/q1ly22y17zl71m_r0pvz60z00000gn/T/TestPersistence_DataSurvivesReopen3864034094/001"}
2025-12-03T18:31:59.189-0500	DEBUG	hashindexV3/header_manager.go:104	Created header for index PersistTest, field PersistTest, file 0 (FK=false, Unique=false, PK=false)
2025-12-03T18:31:59.189-0500	DEBUG	hashindexV3/hash_entry_storage.go:230	Wrote header to new bucket file	{"fieldName": "PersistTest", "bucketNum": 45, "fileNum": 0, "headerBytes": 355}
2025-12-03T18:31:59.189-0500	DEBUG	hashindexV3/header_manager.go:104	Created header for index PersistTest, field PersistTest, file 0 (FK=false, Unique=false, PK=false)
2025-12-03T18:31:59.189-0500	DEBUG	hashindexV3/hash_entry_storage.go:230	Wrote header to new bucket file	{"fieldName": "PersistTest", "bucketNum": 23, "fileNum": 0, "headerBytes": 355}
2025-12-03T18:31:59.189-0500	DEBUG	hashindexV3/header_manager.go:104	Created header for index PersistTest, field PersistTest, file 0 (FK=false, Unique=false, PK=false)
2025-12-03T18:31:59.189-0500	DEBUG	hashindexV3/hash_entry_storage.go:230	Wrote header to new bucket file	{"fieldName": "PersistTest", "bucketNum": 18, "fileNum": 0, "headerBytes": 355}
2025-12-03T18:31:59.191-0500	DEBUG	hashindexV3/header_manager.go:158	Read header from /var/folders/85/q1ly22y17zl71m_r0pvz60z00000gn/T/TestPersistence_DataSurvivesReopen3864034094/001/PersistTest.0.hidx: index=PersistTest, field=PersistTest, entries=0, size=355 bytes
2025-12-03T18:31:59.191-0500	DEBUG	hashindexV3/header_manager.go:198	Wrote header to /var/folders/85/q1ly22y17zl71m_r0pvz60z00000gn/T/TestPersistence_DataSurvivesReopen3864034094/001/PersistTest.0.hidx: index=PersistTest, field=PersistTest, 355 bytes
2025-12-03T18:31:59.191-0500	DEBUG	hashindexV3/header_manager.go:236	Updated statistics in /var/folders/85/q1ly22y17zl71m_r0pvz60z00000gn/T/TestPersistence_DataSurvivesReopen3864034094/001/PersistTest.0.hidx: entries=3, deleted=0, size=355, seq=3
2025-12-03T18:31:59.191-0500	DEBUG	hashindexV3/hash_entry_storage.go:720	Updated header statistics: entries=3, size=355, seq=3
2025-12-03T18:31:59.191-0500	DEBUG	hashindexV3/hash_index_metadata.go:56	SaveMetadata called (deprecated, now no-op - using headers)	{"indexName": "PersistTest"}
2025-12-03T18:31:59.191-0500	INFO	hashindexV3/hash_entry_storage.go:926	Entry storage closed	{"indexName": "PersistTest", "bundleName": "TestBundle", "useBuckets": true, "totalEntries": 3, "totalBytes": 198}
2025-12-03T18:31:59.191-0500	INFO	hashindexV3/hash_index_api.go:729	Closed hash index	{"indexName": "PersistTest", "totalPuts": 3, "totalGets": 0, "totalDeletes": 0}
    header_based_index_test.go:725: ✓ Phase 1: Data written and index closed
2025-12-03T18:31:59.191-0500	DEBUG	hashindexV3/header_manager.go:158	Read header from /var/folders/85/q1ly22y17zl71m_r0pvz60z00000gn/T/TestPersistence_DataSurvivesReopen3864034094/001/PersistTest.0.hidx: index=PersistTest, field=PersistTest, entries=3, size=355 bytes
2025-12-03T18:31:59.191-0500	DEBUG	hashindexV3/hash_entry_storage.go:1204	Opened existing file PersistTest.0.hidx: header size=355, file size=355
2025-12-03T18:31:59.191-0500	INFO	hashindexV3/hash_entry_storage.go:492	Entry storage initialized	{"indexName": "PersistTest", "fieldName": "PersistTest", "bundleName": "TestBundle", "dataDir": "/var/folders/85/q1ly22y17zl71m_r0pvz60z00000gn/T/TestPersistence_DataSurvivesReopen3864034094/001", "isForeignKey": false, "existingFiles": 1}
2025-12-03T18:31:59.191-0500	DEBUG	hashindexV3/hash_index_api.go:284	Created new LSM-style hash index	{"indexName": "PersistTest", "bundleName": "TestBundle", "dataDir": "/var/folders/85/q1ly22y17zl71m_r0pvz60z00000gn/T/TestPersistence_DataSurvivesReopen3864034094/001"}
2025-12-03T18:31:59.192-0500	DEBUG	hashindexV3/header_manager.go:104	Created header for index PersistTest, field PersistTest, file 1 (FK=false, Unique=false, PK=false)
2025-12-03T18:31:59.192-0500	DEBUG	hashindexV3/hash_entry_storage.go:230	Wrote header to new bucket file	{"fieldName": "PersistTest", "bucketNum": 23, "fileNum": 1, "headerBytes": 355}
2025-12-03T18:31:59.192-0500	DEBUG	hashindexV3/hash_entry_storage.go:1320	Scanning new format file, skipping header: 355 bytes
2025-12-03T18:31:59.192-0500	DEBUG	hashindexV3/hash_entry_storage.go:1320	Scanning new format file, skipping header: 355 bytes
2025-12-03T18:31:59.192-0500	DEBUG	hashindexV3/header_manager.go:104	Created header for index PersistTest, field PersistTest, file 1 (FK=false, Unique=false, PK=false)
2025-12-03T18:31:59.192-0500	DEBUG	hashindexV3/hash_entry_storage.go:230	Wrote header to new bucket file	{"fieldName": "PersistTest", "bucketNum": 18, "fileNum": 1, "headerBytes": 355}
2025-12-03T18:31:59.192-0500	DEBUG	hashindexV3/hash_entry_storage.go:1320	Scanning new format file, skipping header: 355 bytes
2025-12-03T18:31:59.192-0500	DEBUG	hashindexV3/hash_entry_storage.go:1320	Scanning new format file, skipping header: 355 bytes
2025-12-03T18:31:59.192-0500	DEBUG	hashindexV3/header_manager.go:104	Created header for index PersistTest, field PersistTest, file 1 (FK=false, Unique=false, PK=false)
2025-12-03T18:31:59.192-0500	DEBUG	hashindexV3/hash_entry_storage.go:230	Wrote header to new bucket file	{"fieldName": "PersistTest", "bucketNum": 45, "fileNum": 1, "headerBytes": 355}
2025-12-03T18:31:59.192-0500	DEBUG	hashindexV3/hash_entry_storage.go:1320	Scanning new format file, skipping header: 355 bytes
2025-12-03T18:31:59.192-0500	DEBUG	hashindexV3/hash_entry_storage.go:1320	Scanning new format file, skipping header: 355 bytes
    header_based_index_test.go:737: ✓ Phase 2: All data persisted correctly
    header_based_index_test.go:739: ✅ Persistence test completed successfully!
2025-12-03T18:31:59.195-0500	DEBUG	hashindexV3/header_manager.go:158	Read header from /var/folders/85/q1ly22y17zl71m_r0pvz60z00000gn/T/TestPersistence_DataSurvivesReopen3864034094/001/PersistTest.0.hidx: index=PersistTest, field=PersistTest, entries=3, size=355 bytes
2025-12-03T18:31:59.195-0500	DEBUG	hashindexV3/header_manager.go:198	Wrote header to /var/folders/85/q1ly22y17zl71m_r0pvz60z00000gn/T/TestPersistence_DataSurvivesReopen3864034094/001/PersistTest.0.hidx: index=PersistTest, field=PersistTest, 355 bytes
2025-12-03T18:31:59.195-0500	DEBUG	hashindexV3/header_manager.go:236	Updated statistics in /var/folders/85/q1ly22y17zl71m_r0pvz60z00000gn/T/TestPersistence_DataSurvivesReopen3864034094/001/PersistTest.0.hidx: entries=0, deleted=0, size=355, seq=0
2025-12-03T18:31:59.195-0500	DEBUG	hashindexV3/hash_entry_storage.go:720	Updated header statistics: entries=0, size=355, seq=0
2025-12-03T18:31:59.195-0500	DEBUG	hashindexV3/hash_index_metadata.go:56	SaveMetadata called (deprecated, now no-op - using headers)	{"indexName": "PersistTest"}
2025-12-03T18:31:59.195-0500	INFO	hashindexV3/hash_entry_storage.go:926	Entry storage closed	{"indexName": "PersistTest", "bundleName": "TestBundle", "useBuckets": true, "totalEntries": 0, "totalBytes": 0}
2025-12-03T18:31:59.195-0500	INFO	hashindexV3/hash_index_api.go:729	Closed hash index	{"indexName": "PersistTest", "totalPuts": 0, "totalGets": 3, "totalDeletes": 0}
--- PASS: TestPersistence_DataSurvivesReopen (0.01s)
=== RUN   TestPerformance_WriteSpeed
2025-12-03T18:31:59.196-0500	DEBUG	hashindexV3/header_manager.go:104	Created header for index PerfTest, field PerfTest, file 0 (FK=false, Unique=false, PK=false)
2025-12-03T18:31:59.196-0500	DEBUG	hashindexV3/header_manager.go:198	Wrote header to /var/folders/85/q1ly22y17zl71m_r0pvz60z00000gn/T/TestPerformance_WriteSpeed1206205364/001/PerfTest.0.hidx: index=PerfTest, field=PerfTest, 349 bytes
2025-12-03T18:31:59.196-0500	DEBUG	hashindexV3/hash_entry_storage.go:1171	Wrote header to new file PerfTest.0.hidx: 349 bytes
2025-12-03T18:31:59.196-0500	INFO	hashindexV3/hash_entry_storage.go:492	Entry storage initialized	{"indexName": "PerfTest", "fieldName": "PerfTest", "bundleName": "TestBundle", "dataDir": "/var/folders/85/q1ly22y17zl71m_r0pvz60z00000gn/T/TestPerformance_WriteSpeed1206205364/001", "isForeignKey": false, "existingFiles": 1}
2025-12-03T18:31:59.196-0500	DEBUG	hashindexV3/hash_index_api.go:284	Created new LSM-style hash index	{"indexName": "PerfTest", "bundleName": "TestBundle", "dataDir": "/var/folders/85/q1ly22y17zl71m_r0pvz60z00000gn/T/TestPerformance_WriteSpeed1206205364/001"}
2025-12-03T18:31:59.196-0500	DEBUG	hashindexV3/header_manager.go:104	Created header for index PerfTest, field PerfTest, file 0 (FK=false, Unique=false, PK=false)
2025-12-03T18:31:59.196-0500	DEBUG	hashindexV3/hash_entry_storage.go:230	Wrote header to new bucket file	{"fieldName": "PerfTest", "bucketNum": 115, "fileNum": 0, "headerBytes": 349}
2025-12-03T18:31:59.196-0500	DEBUG	hashindexV3/header_manager.go:104	Created header for index PerfTest, field PerfTest, file 0 (FK=false, Unique=false, PK=false)
2025-12-03T18:31:59.196-0500	DEBUG	hashindexV3/hash_entry_storage.go:230	Wrote header to new bucket file	{"fieldName": "PerfTest", "bucketNum": 158, "fileNum": 0, "headerBytes": 349}
2025-12-03T18:31:59.196-0500	DEBUG	hashindexV3/header_manager.go:104	Created header for index PerfTest, field PerfTest, file 0 (FK=false, Unique=false, PK=false)
2025-12-03T18:31:59.196-0500	DEBUG	hashindexV3/hash_entry_storage.go:230	Wrote header to new bucket file	{"fieldName": "PerfTest", "bucketNum": 40, "fileNum": 0, "headerBytes": 349}
2025-12-03T18:31:59.196-0500	DEBUG	hashindexV3/header_manager.go:104	Created header for index PerfTest, field PerfTest, file 0 (FK=false, Unique=false, PK=false)
2025-12-03T18:31:59.196-0500	DEBUG	hashindexV3/hash_entry_storage.go:230	Wrote header to new bucket file	{"fieldName": "PerfTest", "bucketNum": 108, "fileNum": 0, "headerBytes": 349}
2025-12-03T18:31:59.196-0500	DEBUG	hashindexV3/header_manager.go:104	Created header for index PerfTest, field PerfTest, file 0 (FK=false, Unique=false, PK=false)
2025-12-03T18:31:59.196-0500	DEBUG	hashindexV3/hash_entry_storage.go:230	Wrote header to new bucket file	{"fieldName": "PerfTest", "bucketNum": 231, "fileNum": 0, "headerBytes": 349}
2025-12-03T18:31:59.196-0500	DEBUG	hashindexV3/header_manager.go:104	Created header for index PerfTest, field PerfTest, file 0 (FK=false, Unique=false, PK=false)
2025-12-03T18:31:59.196-0500	DEBUG	hashindexV3/hash_entry_storage.go:230	Wrote header to new bucket file	{"fieldName": "PerfTest", "bucketNum": 78, "fileNum": 0, "headerBytes": 349}
2025-12-03T18:31:59.196-0500	DEBUG	hashindexV3/header_manager.go:104	Created header for index PerfTest, field PerfTest, file 0 (FK=false, Unique=false, PK=false)
2025-12-03T18:31:59.196-0500	DEBUG	hashindexV3/hash_entry_storage.go:230	Wrote header to new bucket file	{"fieldName": "PerfTest", "bucketNum": 195, "fileNum": 0, "headerBytes": 349}
2025-12-03T18:31:59.196-0500	DEBUG	hashindexV3/header_manager.go:104	Created header for index PerfTest, field PerfTest, file 0 (FK=false, Unique=false, PK=false)
2025-12-03T18:31:59.196-0500	DEBUG	hashindexV3/hash_entry_storage.go:230	Wrote header to new bucket file	{"fieldName": "PerfTest", "bucketNum": 245, "fileNum": 0, "headerBytes": 349}
2025-12-03T18:31:59.196-0500	DEBUG	hashindexV3/header_manager.go:104	Created header for index PerfTest, field PerfTest, file 0 (FK=false, Unique=false, PK=false)
2025-12-03T18:31:59.196-0500	DEBUG	hashindexV3/hash_entry_storage.go:230	Wrote header to new bucket file	{"fieldName": "PerfTest", "bucketNum": 241, "fileNum": 0, "headerBytes": 349}
2025-12-03T18:31:59.196-0500	DEBUG	hashindexV3/header_manager.go:104	Created header for index PerfTest, field PerfTest, file 0 (FK=false, Unique=false, PK=false)
2025-12-03T18:31:59.196-0500	DEBUG	hashindexV3/hash_entry_storage.go:230	Wrote header to new bucket file	{"fieldName": "PerfTest", "bucketNum": 194, "fileNum": 0, "headerBytes": 349}
2025-12-03T18:31:59.197-0500	DEBUG	hashindexV3/header_manager.go:104	Created header for index PerfTest, field PerfTest, file 0 (FK=false, Unique=false, PK=false)
2025-12-03T18:31:59.197-0500	DEBUG	hashindexV3/hash_entry_storage.go:230	Wrote header to new bucket file	{"fieldName": "PerfTest", "bucketNum": 171, "fileNum": 0, "headerBytes": 349}
2025-12-03T18:31:59.197-0500	DEBUG	hashindexV3/header_manager.go:104	Created header for index PerfTest, field PerfTest, file 0 (FK=false, Unique=false, PK=false)
2025-12-03T18:31:59.197-0500	DEBUG	hashindexV3/hash_entry_storage.go:230	Wrote header to new bucket file	{"fieldName": "PerfTest", "bucketNum": 167, "fileNum": 0, "headerBytes": 349}
2025-12-03T18:31:59.197-0500	DEBUG	hashindexV3/header_manager.go:104	Created header for index PerfTest, field PerfTest, file 0 (FK=false, Unique=false, PK=false)
2025-12-03T18:31:59.197-0500	DEBUG	hashindexV3/hash_entry_storage.go:230	Wrote header to new bucket file	{"fieldName": "PerfTest", "bucketNum": 112, "fileNum": 0, "headerBytes": 349}
2025-12-03T18:31:59.197-0500	DEBUG	hashindexV3/header_manager.go:104	Created header for index PerfTest, field PerfTest, file 0 (FK=false, Unique=false, PK=false)
2025-12-03T18:31:59.197-0500	DEBUG	hashindexV3/hash_entry_storage.go:230	Wrote header to new bucket file	{"fieldName": "PerfTest", "bucketNum": 107, "fileNum": 0, "headerBytes": 349}
2025-12-03T18:31:59.197-0500	DEBUG	hashindexV3/header_manager.go:104	Created header for index PerfTest, field PerfTest, file 0 (FK=false, Unique=false, PK=false)
2025-12-03T18:31:59.197-0500	DEBUG	hashindexV3/hash_entry_storage.go:230	Wrote header to new bucket file	{"fieldName": "PerfTest", "bucketNum": 214, "fileNum": 0, "headerBytes": 349}
2025-12-03T18:31:59.197-0500	DEBUG	hashindexV3/header_manager.go:104	Created header for index PerfTest, field PerfTest, file 0 (FK=false, Unique=false, PK=false)
2025-12-03T18:31:59.197-0500	DEBUG	hashindexV3/hash_entry_storage.go:230	Wrote header to new bucket file	{"fieldName": "PerfTest", "bucketNum": 101, "fileNum": 0, "headerBytes": 349}
2025-12-03T18:31:59.197-0500	DEBUG	hashindexV3/header_manager.go:104	Created header for index PerfTest, field PerfTest, file 0 (FK=false, Unique=false, PK=false)
2025-12-03T18:31:59.197-0500	DEBUG	hashindexV3/hash_entry_storage.go:230	Wrote header to new bucket file	{"fieldName": "PerfTest", "bucketNum": 124, "fileNum": 0, "headerBytes": 349}
2025-12-03T18:31:59.197-0500	DEBUG	hashindexV3/header_manager.go:104	Created header for index PerfTest, field PerfTest, file 0 (FK=false, Unique=false, PK=false)
2025-12-03T18:31:59.197-0500	DEBUG	hashindexV3/hash_entry_storage.go:230	Wrote header to new bucket file	{"fieldName": "PerfTest", "bucketNum": 186, "fileNum": 0, "headerBytes": 349}
2025-12-03T18:31:59.197-0500	DEBUG	hashindexV3/header_manager.go:104	Created header for index PerfTest, field PerfTest, file 0 (FK=false, Unique=false, PK=false)
2025-12-03T18:31:59.197-0500	DEBUG	hashindexV3/hash_entry_storage.go:230	Wrote header to new bucket file	{"fieldName": "PerfTest", "bucketNum": 20, "fileNum": 0, "headerBytes": 349}
2025-12-03T18:31:59.197-0500	DEBUG	hashindexV3/header_manager.go:104	Created header for index PerfTest, field PerfTest, file 0 (FK=false, Unique=false, PK=false)
2025-12-03T18:31:59.197-0500	DEBUG	hashindexV3/hash_entry_storage.go:230	Wrote header to new bucket file	{"fieldName": "PerfTest", "bucketNum": 173, "fileNum": 0, "headerBytes": 349}
2025-12-03T18:31:59.197-0500	DEBUG	hashindexV3/header_manager.go:104	Created header for index PerfTest, field PerfTest, file 0 (FK=false, Unique=false, PK=false)
2025-12-03T18:31:59.197-0500	DEBUG	hashindexV3/hash_entry_storage.go:230	Wrote header to new bucket file	{"fieldName": "PerfTest", "bucketNum": 21, "fileNum": 0, "headerBytes": 349}
2025-12-03T18:31:59.198-0500	DEBUG	hashindexV3/header_manager.go:104	Created header for index PerfTest, field PerfTest, file 0 (FK=false, Unique=false, PK=false)
2025-12-03T18:31:59.198-0500	DEBUG	hashindexV3/hash_entry_storage.go:230	Wrote header to new bucket file	{"fieldName": "PerfTest", "bucketNum": 130, "fileNum": 0, "headerBytes": 349}
2025-12-03T18:31:59.198-0500	DEBUG	hashindexV3/header_manager.go:104	Created header for index PerfTest, field PerfTest, file 0 (FK=false, Unique=false, PK=false)
2025-12-03T18:31:59.198-0500	DEBUG	hashindexV3/hash_entry_storage.go:230	Wrote header to new bucket file	{"fieldName": "PerfTest", "bucketNum": 161, "fileNum": 0, "headerBytes": 349}
2025-12-03T18:31:59.198-0500	DEBUG	hashindexV3/header_manager.go:104	Created header for index PerfTest, field PerfTest, file 0 (FK=false, Unique=false, PK=false)
2025-12-03T18:31:59.198-0500	DEBUG	hashindexV3/hash_entry_storage.go:230	Wrote header to new bucket file	{"fieldName": "PerfTest", "bucketNum": 30, "fileNum": 0, "headerBytes": 349}
2025-12-03T18:31:59.198-0500	DEBUG	hashindexV3/header_manager.go:104	Created header for index PerfTest, field PerfTest, file 0 (FK=false, Unique=false, PK=false)
2025-12-03T18:31:59.198-0500	DEBUG	hashindexV3/hash_entry_storage.go:230	Wrote header to new bucket file	{"fieldName": "PerfTest", "bucketNum": 87, "fileNum": 0, "headerBytes": 349}
2025-12-03T18:31:59.198-0500	DEBUG	hashindexV3/header_manager.go:104	Created header for index PerfTest, field PerfTest, file 0 (FK=false, Unique=false, PK=false)
2025-12-03T18:31:59.198-0500	DEBUG	hashindexV3/hash_entry_storage.go:230	Wrote header to new bucket file	{"fieldName": "PerfTest", "bucketNum": 18, "fileNum": 0, "headerBytes": 349}
2025-12-03T18:31:59.198-0500	DEBUG	hashindexV3/header_manager.go:104	Created header for index PerfTest, field PerfTest, file 0 (FK=false, Unique=false, PK=false)
2025-12-03T18:31:59.198-0500	DEBUG	hashindexV3/hash_entry_storage.go:230	Wrote header to new bucket file	{"fieldName": "PerfTest", "bucketNum": 15, "fileNum": 0, "headerBytes": 349}
2025-12-03T18:31:59.198-0500	DEBUG	hashindexV3/header_manager.go:104	Created header for index PerfTest, field PerfTest, file 0 (FK=false, Unique=false, PK=false)
2025-12-03T18:31:59.198-0500	DEBUG	hashindexV3/hash_entry_storage.go:230	Wrote header to new bucket file	{"fieldName": "PerfTest", "bucketNum": 211, "fileNum": 0, "headerBytes": 349}
2025-12-03T18:31:59.198-0500	DEBUG	hashindexV3/header_manager.go:104	Created header for index PerfTest, field PerfTest, file 0 (FK=false, Unique=false, PK=false)
2025-12-03T18:31:59.198-0500	DEBUG	hashindexV3/hash_entry_storage.go:230	Wrote header to new bucket file	{"fieldName": "PerfTest", "bucketNum": 227, "fileNum": 0, "headerBytes": 349}
2025-12-03T18:31:59.198-0500	DEBUG	hashindexV3/header_manager.go:104	Created header for index PerfTest, field PerfTest, file 0 (FK=false, Unique=false, PK=false)
2025-12-03T18:31:59.198-0500	DEBUG	hashindexV3/hash_entry_storage.go:230	Wrote header to new bucket file	{"fieldName": "PerfTest", "bucketNum": 57, "fileNum": 0, "headerBytes": 349}
2025-12-03T18:31:59.198-0500	DEBUG	hashindexV3/header_manager.go:104	Created header for index PerfTest, field PerfTest, file 0 (FK=false, Unique=false, PK=false)
2025-12-03T18:31:59.198-0500	DEBUG	hashindexV3/hash_entry_storage.go:230	Wrote header to new bucket file	{"fieldName": "PerfTest", "bucketNum": 72, "fileNum": 0, "headerBytes": 349}
2025-12-03T18:31:59.198-0500	DEBUG	hashindexV3/header_manager.go:104	Created header for index PerfTest, field PerfTest, file 0 (FK=false, Unique=false, PK=false)
2025-12-03T18:31:59.198-0500	DEBUG	hashindexV3/hash_entry_storage.go:230	Wrote header to new bucket file	{"fieldName": "PerfTest", "bucketNum": 144, "fileNum": 0, "headerBytes": 349}
2025-12-03T18:31:59.199-0500	DEBUG	hashindexV3/header_manager.go:104	Created header for index PerfTest, field PerfTest, file 0 (FK=false, Unique=false, PK=false)
2025-12-03T18:31:59.199-0500	DEBUG	hashindexV3/hash_entry_storage.go:230	Wrote header to new bucket file	{"fieldName": "PerfTest", "bucketNum": 114, "fileNum": 0, "headerBytes": 349}
2025-12-03T18:31:59.199-0500	DEBUG	hashindexV3/header_manager.go:104	Created header for index PerfTest, field PerfTest, file 0 (FK=false, Unique=false, PK=false)
2025-12-03T18:31:59.199-0500	DEBUG	hashindexV3/hash_entry_storage.go:230	Wrote header to new bucket file	{"fieldName": "PerfTest", "bucketNum": 70, "fileNum": 0, "headerBytes": 349}
2025-12-03T18:31:59.199-0500	DEBUG	hashindexV3/header_manager.go:104	Created header for index PerfTest, field PerfTest, file 0 (FK=false, Unique=false, PK=false)
2025-12-03T18:31:59.199-0500	DEBUG	hashindexV3/hash_entry_storage.go:230	Wrote header to new bucket file	{"fieldName": "PerfTest", "bucketNum": 217, "fileNum": 0, "headerBytes": 349}
2025-12-03T18:31:59.199-0500	DEBUG	hashindexV3/header_manager.go:104	Created header for index PerfTest, field PerfTest, file 0 (FK=false, Unique=false, PK=false)
2025-12-03T18:31:59.199-0500	DEBUG	hashindexV3/hash_entry_storage.go:230	Wrote header to new bucket file	{"fieldName": "PerfTest", "bucketNum": 137, "fileNum": 0, "headerBytes": 349}
2025-12-03T18:31:59.199-0500	DEBUG	hashindexV3/header_manager.go:104	Created header for index PerfTest, field PerfTest, file 0 (FK=false, Unique=false, PK=false)
2025-12-03T18:31:59.199-0500	DEBUG	hashindexV3/hash_entry_storage.go:230	Wrote header to new bucket file	{"fieldName": "PerfTest", "bucketNum": 238, "fileNum": 0, "headerBytes": 349}
2025-12-03T18:31:59.199-0500	DEBUG	hashindexV3/header_manager.go:104	Created header for index PerfTest, field PerfTest, file 0 (FK=false, Unique=false, PK=false)
2025-12-03T18:31:59.199-0500	DEBUG	hashindexV3/hash_entry_storage.go:230	Wrote header to new bucket file	{"fieldName": "PerfTest", "bucketNum": 62, "fileNum": 0, "headerBytes": 349}
2025-12-03T18:31:59.199-0500	DEBUG	hashindexV3/header_manager.go:104	Created header for index PerfTest, field PerfTest, file 0 (FK=false, Unique=false, PK=false)
2025-12-03T18:31:59.199-0500	DEBUG	hashindexV3/hash_entry_storage.go:230	Wrote header to new bucket file	{"fieldName": "PerfTest", "bucketNum": 66, "fileNum": 0, "headerBytes": 349}
2025-12-03T18:31:59.199-0500	DEBUG	hashindexV3/header_manager.go:104	Created header for index PerfTest, field PerfTest, file 0 (FK=false, Unique=false, PK=false)
2025-12-03T18:31:59.199-0500	DEBUG	hashindexV3/hash_entry_storage.go:230	Wrote header to new bucket file	{"fieldName": "PerfTest", "bucketNum": 25, "fileNum": 0, "headerBytes": 349}
2025-12-03T18:31:59.199-0500	DEBUG	hashindexV3/header_manager.go:104	Created header for index PerfTest, field PerfTest, file 0 (FK=false, Unique=false, PK=false)
2025-12-03T18:31:59.199-0500	DEBUG	hashindexV3/hash_entry_storage.go:230	Wrote header to new bucket file	{"fieldName": "PerfTest", "bucketNum": 160, "fileNum": 0, "headerBytes": 349}
2025-12-03T18:31:59.199-0500	DEBUG	hashindexV3/header_manager.go:104	Created header for index PerfTest, field PerfTest, file 0 (FK=false, Unique=false, PK=false)
2025-12-03T18:31:59.199-0500	DEBUG	hashindexV3/hash_entry_storage.go:230	Wrote header to new bucket file	{"fieldName": "PerfTest", "bucketNum": 79, "fileNum": 0, "headerBytes": 349}
2025-12-03T18:31:59.200-0500	DEBUG	hashindexV3/header_manager.go:104	Created header for index PerfTest, field PerfTest, file 0 (FK=false, Unique=false, PK=false)
2025-12-03T18:31:59.200-0500	DEBUG	hashindexV3/hash_entry_storage.go:230	Wrote header to new bucket file	{"fieldName": "PerfTest", "bucketNum": 5, "fileNum": 0, "headerBytes": 349}
2025-12-03T18:31:59.200-0500	DEBUG	hashindexV3/header_manager.go:104	Created header for index PerfTest, field PerfTest, file 0 (FK=false, Unique=false, PK=false)
2025-12-03T18:31:59.200-0500	DEBUG	hashindexV3/hash_entry_storage.go:230	Wrote header to new bucket file	{"fieldName": "PerfTest", "bucketNum": 19, "fileNum": 0, "headerBytes": 349}
2025-12-03T18:31:59.200-0500	DEBUG	hashindexV3/header_manager.go:104	Created header for index PerfTest, field PerfTest, file 0 (FK=false, Unique=false, PK=false)
2025-12-03T18:31:59.200-0500	DEBUG	hashindexV3/hash_entry_storage.go:230	Wrote header to new bucket file	{"fieldName": "PerfTest", "bucketNum": 81, "fileNum": 0, "headerBytes": 349}
2025-12-03T18:31:59.200-0500	DEBUG	hashindexV3/header_manager.go:104	Created header for index PerfTest, field PerfTest, file 0 (FK=false, Unique=false, PK=false)
2025-12-03T18:31:59.200-0500	DEBUG	hashindexV3/hash_entry_storage.go:230	Wrote header to new bucket file	{"fieldName": "PerfTest", "bucketNum": 37, "fileNum": 0, "headerBytes": 349}
2025-12-03T18:31:59.200-0500	DEBUG	hashindexV3/header_manager.go:104	Created header for index PerfTest, field PerfTest, file 0 (FK=false, Unique=false, PK=false)
2025-12-03T18:31:59.200-0500	DEBUG	hashindexV3/hash_entry_storage.go:230	Wrote header to new bucket file	{"fieldName": "PerfTest", "bucketNum": 28, "fileNum": 0, "headerBytes": 349}
2025-12-03T18:31:59.200-0500	DEBUG	hashindexV3/header_manager.go:104	Created header for index PerfTest, field PerfTest, file 0 (FK=false, Unique=false, PK=false)
2025-12-03T18:31:59.200-0500	DEBUG	hashindexV3/hash_entry_storage.go:230	Wrote header to new bucket file	{"fieldName": "PerfTest", "bucketNum": 82, "fileNum": 0, "headerBytes": 349}
2025-12-03T18:31:59.200-0500	DEBUG	hashindexV3/header_manager.go:104	Created header for index PerfTest, field PerfTest, file 0 (FK=false, Unique=false, PK=false)
2025-12-03T18:31:59.200-0500	DEBUG	hashindexV3/hash_entry_storage.go:230	Wrote header to new bucket file	{"fieldName": "PerfTest", "bucketNum": 9, "fileNum": 0, "headerBytes": 349}
2025-12-03T18:31:59.200-0500	DEBUG	hashindexV3/header_manager.go:104	Created header for index PerfTest, field PerfTest, file 0 (FK=false, Unique=false, PK=false)
2025-12-03T18:31:59.200-0500	DEBUG	hashindexV3/hash_entry_storage.go:230	Wrote header to new bucket file	{"fieldName": "PerfTest", "bucketNum": 16, "fileNum": 0, "headerBytes": 349}
2025-12-03T18:31:59.200-0500	DEBUG	hashindexV3/header_manager.go:104	Created header for index PerfTest, field PerfTest, file 0 (FK=false, Unique=false, PK=false)
2025-12-03T18:31:59.200-0500	DEBUG	hashindexV3/hash_entry_storage.go:230	Wrote header to new bucket file	{"fieldName": "PerfTest", "bucketNum": 157, "fileNum": 0, "headerBytes": 349}
2025-12-03T18:31:59.200-0500	DEBUG	hashindexV3/header_manager.go:104	Created header for index PerfTest, field PerfTest, file 0 (FK=false, Unique=false, PK=false)
2025-12-03T18:31:59.200-0500	DEBUG	hashindexV3/hash_entry_storage.go:230	Wrote header to new bucket file	{"fieldName": "PerfTest", "bucketNum": 13, "fileNum": 0, "headerBytes": 349}
2025-12-03T18:31:59.201-0500	DEBUG	hashindexV3/header_manager.go:104	Created header for index PerfTest, field PerfTest, file 0 (FK=false, Unique=false, PK=false)
2025-12-03T18:31:59.201-0500	DEBUG	hashindexV3/hash_entry_storage.go:230	Wrote header to new bucket file	{"fieldName": "PerfTest", "bucketNum": 191, "fileNum": 0, "headerBytes": 349}
2025-12-03T18:31:59.201-0500	DEBUG	hashindexV3/header_manager.go:104	Created header for index PerfTest, field PerfTest, file 0 (FK=false, Unique=false, PK=false)
2025-12-03T18:31:59.201-0500	DEBUG	hashindexV3/hash_entry_storage.go:230	Wrote header to new bucket file	{"fieldName": "PerfTest", "bucketNum": 47, "fileNum": 0, "headerBytes": 349}
2025-12-03T18:31:59.201-0500	DEBUG	hashindexV3/header_manager.go:104	Created header for index PerfTest, field PerfTest, file 0 (FK=false, Unique=false, PK=false)
2025-12-03T18:31:59.201-0500	DEBUG	hashindexV3/hash_entry_storage.go:230	Wrote header to new bucket file	{"fieldName": "PerfTest", "bucketNum": 85, "fileNum": 0, "headerBytes": 349}
2025-12-03T18:31:59.201-0500	DEBUG	hashindexV3/header_manager.go:104	Created header for index PerfTest, field PerfTest, file 0 (FK=false, Unique=false, PK=false)
2025-12-03T18:31:59.201-0500	DEBUG	hashindexV3/hash_entry_storage.go:230	Wrote header to new bucket file	{"fieldName": "PerfTest", "bucketNum": 71, "fileNum": 0, "headerBytes": 349}
2025-12-03T18:31:59.201-0500	DEBUG	hashindexV3/header_manager.go:104	Created header for index PerfTest, field PerfTest, file 0 (FK=false, Unique=false, PK=false)
2025-12-03T18:31:59.201-0500	DEBUG	hashindexV3/hash_entry_storage.go:230	Wrote header to new bucket file	{"fieldName": "PerfTest", "bucketNum": 127, "fileNum": 0, "headerBytes": 349}
2025-12-03T18:31:59.201-0500	DEBUG	hashindexV3/header_manager.go:104	Created header for index PerfTest, field PerfTest, file 0 (FK=false, Unique=false, PK=false)
2025-12-03T18:31:59.201-0500	DEBUG	hashindexV3/hash_entry_storage.go:230	Wrote header to new bucket file	{"fieldName": "PerfTest", "bucketNum": 102, "fileNum": 0, "headerBytes": 349}
2025-12-03T18:31:59.201-0500	DEBUG	hashindexV3/header_manager.go:104	Created header for index PerfTest, field PerfTest, file 0 (FK=false, Unique=false, PK=false)
2025-12-03T18:31:59.201-0500	DEBUG	hashindexV3/hash_entry_storage.go:230	Wrote header to new bucket file	{"fieldName": "PerfTest", "bucketNum": 8, "fileNum": 0, "headerBytes": 349}
2025-12-03T18:31:59.201-0500	DEBUG	hashindexV3/header_manager.go:104	Created header for index PerfTest, field PerfTest, file 0 (FK=false, Unique=false, PK=false)
2025-12-03T18:31:59.201-0500	DEBUG	hashindexV3/hash_entry_storage.go:230	Wrote header to new bucket file	{"fieldName": "PerfTest", "bucketNum": 48, "fileNum": 0, "headerBytes": 349}
2025-12-03T18:31:59.201-0500	DEBUG	hashindexV3/header_manager.go:104	Created header for index PerfTest, field PerfTest, file 0 (FK=false, Unique=false, PK=false)
2025-12-03T18:31:59.201-0500	DEBUG	hashindexV3/hash_entry_storage.go:230	Wrote header to new bucket file	{"fieldName": "PerfTest", "bucketNum": 86, "fileNum": 0, "headerBytes": 349}
2025-12-03T18:31:59.202-0500	DEBUG	hashindexV3/header_manager.go:104	Created header for index PerfTest, field PerfTest, file 0 (FK=false, Unique=false, PK=false)
2025-12-03T18:31:59.202-0500	DEBUG	hashindexV3/hash_entry_storage.go:230	Wrote header to new bucket file	{"fieldName": "PerfTest", "bucketNum": 45, "fileNum": 0, "headerBytes": 349}
2025-12-03T18:31:59.202-0500	DEBUG	hashindexV3/header_manager.go:104	Created header for index PerfTest, field PerfTest, file 0 (FK=false, Unique=false, PK=false)
2025-12-03T18:31:59.202-0500	DEBUG	hashindexV3/hash_entry_storage.go:230	Wrote header to new bucket file	{"fieldName": "PerfTest", "bucketNum": 74, "fileNum": 0, "headerBytes": 349}
2025-12-03T18:31:59.202-0500	DEBUG	hashindexV3/header_manager.go:104	Created header for index PerfTest, field PerfTest, file 0 (FK=false, Unique=false, PK=false)
2025-12-03T18:31:59.202-0500	DEBUG	hashindexV3/hash_entry_storage.go:230	Wrote header to new bucket file	{"fieldName": "PerfTest", "bucketNum": 7, "fileNum": 0, "headerBytes": 349}
2025-12-03T18:31:59.202-0500	DEBUG	hashindexV3/header_manager.go:104	Created header for index PerfTest, field PerfTest, file 0 (FK=false, Unique=false, PK=false)
2025-12-03T18:31:59.202-0500	DEBUG	hashindexV3/hash_entry_storage.go:230	Wrote header to new bucket file	{"fieldName": "PerfTest", "bucketNum": 199, "fileNum": 0, "headerBytes": 349}
2025-12-03T18:31:59.202-0500	DEBUG	hashindexV3/header_manager.go:104	Created header for index PerfTest, field PerfTest, file 0 (FK=false, Unique=false, PK=false)
2025-12-03T18:31:59.202-0500	DEBUG	hashindexV3/hash_entry_storage.go:230	Wrote header to new bucket file	{"fieldName": "PerfTest", "bucketNum": 132, "fileNum": 0, "headerBytes": 349}
2025-12-03T18:31:59.202-0500	DEBUG	hashindexV3/header_manager.go:104	Created header for index PerfTest, field PerfTest, file 0 (FK=false, Unique=false, PK=false)
2025-12-03T18:31:59.202-0500	DEBUG	hashindexV3/hash_entry_storage.go:230	Wrote header to new bucket file	{"fieldName": "PerfTest", "bucketNum": 182, "fileNum": 0, "headerBytes": 349}
2025-12-03T18:31:59.202-0500	DEBUG	hashindexV3/header_manager.go:104	Created header for index PerfTest, field PerfTest, file 0 (FK=false, Unique=false, PK=false)
2025-12-03T18:31:59.202-0500	DEBUG	hashindexV3/hash_entry_storage.go:230	Wrote header to new bucket file	{"fieldName": "PerfTest", "bucketNum": 56, "fileNum": 0, "headerBytes": 349}
2025-12-03T18:31:59.202-0500	DEBUG	hashindexV3/header_manager.go:104	Created header for index PerfTest, field PerfTest, file 0 (FK=false, Unique=false, PK=false)
2025-12-03T18:31:59.202-0500	DEBUG	hashindexV3/hash_entry_storage.go:230	Wrote header to new bucket file	{"fieldName": "PerfTest", "bucketNum": 36, "fileNum": 0, "headerBytes": 349}
2025-12-03T18:31:59.202-0500	DEBUG	hashindexV3/header_manager.go:104	Created header for index PerfTest, field PerfTest, file 0 (FK=false, Unique=false, PK=false)
2025-12-03T18:31:59.202-0500	DEBUG	hashindexV3/hash_entry_storage.go:230	Wrote header to new bucket file	{"fieldName": "PerfTest", "bucketNum": 109, "fileNum": 0, "headerBytes": 349}
2025-12-03T18:31:59.203-0500	DEBUG	hashindexV3/header_manager.go:104	Created header for index PerfTest, field PerfTest, file 0 (FK=false, Unique=false, PK=false)
2025-12-03T18:31:59.203-0500	DEBUG	hashindexV3/hash_entry_storage.go:230	Wrote header to new bucket file	{"fieldName": "PerfTest", "bucketNum": 208, "fileNum": 0, "headerBytes": 349}
2025-12-03T18:31:59.203-0500	DEBUG	hashindexV3/header_manager.go:104	Created header for index PerfTest, field PerfTest, file 0 (FK=false, Unique=false, PK=false)
2025-12-03T18:31:59.203-0500	DEBUG	hashindexV3/hash_entry_storage.go:230	Wrote header to new bucket file	{"fieldName": "PerfTest", "bucketNum": 77, "fileNum": 0, "headerBytes": 349}
2025-12-03T18:31:59.203-0500	DEBUG	hashindexV3/header_manager.go:104	Created header for index PerfTest, field PerfTest, file 0 (FK=false, Unique=false, PK=false)
2025-12-03T18:31:59.203-0500	DEBUG	hashindexV3/hash_entry_storage.go:230	Wrote header to new bucket file	{"fieldName": "PerfTest", "bucketNum": 32, "fileNum": 0, "headerBytes": 349}
2025-12-03T18:31:59.203-0500	DEBUG	hashindexV3/header_manager.go:104	Created header for index PerfTest, field PerfTest, file 0 (FK=false, Unique=false, PK=false)
2025-12-03T18:31:59.203-0500	DEBUG	hashindexV3/hash_entry_storage.go:230	Wrote header to new bucket file	{"fieldName": "PerfTest", "bucketNum": 223, "fileNum": 0, "headerBytes": 349}
2025-12-03T18:31:59.203-0500	DEBUG	hashindexV3/header_manager.go:104	Created header for index PerfTest, field PerfTest, file 0 (FK=false, Unique=false, PK=false)
2025-12-03T18:31:59.203-0500	DEBUG	hashindexV3/hash_entry_storage.go:230	Wrote header to new bucket file	{"fieldName": "PerfTest", "bucketNum": 22, "fileNum": 0, "headerBytes": 349}
2025-12-03T18:31:59.203-0500	DEBUG	hashindexV3/header_manager.go:104	Created header for index PerfTest, field PerfTest, file 0 (FK=false, Unique=false, PK=false)
2025-12-03T18:31:59.203-0500	DEBUG	hashindexV3/hash_entry_storage.go:230	Wrote header to new bucket file	{"fieldName": "PerfTest", "bucketNum": 228, "fileNum": 0, "headerBytes": 349}
2025-12-03T18:31:59.203-0500	DEBUG	hashindexV3/header_manager.go:104	Created header for index PerfTest, field PerfTest, file 0 (FK=false, Unique=false, PK=false)
2025-12-03T18:31:59.203-0500	DEBUG	hashindexV3/hash_entry_storage.go:230	Wrote header to new bucket file	{"fieldName": "PerfTest", "bucketNum": 198, "fileNum": 0, "headerBytes": 349}
2025-12-03T18:31:59.204-0500	DEBUG	hashindexV3/header_manager.go:104	Created header for index PerfTest, field PerfTest, file 0 (FK=false, Unique=false, PK=false)
2025-12-03T18:31:59.204-0500	DEBUG	hashindexV3/hash_entry_storage.go:230	Wrote header to new bucket file	{"fieldName": "PerfTest", "bucketNum": 237, "fileNum": 0, "headerBytes": 349}
2025-12-03T18:31:59.204-0500	DEBUG	hashindexV3/header_manager.go:104	Created header for index PerfTest, field PerfTest, file 0 (FK=false, Unique=false, PK=false)
2025-12-03T18:31:59.204-0500	DEBUG	hashindexV3/hash_entry_storage.go:230	Wrote header to new bucket file	{"fieldName": "PerfTest", "bucketNum": 200, "fileNum": 0, "headerBytes": 349}
2025-12-03T18:31:59.204-0500	DEBUG	hashindexV3/header_manager.go:104	Created header for index PerfTest, field PerfTest, file 0 (FK=false, Unique=false, PK=false)
2025-12-03T18:31:59.204-0500	DEBUG	hashindexV3/hash_entry_storage.go:230	Wrote header to new bucket file	{"fieldName": "PerfTest", "bucketNum": 105, "fileNum": 0, "headerBytes": 349}
2025-12-03T18:31:59.204-0500	DEBUG	hashindexV3/header_manager.go:104	Created header for index PerfTest, field PerfTest, file 0 (FK=false, Unique=false, PK=false)
2025-12-03T18:31:59.204-0500	DEBUG	hashindexV3/hash_entry_storage.go:230	Wrote header to new bucket file	{"fieldName": "PerfTest", "bucketNum": 65, "fileNum": 0, "headerBytes": 349}
2025-12-03T18:31:59.204-0500	DEBUG	hashindexV3/header_manager.go:104	Created header for index PerfTest, field PerfTest, file 0 (FK=false, Unique=false, PK=false)
2025-12-03T18:31:59.204-0500	DEBUG	hashindexV3/hash_entry_storage.go:230	Wrote header to new bucket file	{"fieldName": "PerfTest", "bucketNum": 153, "fileNum": 0, "headerBytes": 349}
2025-12-03T18:31:59.204-0500	DEBUG	hashindexV3/header_manager.go:104	Created header for index PerfTest, field PerfTest, file 0 (FK=false, Unique=false, PK=false)
2025-12-03T18:31:59.204-0500	DEBUG	hashindexV3/hash_entry_storage.go:230	Wrote header to new bucket file	{"fieldName": "PerfTest", "bucketNum": 95, "fileNum": 0, "headerBytes": 349}
2025-12-03T18:31:59.204-0500	DEBUG	hashindexV3/header_manager.go:158	Read header from /var/folders/85/q1ly22y17zl71m_r0pvz60z00000gn/T/TestPerformance_WriteSpeed1206205364/001/PerfTest.0.hidx: index=PerfTest, field=PerfTest, entries=0, size=349 bytes
2025-12-03T18:31:59.204-0500	DEBUG	hashindexV3/header_manager.go:198	Wrote header to /var/folders/85/q1ly22y17zl71m_r0pvz60z00000gn/T/TestPerformance_WriteSpeed1206205364/001/PerfTest.0.hidx: index=PerfTest, field=PerfTest, 349 bytes
2025-12-03T18:31:59.204-0500	DEBUG	hashindexV3/header_manager.go:236	Updated statistics in /var/folders/85/q1ly22y17zl71m_r0pvz60z00000gn/T/TestPerformance_WriteSpeed1206205364/001/PerfTest.0.hidx: entries=100, deleted=0, size=349, seq=100
2025-12-03T18:31:59.204-0500	DEBUG	hashindexV3/hash_entry_storage.go:720	Updated header statistics: entries=100, size=349, seq=100
2025-12-03T18:31:59.205-0500	DEBUG	hashindexV3/header_manager.go:104	Created header for index PerfTest, field PerfTest, file 0 (FK=false, Unique=false, PK=false)
2025-12-03T18:31:59.205-0500	DEBUG	hashindexV3/hash_entry_storage.go:230	Wrote header to new bucket file	{"fieldName": "PerfTest", "bucketNum": 159, "fileNum": 0, "headerBytes": 349}
2025-12-03T18:31:59.205-0500	DEBUG	hashindexV3/header_manager.go:104	Created header for index PerfTest, field PerfTest, file 0 (FK=false, Unique=false, PK=false)
2025-12-03T18:31:59.205-0500	DEBUG	hashindexV3/hash_entry_storage.go:230	Wrote header to new bucket file	{"fieldName": "PerfTest", "bucketNum": 169, "fileNum": 0, "headerBytes": 349}
2025-12-03T18:31:59.205-0500	DEBUG	hashindexV3/header_manager.go:104	Created header for index PerfTest, field PerfTest, file 0 (FK=false, Unique=false, PK=false)
2025-12-03T18:31:59.205-0500	DEBUG	hashindexV3/hash_entry_storage.go:230	Wrote header to new bucket file	{"fieldName": "PerfTest", "bucketNum": 96, "fileNum": 0, "headerBytes": 349}
2025-12-03T18:31:59.205-0500	DEBUG	hashindexV3/header_manager.go:104	Created header for index PerfTest, field PerfTest, file 0 (FK=false, Unique=false, PK=false)
2025-12-03T18:31:59.205-0500	DEBUG	hashindexV3/hash_entry_storage.go:230	Wrote header to new bucket file	{"fieldName": "PerfTest", "bucketNum": 187, "fileNum": 0, "headerBytes": 349}
2025-12-03T18:31:59.205-0500	DEBUG	hashindexV3/header_manager.go:104	Created header for index PerfTest, field PerfTest, file 0 (FK=false, Unique=false, PK=false)
2025-12-03T18:31:59.205-0500	DEBUG	hashindexV3/hash_entry_storage.go:230	Wrote header to new bucket file	{"fieldName": "PerfTest", "bucketNum": 39, "fileNum": 0, "headerBytes": 349}
2025-12-03T18:31:59.205-0500	DEBUG	hashindexV3/header_manager.go:104	Created header for index PerfTest, field PerfTest, file 0 (FK=false, Unique=false, PK=false)
2025-12-03T18:31:59.205-0500	DEBUG	hashindexV3/hash_entry_storage.go:230	Wrote header to new bucket file	{"fieldName": "PerfTest", "bucketNum": 90, "fileNum": 0, "headerBytes": 349}
2025-12-03T18:31:59.205-0500	DEBUG	hashindexV3/header_manager.go:104	Created header for index PerfTest, field PerfTest, file 0 (FK=false, Unique=false, PK=false)
2025-12-03T18:31:59.205-0500	DEBUG	hashindexV3/hash_entry_storage.go:230	Wrote header to new bucket file	{"fieldName": "PerfTest", "bucketNum": 239, "fileNum": 0, "headerBytes": 349}
2025-12-03T18:31:59.206-0500	DEBUG	hashindexV3/header_manager.go:104	Created header for index PerfTest, field PerfTest, file 0 (FK=false, Unique=false, PK=false)
2025-12-03T18:31:59.206-0500	DEBUG	hashindexV3/hash_entry_storage.go:230	Wrote header to new bucket file	{"fieldName": "PerfTest", "bucketNum": 51, "fileNum": 0, "headerBytes": 349}
2025-12-03T18:31:59.206-0500	DEBUG	hashindexV3/header_manager.go:104	Created header for index PerfTest, field PerfTest, file 0 (FK=false, Unique=false, PK=false)
2025-12-03T18:31:59.206-0500	DEBUG	hashindexV3/hash_entry_storage.go:230	Wrote header to new bucket file	{"fieldName": "PerfTest", "bucketNum": 136, "fileNum": 0, "headerBytes": 349}
2025-12-03T18:31:59.206-0500	DEBUG	hashindexV3/header_manager.go:104	Created header for index PerfTest, field PerfTest, file 0 (FK=false, Unique=false, PK=false)
2025-12-03T18:31:59.206-0500	DEBUG	hashindexV3/hash_entry_storage.go:230	Wrote header to new bucket file	{"fieldName": "PerfTest", "bucketNum": 192, "fileNum": 0, "headerBytes": 349}
2025-12-03T18:31:59.206-0500	DEBUG	hashindexV3/header_manager.go:104	Created header for index PerfTest, field PerfTest, file 0 (FK=false, Unique=false, PK=false)
2025-12-03T18:31:59.206-0500	DEBUG	hashindexV3/hash_entry_storage.go:230	Wrote header to new bucket file	{"fieldName": "PerfTest", "bucketNum": 185, "fileNum": 0, "headerBytes": 349}
2025-12-03T18:31:59.206-0500	DEBUG	hashindexV3/header_manager.go:104	Created header for index PerfTest, field PerfTest, file 0 (FK=false, Unique=false, PK=false)
2025-12-03T18:31:59.206-0500	DEBUG	hashindexV3/hash_entry_storage.go:230	Wrote header to new bucket file	{"fieldName": "PerfTest", "bucketNum": 147, "fileNum": 0, "headerBytes": 349}
2025-12-03T18:31:59.206-0500	DEBUG	hashindexV3/header_manager.go:104	Created header for index PerfTest, field PerfTest, file 0 (FK=false, Unique=false, PK=false)
2025-12-03T18:31:59.206-0500	DEBUG	hashindexV3/hash_entry_storage.go:230	Wrote header to new bucket file	{"fieldName": "PerfTest", "bucketNum": 99, "fileNum": 0, "headerBytes": 349}
2025-12-03T18:31:59.206-0500	DEBUG	hashindexV3/header_manager.go:104	Created header for index PerfTest, field PerfTest, file 0 (FK=false, Unique=false, PK=false)
2025-12-03T18:31:59.206-0500	DEBUG	hashindexV3/hash_entry_storage.go:230	Wrote header to new bucket file	{"fieldName": "PerfTest", "bucketNum": 26, "fileNum": 0, "headerBytes": 349}
2025-12-03T18:31:59.207-0500	DEBUG	hashindexV3/header_manager.go:104	Created header for index PerfTest, field PerfTest, file 0 (FK=false, Unique=false, PK=false)
2025-12-03T18:31:59.207-0500	DEBUG	hashindexV3/hash_entry_storage.go:230	Wrote header to new bucket file	{"fieldName": "PerfTest", "bucketNum": 242, "fileNum": 0, "headerBytes": 349}
2025-12-03T18:31:59.207-0500	DEBUG	hashindexV3/header_manager.go:104	Created header for index PerfTest, field PerfTest, file 0 (FK=false, Unique=false, PK=false)
2025-12-03T18:31:59.207-0500	DEBUG	hashindexV3/hash_entry_storage.go:230	Wrote header to new bucket file	{"fieldName": "PerfTest", "bucketNum": 122, "fileNum": 0, "headerBytes": 349}
2025-12-03T18:31:59.207-0500	DEBUG	hashindexV3/header_manager.go:104	Created header for index PerfTest, field PerfTest, file 0 (FK=false, Unique=false, PK=false)
2025-12-03T18:31:59.207-0500	DEBUG	hashindexV3/hash_entry_storage.go:230	Wrote header to new bucket file	{"fieldName": "PerfTest", "bucketNum": 180, "fileNum": 0, "headerBytes": 349}
2025-12-03T18:31:59.207-0500	DEBUG	hashindexV3/header_manager.go:104	Created header for index PerfTest, field PerfTest, file 0 (FK=false, Unique=false, PK=false)
2025-12-03T18:31:59.207-0500	DEBUG	hashindexV3/hash_entry_storage.go:230	Wrote header to new bucket file	{"fieldName": "PerfTest", "bucketNum": 121, "fileNum": 0, "headerBytes": 349}
2025-12-03T18:31:59.207-0500	DEBUG	hashindexV3/header_manager.go:104	Created header for index PerfTest, field PerfTest, file 0 (FK=false, Unique=false, PK=false)
2025-12-03T18:31:59.207-0500	DEBUG	hashindexV3/hash_entry_storage.go:230	Wrote header to new bucket file	{"fieldName": "PerfTest", "bucketNum": 59, "fileNum": 0, "headerBytes": 349}
2025-12-03T18:31:59.208-0500	DEBUG	hashindexV3/header_manager.go:104	Created header for index PerfTest, field PerfTest, file 0 (FK=false, Unique=false, PK=false)
2025-12-03T18:31:59.208-0500	DEBUG	hashindexV3/hash_entry_storage.go:230	Wrote header to new bucket file	{"fieldName": "PerfTest", "bucketNum": 44, "fileNum": 0, "headerBytes": 349}
2025-12-03T18:31:59.208-0500	DEBUG	hashindexV3/header_manager.go:104	Created header for index PerfTest, field PerfTest, file 0 (FK=false, Unique=false, PK=false)
2025-12-03T18:31:59.208-0500	DEBUG	hashindexV3/hash_entry_storage.go:230	Wrote header to new bucket file	{"fieldName": "PerfTest", "bucketNum": 145, "fileNum": 0, "headerBytes": 349}
2025-12-03T18:31:59.208-0500	DEBUG	hashindexV3/header_manager.go:104	Created header for index PerfTest, field PerfTest, file 0 (FK=false, Unique=false, PK=false)
2025-12-03T18:31:59.208-0500	DEBUG	hashindexV3/hash_entry_storage.go:230	Wrote header to new bucket file	{"fieldName": "PerfTest", "bucketNum": 197, "fileNum": 0, "headerBytes": 349}
2025-12-03T18:31:59.208-0500	DEBUG	hashindexV3/header_manager.go:104	Created header for index PerfTest, field PerfTest, file 0 (FK=false, Unique=false, PK=false)
2025-12-03T18:31:59.208-0500	DEBUG	hashindexV3/hash_entry_storage.go:230	Wrote header to new bucket file	{"fieldName": "PerfTest", "bucketNum": 125, "fileNum": 0, "headerBytes": 349}
2025-12-03T18:31:59.208-0500	DEBUG	hashindexV3/header_manager.go:104	Created header for index PerfTest, field PerfTest, file 0 (FK=false, Unique=false, PK=false)
2025-12-03T18:31:59.208-0500	DEBUG	hashindexV3/hash_entry_storage.go:230	Wrote header to new bucket file	{"fieldName": "PerfTest", "bucketNum": 148, "fileNum": 0, "headerBytes": 349}
2025-12-03T18:31:59.208-0500	DEBUG	hashindexV3/header_manager.go:104	Created header for index PerfTest, field PerfTest, file 0 (FK=false, Unique=false, PK=false)
2025-12-03T18:31:59.208-0500	DEBUG	hashindexV3/hash_entry_storage.go:230	Wrote header to new bucket file	{"fieldName": "PerfTest", "bucketNum": 150, "fileNum": 0, "headerBytes": 349}
2025-12-03T18:31:59.208-0500	DEBUG	hashindexV3/header_manager.go:104	Created header for index PerfTest, field PerfTest, file 0 (FK=false, Unique=false, PK=false)
2025-12-03T18:31:59.208-0500	DEBUG	hashindexV3/hash_entry_storage.go:230	Wrote header to new bucket file	{"fieldName": "PerfTest", "bucketNum": 0, "fileNum": 0, "headerBytes": 349}
2025-12-03T18:31:59.209-0500	DEBUG	hashindexV3/header_manager.go:104	Created header for index PerfTest, field PerfTest, file 0 (FK=false, Unique=false, PK=false)
2025-12-03T18:31:59.209-0500	DEBUG	hashindexV3/hash_entry_storage.go:230	Wrote header to new bucket file	{"fieldName": "PerfTest", "bucketNum": 207, "fileNum": 0, "headerBytes": 349}
2025-12-03T18:31:59.209-0500	DEBUG	hashindexV3/header_manager.go:104	Created header for index PerfTest, field PerfTest, file 0 (FK=false, Unique=false, PK=false)
2025-12-03T18:31:59.209-0500	DEBUG	hashindexV3/hash_entry_storage.go:230	Wrote header to new bucket file	{"fieldName": "PerfTest", "bucketNum": 135, "fileNum": 0, "headerBytes": 349}
2025-12-03T18:31:59.209-0500	DEBUG	hashindexV3/header_manager.go:104	Created header for index PerfTest, field PerfTest, file 0 (FK=false, Unique=false, PK=false)
2025-12-03T18:31:59.209-0500	DEBUG	hashindexV3/hash_entry_storage.go:230	Wrote header to new bucket file	{"fieldName": "PerfTest", "bucketNum": 92, "fileNum": 0, "headerBytes": 349}
2025-12-03T18:31:59.209-0500	DEBUG	hashindexV3/header_manager.go:104	Created header for index PerfTest, field PerfTest, file 0 (FK=false, Unique=false, PK=false)
2025-12-03T18:31:59.209-0500	DEBUG	hashindexV3/hash_entry_storage.go:230	Wrote header to new bucket file	{"fieldName": "PerfTest", "bucketNum": 27, "fileNum": 0, "headerBytes": 349}
2025-12-03T18:31:59.209-0500	DEBUG	hashindexV3/header_manager.go:104	Created header for index PerfTest, field PerfTest, file 0 (FK=false, Unique=false, PK=false)
2025-12-03T18:31:59.209-0500	DEBUG	hashindexV3/hash_entry_storage.go:230	Wrote header to new bucket file	{"fieldName": "PerfTest", "bucketNum": 163, "fileNum": 0, "headerBytes": 349}
2025-12-03T18:31:59.209-0500	DEBUG	hashindexV3/header_manager.go:104	Created header for index PerfTest, field PerfTest, file 0 (FK=false, Unique=false, PK=false)
2025-12-03T18:31:59.209-0500	DEBUG	hashindexV3/hash_entry_storage.go:230	Wrote header to new bucket file	{"fieldName": "PerfTest", "bucketNum": 232, "fileNum": 0, "headerBytes": 349}
2025-12-03T18:31:59.209-0500	DEBUG	hashindexV3/header_manager.go:104	Created header for index PerfTest, field PerfTest, file 0 (FK=false, Unique=false, PK=false)
2025-12-03T18:31:59.209-0500	DEBUG	hashindexV3/hash_entry_storage.go:230	Wrote header to new bucket file	{"fieldName": "PerfTest", "bucketNum": 106, "fileNum": 0, "headerBytes": 349}
2025-12-03T18:31:59.210-0500	DEBUG	hashindexV3/header_manager.go:104	Created header for index PerfTest, field PerfTest, file 0 (FK=false, Unique=false, PK=false)
2025-12-03T18:31:59.210-0500	DEBUG	hashindexV3/hash_entry_storage.go:230	Wrote header to new bucket file	{"fieldName": "PerfTest", "bucketNum": 138, "fileNum": 0, "headerBytes": 349}
2025-12-03T18:31:59.210-0500	DEBUG	hashindexV3/header_manager.go:104	Created header for index PerfTest, field PerfTest, file 0 (FK=false, Unique=false, PK=false)
2025-12-03T18:31:59.210-0500	DEBUG	hashindexV3/hash_entry_storage.go:230	Wrote header to new bucket file	{"fieldName": "PerfTest", "bucketNum": 34, "fileNum": 0, "headerBytes": 349}
2025-12-03T18:31:59.210-0500	DEBUG	hashindexV3/header_manager.go:104	Created header for index PerfTest, field PerfTest, file 0 (FK=false, Unique=false, PK=false)
2025-12-03T18:31:59.210-0500	DEBUG	hashindexV3/hash_entry_storage.go:230	Wrote header to new bucket file	{"fieldName": "PerfTest", "bucketNum": 139, "fileNum": 0, "headerBytes": 349}
2025-12-03T18:31:59.210-0500	DEBUG	hashindexV3/header_manager.go:104	Created header for index PerfTest, field PerfTest, file 0 (FK=false, Unique=false, PK=false)
2025-12-03T18:31:59.210-0500	DEBUG	hashindexV3/hash_entry_storage.go:230	Wrote header to new bucket file	{"fieldName": "PerfTest", "bucketNum": 97, "fileNum": 0, "headerBytes": 349}
2025-12-03T18:31:59.210-0500	DEBUG	hashindexV3/header_manager.go:104	Created header for index PerfTest, field PerfTest, file 0 (FK=false, Unique=false, PK=false)
2025-12-03T18:31:59.210-0500	DEBUG	hashindexV3/hash_entry_storage.go:230	Wrote header to new bucket file	{"fieldName": "PerfTest", "bucketNum": 6, "fileNum": 0, "headerBytes": 349}
2025-12-03T18:31:59.210-0500	DEBUG	hashindexV3/header_manager.go:104	Created header for index PerfTest, field PerfTest, file 0 (FK=false, Unique=false, PK=false)
2025-12-03T18:31:59.210-0500	DEBUG	hashindexV3/hash_entry_storage.go:230	Wrote header to new bucket file	{"fieldName": "PerfTest", "bucketNum": 174, "fileNum": 0, "headerBytes": 349}
2025-12-03T18:31:59.210-0500	DEBUG	hashindexV3/header_manager.go:104	Created header for index PerfTest, field PerfTest, file 0 (FK=false, Unique=false, PK=false)
2025-12-03T18:31:59.210-0500	DEBUG	hashindexV3/hash_entry_storage.go:230	Wrote header to new bucket file	{"fieldName": "PerfTest", "bucketNum": 38, "fileNum": 0, "headerBytes": 349}
2025-12-03T18:31:59.211-0500	DEBUG	hashindexV3/header_manager.go:104	Created header for index PerfTest, field PerfTest, file 0 (FK=false, Unique=false, PK=false)
2025-12-03T18:31:59.211-0500	DEBUG	hashindexV3/hash_entry_storage.go:230	Wrote header to new bucket file	{"fieldName": "PerfTest", "bucketNum": 63, "fileNum": 0, "headerBytes": 349}
2025-12-03T18:31:59.211-0500	DEBUG	hashindexV3/header_manager.go:104	Created header for index PerfTest, field PerfTest, file 0 (FK=false, Unique=false, PK=false)
2025-12-03T18:31:59.211-0500	DEBUG	hashindexV3/hash_entry_storage.go:230	Wrote header to new bucket file	{"fieldName": "PerfTest", "bucketNum": 218, "fileNum": 0, "headerBytes": 349}
2025-12-03T18:31:59.211-0500	DEBUG	hashindexV3/header_manager.go:104	Created header for index PerfTest, field PerfTest, file 0 (FK=false, Unique=false, PK=false)
2025-12-03T18:31:59.211-0500	DEBUG	hashindexV3/hash_entry_storage.go:230	Wrote header to new bucket file	{"fieldName": "PerfTest", "bucketNum": 225, "fileNum": 0, "headerBytes": 349}
2025-12-03T18:31:59.211-0500	DEBUG	hashindexV3/header_manager.go:104	Created header for index PerfTest, field PerfTest, file 0 (FK=false, Unique=false, PK=false)
2025-12-03T18:31:59.211-0500	DEBUG	hashindexV3/hash_entry_storage.go:230	Wrote header to new bucket file	{"fieldName": "PerfTest", "bucketNum": 131, "fileNum": 0, "headerBytes": 349}
2025-12-03T18:31:59.211-0500	DEBUG	hashindexV3/header_manager.go:104	Created header for index PerfTest, field PerfTest, file 0 (FK=false, Unique=false, PK=false)
2025-12-03T18:31:59.211-0500	DEBUG	hashindexV3/hash_entry_storage.go:230	Wrote header to new bucket file	{"fieldName": "PerfTest", "bucketNum": 14, "fileNum": 0, "headerBytes": 349}
2025-12-03T18:31:59.211-0500	DEBUG	hashindexV3/header_manager.go:104	Created header for index PerfTest, field PerfTest, file 0 (FK=false, Unique=false, PK=false)
2025-12-03T18:31:59.211-0500	DEBUG	hashindexV3/hash_entry_storage.go:230	Wrote header to new bucket file	{"fieldName": "PerfTest", "bucketNum": 196, "fileNum": 0, "headerBytes": 349}
2025-12-03T18:31:59.211-0500	DEBUG	hashindexV3/header_manager.go:104	Created header for index PerfTest, field PerfTest, file 0 (FK=false, Unique=false, PK=false)
2025-12-03T18:31:59.211-0500	DEBUG	hashindexV3/hash_entry_storage.go:230	Wrote header to new bucket file	{"fieldName": "PerfTest", "bucketNum": 91, "fileNum": 0, "headerBytes": 349}
2025-12-03T18:31:59.212-0500	DEBUG	hashindexV3/header_manager.go:104	Created header for index PerfTest, field PerfTest, file 0 (FK=false, Unique=false, PK=false)
2025-12-03T18:31:59.212-0500	DEBUG	hashindexV3/hash_entry_storage.go:230	Wrote header to new bucket file	{"fieldName": "PerfTest", "bucketNum": 4, "fileNum": 0, "headerBytes": 349}
2025-12-03T18:31:59.212-0500	DEBUG	hashindexV3/header_manager.go:104	Created header for index PerfTest, field PerfTest, file 0 (FK=false, Unique=false, PK=false)
2025-12-03T18:31:59.212-0500	DEBUG	hashindexV3/hash_entry_storage.go:230	Wrote header to new bucket file	{"fieldName": "PerfTest", "bucketNum": 155, "fileNum": 0, "headerBytes": 349}
2025-12-03T18:31:59.212-0500	DEBUG	hashindexV3/header_manager.go:104	Created header for index PerfTest, field PerfTest, file 0 (FK=false, Unique=false, PK=false)
2025-12-03T18:31:59.212-0500	DEBUG	hashindexV3/hash_entry_storage.go:230	Wrote header to new bucket file	{"fieldName": "PerfTest", "bucketNum": 2, "fileNum": 0, "headerBytes": 349}
2025-12-03T18:31:59.212-0500	DEBUG	hashindexV3/header_manager.go:104	Created header for index PerfTest, field PerfTest, file 0 (FK=false, Unique=false, PK=false)
2025-12-03T18:31:59.212-0500	DEBUG	hashindexV3/hash_entry_storage.go:230	Wrote header to new bucket file	{"fieldName": "PerfTest", "bucketNum": 23, "fileNum": 0, "headerBytes": 349}
2025-12-03T18:31:59.212-0500	DEBUG	hashindexV3/header_manager.go:104	Created header for index PerfTest, field PerfTest, file 0 (FK=false, Unique=false, PK=false)
2025-12-03T18:31:59.212-0500	DEBUG	hashindexV3/hash_entry_storage.go:230	Wrote header to new bucket file	{"fieldName": "PerfTest", "bucketNum": 240, "fileNum": 0, "headerBytes": 349}
2025-12-03T18:31:59.212-0500	DEBUG	hashindexV3/header_manager.go:104	Created header for index PerfTest, field PerfTest, file 0 (FK=false, Unique=false, PK=false)
2025-12-03T18:31:59.212-0500	DEBUG	hashindexV3/hash_entry_storage.go:230	Wrote header to new bucket file	{"fieldName": "PerfTest", "bucketNum": 133, "fileNum": 0, "headerBytes": 349}
2025-12-03T18:31:59.212-0500	DEBUG	hashindexV3/header_manager.go:104	Created header for index PerfTest, field PerfTest, file 0 (FK=false, Unique=false, PK=false)
2025-12-03T18:31:59.212-0500	DEBUG	hashindexV3/hash_entry_storage.go:230	Wrote header to new bucket file	{"fieldName": "PerfTest", "bucketNum": 222, "fileNum": 0, "headerBytes": 349}
2025-12-03T18:31:59.213-0500	DEBUG	hashindexV3/header_manager.go:104	Created header for index PerfTest, field PerfTest, file 0 (FK=false, Unique=false, PK=false)
2025-12-03T18:31:59.213-0500	DEBUG	hashindexV3/hash_entry_storage.go:230	Wrote header to new bucket file	{"fieldName": "PerfTest", "bucketNum": 24, "fileNum": 0, "headerBytes": 349}
2025-12-03T18:31:59.213-0500	DEBUG	hashindexV3/header_manager.go:104	Created header for index PerfTest, field PerfTest, file 0 (FK=false, Unique=false, PK=false)
2025-12-03T18:31:59.213-0500	DEBUG	hashindexV3/hash_entry_storage.go:230	Wrote header to new bucket file	{"fieldName": "PerfTest", "bucketNum": 113, "fileNum": 0, "headerBytes": 349}
2025-12-03T18:31:59.213-0500	DEBUG	hashindexV3/header_manager.go:104	Created header for index PerfTest, field PerfTest, file 0 (FK=false, Unique=false, PK=false)
2025-12-03T18:31:59.213-0500	DEBUG	hashindexV3/hash_entry_storage.go:230	Wrote header to new bucket file	{"fieldName": "PerfTest", "bucketNum": 236, "fileNum": 0, "headerBytes": 349}
2025-12-03T18:31:59.213-0500	DEBUG	hashindexV3/header_manager.go:104	Created header for index PerfTest, field PerfTest, file 0 (FK=false, Unique=false, PK=false)
2025-12-03T18:31:59.213-0500	DEBUG	hashindexV3/hash_entry_storage.go:230	Wrote header to new bucket file	{"fieldName": "PerfTest", "bucketNum": 250, "fileNum": 0, "headerBytes": 349}
2025-12-03T18:31:59.213-0500	DEBUG	hashindexV3/header_manager.go:104	Created header for index PerfTest, field PerfTest, file 0 (FK=false, Unique=false, PK=false)
2025-12-03T18:31:59.213-0500	DEBUG	hashindexV3/hash_entry_storage.go:230	Wrote header to new bucket file	{"fieldName": "PerfTest", "bucketNum": 190, "fileNum": 0, "headerBytes": 349}
2025-12-03T18:31:59.213-0500	DEBUG	hashindexV3/header_manager.go:158	Read header from /var/folders/85/q1ly22y17zl71m_r0pvz60z00000gn/T/TestPerformance_WriteSpeed1206205364/001/PerfTest.0.hidx: index=PerfTest, field=PerfTest, entries=100, size=349 bytes
2025-12-03T18:31:59.213-0500	DEBUG	hashindexV3/header_manager.go:198	Wrote header to /var/folders/85/q1ly22y17zl71m_r0pvz60z00000gn/T/TestPerformance_WriteSpeed1206205364/001/PerfTest.0.hidx: index=PerfTest, field=PerfTest, 349 bytes
2025-12-03T18:31:59.213-0500	DEBUG	hashindexV3/header_manager.go:236	Updated statistics in /var/folders/85/q1ly22y17zl71m_r0pvz60z00000gn/T/TestPerformance_WriteSpeed1206205364/001/PerfTest.0.hidx: entries=200, deleted=0, size=349, seq=200
2025-12-03T18:31:59.213-0500	DEBUG	hashindexV3/hash_entry_storage.go:720	Updated header statistics: entries=200, size=349, seq=200
2025-12-03T18:31:59.213-0500	DEBUG	hashindexV3/header_manager.go:104	Created header for index PerfTest, field PerfTest, file 0 (FK=false, Unique=false, PK=false)
2025-12-03T18:31:59.213-0500	DEBUG	hashindexV3/hash_entry_storage.go:230	Wrote header to new bucket file	{"fieldName": "PerfTest", "bucketNum": 100, "fileNum": 0, "headerBytes": 349}
2025-12-03T18:31:59.214-0500	DEBUG	hashindexV3/header_manager.go:104	Created header for index PerfTest, field PerfTest, file 0 (FK=false, Unique=false, PK=false)
2025-12-03T18:31:59.214-0500	DEBUG	hashindexV3/hash_entry_storage.go:230	Wrote header to new bucket file	{"fieldName": "PerfTest", "bucketNum": 249, "fileNum": 0, "headerBytes": 349}
2025-12-03T18:31:59.214-0500	DEBUG	hashindexV3/header_manager.go:104	Created header for index PerfTest, field PerfTest, file 0 (FK=false, Unique=false, PK=false)
2025-12-03T18:31:59.214-0500	DEBUG	hashindexV3/hash_entry_storage.go:230	Wrote header to new bucket file	{"fieldName": "PerfTest", "bucketNum": 84, "fileNum": 0, "headerBytes": 349}
2025-12-03T18:31:59.214-0500	DEBUG	hashindexV3/header_manager.go:104	Created header for index PerfTest, field PerfTest, file 0 (FK=false, Unique=false, PK=false)
2025-12-03T18:31:59.214-0500	DEBUG	hashindexV3/hash_entry_storage.go:230	Wrote header to new bucket file	{"fieldName": "PerfTest", "bucketNum": 104, "fileNum": 0, "headerBytes": 349}
2025-12-03T18:31:59.214-0500	DEBUG	hashindexV3/header_manager.go:104	Created header for index PerfTest, field PerfTest, file 0 (FK=false, Unique=false, PK=false)
2025-12-03T18:31:59.214-0500	DEBUG	hashindexV3/hash_entry_storage.go:230	Wrote header to new bucket file	{"fieldName": "PerfTest", "bucketNum": 76, "fileNum": 0, "headerBytes": 349}
2025-12-03T18:31:59.214-0500	DEBUG	hashindexV3/header_manager.go:104	Created header for index PerfTest, field PerfTest, file 0 (FK=false, Unique=false, PK=false)
2025-12-03T18:31:59.214-0500	DEBUG	hashindexV3/hash_entry_storage.go:230	Wrote header to new bucket file	{"fieldName": "PerfTest", "bucketNum": 247, "fileNum": 0, "headerBytes": 349}
2025-12-03T18:31:59.214-0500	DEBUG	hashindexV3/header_manager.go:104	Created header for index PerfTest, field PerfTest, file 0 (FK=false, Unique=false, PK=false)
2025-12-03T18:31:59.214-0500	DEBUG	hashindexV3/hash_entry_storage.go:230	Wrote header to new bucket file	{"fieldName": "PerfTest", "bucketNum": 181, "fileNum": 0, "headerBytes": 349}
2025-12-03T18:31:59.214-0500	DEBUG	hashindexV3/header_manager.go:104	Created header for index PerfTest, field PerfTest, file 0 (FK=false, Unique=false, PK=false)
2025-12-03T18:31:59.214-0500	DEBUG	hashindexV3/hash_entry_storage.go:230	Wrote header to new bucket file	{"fieldName": "PerfTest", "bucketNum": 41, "fileNum": 0, "headerBytes": 349}
2025-12-03T18:31:59.215-0500	DEBUG	hashindexV3/header_manager.go:104	Created header for index PerfTest, field PerfTest, file 0 (FK=false, Unique=false, PK=false)
2025-12-03T18:31:59.215-0500	DEBUG	hashindexV3/hash_entry_storage.go:230	Wrote header to new bucket file	{"fieldName": "PerfTest", "bucketNum": 243, "fileNum": 0, "headerBytes": 349}
2025-12-03T18:31:59.215-0500	DEBUG	hashindexV3/header_manager.go:104	Created header for index PerfTest, field PerfTest, file 0 (FK=false, Unique=false, PK=false)
2025-12-03T18:31:59.215-0500	DEBUG	hashindexV3/hash_entry_storage.go:230	Wrote header to new bucket file	{"fieldName": "PerfTest", "bucketNum": 166, "fileNum": 0, "headerBytes": 349}
2025-12-03T18:31:59.215-0500	DEBUG	hashindexV3/header_manager.go:104	Created header for index PerfTest, field PerfTest, file 0 (FK=false, Unique=false, PK=false)
2025-12-03T18:31:59.215-0500	DEBUG	hashindexV3/hash_entry_storage.go:230	Wrote header to new bucket file	{"fieldName": "PerfTest", "bucketNum": 93, "fileNum": 0, "headerBytes": 349}
2025-12-03T18:31:59.215-0500	DEBUG	hashindexV3/header_manager.go:104	Created header for index PerfTest, field PerfTest, file 0 (FK=false, Unique=false, PK=false)
2025-12-03T18:31:59.215-0500	DEBUG	hashindexV3/hash_entry_storage.go:230	Wrote header to new bucket file	{"fieldName": "PerfTest", "bucketNum": 58, "fileNum": 0, "headerBytes": 349}
2025-12-03T18:31:59.215-0500	DEBUG	hashindexV3/header_manager.go:104	Created header for index PerfTest, field PerfTest, file 0 (FK=false, Unique=false, PK=false)
2025-12-03T18:31:59.215-0500	DEBUG	hashindexV3/hash_entry_storage.go:230	Wrote header to new bucket file	{"fieldName": "PerfTest", "bucketNum": 116, "fileNum": 0, "headerBytes": 349}
2025-12-03T18:31:59.215-0500	DEBUG	hashindexV3/header_manager.go:104	Created header for index PerfTest, field PerfTest, file 0 (FK=false, Unique=false, PK=false)
2025-12-03T18:31:59.215-0500	DEBUG	hashindexV3/hash_entry_storage.go:230	Wrote header to new bucket file	{"fieldName": "PerfTest", "bucketNum": 172, "fileNum": 0, "headerBytes": 349}
2025-12-03T18:31:59.216-0500	DEBUG	hashindexV3/header_manager.go:104	Created header for index PerfTest, field PerfTest, file 0 (FK=false, Unique=false, PK=false)
2025-12-03T18:31:59.216-0500	DEBUG	hashindexV3/hash_entry_storage.go:230	Wrote header to new bucket file	{"fieldName": "PerfTest", "bucketNum": 52, "fileNum": 0, "headerBytes": 349}
2025-12-03T18:31:59.216-0500	DEBUG	hashindexV3/header_manager.go:104	Created header for index PerfTest, field PerfTest, file 0 (FK=false, Unique=false, PK=false)
2025-12-03T18:31:59.216-0500	DEBUG	hashindexV3/hash_entry_storage.go:230	Wrote header to new bucket file	{"fieldName": "PerfTest", "bucketNum": 142, "fileNum": 0, "headerBytes": 349}
2025-12-03T18:31:59.216-0500	DEBUG	hashindexV3/header_manager.go:104	Created header for index PerfTest, field PerfTest, file 0 (FK=false, Unique=false, PK=false)
2025-12-03T18:31:59.216-0500	DEBUG	hashindexV3/hash_entry_storage.go:230	Wrote header to new bucket file	{"fieldName": "PerfTest", "bucketNum": 244, "fileNum": 0, "headerBytes": 349}
2025-12-03T18:31:59.216-0500	DEBUG	hashindexV3/header_manager.go:104	Created header for index PerfTest, field PerfTest, file 0 (FK=false, Unique=false, PK=false)
2025-12-03T18:31:59.216-0500	DEBUG	hashindexV3/hash_entry_storage.go:230	Wrote header to new bucket file	{"fieldName": "PerfTest", "bucketNum": 213, "fileNum": 0, "headerBytes": 349}
2025-12-03T18:31:59.216-0500	DEBUG	hashindexV3/header_manager.go:104	Created header for index PerfTest, field PerfTest, file 0 (FK=false, Unique=false, PK=false)
2025-12-03T18:31:59.216-0500	DEBUG	hashindexV3/hash_entry_storage.go:230	Wrote header to new bucket file	{"fieldName": "PerfTest", "bucketNum": 10, "fileNum": 0, "headerBytes": 349}
2025-12-03T18:31:59.216-0500	DEBUG	hashindexV3/header_manager.go:104	Created header for index PerfTest, field PerfTest, file 0 (FK=false, Unique=false, PK=false)
2025-12-03T18:31:59.216-0500	DEBUG	hashindexV3/hash_entry_storage.go:230	Wrote header to new bucket file	{"fieldName": "PerfTest", "bucketNum": 234, "fileNum": 0, "headerBytes": 349}
2025-12-03T18:31:59.217-0500	DEBUG	hashindexV3/header_manager.go:104	Created header for index PerfTest, field PerfTest, file 0 (FK=false, Unique=false, PK=false)
2025-12-03T18:31:59.217-0500	DEBUG	hashindexV3/hash_entry_storage.go:230	Wrote header to new bucket file	{"fieldName": "PerfTest", "bucketNum": 154, "fileNum": 0, "headerBytes": 349}
2025-12-03T18:31:59.217-0500	DEBUG	hashindexV3/header_manager.go:104	Created header for index PerfTest, field PerfTest, file 0 (FK=false, Unique=false, PK=false)
2025-12-03T18:31:59.217-0500	DEBUG	hashindexV3/hash_entry_storage.go:230	Wrote header to new bucket file	{"fieldName": "PerfTest", "bucketNum": 11, "fileNum": 0, "headerBytes": 349}
2025-12-03T18:31:59.217-0500	DEBUG	hashindexV3/header_manager.go:104	Created header for index PerfTest, field PerfTest, file 0 (FK=false, Unique=false, PK=false)
2025-12-03T18:31:59.217-0500	DEBUG	hashindexV3/hash_entry_storage.go:230	Wrote header to new bucket file	{"fieldName": "PerfTest", "bucketNum": 221, "fileNum": 0, "headerBytes": 349}
2025-12-03T18:31:59.217-0500	DEBUG	hashindexV3/header_manager.go:104	Created header for index PerfTest, field PerfTest, file 0 (FK=false, Unique=false, PK=false)
2025-12-03T18:31:59.217-0500	DEBUG	hashindexV3/hash_entry_storage.go:230	Wrote header to new bucket file	{"fieldName": "PerfTest", "bucketNum": 118, "fileNum": 0, "headerBytes": 349}
2025-12-03T18:31:59.217-0500	DEBUG	hashindexV3/header_manager.go:104	Created header for index PerfTest, field PerfTest, file 0 (FK=false, Unique=false, PK=false)
2025-12-03T18:31:59.217-0500	DEBUG	hashindexV3/hash_entry_storage.go:230	Wrote header to new bucket file	{"fieldName": "PerfTest", "bucketNum": 156, "fileNum": 0, "headerBytes": 349}
2025-12-03T18:31:59.217-0500	DEBUG	hashindexV3/header_manager.go:104	Created header for index PerfTest, field PerfTest, file 0 (FK=false, Unique=false, PK=false)
2025-12-03T18:31:59.217-0500	DEBUG	hashindexV3/hash_entry_storage.go:230	Wrote header to new bucket file	{"fieldName": "PerfTest", "bucketNum": 255, "fileNum": 0, "headerBytes": 349}
2025-12-03T18:31:59.218-0500	DEBUG	hashindexV3/header_manager.go:104	Created header for index PerfTest, field PerfTest, file 0 (FK=false, Unique=false, PK=false)
2025-12-03T18:31:59.218-0500	DEBUG	hashindexV3/hash_entry_storage.go:230	Wrote header to new bucket file	{"fieldName": "PerfTest", "bucketNum": 140, "fileNum": 0, "headerBytes": 349}
2025-12-03T18:31:59.218-0500	DEBUG	hashindexV3/header_manager.go:104	Created header for index PerfTest, field PerfTest, file 0 (FK=false, Unique=false, PK=false)
2025-12-03T18:31:59.218-0500	DEBUG	hashindexV3/hash_entry_storage.go:230	Wrote header to new bucket file	{"fieldName": "PerfTest", "bucketNum": 29, "fileNum": 0, "headerBytes": 349}
2025-12-03T18:31:59.218-0500	DEBUG	hashindexV3/header_manager.go:104	Created header for index PerfTest, field PerfTest, file 0 (FK=false, Unique=false, PK=false)
2025-12-03T18:31:59.218-0500	DEBUG	hashindexV3/hash_entry_storage.go:230	Wrote header to new bucket file	{"fieldName": "PerfTest", "bucketNum": 204, "fileNum": 0, "headerBytes": 349}
2025-12-03T18:31:59.218-0500	DEBUG	hashindexV3/header_manager.go:104	Created header for index PerfTest, field PerfTest, file 0 (FK=false, Unique=false, PK=false)
2025-12-03T18:31:59.218-0500	DEBUG	hashindexV3/hash_entry_storage.go:230	Wrote header to new bucket file	{"fieldName": "PerfTest", "bucketNum": 67, "fileNum": 0, "headerBytes": 349}
2025-12-03T18:31:59.218-0500	DEBUG	hashindexV3/header_manager.go:104	Created header for index PerfTest, field PerfTest, file 0 (FK=false, Unique=false, PK=false)
2025-12-03T18:31:59.218-0500	DEBUG	hashindexV3/hash_entry_storage.go:230	Wrote header to new bucket file	{"fieldName": "PerfTest", "bucketNum": 80, "fileNum": 0, "headerBytes": 349}
2025-12-03T18:31:59.218-0500	DEBUG	hashindexV3/header_manager.go:104	Created header for index PerfTest, field PerfTest, file 0 (FK=false, Unique=false, PK=false)
2025-12-03T18:31:59.218-0500	DEBUG	hashindexV3/hash_entry_storage.go:230	Wrote header to new bucket file	{"fieldName": "PerfTest", "bucketNum": 162, "fileNum": 0, "headerBytes": 349}
2025-12-03T18:31:59.219-0500	DEBUG	hashindexV3/header_manager.go:104	Created header for index PerfTest, field PerfTest, file 0 (FK=false, Unique=false, PK=false)
2025-12-03T18:31:59.219-0500	DEBUG	hashindexV3/hash_entry_storage.go:230	Wrote header to new bucket file	{"fieldName": "PerfTest", "bucketNum": 215, "fileNum": 0, "headerBytes": 349}
2025-12-03T18:31:59.219-0500	DEBUG	hashindexV3/header_manager.go:104	Created header for index PerfTest, field PerfTest, file 0 (FK=false, Unique=false, PK=false)
2025-12-03T18:31:59.219-0500	DEBUG	hashindexV3/hash_entry_storage.go:230	Wrote header to new bucket file	{"fieldName": "PerfTest", "bucketNum": 193, "fileNum": 0, "headerBytes": 349}
2025-12-03T18:31:59.219-0500	DEBUG	hashindexV3/header_manager.go:104	Created header for index PerfTest, field PerfTest, file 0 (FK=false, Unique=false, PK=false)
2025-12-03T18:31:59.219-0500	DEBUG	hashindexV3/hash_entry_storage.go:230	Wrote header to new bucket file	{"fieldName": "PerfTest", "bucketNum": 128, "fileNum": 0, "headerBytes": 349}
2025-12-03T18:31:59.219-0500	DEBUG	hashindexV3/header_manager.go:104	Created header for index PerfTest, field PerfTest, file 0 (FK=false, Unique=false, PK=false)
2025-12-03T18:31:59.219-0500	DEBUG	hashindexV3/hash_entry_storage.go:230	Wrote header to new bucket file	{"fieldName": "PerfTest", "bucketNum": 149, "fileNum": 0, "headerBytes": 349}
2025-12-03T18:31:59.219-0500	DEBUG	hashindexV3/header_manager.go:104	Created header for index PerfTest, field PerfTest, file 0 (FK=false, Unique=false, PK=false)
2025-12-03T18:31:59.219-0500	DEBUG	hashindexV3/hash_entry_storage.go:230	Wrote header to new bucket file	{"fieldName": "PerfTest", "bucketNum": 205, "fileNum": 0, "headerBytes": 349}
2025-12-03T18:31:59.220-0500	DEBUG	hashindexV3/header_manager.go:104	Created header for index PerfTest, field PerfTest, file 0 (FK=false, Unique=false, PK=false)
2025-12-03T18:31:59.220-0500	DEBUG	hashindexV3/hash_entry_storage.go:230	Wrote header to new bucket file	{"fieldName": "PerfTest", "bucketNum": 168, "fileNum": 0, "headerBytes": 349}
2025-12-03T18:31:59.220-0500	DEBUG	hashindexV3/header_manager.go:158	Read header from /var/folders/85/q1ly22y17zl71m_r0pvz60z00000gn/T/TestPerformance_WriteSpeed1206205364/001/PerfTest.0.hidx: index=PerfTest, field=PerfTest, entries=200, size=349 bytes
2025-12-03T18:31:59.220-0500	DEBUG	hashindexV3/header_manager.go:198	Wrote header to /var/folders/85/q1ly22y17zl71m_r0pvz60z00000gn/T/TestPerformance_WriteSpeed1206205364/001/PerfTest.0.hidx: index=PerfTest, field=PerfTest, 349 bytes
2025-12-03T18:31:59.220-0500	DEBUG	hashindexV3/header_manager.go:236	Updated statistics in /var/folders/85/q1ly22y17zl71m_r0pvz60z00000gn/T/TestPerformance_WriteSpeed1206205364/001/PerfTest.0.hidx: entries=300, deleted=0, size=349, seq=300
2025-12-03T18:31:59.220-0500	DEBUG	hashindexV3/hash_entry_storage.go:720	Updated header statistics: entries=300, size=349, seq=300
2025-12-03T18:31:59.220-0500	DEBUG	hashindexV3/header_manager.go:104	Created header for index PerfTest, field PerfTest, file 0 (FK=false, Unique=false, PK=false)
2025-12-03T18:31:59.220-0500	DEBUG	hashindexV3/hash_entry_storage.go:230	Wrote header to new bucket file	{"fieldName": "PerfTest", "bucketNum": 141, "fileNum": 0, "headerBytes": 349}
2025-12-03T18:31:59.220-0500	DEBUG	hashindexV3/header_manager.go:104	Created header for index PerfTest, field PerfTest, file 0 (FK=false, Unique=false, PK=false)
2025-12-03T18:31:59.220-0500	DEBUG	hashindexV3/hash_entry_storage.go:230	Wrote header to new bucket file	{"fieldName": "PerfTest", "bucketNum": 178, "fileNum": 0, "headerBytes": 349}
2025-12-03T18:31:59.220-0500	DEBUG	hashindexV3/header_manager.go:104	Created header for index PerfTest, field PerfTest, file 0 (FK=false, Unique=false, PK=false)
2025-12-03T18:31:59.220-0500	DEBUG	hashindexV3/hash_entry_storage.go:230	Wrote header to new bucket file	{"fieldName": "PerfTest", "bucketNum": 69, "fileNum": 0, "headerBytes": 349}
2025-12-03T18:31:59.220-0500	DEBUG	hashindexV3/header_manager.go:104	Created header for index PerfTest, field PerfTest, file 0 (FK=false, Unique=false, PK=false)
2025-12-03T18:31:59.220-0500	DEBUG	hashindexV3/hash_entry_storage.go:230	Wrote header to new bucket file	{"fieldName": "PerfTest", "bucketNum": 35, "fileNum": 0, "headerBytes": 349}
2025-12-03T18:31:59.220-0500	DEBUG	hashindexV3/header_manager.go:104	Created header for index PerfTest, field PerfTest, file 0 (FK=false, Unique=false, PK=false)
2025-12-03T18:31:59.220-0500	DEBUG	hashindexV3/hash_entry_storage.go:230	Wrote header to new bucket file	{"fieldName": "PerfTest", "bucketNum": 120, "fileNum": 0, "headerBytes": 349}
2025-12-03T18:31:59.221-0500	DEBUG	hashindexV3/header_manager.go:104	Created header for index PerfTest, field PerfTest, file 0 (FK=false, Unique=false, PK=false)
2025-12-03T18:31:59.221-0500	DEBUG	hashindexV3/hash_entry_storage.go:230	Wrote header to new bucket file	{"fieldName": "PerfTest", "bucketNum": 209, "fileNum": 0, "headerBytes": 349}
2025-12-03T18:31:59.221-0500	DEBUG	hashindexV3/header_manager.go:104	Created header for index PerfTest, field PerfTest, file 0 (FK=false, Unique=false, PK=false)
2025-12-03T18:31:59.221-0500	DEBUG	hashindexV3/hash_entry_storage.go:230	Wrote header to new bucket file	{"fieldName": "PerfTest", "bucketNum": 83, "fileNum": 0, "headerBytes": 349}
2025-12-03T18:31:59.221-0500	DEBUG	hashindexV3/header_manager.go:104	Created header for index PerfTest, field PerfTest, file 0 (FK=false, Unique=false, PK=false)
2025-12-03T18:31:59.221-0500	DEBUG	hashindexV3/hash_entry_storage.go:230	Wrote header to new bucket file	{"fieldName": "PerfTest", "bucketNum": 12, "fileNum": 0, "headerBytes": 349}
2025-12-03T18:31:59.221-0500	DEBUG	hashindexV3/header_manager.go:104	Created header for index PerfTest, field PerfTest, file 0 (FK=false, Unique=false, PK=false)
2025-12-03T18:31:59.221-0500	DEBUG	hashindexV3/hash_entry_storage.go:230	Wrote header to new bucket file	{"fieldName": "PerfTest", "bucketNum": 229, "fileNum": 0, "headerBytes": 349}
2025-12-03T18:31:59.221-0500	DEBUG	hashindexV3/header_manager.go:104	Created header for index PerfTest, field PerfTest, file 0 (FK=false, Unique=false, PK=false)
2025-12-03T18:31:59.221-0500	DEBUG	hashindexV3/hash_entry_storage.go:230	Wrote header to new bucket file	{"fieldName": "PerfTest", "bucketNum": 210, "fileNum": 0, "headerBytes": 349}
2025-12-03T18:31:59.222-0500	DEBUG	hashindexV3/header_manager.go:104	Created header for index PerfTest, field PerfTest, file 0 (FK=false, Unique=false, PK=false)
2025-12-03T18:31:59.222-0500	DEBUG	hashindexV3/hash_entry_storage.go:230	Wrote header to new bucket file	{"fieldName": "PerfTest", "bucketNum": 134, "fileNum": 0, "headerBytes": 349}
2025-12-03T18:31:59.222-0500	DEBUG	hashindexV3/header_manager.go:104	Created header for index PerfTest, field PerfTest, file 0 (FK=false, Unique=false, PK=false)
2025-12-03T18:31:59.222-0500	DEBUG	hashindexV3/hash_entry_storage.go:230	Wrote header to new bucket file	{"fieldName": "PerfTest", "bucketNum": 206, "fileNum": 0, "headerBytes": 349}
2025-12-03T18:31:59.222-0500	DEBUG	hashindexV3/header_manager.go:104	Created header for index PerfTest, field PerfTest, file 0 (FK=false, Unique=false, PK=false)
2025-12-03T18:31:59.222-0500	DEBUG	hashindexV3/hash_entry_storage.go:230	Wrote header to new bucket file	{"fieldName": "PerfTest", "bucketNum": 73, "fileNum": 0, "headerBytes": 349}
2025-12-03T18:31:59.222-0500	DEBUG	hashindexV3/header_manager.go:104	Created header for index PerfTest, field PerfTest, file 0 (FK=false, Unique=false, PK=false)
2025-12-03T18:31:59.222-0500	DEBUG	hashindexV3/hash_entry_storage.go:230	Wrote header to new bucket file	{"fieldName": "PerfTest", "bucketNum": 123, "fileNum": 0, "headerBytes": 349}
2025-12-03T18:31:59.222-0500	DEBUG	hashindexV3/header_manager.go:104	Created header for index PerfTest, field PerfTest, file 0 (FK=false, Unique=false, PK=false)
2025-12-03T18:31:59.222-0500	DEBUG	hashindexV3/hash_entry_storage.go:230	Wrote header to new bucket file	{"fieldName": "PerfTest", "bucketNum": 151, "fileNum": 0, "headerBytes": 349}
2025-12-03T18:31:59.222-0500	DEBUG	hashindexV3/header_manager.go:104	Created header for index PerfTest, field PerfTest, file 0 (FK=false, Unique=false, PK=false)
2025-12-03T18:31:59.222-0500	DEBUG	hashindexV3/hash_entry_storage.go:230	Wrote header to new bucket file	{"fieldName": "PerfTest", "bucketNum": 252, "fileNum": 0, "headerBytes": 349}
2025-12-03T18:31:59.223-0500	DEBUG	hashindexV3/header_manager.go:104	Created header for index PerfTest, field PerfTest, file 0 (FK=false, Unique=false, PK=false)
2025-12-03T18:31:59.223-0500	DEBUG	hashindexV3/hash_entry_storage.go:230	Wrote header to new bucket file	{"fieldName": "PerfTest", "bucketNum": 224, "fileNum": 0, "headerBytes": 349}
2025-12-03T18:31:59.223-0500	DEBUG	hashindexV3/header_manager.go:104	Created header for index PerfTest, field PerfTest, file 0 (FK=false, Unique=false, PK=false)
2025-12-03T18:31:59.223-0500	DEBUG	hashindexV3/hash_entry_storage.go:230	Wrote header to new bucket file	{"fieldName": "PerfTest", "bucketNum": 31, "fileNum": 0, "headerBytes": 349}
2025-12-03T18:31:59.223-0500	DEBUG	hashindexV3/header_manager.go:104	Created header for index PerfTest, field PerfTest, file 0 (FK=false, Unique=false, PK=false)
2025-12-03T18:31:59.223-0500	DEBUG	hashindexV3/hash_entry_storage.go:230	Wrote header to new bucket file	{"fieldName": "PerfTest", "bucketNum": 89, "fileNum": 0, "headerBytes": 349}
2025-12-03T18:31:59.223-0500	DEBUG	hashindexV3/header_manager.go:104	Created header for index PerfTest, field PerfTest, file 0 (FK=false, Unique=false, PK=false)
2025-12-03T18:31:59.223-0500	DEBUG	hashindexV3/hash_entry_storage.go:230	Wrote header to new bucket file	{"fieldName": "PerfTest", "bucketNum": 143, "fileNum": 0, "headerBytes": 349}
2025-12-03T18:31:59.223-0500	DEBUG	hashindexV3/header_manager.go:104	Created header for index PerfTest, field PerfTest, file 0 (FK=false, Unique=false, PK=false)
2025-12-03T18:31:59.223-0500	DEBUG	hashindexV3/hash_entry_storage.go:230	Wrote header to new bucket file	{"fieldName": "PerfTest", "bucketNum": 189, "fileNum": 0, "headerBytes": 349}
2025-12-03T18:31:59.223-0500	DEBUG	hashindexV3/header_manager.go:104	Created header for index PerfTest, field PerfTest, file 0 (FK=false, Unique=false, PK=false)
2025-12-03T18:31:59.224-0500	DEBUG	hashindexV3/hash_entry_storage.go:230	Wrote header to new bucket file	{"fieldName": "PerfTest", "bucketNum": 183, "fileNum": 0, "headerBytes": 349}
2025-12-03T18:31:59.224-0500	DEBUG	hashindexV3/header_manager.go:104	Created header for index PerfTest, field PerfTest, file 0 (FK=false, Unique=false, PK=false)
2025-12-03T18:31:59.224-0500	DEBUG	hashindexV3/hash_entry_storage.go:230	Wrote header to new bucket file	{"fieldName": "PerfTest", "bucketNum": 55, "fileNum": 0, "headerBytes": 349}
2025-12-03T18:31:59.224-0500	DEBUG	hashindexV3/header_manager.go:104	Created header for index PerfTest, field PerfTest, file 0 (FK=false, Unique=false, PK=false)
2025-12-03T18:31:59.224-0500	DEBUG	hashindexV3/hash_entry_storage.go:230	Wrote header to new bucket file	{"fieldName": "PerfTest", "bucketNum": 126, "fileNum": 0, "headerBytes": 349}
2025-12-03T18:31:59.224-0500	DEBUG	hashindexV3/header_manager.go:104	Created header for index PerfTest, field PerfTest, file 0 (FK=false, Unique=false, PK=false)
2025-12-03T18:31:59.224-0500	DEBUG	hashindexV3/hash_entry_storage.go:230	Wrote header to new bucket file	{"fieldName": "PerfTest", "bucketNum": 49, "fileNum": 0, "headerBytes": 349}
2025-12-03T18:31:59.224-0500	DEBUG	hashindexV3/header_manager.go:158	Read header from /var/folders/85/q1ly22y17zl71m_r0pvz60z00000gn/T/TestPerformance_WriteSpeed1206205364/001/PerfTest.0.hidx: index=PerfTest, field=PerfTest, entries=300, size=349 bytes
2025-12-03T18:31:59.224-0500	DEBUG	hashindexV3/header_manager.go:198	Wrote header to /var/folders/85/q1ly22y17zl71m_r0pvz60z00000gn/T/TestPerformance_WriteSpeed1206205364/001/PerfTest.0.hidx: index=PerfTest, field=PerfTest, 349 bytes
2025-12-03T18:31:59.224-0500	DEBUG	hashindexV3/header_manager.go:236	Updated statistics in /var/folders/85/q1ly22y17zl71m_r0pvz60z00000gn/T/TestPerformance_WriteSpeed1206205364/001/PerfTest.0.hidx: entries=400, deleted=0, size=349, seq=400
2025-12-03T18:31:59.224-0500	DEBUG	hashindexV3/hash_entry_storage.go:720	Updated header statistics: entries=400, size=349, seq=400
2025-12-03T18:31:59.224-0500	DEBUG	hashindexV3/header_manager.go:104	Created header for index PerfTest, field PerfTest, file 0 (FK=false, Unique=false, PK=false)
2025-12-03T18:31:59.224-0500	DEBUG	hashindexV3/hash_entry_storage.go:230	Wrote header to new bucket file	{"fieldName": "PerfTest", "bucketNum": 103, "fileNum": 0, "headerBytes": 349}
2025-12-03T18:31:59.225-0500	DEBUG	hashindexV3/header_manager.go:104	Created header for index PerfTest, field PerfTest, file 0 (FK=false, Unique=false, PK=false)
2025-12-03T18:31:59.225-0500	DEBUG	hashindexV3/hash_entry_storage.go:230	Wrote header to new bucket file	{"fieldName": "PerfTest", "bucketNum": 202, "fileNum": 0, "headerBytes": 349}
2025-12-03T18:31:59.225-0500	DEBUG	hashindexV3/header_manager.go:104	Created header for index PerfTest, field PerfTest, file 0 (FK=false, Unique=false, PK=false)
2025-12-03T18:31:59.225-0500	DEBUG	hashindexV3/hash_entry_storage.go:230	Wrote header to new bucket file	{"fieldName": "PerfTest", "bucketNum": 146, "fileNum": 0, "headerBytes": 349}
2025-12-03T18:31:59.225-0500	DEBUG	hashindexV3/header_manager.go:104	Created header for index PerfTest, field PerfTest, file 0 (FK=false, Unique=false, PK=false)
2025-12-03T18:31:59.225-0500	DEBUG	hashindexV3/hash_entry_storage.go:230	Wrote header to new bucket file	{"fieldName": "PerfTest", "bucketNum": 220, "fileNum": 0, "headerBytes": 349}
2025-12-03T18:31:59.225-0500	DEBUG	hashindexV3/header_manager.go:104	Created header for index PerfTest, field PerfTest, file 0 (FK=false, Unique=false, PK=false)
2025-12-03T18:31:59.225-0500	DEBUG	hashindexV3/hash_entry_storage.go:230	Wrote header to new bucket file	{"fieldName": "PerfTest", "bucketNum": 98, "fileNum": 0, "headerBytes": 349}
2025-12-03T18:31:59.225-0500	DEBUG	hashindexV3/header_manager.go:104	Created header for index PerfTest, field PerfTest, file 0 (FK=false, Unique=false, PK=false)
2025-12-03T18:31:59.225-0500	DEBUG	hashindexV3/hash_entry_storage.go:230	Wrote header to new bucket file	{"fieldName": "PerfTest", "bucketNum": 50, "fileNum": 0, "headerBytes": 349}
2025-12-03T18:31:59.226-0500	DEBUG	hashindexV3/header_manager.go:104	Created header for index PerfTest, field PerfTest, file 0 (FK=false, Unique=false, PK=false)
2025-12-03T18:31:59.226-0500	DEBUG	hashindexV3/hash_entry_storage.go:230	Wrote header to new bucket file	{"fieldName": "PerfTest", "bucketNum": 117, "fileNum": 0, "headerBytes": 349}
2025-12-03T18:31:59.226-0500	DEBUG	hashindexV3/header_manager.go:104	Created header for index PerfTest, field PerfTest, file 0 (FK=false, Unique=false, PK=false)
2025-12-03T18:31:59.226-0500	DEBUG	hashindexV3/hash_entry_storage.go:230	Wrote header to new bucket file	{"fieldName": "PerfTest", "bucketNum": 164, "fileNum": 0, "headerBytes": 349}
2025-12-03T18:31:59.226-0500	DEBUG	hashindexV3/header_manager.go:104	Created header for index PerfTest, field PerfTest, file 0 (FK=false, Unique=false, PK=false)
2025-12-03T18:31:59.226-0500	DEBUG	hashindexV3/hash_entry_storage.go:230	Wrote header to new bucket file	{"fieldName": "PerfTest", "bucketNum": 170, "fileNum": 0, "headerBytes": 349}
2025-12-03T18:31:59.226-0500	DEBUG	hashindexV3/header_manager.go:104	Created header for index PerfTest, field PerfTest, file 0 (FK=false, Unique=false, PK=false)
2025-12-03T18:31:59.226-0500	DEBUG	hashindexV3/hash_entry_storage.go:230	Wrote header to new bucket file	{"fieldName": "PerfTest", "bucketNum": 17, "fileNum": 0, "headerBytes": 349}
2025-12-03T18:31:59.226-0500	DEBUG	hashindexV3/header_manager.go:104	Created header for index PerfTest, field PerfTest, file 0 (FK=false, Unique=false, PK=false)
2025-12-03T18:31:59.227-0500	DEBUG	hashindexV3/hash_entry_storage.go:230	Wrote header to new bucket file	{"fieldName": "PerfTest", "bucketNum": 88, "fileNum": 0, "headerBytes": 349}
2025-12-03T18:31:59.227-0500	DEBUG	hashindexV3/header_manager.go:104	Created header for index PerfTest, field PerfTest, file 0 (FK=false, Unique=false, PK=false)
2025-12-03T18:31:59.227-0500	DEBUG	hashindexV3/hash_entry_storage.go:230	Wrote header to new bucket file	{"fieldName": "PerfTest", "bucketNum": 179, "fileNum": 0, "headerBytes": 349}
2025-12-03T18:31:59.227-0500	DEBUG	hashindexV3/header_manager.go:104	Created header for index PerfTest, field PerfTest, file 0 (FK=false, Unique=false, PK=false)
2025-12-03T18:31:59.227-0500	DEBUG	hashindexV3/hash_entry_storage.go:230	Wrote header to new bucket file	{"fieldName": "PerfTest", "bucketNum": 201, "fileNum": 0, "headerBytes": 349}
2025-12-03T18:31:59.227-0500	DEBUG	hashindexV3/header_manager.go:104	Created header for index PerfTest, field PerfTest, file 0 (FK=false, Unique=false, PK=false)
2025-12-03T18:31:59.227-0500	DEBUG	hashindexV3/hash_entry_storage.go:230	Wrote header to new bucket file	{"fieldName": "PerfTest", "bucketNum": 254, "fileNum": 0, "headerBytes": 349}
2025-12-03T18:31:59.227-0500	DEBUG	hashindexV3/header_manager.go:104	Created header for index PerfTest, field PerfTest, file 0 (FK=false, Unique=false, PK=false)
2025-12-03T18:31:59.227-0500	DEBUG	hashindexV3/hash_entry_storage.go:230	Wrote header to new bucket file	{"fieldName": "PerfTest", "bucketNum": 119, "fileNum": 0, "headerBytes": 349}
2025-12-03T18:31:59.227-0500	DEBUG	hashindexV3/header_manager.go:104	Created header for index PerfTest, field PerfTest, file 0 (FK=false, Unique=false, PK=false)
2025-12-03T18:31:59.227-0500	DEBUG	hashindexV3/hash_entry_storage.go:230	Wrote header to new bucket file	{"fieldName": "PerfTest", "bucketNum": 1, "fileNum": 0, "headerBytes": 349}
2025-12-03T18:31:59.228-0500	DEBUG	hashindexV3/header_manager.go:104	Created header for index PerfTest, field PerfTest, file 0 (FK=false, Unique=false, PK=false)
2025-12-03T18:31:59.228-0500	DEBUG	hashindexV3/hash_entry_storage.go:230	Wrote header to new bucket file	{"fieldName": "PerfTest", "bucketNum": 43, "fileNum": 0, "headerBytes": 349}
2025-12-03T18:31:59.228-0500	DEBUG	hashindexV3/header_manager.go:104	Created header for index PerfTest, field PerfTest, file 0 (FK=false, Unique=false, PK=false)
2025-12-03T18:31:59.228-0500	DEBUG	hashindexV3/hash_entry_storage.go:230	Wrote header to new bucket file	{"fieldName": "PerfTest", "bucketNum": 111, "fileNum": 0, "headerBytes": 349}
2025-12-03T18:31:59.228-0500	DEBUG	hashindexV3/header_manager.go:104	Created header for index PerfTest, field PerfTest, file 0 (FK=false, Unique=false, PK=false)
2025-12-03T18:31:59.228-0500	DEBUG	hashindexV3/hash_entry_storage.go:230	Wrote header to new bucket file	{"fieldName": "PerfTest", "bucketNum": 46, "fileNum": 0, "headerBytes": 349}
2025-12-03T18:31:59.228-0500	DEBUG	hashindexV3/header_manager.go:104	Created header for index PerfTest, field PerfTest, file 0 (FK=false, Unique=false, PK=false)
2025-12-03T18:31:59.228-0500	DEBUG	hashindexV3/hash_entry_storage.go:230	Wrote header to new bucket file	{"fieldName": "PerfTest", "bucketNum": 188, "fileNum": 0, "headerBytes": 349}
2025-12-03T18:31:59.229-0500	DEBUG	hashindexV3/header_manager.go:104	Created header for index PerfTest, field PerfTest, file 0 (FK=false, Unique=false, PK=false)
2025-12-03T18:31:59.229-0500	DEBUG	hashindexV3/hash_entry_storage.go:230	Wrote header to new bucket file	{"fieldName": "PerfTest", "bucketNum": 216, "fileNum": 0, "headerBytes": 349}
2025-12-03T18:31:59.229-0500	DEBUG	hashindexV3/header_manager.go:158	Read header from /var/folders/85/q1ly22y17zl71m_r0pvz60z00000gn/T/TestPerformance_WriteSpeed1206205364/001/PerfTest.0.hidx: index=PerfTest, field=PerfTest, entries=400, size=349 bytes
2025-12-03T18:31:59.229-0500	DEBUG	hashindexV3/header_manager.go:198	Wrote header to /var/folders/85/q1ly22y17zl71m_r0pvz60z00000gn/T/TestPerformance_WriteSpeed1206205364/001/PerfTest.0.hidx: index=PerfTest, field=PerfTest, 349 bytes
2025-12-03T18:31:59.229-0500	DEBUG	hashindexV3/header_manager.go:236	Updated statistics in /var/folders/85/q1ly22y17zl71m_r0pvz60z00000gn/T/TestPerformance_WriteSpeed1206205364/001/PerfTest.0.hidx: entries=500, deleted=0, size=349, seq=500
2025-12-03T18:31:59.229-0500	DEBUG	hashindexV3/hash_entry_storage.go:720	Updated header statistics: entries=500, size=349, seq=500
2025-12-03T18:31:59.229-0500	DEBUG	hashindexV3/header_manager.go:104	Created header for index PerfTest, field PerfTest, file 0 (FK=false, Unique=false, PK=false)
2025-12-03T18:31:59.229-0500	DEBUG	hashindexV3/hash_entry_storage.go:230	Wrote header to new bucket file	{"fieldName": "PerfTest", "bucketNum": 175, "fileNum": 0, "headerBytes": 349}
2025-12-03T18:31:59.229-0500	DEBUG	hashindexV3/header_manager.go:104	Created header for index PerfTest, field PerfTest, file 0 (FK=false, Unique=false, PK=false)
2025-12-03T18:31:59.229-0500	DEBUG	hashindexV3/hash_entry_storage.go:230	Wrote header to new bucket file	{"fieldName": "PerfTest", "bucketNum": 42, "fileNum": 0, "headerBytes": 349}
2025-12-03T18:31:59.229-0500	DEBUG	hashindexV3/header_manager.go:104	Created header for index PerfTest, field PerfTest, file 0 (FK=false, Unique=false, PK=false)
2025-12-03T18:31:59.229-0500	DEBUG	hashindexV3/hash_entry_storage.go:230	Wrote header to new bucket file	{"fieldName": "PerfTest", "bucketNum": 212, "fileNum": 0, "headerBytes": 349}
2025-12-03T18:31:59.229-0500	DEBUG	hashindexV3/header_manager.go:104	Created header for index PerfTest, field PerfTest, file 0 (FK=false, Unique=false, PK=false)
2025-12-03T18:31:59.229-0500	DEBUG	hashindexV3/hash_entry_storage.go:230	Wrote header to new bucket file	{"fieldName": "PerfTest", "bucketNum": 68, "fileNum": 0, "headerBytes": 349}
2025-12-03T18:31:59.230-0500	DEBUG	hashindexV3/header_manager.go:104	Created header for index PerfTest, field PerfTest, file 0 (FK=false, Unique=false, PK=false)
2025-12-03T18:31:59.230-0500	DEBUG	hashindexV3/hash_entry_storage.go:230	Wrote header to new bucket file	{"fieldName": "PerfTest", "bucketNum": 226, "fileNum": 0, "headerBytes": 349}
2025-12-03T18:31:59.230-0500	DEBUG	hashindexV3/header_manager.go:104	Created header for index PerfTest, field PerfTest, file 0 (FK=false, Unique=false, PK=false)
2025-12-03T18:31:59.230-0500	DEBUG	hashindexV3/hash_entry_storage.go:230	Wrote header to new bucket file	{"fieldName": "PerfTest", "bucketNum": 176, "fileNum": 0, "headerBytes": 349}
2025-12-03T18:31:59.230-0500	DEBUG	hashindexV3/header_manager.go:104	Created header for index PerfTest, field PerfTest, file 0 (FK=false, Unique=false, PK=false)
2025-12-03T18:31:59.230-0500	DEBUG	hashindexV3/hash_entry_storage.go:230	Wrote header to new bucket file	{"fieldName": "PerfTest", "bucketNum": 64, "fileNum": 0, "headerBytes": 349}
2025-12-03T18:31:59.230-0500	DEBUG	hashindexV3/header_manager.go:104	Created header for index PerfTest, field PerfTest, file 0 (FK=false, Unique=false, PK=false)
2025-12-03T18:31:59.230-0500	DEBUG	hashindexV3/hash_entry_storage.go:230	Wrote header to new bucket file	{"fieldName": "PerfTest", "bucketNum": 251, "fileNum": 0, "headerBytes": 349}
2025-12-03T18:31:59.231-0500	DEBUG	hashindexV3/header_manager.go:104	Created header for index PerfTest, field PerfTest, file 0 (FK=false, Unique=false, PK=false)
2025-12-03T18:31:59.231-0500	DEBUG	hashindexV3/hash_entry_storage.go:230	Wrote header to new bucket file	{"fieldName": "PerfTest", "bucketNum": 165, "fileNum": 0, "headerBytes": 349}
2025-12-03T18:31:59.231-0500	DEBUG	hashindexV3/header_manager.go:104	Created header for index PerfTest, field PerfTest, file 0 (FK=false, Unique=false, PK=false)
2025-12-03T18:31:59.231-0500	DEBUG	hashindexV3/hash_entry_storage.go:230	Wrote header to new bucket file	{"fieldName": "PerfTest", "bucketNum": 3, "fileNum": 0, "headerBytes": 349}
2025-12-03T18:31:59.231-0500	DEBUG	hashindexV3/header_manager.go:104	Created header for index PerfTest, field PerfTest, file 0 (FK=false, Unique=false, PK=false)
2025-12-03T18:31:59.231-0500	DEBUG	hashindexV3/hash_entry_storage.go:230	Wrote header to new bucket file	{"fieldName": "PerfTest", "bucketNum": 203, "fileNum": 0, "headerBytes": 349}
2025-12-03T18:31:59.231-0500	DEBUG	hashindexV3/header_manager.go:104	Created header for index PerfTest, field PerfTest, file 0 (FK=false, Unique=false, PK=false)
2025-12-03T18:31:59.231-0500	DEBUG	hashindexV3/hash_entry_storage.go:230	Wrote header to new bucket file	{"fieldName": "PerfTest", "bucketNum": 230, "fileNum": 0, "headerBytes": 349}
2025-12-03T18:31:59.231-0500	DEBUG	hashindexV3/header_manager.go:104	Created header for index PerfTest, field PerfTest, file 0 (FK=false, Unique=false, PK=false)
2025-12-03T18:31:59.231-0500	DEBUG	hashindexV3/hash_entry_storage.go:230	Wrote header to new bucket file	{"fieldName": "PerfTest", "bucketNum": 248, "fileNum": 0, "headerBytes": 349}
2025-12-03T18:31:59.232-0500	DEBUG	hashindexV3/header_manager.go:104	Created header for index PerfTest, field PerfTest, file 0 (FK=false, Unique=false, PK=false)
2025-12-03T18:31:59.232-0500	DEBUG	hashindexV3/hash_entry_storage.go:230	Wrote header to new bucket file	{"fieldName": "PerfTest", "bucketNum": 75, "fileNum": 0, "headerBytes": 349}
2025-12-03T18:31:59.232-0500	DEBUG	hashindexV3/header_manager.go:104	Created header for index PerfTest, field PerfTest, file 0 (FK=false, Unique=false, PK=false)
2025-12-03T18:31:59.232-0500	DEBUG	hashindexV3/hash_entry_storage.go:230	Wrote header to new bucket file	{"fieldName": "PerfTest", "bucketNum": 253, "fileNum": 0, "headerBytes": 349}
2025-12-03T18:31:59.232-0500	DEBUG	hashindexV3/header_manager.go:158	Read header from /var/folders/85/q1ly22y17zl71m_r0pvz60z00000gn/T/TestPerformance_WriteSpeed1206205364/001/PerfTest.0.hidx: index=PerfTest, field=PerfTest, entries=500, size=349 bytes
2025-12-03T18:31:59.232-0500	DEBUG	hashindexV3/header_manager.go:198	Wrote header to /var/folders/85/q1ly22y17zl71m_r0pvz60z00000gn/T/TestPerformance_WriteSpeed1206205364/001/PerfTest.0.hidx: index=PerfTest, field=PerfTest, 349 bytes
2025-12-03T18:31:59.232-0500	DEBUG	hashindexV3/header_manager.go:236	Updated statistics in /var/folders/85/q1ly22y17zl71m_r0pvz60z00000gn/T/TestPerformance_WriteSpeed1206205364/001/PerfTest.0.hidx: entries=600, deleted=0, size=349, seq=600
2025-12-03T18:31:59.232-0500	DEBUG	hashindexV3/hash_entry_storage.go:720	Updated header statistics: entries=600, size=349, seq=600
2025-12-03T18:31:59.232-0500	DEBUG	hashindexV3/header_manager.go:104	Created header for index PerfTest, field PerfTest, file 0 (FK=false, Unique=false, PK=false)
2025-12-03T18:31:59.232-0500	DEBUG	hashindexV3/hash_entry_storage.go:230	Wrote header to new bucket file	{"fieldName": "PerfTest", "bucketNum": 235, "fileNum": 0, "headerBytes": 349}
2025-12-03T18:31:59.232-0500	DEBUG	hashindexV3/header_manager.go:104	Created header for index PerfTest, field PerfTest, file 0 (FK=false, Unique=false, PK=false)
2025-12-03T18:31:59.232-0500	DEBUG	hashindexV3/hash_entry_storage.go:230	Wrote header to new bucket file	{"fieldName": "PerfTest", "bucketNum": 177, "fileNum": 0, "headerBytes": 349}
2025-12-03T18:31:59.233-0500	DEBUG	hashindexV3/header_manager.go:104	Created header for index PerfTest, field PerfTest, file 0 (FK=false, Unique=false, PK=false)
2025-12-03T18:31:59.233-0500	DEBUG	hashindexV3/hash_entry_storage.go:230	Wrote header to new bucket file	{"fieldName": "PerfTest", "bucketNum": 94, "fileNum": 0, "headerBytes": 349}
2025-12-03T18:31:59.233-0500	DEBUG	hashindexV3/header_manager.go:104	Created header for index PerfTest, field PerfTest, file 0 (FK=false, Unique=false, PK=false)
2025-12-03T18:31:59.233-0500	DEBUG	hashindexV3/hash_entry_storage.go:230	Wrote header to new bucket file	{"fieldName": "PerfTest", "bucketNum": 110, "fileNum": 0, "headerBytes": 349}
2025-12-03T18:31:59.233-0500	DEBUG	hashindexV3/header_manager.go:104	Created header for index PerfTest, field PerfTest, file 0 (FK=false, Unique=false, PK=false)
2025-12-03T18:31:59.233-0500	DEBUG	hashindexV3/hash_entry_storage.go:230	Wrote header to new bucket file	{"fieldName": "PerfTest", "bucketNum": 61, "fileNum": 0, "headerBytes": 349}
2025-12-03T18:31:59.233-0500	DEBUG	hashindexV3/header_manager.go:104	Created header for index PerfTest, field PerfTest, file 0 (FK=false, Unique=false, PK=false)
2025-12-03T18:31:59.233-0500	DEBUG	hashindexV3/hash_entry_storage.go:230	Wrote header to new bucket file	{"fieldName": "PerfTest", "bucketNum": 53, "fileNum": 0, "headerBytes": 349}
2025-12-03T18:31:59.234-0500	DEBUG	hashindexV3/header_manager.go:158	Read header from /var/folders/85/q1ly22y17zl71m_r0pvz60z00000gn/T/TestPerformance_WriteSpeed1206205364/001/PerfTest.0.hidx: index=PerfTest, field=PerfTest, entries=600, size=349 bytes
2025-12-03T18:31:59.234-0500	DEBUG	hashindexV3/header_manager.go:198	Wrote header to /var/folders/85/q1ly22y17zl71m_r0pvz60z00000gn/T/TestPerformance_WriteSpeed1206205364/001/PerfTest.0.hidx: index=PerfTest, field=PerfTest, 349 bytes
2025-12-03T18:31:59.234-0500	DEBUG	hashindexV3/header_manager.go:236	Updated statistics in /var/folders/85/q1ly22y17zl71m_r0pvz60z00000gn/T/TestPerformance_WriteSpeed1206205364/001/PerfTest.0.hidx: entries=700, deleted=0, size=349, seq=700
2025-12-03T18:31:59.234-0500	DEBUG	hashindexV3/hash_entry_storage.go:720	Updated header statistics: entries=700, size=349, seq=700
2025-12-03T18:31:59.234-0500	DEBUG	hashindexV3/header_manager.go:104	Created header for index PerfTest, field PerfTest, file 0 (FK=false, Unique=false, PK=false)
2025-12-03T18:31:59.234-0500	DEBUG	hashindexV3/hash_entry_storage.go:230	Wrote header to new bucket file	{"fieldName": "PerfTest", "bucketNum": 246, "fileNum": 0, "headerBytes": 349}
2025-12-03T18:31:59.234-0500	DEBUG	hashindexV3/header_manager.go:104	Created header for index PerfTest, field PerfTest, file 0 (FK=false, Unique=false, PK=false)
2025-12-03T18:31:59.234-0500	DEBUG	hashindexV3/hash_entry_storage.go:230	Wrote header to new bucket file	{"fieldName": "PerfTest", "bucketNum": 152, "fileNum": 0, "headerBytes": 349}
2025-12-03T18:31:59.234-0500	DEBUG	hashindexV3/header_manager.go:104	Created header for index PerfTest, field PerfTest, file 0 (FK=false, Unique=false, PK=false)
2025-12-03T18:31:59.234-0500	DEBUG	hashindexV3/hash_entry_storage.go:230	Wrote header to new bucket file	{"fieldName": "PerfTest", "bucketNum": 219, "fileNum": 0, "headerBytes": 349}
2025-12-03T18:31:59.235-0500	DEBUG	hashindexV3/header_manager.go:104	Created header for index PerfTest, field PerfTest, file 0 (FK=false, Unique=false, PK=false)
2025-12-03T18:31:59.235-0500	DEBUG	hashindexV3/hash_entry_storage.go:230	Wrote header to new bucket file	{"fieldName": "PerfTest", "bucketNum": 54, "fileNum": 0, "headerBytes": 349}
2025-12-03T18:31:59.235-0500	DEBUG	hashindexV3/header_manager.go:158	Read header from /var/folders/85/q1ly22y17zl71m_r0pvz60z00000gn/T/TestPerformance_WriteSpeed1206205364/001/PerfTest.0.hidx: index=PerfTest, field=PerfTest, entries=700, size=349 bytes
2025-12-03T18:31:59.235-0500	DEBUG	hashindexV3/header_manager.go:198	Wrote header to /var/folders/85/q1ly22y17zl71m_r0pvz60z00000gn/T/TestPerformance_WriteSpeed1206205364/001/PerfTest.0.hidx: index=PerfTest, field=PerfTest, 349 bytes
2025-12-03T18:31:59.235-0500	DEBUG	hashindexV3/header_manager.go:236	Updated statistics in /var/folders/85/q1ly22y17zl71m_r0pvz60z00000gn/T/TestPerformance_WriteSpeed1206205364/001/PerfTest.0.hidx: entries=800, deleted=0, size=349, seq=800
2025-12-03T18:31:59.235-0500	DEBUG	hashindexV3/hash_entry_storage.go:720	Updated header statistics: entries=800, size=349, seq=800
2025-12-03T18:31:59.235-0500	DEBUG	hashindexV3/header_manager.go:104	Created header for index PerfTest, field PerfTest, file 0 (FK=false, Unique=false, PK=false)
2025-12-03T18:31:59.235-0500	DEBUG	hashindexV3/hash_entry_storage.go:230	Wrote header to new bucket file	{"fieldName": "PerfTest", "bucketNum": 184, "fileNum": 0, "headerBytes": 349}
2025-12-03T18:31:59.235-0500	DEBUG	hashindexV3/header_manager.go:104	Created header for index PerfTest, field PerfTest, file 0 (FK=false, Unique=false, PK=false)
2025-12-03T18:31:59.235-0500	DEBUG	hashindexV3/hash_entry_storage.go:230	Wrote header to new bucket file	{"fieldName": "PerfTest", "bucketNum": 129, "fileNum": 0, "headerBytes": 349}
2025-12-03T18:31:59.236-0500	DEBUG	hashindexV3/header_manager.go:158	Read header from /var/folders/85/q1ly22y17zl71m_r0pvz60z00000gn/T/TestPerformance_WriteSpeed1206205364/001/PerfTest.0.hidx: index=PerfTest, field=PerfTest, entries=800, size=349 bytes
2025-12-03T18:31:59.236-0500	DEBUG	hashindexV3/header_manager.go:198	Wrote header to /var/folders/85/q1ly22y17zl71m_r0pvz60z00000gn/T/TestPerformance_WriteSpeed1206205364/001/PerfTest.0.hidx: index=PerfTest, field=PerfTest, 349 bytes
2025-12-03T18:31:59.236-0500	DEBUG	hashindexV3/header_manager.go:236	Updated statistics in /var/folders/85/q1ly22y17zl71m_r0pvz60z00000gn/T/TestPerformance_WriteSpeed1206205364/001/PerfTest.0.hidx: entries=900, deleted=0, size=349, seq=900
2025-12-03T18:31:59.236-0500	DEBUG	hashindexV3/hash_entry_storage.go:720	Updated header statistics: entries=900, size=349, seq=900
2025-12-03T18:31:59.236-0500	DEBUG	hashindexV3/header_manager.go:104	Created header for index PerfTest, field PerfTest, file 0 (FK=false, Unique=false, PK=false)
2025-12-03T18:31:59.236-0500	DEBUG	hashindexV3/hash_entry_storage.go:230	Wrote header to new bucket file	{"fieldName": "PerfTest", "bucketNum": 233, "fileNum": 0, "headerBytes": 349}
2025-12-03T18:31:59.236-0500	DEBUG	hashindexV3/header_manager.go:104	Created header for index PerfTest, field PerfTest, file 0 (FK=false, Unique=false, PK=false)
2025-12-03T18:31:59.236-0500	DEBUG	hashindexV3/hash_entry_storage.go:230	Wrote header to new bucket file	{"fieldName": "PerfTest", "bucketNum": 60, "fileNum": 0, "headerBytes": 349}
2025-12-03T18:31:59.236-0500	DEBUG	hashindexV3/header_manager.go:158	Read header from /var/folders/85/q1ly22y17zl71m_r0pvz60z00000gn/T/TestPerformance_WriteSpeed1206205364/001/PerfTest.0.hidx: index=PerfTest, field=PerfTest, entries=900, size=349 bytes
2025-12-03T18:31:59.236-0500	DEBUG	hashindexV3/header_manager.go:198	Wrote header to /var/folders/85/q1ly22y17zl71m_r0pvz60z00000gn/T/TestPerformance_WriteSpeed1206205364/001/PerfTest.0.hidx: index=PerfTest, field=PerfTest, 349 bytes
2025-12-03T18:31:59.236-0500	DEBUG	hashindexV3/header_manager.go:236	Updated statistics in /var/folders/85/q1ly22y17zl71m_r0pvz60z00000gn/T/TestPerformance_WriteSpeed1206205364/001/PerfTest.0.hidx: entries=1000, deleted=0, size=349, seq=1000
2025-12-03T18:31:59.236-0500	DEBUG	hashindexV3/hash_entry_storage.go:720	Updated header statistics: entries=1000, size=349, seq=1000
2025-12-03T18:31:59.237-0500	DEBUG	hashindexV3/header_manager.go:158	Read header from /var/folders/85/q1ly22y17zl71m_r0pvz60z00000gn/T/TestPerformance_WriteSpeed1206205364/001/PerfTest.0.hidx: index=PerfTest, field=PerfTest, entries=1000, size=349 bytes
2025-12-03T18:31:59.237-0500	DEBUG	hashindexV3/header_manager.go:198	Wrote header to /var/folders/85/q1ly22y17zl71m_r0pvz60z00000gn/T/TestPerformance_WriteSpeed1206205364/001/PerfTest.0.hidx: index=PerfTest, field=PerfTest, 349 bytes
2025-12-03T18:31:59.237-0500	DEBUG	hashindexV3/header_manager.go:236	Updated statistics in /var/folders/85/q1ly22y17zl71m_r0pvz60z00000gn/T/TestPerformance_WriteSpeed1206205364/001/PerfTest.0.hidx: entries=1100, deleted=0, size=349, seq=1100
2025-12-03T18:31:59.237-0500	DEBUG	hashindexV3/hash_entry_storage.go:720	Updated header statistics: entries=1100, size=349, seq=1100
2025-12-03T18:31:59.237-0500	DEBUG	hashindexV3/header_manager.go:158	Read header from /var/folders/85/q1ly22y17zl71m_r0pvz60z00000gn/T/TestPerformance_WriteSpeed1206205364/001/PerfTest.0.hidx: index=PerfTest, field=PerfTest, entries=1100, size=349 bytes
2025-12-03T18:31:59.237-0500	DEBUG	hashindexV3/header_manager.go:198	Wrote header to /var/folders/85/q1ly22y17zl71m_r0pvz60z00000gn/T/TestPerformance_WriteSpeed1206205364/001/PerfTest.0.hidx: index=PerfTest, field=PerfTest, 349 bytes
2025-12-03T18:31:59.237-0500	DEBUG	hashindexV3/header_manager.go:236	Updated statistics in /var/folders/85/q1ly22y17zl71m_r0pvz60z00000gn/T/TestPerformance_WriteSpeed1206205364/001/PerfTest.0.hidx: entries=1200, deleted=0, size=349, seq=1200
2025-12-03T18:31:59.237-0500	DEBUG	hashindexV3/hash_entry_storage.go:720	Updated header statistics: entries=1200, size=349, seq=1200
2025-12-03T18:31:59.237-0500	DEBUG	hashindexV3/header_manager.go:104	Created header for index PerfTest, field PerfTest, file 0 (FK=false, Unique=false, PK=false)
2025-12-03T18:31:59.237-0500	DEBUG	hashindexV3/hash_entry_storage.go:230	Wrote header to new bucket file	{"fieldName": "PerfTest", "bucketNum": 33, "fileNum": 0, "headerBytes": 349}
2025-12-03T18:31:59.238-0500	DEBUG	hashindexV3/header_manager.go:158	Read header from /var/folders/85/q1ly22y17zl71m_r0pvz60z00000gn/T/TestPerformance_WriteSpeed1206205364/001/PerfTest.0.hidx: index=PerfTest, field=PerfTest, entries=1200, size=349 bytes
2025-12-03T18:31:59.238-0500	DEBUG	hashindexV3/header_manager.go:198	Wrote header to /var/folders/85/q1ly22y17zl71m_r0pvz60z00000gn/T/TestPerformance_WriteSpeed1206205364/001/PerfTest.0.hidx: index=PerfTest, field=PerfTest, 349 bytes
2025-12-03T18:31:59.238-0500	DEBUG	hashindexV3/header_manager.go:236	Updated statistics in /var/folders/85/q1ly22y17zl71m_r0pvz60z00000gn/T/TestPerformance_WriteSpeed1206205364/001/PerfTest.0.hidx: entries=1300, deleted=0, size=349, seq=1300
2025-12-03T18:31:59.238-0500	DEBUG	hashindexV3/hash_entry_storage.go:720	Updated header statistics: entries=1300, size=349, seq=1300
2025-12-03T18:31:59.238-0500	DEBUG	hashindexV3/header_manager.go:158	Read header from /var/folders/85/q1ly22y17zl71m_r0pvz60z00000gn/T/TestPerformance_WriteSpeed1206205364/001/PerfTest.0.hidx: index=PerfTest, field=PerfTest, entries=1300, size=349 bytes
2025-12-03T18:31:59.238-0500	DEBUG	hashindexV3/header_manager.go:198	Wrote header to /var/folders/85/q1ly22y17zl71m_r0pvz60z00000gn/T/TestPerformance_WriteSpeed1206205364/001/PerfTest.0.hidx: index=PerfTest, field=PerfTest, 349 bytes
2025-12-03T18:31:59.238-0500	DEBUG	hashindexV3/header_manager.go:236	Updated statistics in /var/folders/85/q1ly22y17zl71m_r0pvz60z00000gn/T/TestPerformance_WriteSpeed1206205364/001/PerfTest.0.hidx: entries=1400, deleted=0, size=349, seq=1400
2025-12-03T18:31:59.238-0500	DEBUG	hashindexV3/hash_entry_storage.go:720	Updated header statistics: entries=1400, size=349, seq=1400
2025-12-03T18:31:59.238-0500	DEBUG	hashindexV3/header_manager.go:158	Read header from /var/folders/85/q1ly22y17zl71m_r0pvz60z00000gn/T/TestPerformance_WriteSpeed1206205364/001/PerfTest.0.hidx: index=PerfTest, field=PerfTest, entries=1400, size=349 bytes
2025-12-03T18:31:59.238-0500	DEBUG	hashindexV3/header_manager.go:198	Wrote header to /var/folders/85/q1ly22y17zl71m_r0pvz60z00000gn/T/TestPerformance_WriteSpeed1206205364/001/PerfTest.0.hidx: index=PerfTest, field=PerfTest, 349 bytes
2025-12-03T18:31:59.238-0500	DEBUG	hashindexV3/header_manager.go:236	Updated statistics in /var/folders/85/q1ly22y17zl71m_r0pvz60z00000gn/T/TestPerformance_WriteSpeed1206205364/001/PerfTest.0.hidx: entries=1500, deleted=0, size=349, seq=1500
2025-12-03T18:31:59.238-0500	DEBUG	hashindexV3/hash_entry_storage.go:720	Updated header statistics: entries=1500, size=349, seq=1500
2025-12-03T18:31:59.239-0500	DEBUG	hashindexV3/header_manager.go:158	Read header from /var/folders/85/q1ly22y17zl71m_r0pvz60z00000gn/T/TestPerformance_WriteSpeed1206205364/001/PerfTest.0.hidx: index=PerfTest, field=PerfTest, entries=1500, size=349 bytes
2025-12-03T18:31:59.239-0500	DEBUG	hashindexV3/header_manager.go:198	Wrote header to /var/folders/85/q1ly22y17zl71m_r0pvz60z00000gn/T/TestPerformance_WriteSpeed1206205364/001/PerfTest.0.hidx: index=PerfTest, field=PerfTest, 349 bytes
2025-12-03T18:31:59.239-0500	DEBUG	hashindexV3/header_manager.go:236	Updated statistics in /var/folders/85/q1ly22y17zl71m_r0pvz60z00000gn/T/TestPerformance_WriteSpeed1206205364/001/PerfTest.0.hidx: entries=1600, deleted=0, size=349, seq=1600
2025-12-03T18:31:59.239-0500	DEBUG	hashindexV3/hash_entry_storage.go:720	Updated header statistics: entries=1600, size=349, seq=1600
2025-12-03T18:31:59.239-0500	DEBUG	hashindexV3/header_manager.go:158	Read header from /var/folders/85/q1ly22y17zl71m_r0pvz60z00000gn/T/TestPerformance_WriteSpeed1206205364/001/PerfTest.0.hidx: index=PerfTest, field=PerfTest, entries=1600, size=349 bytes
2025-12-03T18:31:59.239-0500	DEBUG	hashindexV3/header_manager.go:198	Wrote header to /var/folders/85/q1ly22y17zl71m_r0pvz60z00000gn/T/TestPerformance_WriteSpeed1206205364/001/PerfTest.0.hidx: index=PerfTest, field=PerfTest, 349 bytes
2025-12-03T18:31:59.239-0500	DEBUG	hashindexV3/header_manager.go:236	Updated statistics in /var/folders/85/q1ly22y17zl71m_r0pvz60z00000gn/T/TestPerformance_WriteSpeed1206205364/001/PerfTest.0.hidx: entries=1700, deleted=0, size=349, seq=1700
2025-12-03T18:31:59.239-0500	DEBUG	hashindexV3/hash_entry_storage.go:720	Updated header statistics: entries=1700, size=349, seq=1700
2025-12-03T18:31:59.239-0500	DEBUG	hashindexV3/header_manager.go:158	Read header from /var/folders/85/q1ly22y17zl71m_r0pvz60z00000gn/T/TestPerformance_WriteSpeed1206205364/001/PerfTest.0.hidx: index=PerfTest, field=PerfTest, entries=1700, size=349 bytes
2025-12-03T18:31:59.239-0500	DEBUG	hashindexV3/header_manager.go:198	Wrote header to /var/folders/85/q1ly22y17zl71m_r0pvz60z00000gn/T/TestPerformance_WriteSpeed1206205364/001/PerfTest.0.hidx: index=PerfTest, field=PerfTest, 349 bytes
2025-12-03T18:31:59.239-0500	DEBUG	hashindexV3/header_manager.go:236	Updated statistics in /var/folders/85/q1ly22y17zl71m_r0pvz60z00000gn/T/TestPerformance_WriteSpeed1206205364/001/PerfTest.0.hidx: entries=1800, deleted=0, size=349, seq=1800
2025-12-03T18:31:59.239-0500	DEBUG	hashindexV3/hash_entry_storage.go:720	Updated header statistics: entries=1800, size=349, seq=1800
2025-12-03T18:31:59.240-0500	DEBUG	hashindexV3/header_manager.go:158	Read header from /var/folders/85/q1ly22y17zl71m_r0pvz60z00000gn/T/TestPerformance_WriteSpeed1206205364/001/PerfTest.0.hidx: index=PerfTest, field=PerfTest, entries=1800, size=349 bytes
2025-12-03T18:31:59.240-0500	DEBUG	hashindexV3/header_manager.go:198	Wrote header to /var/folders/85/q1ly22y17zl71m_r0pvz60z00000gn/T/TestPerformance_WriteSpeed1206205364/001/PerfTest.0.hidx: index=PerfTest, field=PerfTest, 349 bytes
2025-12-03T18:31:59.240-0500	DEBUG	hashindexV3/header_manager.go:236	Updated statistics in /var/folders/85/q1ly22y17zl71m_r0pvz60z00000gn/T/TestPerformance_WriteSpeed1206205364/001/PerfTest.0.hidx: entries=1900, deleted=0, size=349, seq=1900
2025-12-03T18:31:59.240-0500	DEBUG	hashindexV3/hash_entry_storage.go:720	Updated header statistics: entries=1900, size=349, seq=1900
2025-12-03T18:31:59.240-0500	DEBUG	hashindexV3/header_manager.go:158	Read header from /var/folders/85/q1ly22y17zl71m_r0pvz60z00000gn/T/TestPerformance_WriteSpeed1206205364/001/PerfTest.0.hidx: index=PerfTest, field=PerfTest, entries=1900, size=349 bytes
2025-12-03T18:31:59.240-0500	DEBUG	hashindexV3/header_manager.go:198	Wrote header to /var/folders/85/q1ly22y17zl71m_r0pvz60z00000gn/T/TestPerformance_WriteSpeed1206205364/001/PerfTest.0.hidx: index=PerfTest, field=PerfTest, 349 bytes
2025-12-03T18:31:59.240-0500	DEBUG	hashindexV3/header_manager.go:236	Updated statistics in /var/folders/85/q1ly22y17zl71m_r0pvz60z00000gn/T/TestPerformance_WriteSpeed1206205364/001/PerfTest.0.hidx: entries=2000, deleted=0, size=349, seq=2000
2025-12-03T18:31:59.240-0500	DEBUG	hashindexV3/hash_entry_storage.go:720	Updated header statistics: entries=2000, size=349, seq=2000
2025-12-03T18:31:59.240-0500	DEBUG	hashindexV3/header_manager.go:158	Read header from /var/folders/85/q1ly22y17zl71m_r0pvz60z00000gn/T/TestPerformance_WriteSpeed1206205364/001/PerfTest.0.hidx: index=PerfTest, field=PerfTest, entries=2000, size=349 bytes
2025-12-03T18:31:59.240-0500	DEBUG	hashindexV3/header_manager.go:198	Wrote header to /var/folders/85/q1ly22y17zl71m_r0pvz60z00000gn/T/TestPerformance_WriteSpeed1206205364/001/PerfTest.0.hidx: index=PerfTest, field=PerfTest, 349 bytes
2025-12-03T18:31:59.240-0500	DEBUG	hashindexV3/header_manager.go:236	Updated statistics in /var/folders/85/q1ly22y17zl71m_r0pvz60z00000gn/T/TestPerformance_WriteSpeed1206205364/001/PerfTest.0.hidx: entries=2100, deleted=0, size=349, seq=2100
2025-12-03T18:31:59.240-0500	DEBUG	hashindexV3/hash_entry_storage.go:720	Updated header statistics: entries=2100, size=349, seq=2100
2025-12-03T18:31:59.241-0500	DEBUG	hashindexV3/header_manager.go:158	Read header from /var/folders/85/q1ly22y17zl71m_r0pvz60z00000gn/T/TestPerformance_WriteSpeed1206205364/001/PerfTest.0.hidx: index=PerfTest, field=PerfTest, entries=2100, size=349 bytes
2025-12-03T18:31:59.241-0500	DEBUG	hashindexV3/header_manager.go:198	Wrote header to /var/folders/85/q1ly22y17zl71m_r0pvz60z00000gn/T/TestPerformance_WriteSpeed1206205364/001/PerfTest.0.hidx: index=PerfTest, field=PerfTest, 349 bytes
2025-12-03T18:31:59.241-0500	DEBUG	hashindexV3/header_manager.go:236	Updated statistics in /var/folders/85/q1ly22y17zl71m_r0pvz60z00000gn/T/TestPerformance_WriteSpeed1206205364/001/PerfTest.0.hidx: entries=2200, deleted=0, size=349, seq=2200
2025-12-03T18:31:59.241-0500	DEBUG	hashindexV3/hash_entry_storage.go:720	Updated header statistics: entries=2200, size=349, seq=2200
2025-12-03T18:31:59.241-0500	DEBUG	hashindexV3/header_manager.go:158	Read header from /var/folders/85/q1ly22y17zl71m_r0pvz60z00000gn/T/TestPerformance_WriteSpeed1206205364/001/PerfTest.0.hidx: index=PerfTest, field=PerfTest, entries=2200, size=349 bytes
2025-12-03T18:31:59.241-0500	DEBUG	hashindexV3/header_manager.go:198	Wrote header to /var/folders/85/q1ly22y17zl71m_r0pvz60z00000gn/T/TestPerformance_WriteSpeed1206205364/001/PerfTest.0.hidx: index=PerfTest, field=PerfTest, 349 bytes
2025-12-03T18:31:59.241-0500	DEBUG	hashindexV3/header_manager.go:236	Updated statistics in /var/folders/85/q1ly22y17zl71m_r0pvz60z00000gn/T/TestPerformance_WriteSpeed1206205364/001/PerfTest.0.hidx: entries=2300, deleted=0, size=349, seq=2300
2025-12-03T18:31:59.241-0500	DEBUG	hashindexV3/hash_entry_storage.go:720	Updated header statistics: entries=2300, size=349, seq=2300
2025-12-03T18:31:59.241-0500	DEBUG	hashindexV3/header_manager.go:158	Read header from /var/folders/85/q1ly22y17zl71m_r0pvz60z00000gn/T/TestPerformance_WriteSpeed1206205364/001/PerfTest.0.hidx: index=PerfTest, field=PerfTest, entries=2300, size=349 bytes
2025-12-03T18:31:59.241-0500	DEBUG	hashindexV3/header_manager.go:198	Wrote header to /var/folders/85/q1ly22y17zl71m_r0pvz60z00000gn/T/TestPerformance_WriteSpeed1206205364/001/PerfTest.0.hidx: index=PerfTest, field=PerfTest, 349 bytes
2025-12-03T18:31:59.241-0500	DEBUG	hashindexV3/header_manager.go:236	Updated statistics in /var/folders/85/q1ly22y17zl71m_r0pvz60z00000gn/T/TestPerformance_WriteSpeed1206205364/001/PerfTest.0.hidx: entries=2400, deleted=0, size=349, seq=2400
2025-12-03T18:31:59.241-0500	DEBUG	hashindexV3/hash_entry_storage.go:720	Updated header statistics: entries=2400, size=349, seq=2400
2025-12-03T18:31:59.242-0500	DEBUG	hashindexV3/header_manager.go:158	Read header from /var/folders/85/q1ly22y17zl71m_r0pvz60z00000gn/T/TestPerformance_WriteSpeed1206205364/001/PerfTest.0.hidx: index=PerfTest, field=PerfTest, entries=2400, size=349 bytes
2025-12-03T18:31:59.242-0500	DEBUG	hashindexV3/header_manager.go:198	Wrote header to /var/folders/85/q1ly22y17zl71m_r0pvz60z00000gn/T/TestPerformance_WriteSpeed1206205364/001/PerfTest.0.hidx: index=PerfTest, field=PerfTest, 349 bytes
2025-12-03T18:31:59.242-0500	DEBUG	hashindexV3/header_manager.go:236	Updated statistics in /var/folders/85/q1ly22y17zl71m_r0pvz60z00000gn/T/TestPerformance_WriteSpeed1206205364/001/PerfTest.0.hidx: entries=2500, deleted=0, size=349, seq=2500
2025-12-03T18:31:59.242-0500	DEBUG	hashindexV3/hash_entry_storage.go:720	Updated header statistics: entries=2500, size=349, seq=2500
2025-12-03T18:31:59.242-0500	DEBUG	hashindexV3/header_manager.go:158	Read header from /var/folders/85/q1ly22y17zl71m_r0pvz60z00000gn/T/TestPerformance_WriteSpeed1206205364/001/PerfTest.0.hidx: index=PerfTest, field=PerfTest, entries=2500, size=349 bytes
2025-12-03T18:31:59.242-0500	DEBUG	hashindexV3/header_manager.go:198	Wrote header to /var/folders/85/q1ly22y17zl71m_r0pvz60z00000gn/T/TestPerformance_WriteSpeed1206205364/001/PerfTest.0.hidx: index=PerfTest, field=PerfTest, 349 bytes
2025-12-03T18:31:59.242-0500	DEBUG	hashindexV3/header_manager.go:236	Updated statistics in /var/folders/85/q1ly22y17zl71m_r0pvz60z00000gn/T/TestPerformance_WriteSpeed1206205364/001/PerfTest.0.hidx: entries=2600, deleted=0, size=349, seq=2600
2025-12-03T18:31:59.242-0500	DEBUG	hashindexV3/hash_entry_storage.go:720	Updated header statistics: entries=2600, size=349, seq=2600
2025-12-03T18:31:59.242-0500	DEBUG	hashindexV3/header_manager.go:158	Read header from /var/folders/85/q1ly22y17zl71m_r0pvz60z00000gn/T/TestPerformance_WriteSpeed1206205364/001/PerfTest.0.hidx: index=PerfTest, field=PerfTest, entries=2600, size=349 bytes
2025-12-03T18:31:59.242-0500	DEBUG	hashindexV3/header_manager.go:198	Wrote header to /var/folders/85/q1ly22y17zl71m_r0pvz60z00000gn/T/TestPerformance_WriteSpeed1206205364/001/PerfTest.0.hidx: index=PerfTest, field=PerfTest, 349 bytes
2025-12-03T18:31:59.242-0500	DEBUG	hashindexV3/header_manager.go:236	Updated statistics in /var/folders/85/q1ly22y17zl71m_r0pvz60z00000gn/T/TestPerformance_WriteSpeed1206205364/001/PerfTest.0.hidx: entries=2700, deleted=0, size=349, seq=2700
2025-12-03T18:31:59.242-0500	DEBUG	hashindexV3/hash_entry_storage.go:720	Updated header statistics: entries=2700, size=349, seq=2700
2025-12-03T18:31:59.243-0500	DEBUG	hashindexV3/header_manager.go:158	Read header from /var/folders/85/q1ly22y17zl71m_r0pvz60z00000gn/T/TestPerformance_WriteSpeed1206205364/001/PerfTest.0.hidx: index=PerfTest, field=PerfTest, entries=2700, size=349 bytes
2025-12-03T18:31:59.243-0500	DEBUG	hashindexV3/header_manager.go:198	Wrote header to /var/folders/85/q1ly22y17zl71m_r0pvz60z00000gn/T/TestPerformance_WriteSpeed1206205364/001/PerfTest.0.hidx: index=PerfTest, field=PerfTest, 349 bytes
2025-12-03T18:31:59.243-0500	DEBUG	hashindexV3/header_manager.go:236	Updated statistics in /var/folders/85/q1ly22y17zl71m_r0pvz60z00000gn/T/TestPerformance_WriteSpeed1206205364/001/PerfTest.0.hidx: entries=2800, deleted=0, size=349, seq=2800
2025-12-03T18:31:59.243-0500	DEBUG	hashindexV3/hash_entry_storage.go:720	Updated header statistics: entries=2800, size=349, seq=2800
2025-12-03T18:31:59.243-0500	DEBUG	hashindexV3/header_manager.go:158	Read header from /var/folders/85/q1ly22y17zl71m_r0pvz60z00000gn/T/TestPerformance_WriteSpeed1206205364/001/PerfTest.0.hidx: index=PerfTest, field=PerfTest, entries=2800, size=349 bytes
2025-12-03T18:31:59.243-0500	DEBUG	hashindexV3/header_manager.go:198	Wrote header to /var/folders/85/q1ly22y17zl71m_r0pvz60z00000gn/T/TestPerformance_WriteSpeed1206205364/001/PerfTest.0.hidx: index=PerfTest, field=PerfTest, 349 bytes
2025-12-03T18:31:59.243-0500	DEBUG	hashindexV3/header_manager.go:236	Updated statistics in /var/folders/85/q1ly22y17zl71m_r0pvz60z00000gn/T/TestPerformance_WriteSpeed1206205364/001/PerfTest.0.hidx: entries=2900, deleted=0, size=349, seq=2900
2025-12-03T18:31:59.243-0500	DEBUG	hashindexV3/hash_entry_storage.go:720	Updated header statistics: entries=2900, size=349, seq=2900
2025-12-03T18:31:59.243-0500	DEBUG	hashindexV3/header_manager.go:158	Read header from /var/folders/85/q1ly22y17zl71m_r0pvz60z00000gn/T/TestPerformance_WriteSpeed1206205364/001/PerfTest.0.hidx: index=PerfTest, field=PerfTest, entries=2900, size=349 bytes
2025-12-03T18:31:59.243-0500	DEBUG	hashindexV3/header_manager.go:198	Wrote header to /var/folders/85/q1ly22y17zl71m_r0pvz60z00000gn/T/TestPerformance_WriteSpeed1206205364/001/PerfTest.0.hidx: index=PerfTest, field=PerfTest, 349 bytes
2025-12-03T18:31:59.243-0500	DEBUG	hashindexV3/header_manager.go:236	Updated statistics in /var/folders/85/q1ly22y17zl71m_r0pvz60z00000gn/T/TestPerformance_WriteSpeed1206205364/001/PerfTest.0.hidx: entries=3000, deleted=0, size=349, seq=3000
2025-12-03T18:31:59.243-0500	DEBUG	hashindexV3/hash_entry_storage.go:720	Updated header statistics: entries=3000, size=349, seq=3000
2025-12-03T18:31:59.243-0500	DEBUG	hashindexV3/header_manager.go:158	Read header from /var/folders/85/q1ly22y17zl71m_r0pvz60z00000gn/T/TestPerformance_WriteSpeed1206205364/001/PerfTest.0.hidx: index=PerfTest, field=PerfTest, entries=3000, size=349 bytes
2025-12-03T18:31:59.244-0500	DEBUG	hashindexV3/header_manager.go:198	Wrote header to /var/folders/85/q1ly22y17zl71m_r0pvz60z00000gn/T/TestPerformance_WriteSpeed1206205364/001/PerfTest.0.hidx: index=PerfTest, field=PerfTest, 349 bytes
2025-12-03T18:31:59.244-0500	DEBUG	hashindexV3/header_manager.go:236	Updated statistics in /var/folders/85/q1ly22y17zl71m_r0pvz60z00000gn/T/TestPerformance_WriteSpeed1206205364/001/PerfTest.0.hidx: entries=3100, deleted=0, size=349, seq=3100
2025-12-03T18:31:59.244-0500	DEBUG	hashindexV3/hash_entry_storage.go:720	Updated header statistics: entries=3100, size=349, seq=3100
2025-12-03T18:31:59.244-0500	DEBUG	hashindexV3/header_manager.go:158	Read header from /var/folders/85/q1ly22y17zl71m_r0pvz60z00000gn/T/TestPerformance_WriteSpeed1206205364/001/PerfTest.0.hidx: index=PerfTest, field=PerfTest, entries=3100, size=349 bytes
2025-12-03T18:31:59.244-0500	DEBUG	hashindexV3/header_manager.go:198	Wrote header to /var/folders/85/q1ly22y17zl71m_r0pvz60z00000gn/T/TestPerformance_WriteSpeed1206205364/001/PerfTest.0.hidx: index=PerfTest, field=PerfTest, 349 bytes
2025-12-03T18:31:59.244-0500	DEBUG	hashindexV3/header_manager.go:236	Updated statistics in /var/folders/85/q1ly22y17zl71m_r0pvz60z00000gn/T/TestPerformance_WriteSpeed1206205364/001/PerfTest.0.hidx: entries=3200, deleted=0, size=349, seq=3200
2025-12-03T18:31:59.244-0500	DEBUG	hashindexV3/hash_entry_storage.go:720	Updated header statistics: entries=3200, size=349, seq=3200
2025-12-03T18:31:59.244-0500	DEBUG	hashindexV3/header_manager.go:158	Read header from /var/folders/85/q1ly22y17zl71m_r0pvz60z00000gn/T/TestPerformance_WriteSpeed1206205364/001/PerfTest.0.hidx: index=PerfTest, field=PerfTest, entries=3200, size=349 bytes
2025-12-03T18:31:59.244-0500	DEBUG	hashindexV3/header_manager.go:198	Wrote header to /var/folders/85/q1ly22y17zl71m_r0pvz60z00000gn/T/TestPerformance_WriteSpeed1206205364/001/PerfTest.0.hidx: index=PerfTest, field=PerfTest, 349 bytes
2025-12-03T18:31:59.244-0500	DEBUG	hashindexV3/header_manager.go:236	Updated statistics in /var/folders/85/q1ly22y17zl71m_r0pvz60z00000gn/T/TestPerformance_WriteSpeed1206205364/001/PerfTest.0.hidx: entries=3300, deleted=0, size=349, seq=3300
2025-12-03T18:31:59.244-0500	DEBUG	hashindexV3/hash_entry_storage.go:720	Updated header statistics: entries=3300, size=349, seq=3300
2025-12-03T18:31:59.244-0500	DEBUG	hashindexV3/header_manager.go:158	Read header from /var/folders/85/q1ly22y17zl71m_r0pvz60z00000gn/T/TestPerformance_WriteSpeed1206205364/001/PerfTest.0.hidx: index=PerfTest, field=PerfTest, entries=3300, size=349 bytes
2025-12-03T18:31:59.244-0500	DEBUG	hashindexV3/header_manager.go:198	Wrote header to /var/folders/85/q1ly22y17zl71m_r0pvz60z00000gn/T/TestPerformance_WriteSpeed1206205364/001/PerfTest.0.hidx: index=PerfTest, field=PerfTest, 349 bytes
2025-12-03T18:31:59.244-0500	DEBUG	hashindexV3/header_manager.go:236	Updated statistics in /var/folders/85/q1ly22y17zl71m_r0pvz60z00000gn/T/TestPerformance_WriteSpeed1206205364/001/PerfTest.0.hidx: entries=3400, deleted=0, size=349, seq=3400
2025-12-03T18:31:59.244-0500	DEBUG	hashindexV3/hash_entry_storage.go:720	Updated header statistics: entries=3400, size=349, seq=3400
2025-12-03T18:31:59.245-0500	DEBUG	hashindexV3/header_manager.go:158	Read header from /var/folders/85/q1ly22y17zl71m_r0pvz60z00000gn/T/TestPerformance_WriteSpeed1206205364/001/PerfTest.0.hidx: index=PerfTest, field=PerfTest, entries=3400, size=349 bytes
2025-12-03T18:31:59.245-0500	DEBUG	hashindexV3/header_manager.go:198	Wrote header to /var/folders/85/q1ly22y17zl71m_r0pvz60z00000gn/T/TestPerformance_WriteSpeed1206205364/001/PerfTest.0.hidx: index=PerfTest, field=PerfTest, 349 bytes
2025-12-03T18:31:59.245-0500	DEBUG	hashindexV3/header_manager.go:236	Updated statistics in /var/folders/85/q1ly22y17zl71m_r0pvz60z00000gn/T/TestPerformance_WriteSpeed1206205364/001/PerfTest.0.hidx: entries=3500, deleted=0, size=349, seq=3500
2025-12-03T18:31:59.245-0500	DEBUG	hashindexV3/hash_entry_storage.go:720	Updated header statistics: entries=3500, size=349, seq=3500
2025-12-03T18:31:59.245-0500	DEBUG	hashindexV3/header_manager.go:158	Read header from /var/folders/85/q1ly22y17zl71m_r0pvz60z00000gn/T/TestPerformance_WriteSpeed1206205364/001/PerfTest.0.hidx: index=PerfTest, field=PerfTest, entries=3500, size=349 bytes
2025-12-03T18:31:59.245-0500	DEBUG	hashindexV3/header_manager.go:198	Wrote header to /var/folders/85/q1ly22y17zl71m_r0pvz60z00000gn/T/TestPerformance_WriteSpeed1206205364/001/PerfTest.0.hidx: index=PerfTest, field=PerfTest, 349 bytes
2025-12-03T18:31:59.245-0500	DEBUG	hashindexV3/header_manager.go:236	Updated statistics in /var/folders/85/q1ly22y17zl71m_r0pvz60z00000gn/T/TestPerformance_WriteSpeed1206205364/001/PerfTest.0.hidx: entries=3600, deleted=0, size=349, seq=3600
2025-12-03T18:31:59.245-0500	DEBUG	hashindexV3/hash_entry_storage.go:720	Updated header statistics: entries=3600, size=349, seq=3600
2025-12-03T18:31:59.245-0500	DEBUG	hashindexV3/header_manager.go:158	Read header from /var/folders/85/q1ly22y17zl71m_r0pvz60z00000gn/T/TestPerformance_WriteSpeed1206205364/001/PerfTest.0.hidx: index=PerfTest, field=PerfTest, entries=3600, size=349 bytes
2025-12-03T18:31:59.245-0500	DEBUG	hashindexV3/header_manager.go:198	Wrote header to /var/folders/85/q1ly22y17zl71m_r0pvz60z00000gn/T/TestPerformance_WriteSpeed1206205364/001/PerfTest.0.hidx: index=PerfTest, field=PerfTest, 349 bytes
2025-12-03T18:31:59.245-0500	DEBUG	hashindexV3/header_manager.go:236	Updated statistics in /var/folders/85/q1ly22y17zl71m_r0pvz60z00000gn/T/TestPerformance_WriteSpeed1206205364/001/PerfTest.0.hidx: entries=3700, deleted=0, size=349, seq=3700
2025-12-03T18:31:59.245-0500	DEBUG	hashindexV3/hash_entry_storage.go:720	Updated header statistics: entries=3700, size=349, seq=3700
2025-12-03T18:31:59.246-0500	DEBUG	hashindexV3/header_manager.go:158	Read header from /var/folders/85/q1ly22y17zl71m_r0pvz60z00000gn/T/TestPerformance_WriteSpeed1206205364/001/PerfTest.0.hidx: index=PerfTest, field=PerfTest, entries=3700, size=349 bytes
2025-12-03T18:31:59.246-0500	DEBUG	hashindexV3/header_manager.go:198	Wrote header to /var/folders/85/q1ly22y17zl71m_r0pvz60z00000gn/T/TestPerformance_WriteSpeed1206205364/001/PerfTest.0.hidx: index=PerfTest, field=PerfTest, 349 bytes
2025-12-03T18:31:59.246-0500	DEBUG	hashindexV3/header_manager.go:236	Updated statistics in /var/folders/85/q1ly22y17zl71m_r0pvz60z00000gn/T/TestPerformance_WriteSpeed1206205364/001/PerfTest.0.hidx: entries=3800, deleted=0, size=349, seq=3800
2025-12-03T18:31:59.246-0500	DEBUG	hashindexV3/hash_entry_storage.go:720	Updated header statistics: entries=3800, size=349, seq=3800
2025-12-03T18:31:59.246-0500	DEBUG	hashindexV3/header_manager.go:158	Read header from /var/folders/85/q1ly22y17zl71m_r0pvz60z00000gn/T/TestPerformance_WriteSpeed1206205364/001/PerfTest.0.hidx: index=PerfTest, field=PerfTest, entries=3800, size=349 bytes
2025-12-03T18:31:59.246-0500	DEBUG	hashindexV3/header_manager.go:198	Wrote header to /var/folders/85/q1ly22y17zl71m_r0pvz60z00000gn/T/TestPerformance_WriteSpeed1206205364/001/PerfTest.0.hidx: index=PerfTest, field=PerfTest, 349 bytes
2025-12-03T18:31:59.246-0500	DEBUG	hashindexV3/header_manager.go:236	Updated statistics in /var/folders/85/q1ly22y17zl71m_r0pvz60z00000gn/T/TestPerformance_WriteSpeed1206205364/001/PerfTest.0.hidx: entries=3900, deleted=0, size=349, seq=3900
2025-12-03T18:31:59.246-0500	DEBUG	hashindexV3/hash_entry_storage.go:720	Updated header statistics: entries=3900, size=349, seq=3900
2025-12-03T18:31:59.246-0500	DEBUG	hashindexV3/header_manager.go:158	Read header from /var/folders/85/q1ly22y17zl71m_r0pvz60z00000gn/T/TestPerformance_WriteSpeed1206205364/001/PerfTest.0.hidx: index=PerfTest, field=PerfTest, entries=3900, size=349 bytes
2025-12-03T18:31:59.246-0500	DEBUG	hashindexV3/header_manager.go:198	Wrote header to /var/folders/85/q1ly22y17zl71m_r0pvz60z00000gn/T/TestPerformance_WriteSpeed1206205364/001/PerfTest.0.hidx: index=PerfTest, field=PerfTest, 349 bytes
2025-12-03T18:31:59.246-0500	DEBUG	hashindexV3/header_manager.go:236	Updated statistics in /var/folders/85/q1ly22y17zl71m_r0pvz60z00000gn/T/TestPerformance_WriteSpeed1206205364/001/PerfTest.0.hidx: entries=4000, deleted=0, size=349, seq=4000
2025-12-03T18:31:59.246-0500	DEBUG	hashindexV3/hash_entry_storage.go:720	Updated header statistics: entries=4000, size=349, seq=4000
2025-12-03T18:31:59.247-0500	DEBUG	hashindexV3/header_manager.go:158	Read header from /var/folders/85/q1ly22y17zl71m_r0pvz60z00000gn/T/TestPerformance_WriteSpeed1206205364/001/PerfTest.0.hidx: index=PerfTest, field=PerfTest, entries=4000, size=349 bytes
2025-12-03T18:31:59.247-0500	DEBUG	hashindexV3/header_manager.go:198	Wrote header to /var/folders/85/q1ly22y17zl71m_r0pvz60z00000gn/T/TestPerformance_WriteSpeed1206205364/001/PerfTest.0.hidx: index=PerfTest, field=PerfTest, 349 bytes
2025-12-03T18:31:59.247-0500	DEBUG	hashindexV3/header_manager.go:236	Updated statistics in /var/folders/85/q1ly22y17zl71m_r0pvz60z00000gn/T/TestPerformance_WriteSpeed1206205364/001/PerfTest.0.hidx: entries=4100, deleted=0, size=349, seq=4100
2025-12-03T18:31:59.247-0500	DEBUG	hashindexV3/hash_entry_storage.go:720	Updated header statistics: entries=4100, size=349, seq=4100
2025-12-03T18:31:59.247-0500	DEBUG	hashindexV3/header_manager.go:158	Read header from /var/folders/85/q1ly22y17zl71m_r0pvz60z00000gn/T/TestPerformance_WriteSpeed1206205364/001/PerfTest.0.hidx: index=PerfTest, field=PerfTest, entries=4100, size=349 bytes
2025-12-03T18:31:59.247-0500	DEBUG	hashindexV3/header_manager.go:198	Wrote header to /var/folders/85/q1ly22y17zl71m_r0pvz60z00000gn/T/TestPerformance_WriteSpeed1206205364/001/PerfTest.0.hidx: index=PerfTest, field=PerfTest, 349 bytes
2025-12-03T18:31:59.247-0500	DEBUG	hashindexV3/header_manager.go:236	Updated statistics in /var/folders/85/q1ly22y17zl71m_r0pvz60z00000gn/T/TestPerformance_WriteSpeed1206205364/001/PerfTest.0.hidx: entries=4200, deleted=0, size=349, seq=4200
2025-12-03T18:31:59.247-0500	DEBUG	hashindexV3/hash_entry_storage.go:720	Updated header statistics: entries=4200, size=349, seq=4200
2025-12-03T18:31:59.247-0500	DEBUG	hashindexV3/header_manager.go:158	Read header from /var/folders/85/q1ly22y17zl71m_r0pvz60z00000gn/T/TestPerformance_WriteSpeed1206205364/001/PerfTest.0.hidx: index=PerfTest, field=PerfTest, entries=4200, size=349 bytes
2025-12-03T18:31:59.247-0500	DEBUG	hashindexV3/header_manager.go:198	Wrote header to /var/folders/85/q1ly22y17zl71m_r0pvz60z00000gn/T/TestPerformance_WriteSpeed1206205364/001/PerfTest.0.hidx: index=PerfTest, field=PerfTest, 349 bytes
2025-12-03T18:31:59.247-0500	DEBUG	hashindexV3/header_manager.go:236	Updated statistics in /var/folders/85/q1ly22y17zl71m_r0pvz60z00000gn/T/TestPerformance_WriteSpeed1206205364/001/PerfTest.0.hidx: entries=4300, deleted=0, size=349, seq=4300
2025-12-03T18:31:59.247-0500	DEBUG	hashindexV3/hash_entry_storage.go:720	Updated header statistics: entries=4300, size=349, seq=4300
2025-12-03T18:31:59.248-0500	DEBUG	hashindexV3/header_manager.go:158	Read header from /var/folders/85/q1ly22y17zl71m_r0pvz60z00000gn/T/TestPerformance_WriteSpeed1206205364/001/PerfTest.0.hidx: index=PerfTest, field=PerfTest, entries=4300, size=349 bytes
2025-12-03T18:31:59.248-0500	DEBUG	hashindexV3/header_manager.go:198	Wrote header to /var/folders/85/q1ly22y17zl71m_r0pvz60z00000gn/T/TestPerformance_WriteSpeed1206205364/001/PerfTest.0.hidx: index=PerfTest, field=PerfTest, 349 bytes
2025-12-03T18:31:59.248-0500	DEBUG	hashindexV3/header_manager.go:236	Updated statistics in /var/folders/85/q1ly22y17zl71m_r0pvz60z00000gn/T/TestPerformance_WriteSpeed1206205364/001/PerfTest.0.hidx: entries=4400, deleted=0, size=349, seq=4400
2025-12-03T18:31:59.248-0500	DEBUG	hashindexV3/hash_entry_storage.go:720	Updated header statistics: entries=4400, size=349, seq=4400
2025-12-03T18:31:59.248-0500	DEBUG	hashindexV3/header_manager.go:158	Read header from /var/folders/85/q1ly22y17zl71m_r0pvz60z00000gn/T/TestPerformance_WriteSpeed1206205364/001/PerfTest.0.hidx: index=PerfTest, field=PerfTest, entries=4400, size=349 bytes
2025-12-03T18:31:59.248-0500	DEBUG	hashindexV3/header_manager.go:198	Wrote header to /var/folders/85/q1ly22y17zl71m_r0pvz60z00000gn/T/TestPerformance_WriteSpeed1206205364/001/PerfTest.0.hidx: index=PerfTest, field=PerfTest, 349 bytes
2025-12-03T18:31:59.248-0500	DEBUG	hashindexV3/header_manager.go:236	Updated statistics in /var/folders/85/q1ly22y17zl71m_r0pvz60z00000gn/T/TestPerformance_WriteSpeed1206205364/001/PerfTest.0.hidx: entries=4500, deleted=0, size=349, seq=4500
2025-12-03T18:31:59.248-0500	DEBUG	hashindexV3/hash_entry_storage.go:720	Updated header statistics: entries=4500, size=349, seq=4500
2025-12-03T18:31:59.248-0500	DEBUG	hashindexV3/header_manager.go:158	Read header from /var/folders/85/q1ly22y17zl71m_r0pvz60z00000gn/T/TestPerformance_WriteSpeed1206205364/001/PerfTest.0.hidx: index=PerfTest, field=PerfTest, entries=4500, size=349 bytes
2025-12-03T18:31:59.248-0500	DEBUG	hashindexV3/header_manager.go:198	Wrote header to /var/folders/85/q1ly22y17zl71m_r0pvz60z00000gn/T/TestPerformance_WriteSpeed1206205364/001/PerfTest.0.hidx: index=PerfTest, field=PerfTest, 349 bytes
2025-12-03T18:31:59.248-0500	DEBUG	hashindexV3/header_manager.go:236	Updated statistics in /var/folders/85/q1ly22y17zl71m_r0pvz60z00000gn/T/TestPerformance_WriteSpeed1206205364/001/PerfTest.0.hidx: entries=4600, deleted=0, size=349, seq=4600
2025-12-03T18:31:59.248-0500	DEBUG	hashindexV3/hash_entry_storage.go:720	Updated header statistics: entries=4600, size=349, seq=4600
2025-12-03T18:31:59.249-0500	DEBUG	hashindexV3/header_manager.go:158	Read header from /var/folders/85/q1ly22y17zl71m_r0pvz60z00000gn/T/TestPerformance_WriteSpeed1206205364/001/PerfTest.0.hidx: index=PerfTest, field=PerfTest, entries=4600, size=349 bytes
2025-12-03T18:31:59.249-0500	DEBUG	hashindexV3/header_manager.go:198	Wrote header to /var/folders/85/q1ly22y17zl71m_r0pvz60z00000gn/T/TestPerformance_WriteSpeed1206205364/001/PerfTest.0.hidx: index=PerfTest, field=PerfTest, 349 bytes
2025-12-03T18:31:59.249-0500	DEBUG	hashindexV3/header_manager.go:236	Updated statistics in /var/folders/85/q1ly22y17zl71m_r0pvz60z00000gn/T/TestPerformance_WriteSpeed1206205364/001/PerfTest.0.hidx: entries=4700, deleted=0, size=349, seq=4700
2025-12-03T18:31:59.249-0500	DEBUG	hashindexV3/hash_entry_storage.go:720	Updated header statistics: entries=4700, size=349, seq=4700
2025-12-03T18:31:59.249-0500	DEBUG	hashindexV3/header_manager.go:158	Read header from /var/folders/85/q1ly22y17zl71m_r0pvz60z00000gn/T/TestPerformance_WriteSpeed1206205364/001/PerfTest.0.hidx: index=PerfTest, field=PerfTest, entries=4700, size=349 bytes
2025-12-03T18:31:59.249-0500	DEBUG	hashindexV3/header_manager.go:198	Wrote header to /var/folders/85/q1ly22y17zl71m_r0pvz60z00000gn/T/TestPerformance_WriteSpeed1206205364/001/PerfTest.0.hidx: index=PerfTest, field=PerfTest, 349 bytes
2025-12-03T18:31:59.249-0500	DEBUG	hashindexV3/header_manager.go:236	Updated statistics in /var/folders/85/q1ly22y17zl71m_r0pvz60z00000gn/T/TestPerformance_WriteSpeed1206205364/001/PerfTest.0.hidx: entries=4800, deleted=0, size=349, seq=4800
2025-12-03T18:31:59.249-0500	DEBUG	hashindexV3/hash_entry_storage.go:720	Updated header statistics: entries=4800, size=349, seq=4800
2025-12-03T18:31:59.249-0500	DEBUG	hashindexV3/header_manager.go:158	Read header from /var/folders/85/q1ly22y17zl71m_r0pvz60z00000gn/T/TestPerformance_WriteSpeed1206205364/001/PerfTest.0.hidx: index=PerfTest, field=PerfTest, entries=4800, size=349 bytes
2025-12-03T18:31:59.249-0500	DEBUG	hashindexV3/header_manager.go:198	Wrote header to /var/folders/85/q1ly22y17zl71m_r0pvz60z00000gn/T/TestPerformance_WriteSpeed1206205364/001/PerfTest.0.hidx: index=PerfTest, field=PerfTest, 349 bytes
2025-12-03T18:31:59.249-0500	DEBUG	hashindexV3/header_manager.go:236	Updated statistics in /var/folders/85/q1ly22y17zl71m_r0pvz60z00000gn/T/TestPerformance_WriteSpeed1206205364/001/PerfTest.0.hidx: entries=4900, deleted=0, size=349, seq=4900
2025-12-03T18:31:59.249-0500	DEBUG	hashindexV3/hash_entry_storage.go:720	Updated header statistics: entries=4900, size=349, seq=4900
2025-12-03T18:31:59.250-0500	DEBUG	hashindexV3/header_manager.go:158	Read header from /var/folders/85/q1ly22y17zl71m_r0pvz60z00000gn/T/TestPerformance_WriteSpeed1206205364/001/PerfTest.0.hidx: index=PerfTest, field=PerfTest, entries=4900, size=349 bytes
2025-12-03T18:31:59.250-0500	DEBUG	hashindexV3/header_manager.go:198	Wrote header to /var/folders/85/q1ly22y17zl71m_r0pvz60z00000gn/T/TestPerformance_WriteSpeed1206205364/001/PerfTest.0.hidx: index=PerfTest, field=PerfTest, 349 bytes
2025-12-03T18:31:59.250-0500	DEBUG	hashindexV3/header_manager.go:236	Updated statistics in /var/folders/85/q1ly22y17zl71m_r0pvz60z00000gn/T/TestPerformance_WriteSpeed1206205364/001/PerfTest.0.hidx: entries=5000, deleted=0, size=349, seq=5000
2025-12-03T18:31:59.250-0500	DEBUG	hashindexV3/hash_entry_storage.go:720	Updated header statistics: entries=5000, size=349, seq=5000
2025-12-03T18:31:59.250-0500	DEBUG	hashindexV3/header_manager.go:158	Read header from /var/folders/85/q1ly22y17zl71m_r0pvz60z00000gn/T/TestPerformance_WriteSpeed1206205364/001/PerfTest.0.hidx: index=PerfTest, field=PerfTest, entries=5000, size=349 bytes
2025-12-03T18:31:59.250-0500	DEBUG	hashindexV3/header_manager.go:198	Wrote header to /var/folders/85/q1ly22y17zl71m_r0pvz60z00000gn/T/TestPerformance_WriteSpeed1206205364/001/PerfTest.0.hidx: index=PerfTest, field=PerfTest, 349 bytes
2025-12-03T18:31:59.250-0500	DEBUG	hashindexV3/header_manager.go:236	Updated statistics in /var/folders/85/q1ly22y17zl71m_r0pvz60z00000gn/T/TestPerformance_WriteSpeed1206205364/001/PerfTest.0.hidx: entries=5100, deleted=0, size=349, seq=5100
2025-12-03T18:31:59.250-0500	DEBUG	hashindexV3/hash_entry_storage.go:720	Updated header statistics: entries=5100, size=349, seq=5100
2025-12-03T18:31:59.250-0500	DEBUG	hashindexV3/header_manager.go:158	Read header from /var/folders/85/q1ly22y17zl71m_r0pvz60z00000gn/T/TestPerformance_WriteSpeed1206205364/001/PerfTest.0.hidx: index=PerfTest, field=PerfTest, entries=5100, size=349 bytes
2025-12-03T18:31:59.250-0500	DEBUG	hashindexV3/header_manager.go:198	Wrote header to /var/folders/85/q1ly22y17zl71m_r0pvz60z00000gn/T/TestPerformance_WriteSpeed1206205364/001/PerfTest.0.hidx: index=PerfTest, field=PerfTest, 349 bytes
2025-12-03T18:31:59.250-0500	DEBUG	hashindexV3/header_manager.go:236	Updated statistics in /var/folders/85/q1ly22y17zl71m_r0pvz60z00000gn/T/TestPerformance_WriteSpeed1206205364/001/PerfTest.0.hidx: entries=5200, deleted=0, size=349, seq=5200
2025-12-03T18:31:59.250-0500	DEBUG	hashindexV3/hash_entry_storage.go:720	Updated header statistics: entries=5200, size=349, seq=5200
2025-12-03T18:31:59.250-0500	DEBUG	hashindexV3/header_manager.go:158	Read header from /var/folders/85/q1ly22y17zl71m_r0pvz60z00000gn/T/TestPerformance_WriteSpeed1206205364/001/PerfTest.0.hidx: index=PerfTest, field=PerfTest, entries=5200, size=349 bytes
2025-12-03T18:31:59.250-0500	DEBUG	hashindexV3/header_manager.go:198	Wrote header to /var/folders/85/q1ly22y17zl71m_r0pvz60z00000gn/T/TestPerformance_WriteSpeed1206205364/001/PerfTest.0.hidx: index=PerfTest, field=PerfTest, 349 bytes
2025-12-03T18:31:59.250-0500	DEBUG	hashindexV3/header_manager.go:236	Updated statistics in /var/folders/85/q1ly22y17zl71m_r0pvz60z00000gn/T/TestPerformance_WriteSpeed1206205364/001/PerfTest.0.hidx: entries=5300, deleted=0, size=349, seq=5300
2025-12-03T18:31:59.250-0500	DEBUG	hashindexV3/hash_entry_storage.go:720	Updated header statistics: entries=5300, size=349, seq=5300
2025-12-03T18:31:59.251-0500	DEBUG	hashindexV3/header_manager.go:158	Read header from /var/folders/85/q1ly22y17zl71m_r0pvz60z00000gn/T/TestPerformance_WriteSpeed1206205364/001/PerfTest.0.hidx: index=PerfTest, field=PerfTest, entries=5300, size=349 bytes
2025-12-03T18:31:59.251-0500	DEBUG	hashindexV3/header_manager.go:198	Wrote header to /var/folders/85/q1ly22y17zl71m_r0pvz60z00000gn/T/TestPerformance_WriteSpeed1206205364/001/PerfTest.0.hidx: index=PerfTest, field=PerfTest, 349 bytes
2025-12-03T18:31:59.251-0500	DEBUG	hashindexV3/header_manager.go:236	Updated statistics in /var/folders/85/q1ly22y17zl71m_r0pvz60z00000gn/T/TestPerformance_WriteSpeed1206205364/001/PerfTest.0.hidx: entries=5400, deleted=0, size=349, seq=5400
2025-12-03T18:31:59.251-0500	DEBUG	hashindexV3/hash_entry_storage.go:720	Updated header statistics: entries=5400, size=349, seq=5400
2025-12-03T18:31:59.251-0500	DEBUG	hashindexV3/header_manager.go:158	Read header from /var/folders/85/q1ly22y17zl71m_r0pvz60z00000gn/T/TestPerformance_WriteSpeed1206205364/001/PerfTest.0.hidx: index=PerfTest, field=PerfTest, entries=5400, size=349 bytes
2025-12-03T18:31:59.251-0500	DEBUG	hashindexV3/header_manager.go:198	Wrote header to /var/folders/85/q1ly22y17zl71m_r0pvz60z00000gn/T/TestPerformance_WriteSpeed1206205364/001/PerfTest.0.hidx: index=PerfTest, field=PerfTest, 349 bytes
2025-12-03T18:31:59.251-0500	DEBUG	hashindexV3/header_manager.go:236	Updated statistics in /var/folders/85/q1ly22y17zl71m_r0pvz60z00000gn/T/TestPerformance_WriteSpeed1206205364/001/PerfTest.0.hidx: entries=5500, deleted=0, size=349, seq=5500
2025-12-03T18:31:59.251-0500	DEBUG	hashindexV3/hash_entry_storage.go:720	Updated header statistics: entries=5500, size=349, seq=5500
2025-12-03T18:31:59.251-0500	DEBUG	hashindexV3/header_manager.go:158	Read header from /var/folders/85/q1ly22y17zl71m_r0pvz60z00000gn/T/TestPerformance_WriteSpeed1206205364/001/PerfTest.0.hidx: index=PerfTest, field=PerfTest, entries=5500, size=349 bytes
2025-12-03T18:31:59.251-0500	DEBUG	hashindexV3/header_manager.go:198	Wrote header to /var/folders/85/q1ly22y17zl71m_r0pvz60z00000gn/T/TestPerformance_WriteSpeed1206205364/001/PerfTest.0.hidx: index=PerfTest, field=PerfTest, 349 bytes
2025-12-03T18:31:59.251-0500	DEBUG	hashindexV3/header_manager.go:236	Updated statistics in /var/folders/85/q1ly22y17zl71m_r0pvz60z00000gn/T/TestPerformance_WriteSpeed1206205364/001/PerfTest.0.hidx: entries=5600, deleted=0, size=349, seq=5600
2025-12-03T18:31:59.251-0500	DEBUG	hashindexV3/hash_entry_storage.go:720	Updated header statistics: entries=5600, size=349, seq=5600
2025-12-03T18:31:59.252-0500	DEBUG	hashindexV3/header_manager.go:158	Read header from /var/folders/85/q1ly22y17zl71m_r0pvz60z00000gn/T/TestPerformance_WriteSpeed1206205364/001/PerfTest.0.hidx: index=PerfTest, field=PerfTest, entries=5600, size=349 bytes
2025-12-03T18:31:59.252-0500	DEBUG	hashindexV3/header_manager.go:198	Wrote header to /var/folders/85/q1ly22y17zl71m_r0pvz60z00000gn/T/TestPerformance_WriteSpeed1206205364/001/PerfTest.0.hidx: index=PerfTest, field=PerfTest, 349 bytes
2025-12-03T18:31:59.252-0500	DEBUG	hashindexV3/header_manager.go:236	Updated statistics in /var/folders/85/q1ly22y17zl71m_r0pvz60z00000gn/T/TestPerformance_WriteSpeed1206205364/001/PerfTest.0.hidx: entries=5700, deleted=0, size=349, seq=5700
2025-12-03T18:31:59.252-0500	DEBUG	hashindexV3/hash_entry_storage.go:720	Updated header statistics: entries=5700, size=349, seq=5700
2025-12-03T18:31:59.252-0500	DEBUG	hashindexV3/header_manager.go:158	Read header from /var/folders/85/q1ly22y17zl71m_r0pvz60z00000gn/T/TestPerformance_WriteSpeed1206205364/001/PerfTest.0.hidx: index=PerfTest, field=PerfTest, entries=5700, size=349 bytes
2025-12-03T18:31:59.252-0500	DEBUG	hashindexV3/header_manager.go:198	Wrote header to /var/folders/85/q1ly22y17zl71m_r0pvz60z00000gn/T/TestPerformance_WriteSpeed1206205364/001/PerfTest.0.hidx: index=PerfTest, field=PerfTest, 349 bytes
2025-12-03T18:31:59.252-0500	DEBUG	hashindexV3/header_manager.go:236	Updated statistics in /var/folders/85/q1ly22y17zl71m_r0pvz60z00000gn/T/TestPerformance_WriteSpeed1206205364/001/PerfTest.0.hidx: entries=5800, deleted=0, size=349, seq=5800
2025-12-03T18:31:59.252-0500	DEBUG	hashindexV3/hash_entry_storage.go:720	Updated header statistics: entries=5800, size=349, seq=5800
2025-12-03T18:31:59.252-0500	DEBUG	hashindexV3/header_manager.go:158	Read header from /var/folders/85/q1ly22y17zl71m_r0pvz60z00000gn/T/TestPerformance_WriteSpeed1206205364/001/PerfTest.0.hidx: index=PerfTest, field=PerfTest, entries=5800, size=349 bytes
2025-12-03T18:31:59.252-0500	DEBUG	hashindexV3/header_manager.go:198	Wrote header to /var/folders/85/q1ly22y17zl71m_r0pvz60z00000gn/T/TestPerformance_WriteSpeed1206205364/001/PerfTest.0.hidx: index=PerfTest, field=PerfTest, 349 bytes
2025-12-03T18:31:59.252-0500	DEBUG	hashindexV3/header_manager.go:236	Updated statistics in /var/folders/85/q1ly22y17zl71m_r0pvz60z00000gn/T/TestPerformance_WriteSpeed1206205364/001/PerfTest.0.hidx: entries=5900, deleted=0, size=349, seq=5900
2025-12-03T18:31:59.252-0500	DEBUG	hashindexV3/hash_entry_storage.go:720	Updated header statistics: entries=5900, size=349, seq=5900
2025-12-03T18:31:59.252-0500	DEBUG	hashindexV3/header_manager.go:158	Read header from /var/folders/85/q1ly22y17zl71m_r0pvz60z00000gn/T/TestPerformance_WriteSpeed1206205364/001/PerfTest.0.hidx: index=PerfTest, field=PerfTest, entries=5900, size=349 bytes
2025-12-03T18:31:59.252-0500	DEBUG	hashindexV3/header_manager.go:198	Wrote header to /var/folders/85/q1ly22y17zl71m_r0pvz60z00000gn/T/TestPerformance_WriteSpeed1206205364/001/PerfTest.0.hidx: index=PerfTest, field=PerfTest, 349 bytes
2025-12-03T18:31:59.252-0500	DEBUG	hashindexV3/header_manager.go:236	Updated statistics in /var/folders/85/q1ly22y17zl71m_r0pvz60z00000gn/T/TestPerformance_WriteSpeed1206205364/001/PerfTest.0.hidx: entries=6000, deleted=0, size=349, seq=6000
2025-12-03T18:31:59.252-0500	DEBUG	hashindexV3/hash_entry_storage.go:720	Updated header statistics: entries=6000, size=349, seq=6000
2025-12-03T18:31:59.253-0500	DEBUG	hashindexV3/header_manager.go:158	Read header from /var/folders/85/q1ly22y17zl71m_r0pvz60z00000gn/T/TestPerformance_WriteSpeed1206205364/001/PerfTest.0.hidx: index=PerfTest, field=PerfTest, entries=6000, size=349 bytes
2025-12-03T18:31:59.253-0500	DEBUG	hashindexV3/header_manager.go:198	Wrote header to /var/folders/85/q1ly22y17zl71m_r0pvz60z00000gn/T/TestPerformance_WriteSpeed1206205364/001/PerfTest.0.hidx: index=PerfTest, field=PerfTest, 349 bytes
2025-12-03T18:31:59.253-0500	DEBUG	hashindexV3/header_manager.go:236	Updated statistics in /var/folders/85/q1ly22y17zl71m_r0pvz60z00000gn/T/TestPerformance_WriteSpeed1206205364/001/PerfTest.0.hidx: entries=6100, deleted=0, size=349, seq=6100
2025-12-03T18:31:59.253-0500	DEBUG	hashindexV3/hash_entry_storage.go:720	Updated header statistics: entries=6100, size=349, seq=6100
2025-12-03T18:31:59.253-0500	DEBUG	hashindexV3/header_manager.go:158	Read header from /var/folders/85/q1ly22y17zl71m_r0pvz60z00000gn/T/TestPerformance_WriteSpeed1206205364/001/PerfTest.0.hidx: index=PerfTest, field=PerfTest, entries=6100, size=349 bytes
2025-12-03T18:31:59.253-0500	DEBUG	hashindexV3/header_manager.go:198	Wrote header to /var/folders/85/q1ly22y17zl71m_r0pvz60z00000gn/T/TestPerformance_WriteSpeed1206205364/001/PerfTest.0.hidx: index=PerfTest, field=PerfTest, 349 bytes
2025-12-03T18:31:59.253-0500	DEBUG	hashindexV3/header_manager.go:236	Updated statistics in /var/folders/85/q1ly22y17zl71m_r0pvz60z00000gn/T/TestPerformance_WriteSpeed1206205364/001/PerfTest.0.hidx: entries=6200, deleted=0, size=349, seq=6200
2025-12-03T18:31:59.253-0500	DEBUG	hashindexV3/hash_entry_storage.go:720	Updated header statistics: entries=6200, size=349, seq=6200
2025-12-03T18:31:59.253-0500	DEBUG	hashindexV3/header_manager.go:158	Read header from /var/folders/85/q1ly22y17zl71m_r0pvz60z00000gn/T/TestPerformance_WriteSpeed1206205364/001/PerfTest.0.hidx: index=PerfTest, field=PerfTest, entries=6200, size=349 bytes
2025-12-03T18:31:59.253-0500	DEBUG	hashindexV3/header_manager.go:198	Wrote header to /var/folders/85/q1ly22y17zl71m_r0pvz60z00000gn/T/TestPerformance_WriteSpeed1206205364/001/PerfTest.0.hidx: index=PerfTest, field=PerfTest, 349 bytes
2025-12-03T18:31:59.253-0500	DEBUG	hashindexV3/header_manager.go:236	Updated statistics in /var/folders/85/q1ly22y17zl71m_r0pvz60z00000gn/T/TestPerformance_WriteSpeed1206205364/001/PerfTest.0.hidx: entries=6300, deleted=0, size=349, seq=6300
2025-12-03T18:31:59.253-0500	DEBUG	hashindexV3/hash_entry_storage.go:720	Updated header statistics: entries=6300, size=349, seq=6300
2025-12-03T18:31:59.254-0500	DEBUG	hashindexV3/header_manager.go:158	Read header from /var/folders/85/q1ly22y17zl71m_r0pvz60z00000gn/T/TestPerformance_WriteSpeed1206205364/001/PerfTest.0.hidx: index=PerfTest, field=PerfTest, entries=6300, size=349 bytes
2025-12-03T18:31:59.254-0500	DEBUG	hashindexV3/header_manager.go:198	Wrote header to /var/folders/85/q1ly22y17zl71m_r0pvz60z00000gn/T/TestPerformance_WriteSpeed1206205364/001/PerfTest.0.hidx: index=PerfTest, field=PerfTest, 349 bytes
2025-12-03T18:31:59.254-0500	DEBUG	hashindexV3/header_manager.go:236	Updated statistics in /var/folders/85/q1ly22y17zl71m_r0pvz60z00000gn/T/TestPerformance_WriteSpeed1206205364/001/PerfTest.0.hidx: entries=6400, deleted=0, size=349, seq=6400
2025-12-03T18:31:59.254-0500	DEBUG	hashindexV3/hash_entry_storage.go:720	Updated header statistics: entries=6400, size=349, seq=6400
2025-12-03T18:31:59.254-0500	DEBUG	hashindexV3/header_manager.go:158	Read header from /var/folders/85/q1ly22y17zl71m_r0pvz60z00000gn/T/TestPerformance_WriteSpeed1206205364/001/PerfTest.0.hidx: index=PerfTest, field=PerfTest, entries=6400, size=349 bytes
2025-12-03T18:31:59.254-0500	DEBUG	hashindexV3/header_manager.go:198	Wrote header to /var/folders/85/q1ly22y17zl71m_r0pvz60z00000gn/T/TestPerformance_WriteSpeed1206205364/001/PerfTest.0.hidx: index=PerfTest, field=PerfTest, 349 bytes
2025-12-03T18:31:59.254-0500	DEBUG	hashindexV3/header_manager.go:236	Updated statistics in /var/folders/85/q1ly22y17zl71m_r0pvz60z00000gn/T/TestPerformance_WriteSpeed1206205364/001/PerfTest.0.hidx: entries=6500, deleted=0, size=349, seq=6500
2025-12-03T18:31:59.254-0500	DEBUG	hashindexV3/hash_entry_storage.go:720	Updated header statistics: entries=6500, size=349, seq=6500
2025-12-03T18:31:59.254-0500	DEBUG	hashindexV3/header_manager.go:158	Read header from /var/folders/85/q1ly22y17zl71m_r0pvz60z00000gn/T/TestPerformance_WriteSpeed1206205364/001/PerfTest.0.hidx: index=PerfTest, field=PerfTest, entries=6500, size=349 bytes
2025-12-03T18:31:59.254-0500	DEBUG	hashindexV3/header_manager.go:198	Wrote header to /var/folders/85/q1ly22y17zl71m_r0pvz60z00000gn/T/TestPerformance_WriteSpeed1206205364/001/PerfTest.0.hidx: index=PerfTest, field=PerfTest, 349 bytes
2025-12-03T18:31:59.254-0500	DEBUG	hashindexV3/header_manager.go:236	Updated statistics in /var/folders/85/q1ly22y17zl71m_r0pvz60z00000gn/T/TestPerformance_WriteSpeed1206205364/001/PerfTest.0.hidx: entries=6600, deleted=0, size=349, seq=6600
2025-12-03T18:31:59.254-0500	DEBUG	hashindexV3/hash_entry_storage.go:720	Updated header statistics: entries=6600, size=349, seq=6600
2025-12-03T18:31:59.255-0500	DEBUG	hashindexV3/header_manager.go:158	Read header from /var/folders/85/q1ly22y17zl71m_r0pvz60z00000gn/T/TestPerformance_WriteSpeed1206205364/001/PerfTest.0.hidx: index=PerfTest, field=PerfTest, entries=6600, size=349 bytes
2025-12-03T18:31:59.255-0500	DEBUG	hashindexV3/header_manager.go:198	Wrote header to /var/folders/85/q1ly22y17zl71m_r0pvz60z00000gn/T/TestPerformance_WriteSpeed1206205364/001/PerfTest.0.hidx: index=PerfTest, field=PerfTest, 349 bytes
2025-12-03T18:31:59.255-0500	DEBUG	hashindexV3/header_manager.go:236	Updated statistics in /var/folders/85/q1ly22y17zl71m_r0pvz60z00000gn/T/TestPerformance_WriteSpeed1206205364/001/PerfTest.0.hidx: entries=6700, deleted=0, size=349, seq=6700
2025-12-03T18:31:59.255-0500	DEBUG	hashindexV3/hash_entry_storage.go:720	Updated header statistics: entries=6700, size=349, seq=6700
2025-12-03T18:31:59.255-0500	DEBUG	hashindexV3/header_manager.go:158	Read header from /var/folders/85/q1ly22y17zl71m_r0pvz60z00000gn/T/TestPerformance_WriteSpeed1206205364/001/PerfTest.0.hidx: index=PerfTest, field=PerfTest, entries=6700, size=349 bytes
2025-12-03T18:31:59.255-0500	DEBUG	hashindexV3/header_manager.go:198	Wrote header to /var/folders/85/q1ly22y17zl71m_r0pvz60z00000gn/T/TestPerformance_WriteSpeed1206205364/001/PerfTest.0.hidx: index=PerfTest, field=PerfTest, 349 bytes
2025-12-03T18:31:59.255-0500	DEBUG	hashindexV3/header_manager.go:236	Updated statistics in /var/folders/85/q1ly22y17zl71m_r0pvz60z00000gn/T/TestPerformance_WriteSpeed1206205364/001/PerfTest.0.hidx: entries=6800, deleted=0, size=349, seq=6800
2025-12-03T18:31:59.255-0500	DEBUG	hashindexV3/hash_entry_storage.go:720	Updated header statistics: entries=6800, size=349, seq=6800
2025-12-03T18:31:59.255-0500	DEBUG	hashindexV3/header_manager.go:158	Read header from /var/folders/85/q1ly22y17zl71m_r0pvz60z00000gn/T/TestPerformance_WriteSpeed1206205364/001/PerfTest.0.hidx: index=PerfTest, field=PerfTest, entries=6800, size=349 bytes
2025-12-03T18:31:59.255-0500	DEBUG	hashindexV3/header_manager.go:198	Wrote header to /var/folders/85/q1ly22y17zl71m_r0pvz60z00000gn/T/TestPerformance_WriteSpeed1206205364/001/PerfTest.0.hidx: index=PerfTest, field=PerfTest, 349 bytes
2025-12-03T18:31:59.255-0500	DEBUG	hashindexV3/header_manager.go:236	Updated statistics in /var/folders/85/q1ly22y17zl71m_r0pvz60z00000gn/T/TestPerformance_WriteSpeed1206205364/001/PerfTest.0.hidx: entries=6900, deleted=0, size=349, seq=6900
2025-12-03T18:31:59.255-0500	DEBUG	hashindexV3/hash_entry_storage.go:720	Updated header statistics: entries=6900, size=349, seq=6900
2025-12-03T18:31:59.256-0500	DEBUG	hashindexV3/header_manager.go:158	Read header from /var/folders/85/q1ly22y17zl71m_r0pvz60z00000gn/T/TestPerformance_WriteSpeed1206205364/001/PerfTest.0.hidx: index=PerfTest, field=PerfTest, entries=6900, size=349 bytes
2025-12-03T18:31:59.256-0500	DEBUG	hashindexV3/header_manager.go:198	Wrote header to /var/folders/85/q1ly22y17zl71m_r0pvz60z00000gn/T/TestPerformance_WriteSpeed1206205364/001/PerfTest.0.hidx: index=PerfTest, field=PerfTest, 349 bytes
2025-12-03T18:31:59.256-0500	DEBUG	hashindexV3/header_manager.go:236	Updated statistics in /var/folders/85/q1ly22y17zl71m_r0pvz60z00000gn/T/TestPerformance_WriteSpeed1206205364/001/PerfTest.0.hidx: entries=7000, deleted=0, size=349, seq=7000
2025-12-03T18:31:59.256-0500	DEBUG	hashindexV3/hash_entry_storage.go:720	Updated header statistics: entries=7000, size=349, seq=7000
2025-12-03T18:31:59.256-0500	DEBUG	hashindexV3/header_manager.go:158	Read header from /var/folders/85/q1ly22y17zl71m_r0pvz60z00000gn/T/TestPerformance_WriteSpeed1206205364/001/PerfTest.0.hidx: index=PerfTest, field=PerfTest, entries=7000, size=349 bytes
2025-12-03T18:31:59.256-0500	DEBUG	hashindexV3/header_manager.go:198	Wrote header to /var/folders/85/q1ly22y17zl71m_r0pvz60z00000gn/T/TestPerformance_WriteSpeed1206205364/001/PerfTest.0.hidx: index=PerfTest, field=PerfTest, 349 bytes
2025-12-03T18:31:59.256-0500	DEBUG	hashindexV3/header_manager.go:236	Updated statistics in /var/folders/85/q1ly22y17zl71m_r0pvz60z00000gn/T/TestPerformance_WriteSpeed1206205364/001/PerfTest.0.hidx: entries=7100, deleted=0, size=349, seq=7100
2025-12-03T18:31:59.256-0500	DEBUG	hashindexV3/hash_entry_storage.go:720	Updated header statistics: entries=7100, size=349, seq=7100
2025-12-03T18:31:59.256-0500	DEBUG	hashindexV3/header_manager.go:158	Read header from /var/folders/85/q1ly22y17zl71m_r0pvz60z00000gn/T/TestPerformance_WriteSpeed1206205364/001/PerfTest.0.hidx: index=PerfTest, field=PerfTest, entries=7100, size=349 bytes
2025-12-03T18:31:59.256-0500	DEBUG	hashindexV3/header_manager.go:198	Wrote header to /var/folders/85/q1ly22y17zl71m_r0pvz60z00000gn/T/TestPerformance_WriteSpeed1206205364/001/PerfTest.0.hidx: index=PerfTest, field=PerfTest, 349 bytes
2025-12-03T18:31:59.256-0500	DEBUG	hashindexV3/header_manager.go:236	Updated statistics in /var/folders/85/q1ly22y17zl71m_r0pvz60z00000gn/T/TestPerformance_WriteSpeed1206205364/001/PerfTest.0.hidx: entries=7200, deleted=0, size=349, seq=7200
2025-12-03T18:31:59.256-0500	DEBUG	hashindexV3/hash_entry_storage.go:720	Updated header statistics: entries=7200, size=349, seq=7200
2025-12-03T18:31:59.257-0500	DEBUG	hashindexV3/header_manager.go:158	Read header from /var/folders/85/q1ly22y17zl71m_r0pvz60z00000gn/T/TestPerformance_WriteSpeed1206205364/001/PerfTest.0.hidx: index=PerfTest, field=PerfTest, entries=7200, size=349 bytes
2025-12-03T18:31:59.257-0500	DEBUG	hashindexV3/header_manager.go:198	Wrote header to /var/folders/85/q1ly22y17zl71m_r0pvz60z00000gn/T/TestPerformance_WriteSpeed1206205364/001/PerfTest.0.hidx: index=PerfTest, field=PerfTest, 349 bytes
2025-12-03T18:31:59.257-0500	DEBUG	hashindexV3/header_manager.go:236	Updated statistics in /var/folders/85/q1ly22y17zl71m_r0pvz60z00000gn/T/TestPerformance_WriteSpeed1206205364/001/PerfTest.0.hidx: entries=7300, deleted=0, size=349, seq=7300
2025-12-03T18:31:59.257-0500	DEBUG	hashindexV3/hash_entry_storage.go:720	Updated header statistics: entries=7300, size=349, seq=7300
2025-12-03T18:31:59.257-0500	DEBUG	hashindexV3/header_manager.go:158	Read header from /var/folders/85/q1ly22y17zl71m_r0pvz60z00000gn/T/TestPerformance_WriteSpeed1206205364/001/PerfTest.0.hidx: index=PerfTest, field=PerfTest, entries=7300, size=349 bytes
2025-12-03T18:31:59.257-0500	DEBUG	hashindexV3/header_manager.go:198	Wrote header to /var/folders/85/q1ly22y17zl71m_r0pvz60z00000gn/T/TestPerformance_WriteSpeed1206205364/001/PerfTest.0.hidx: index=PerfTest, field=PerfTest, 349 bytes
2025-12-03T18:31:59.257-0500	DEBUG	hashindexV3/header_manager.go:236	Updated statistics in /var/folders/85/q1ly22y17zl71m_r0pvz60z00000gn/T/TestPerformance_WriteSpeed1206205364/001/PerfTest.0.hidx: entries=7400, deleted=0, size=349, seq=7400
2025-12-03T18:31:59.257-0500	DEBUG	hashindexV3/hash_entry_storage.go:720	Updated header statistics: entries=7400, size=349, seq=7400
2025-12-03T18:31:59.257-0500	DEBUG	hashindexV3/header_manager.go:158	Read header from /var/folders/85/q1ly22y17zl71m_r0pvz60z00000gn/T/TestPerformance_WriteSpeed1206205364/001/PerfTest.0.hidx: index=PerfTest, field=PerfTest, entries=7400, size=349 bytes
2025-12-03T18:31:59.257-0500	DEBUG	hashindexV3/header_manager.go:198	Wrote header to /var/folders/85/q1ly22y17zl71m_r0pvz60z00000gn/T/TestPerformance_WriteSpeed1206205364/001/PerfTest.0.hidx: index=PerfTest, field=PerfTest, 349 bytes
2025-12-03T18:31:59.257-0500	DEBUG	hashindexV3/header_manager.go:236	Updated statistics in /var/folders/85/q1ly22y17zl71m_r0pvz60z00000gn/T/TestPerformance_WriteSpeed1206205364/001/PerfTest.0.hidx: entries=7500, deleted=0, size=349, seq=7500
2025-12-03T18:31:59.257-0500	DEBUG	hashindexV3/hash_entry_storage.go:720	Updated header statistics: entries=7500, size=349, seq=7500
2025-12-03T18:31:59.258-0500	DEBUG	hashindexV3/header_manager.go:158	Read header from /var/folders/85/q1ly22y17zl71m_r0pvz60z00000gn/T/TestPerformance_WriteSpeed1206205364/001/PerfTest.0.hidx: index=PerfTest, field=PerfTest, entries=7500, size=349 bytes
2025-12-03T18:31:59.258-0500	DEBUG	hashindexV3/header_manager.go:198	Wrote header to /var/folders/85/q1ly22y17zl71m_r0pvz60z00000gn/T/TestPerformance_WriteSpeed1206205364/001/PerfTest.0.hidx: index=PerfTest, field=PerfTest, 349 bytes
2025-12-03T18:31:59.258-0500	DEBUG	hashindexV3/header_manager.go:236	Updated statistics in /var/folders/85/q1ly22y17zl71m_r0pvz60z00000gn/T/TestPerformance_WriteSpeed1206205364/001/PerfTest.0.hidx: entries=7600, deleted=0, size=349, seq=7600
2025-12-03T18:31:59.258-0500	DEBUG	hashindexV3/hash_entry_storage.go:720	Updated header statistics: entries=7600, size=349, seq=7600
2025-12-03T18:31:59.258-0500	DEBUG	hashindexV3/header_manager.go:158	Read header from /var/folders/85/q1ly22y17zl71m_r0pvz60z00000gn/T/TestPerformance_WriteSpeed1206205364/001/PerfTest.0.hidx: index=PerfTest, field=PerfTest, entries=7600, size=349 bytes
2025-12-03T18:31:59.258-0500	DEBUG	hashindexV3/header_manager.go:198	Wrote header to /var/folders/85/q1ly22y17zl71m_r0pvz60z00000gn/T/TestPerformance_WriteSpeed1206205364/001/PerfTest.0.hidx: index=PerfTest, field=PerfTest, 349 bytes
2025-12-03T18:31:59.258-0500	DEBUG	hashindexV3/header_manager.go:236	Updated statistics in /var/folders/85/q1ly22y17zl71m_r0pvz60z00000gn/T/TestPerformance_WriteSpeed1206205364/001/PerfTest.0.hidx: entries=7700, deleted=0, size=349, seq=7700
2025-12-03T18:31:59.258-0500	DEBUG	hashindexV3/hash_entry_storage.go:720	Updated header statistics: entries=7700, size=349, seq=7700
2025-12-03T18:31:59.258-0500	DEBUG	hashindexV3/header_manager.go:158	Read header from /var/folders/85/q1ly22y17zl71m_r0pvz60z00000gn/T/TestPerformance_WriteSpeed1206205364/001/PerfTest.0.hidx: index=PerfTest, field=PerfTest, entries=7700, size=349 bytes
2025-12-03T18:31:59.258-0500	DEBUG	hashindexV3/header_manager.go:198	Wrote header to /var/folders/85/q1ly22y17zl71m_r0pvz60z00000gn/T/TestPerformance_WriteSpeed1206205364/001/PerfTest.0.hidx: index=PerfTest, field=PerfTest, 349 bytes
2025-12-03T18:31:59.258-0500	DEBUG	hashindexV3/header_manager.go:236	Updated statistics in /var/folders/85/q1ly22y17zl71m_r0pvz60z00000gn/T/TestPerformance_WriteSpeed1206205364/001/PerfTest.0.hidx: entries=7800, deleted=0, size=349, seq=7800
2025-12-03T18:31:59.258-0500	DEBUG	hashindexV3/hash_entry_storage.go:720	Updated header statistics: entries=7800, size=349, seq=7800
2025-12-03T18:31:59.258-0500	DEBUG	hashindexV3/header_manager.go:158	Read header from /var/folders/85/q1ly22y17zl71m_r0pvz60z00000gn/T/TestPerformance_WriteSpeed1206205364/001/PerfTest.0.hidx: index=PerfTest, field=PerfTest, entries=7800, size=349 bytes
2025-12-03T18:31:59.259-0500	DEBUG	hashindexV3/header_manager.go:198	Wrote header to /var/folders/85/q1ly22y17zl71m_r0pvz60z00000gn/T/TestPerformance_WriteSpeed1206205364/001/PerfTest.0.hidx: index=PerfTest, field=PerfTest, 349 bytes
2025-12-03T18:31:59.259-0500	DEBUG	hashindexV3/header_manager.go:236	Updated statistics in /var/folders/85/q1ly22y17zl71m_r0pvz60z00000gn/T/TestPerformance_WriteSpeed1206205364/001/PerfTest.0.hidx: entries=7900, deleted=0, size=349, seq=7900
2025-12-03T18:31:59.259-0500	DEBUG	hashindexV3/hash_entry_storage.go:720	Updated header statistics: entries=7900, size=349, seq=7900
2025-12-03T18:31:59.259-0500	DEBUG	hashindexV3/header_manager.go:158	Read header from /var/folders/85/q1ly22y17zl71m_r0pvz60z00000gn/T/TestPerformance_WriteSpeed1206205364/001/PerfTest.0.hidx: index=PerfTest, field=PerfTest, entries=7900, size=349 bytes
2025-12-03T18:31:59.259-0500	DEBUG	hashindexV3/header_manager.go:198	Wrote header to /var/folders/85/q1ly22y17zl71m_r0pvz60z00000gn/T/TestPerformance_WriteSpeed1206205364/001/PerfTest.0.hidx: index=PerfTest, field=PerfTest, 349 bytes
2025-12-03T18:31:59.259-0500	DEBUG	hashindexV3/header_manager.go:236	Updated statistics in /var/folders/85/q1ly22y17zl71m_r0pvz60z00000gn/T/TestPerformance_WriteSpeed1206205364/001/PerfTest.0.hidx: entries=8000, deleted=0, size=349, seq=8000
2025-12-03T18:31:59.259-0500	DEBUG	hashindexV3/hash_entry_storage.go:720	Updated header statistics: entries=8000, size=349, seq=8000
2025-12-03T18:31:59.259-0500	DEBUG	hashindexV3/header_manager.go:158	Read header from /var/folders/85/q1ly22y17zl71m_r0pvz60z00000gn/T/TestPerformance_WriteSpeed1206205364/001/PerfTest.0.hidx: index=PerfTest, field=PerfTest, entries=8000, size=349 bytes
2025-12-03T18:31:59.259-0500	DEBUG	hashindexV3/header_manager.go:198	Wrote header to /var/folders/85/q1ly22y17zl71m_r0pvz60z00000gn/T/TestPerformance_WriteSpeed1206205364/001/PerfTest.0.hidx: index=PerfTest, field=PerfTest, 349 bytes
2025-12-03T18:31:59.259-0500	DEBUG	hashindexV3/header_manager.go:236	Updated statistics in /var/folders/85/q1ly22y17zl71m_r0pvz60z00000gn/T/TestPerformance_WriteSpeed1206205364/001/PerfTest.0.hidx: entries=8100, deleted=0, size=349, seq=8100
2025-12-03T18:31:59.259-0500	DEBUG	hashindexV3/hash_entry_storage.go:720	Updated header statistics: entries=8100, size=349, seq=8100
2025-12-03T18:31:59.259-0500	DEBUG	hashindexV3/header_manager.go:158	Read header from /var/folders/85/q1ly22y17zl71m_r0pvz60z00000gn/T/TestPerformance_WriteSpeed1206205364/001/PerfTest.0.hidx: index=PerfTest, field=PerfTest, entries=8100, size=349 bytes
2025-12-03T18:31:59.259-0500	DEBUG	hashindexV3/header_manager.go:198	Wrote header to /var/folders/85/q1ly22y17zl71m_r0pvz60z00000gn/T/TestPerformance_WriteSpeed1206205364/001/PerfTest.0.hidx: index=PerfTest, field=PerfTest, 349 bytes
2025-12-03T18:31:59.259-0500	DEBUG	hashindexV3/header_manager.go:236	Updated statistics in /var/folders/85/q1ly22y17zl71m_r0pvz60z00000gn/T/TestPerformance_WriteSpeed1206205364/001/PerfTest.0.hidx: entries=8200, deleted=0, size=349, seq=8200
2025-12-03T18:31:59.259-0500	DEBUG	hashindexV3/hash_entry_storage.go:720	Updated header statistics: entries=8200, size=349, seq=8200
2025-12-03T18:31:59.260-0500	DEBUG	hashindexV3/header_manager.go:158	Read header from /var/folders/85/q1ly22y17zl71m_r0pvz60z00000gn/T/TestPerformance_WriteSpeed1206205364/001/PerfTest.0.hidx: index=PerfTest, field=PerfTest, entries=8200, size=349 bytes
2025-12-03T18:31:59.260-0500	DEBUG	hashindexV3/header_manager.go:198	Wrote header to /var/folders/85/q1ly22y17zl71m_r0pvz60z00000gn/T/TestPerformance_WriteSpeed1206205364/001/PerfTest.0.hidx: index=PerfTest, field=PerfTest, 349 bytes
2025-12-03T18:31:59.260-0500	DEBUG	hashindexV3/header_manager.go:236	Updated statistics in /var/folders/85/q1ly22y17zl71m_r0pvz60z00000gn/T/TestPerformance_WriteSpeed1206205364/001/PerfTest.0.hidx: entries=8300, deleted=0, size=349, seq=8300
2025-12-03T18:31:59.260-0500	DEBUG	hashindexV3/hash_entry_storage.go:720	Updated header statistics: entries=8300, size=349, seq=8300
2025-12-03T18:31:59.260-0500	DEBUG	hashindexV3/header_manager.go:158	Read header from /var/folders/85/q1ly22y17zl71m_r0pvz60z00000gn/T/TestPerformance_WriteSpeed1206205364/001/PerfTest.0.hidx: index=PerfTest, field=PerfTest, entries=8300, size=349 bytes
2025-12-03T18:31:59.260-0500	DEBUG	hashindexV3/header_manager.go:198	Wrote header to /var/folders/85/q1ly22y17zl71m_r0pvz60z00000gn/T/TestPerformance_WriteSpeed1206205364/001/PerfTest.0.hidx: index=PerfTest, field=PerfTest, 349 bytes
2025-12-03T18:31:59.260-0500	DEBUG	hashindexV3/header_manager.go:236	Updated statistics in /var/folders/85/q1ly22y17zl71m_r0pvz60z00000gn/T/TestPerformance_WriteSpeed1206205364/001/PerfTest.0.hidx: entries=8400, deleted=0, size=349, seq=8400
2025-12-03T18:31:59.260-0500	DEBUG	hashindexV3/hash_entry_storage.go:720	Updated header statistics: entries=8400, size=349, seq=8400
2025-12-03T18:31:59.260-0500	DEBUG	hashindexV3/header_manager.go:158	Read header from /var/folders/85/q1ly22y17zl71m_r0pvz60z00000gn/T/TestPerformance_WriteSpeed1206205364/001/PerfTest.0.hidx: index=PerfTest, field=PerfTest, entries=8400, size=349 bytes
2025-12-03T18:31:59.260-0500	DEBUG	hashindexV3/header_manager.go:198	Wrote header to /var/folders/85/q1ly22y17zl71m_r0pvz60z00000gn/T/TestPerformance_WriteSpeed1206205364/001/PerfTest.0.hidx: index=PerfTest, field=PerfTest, 349 bytes
2025-12-03T18:31:59.260-0500	DEBUG	hashindexV3/header_manager.go:236	Updated statistics in /var/folders/85/q1ly22y17zl71m_r0pvz60z00000gn/T/TestPerformance_WriteSpeed1206205364/001/PerfTest.0.hidx: entries=8500, deleted=0, size=349, seq=8500
2025-12-03T18:31:59.260-0500	DEBUG	hashindexV3/hash_entry_storage.go:720	Updated header statistics: entries=8500, size=349, seq=8500
2025-12-03T18:31:59.261-0500	DEBUG	hashindexV3/header_manager.go:158	Read header from /var/folders/85/q1ly22y17zl71m_r0pvz60z00000gn/T/TestPerformance_WriteSpeed1206205364/001/PerfTest.0.hidx: index=PerfTest, field=PerfTest, entries=8500, size=349 bytes
2025-12-03T18:31:59.261-0500	DEBUG	hashindexV3/header_manager.go:198	Wrote header to /var/folders/85/q1ly22y17zl71m_r0pvz60z00000gn/T/TestPerformance_WriteSpeed1206205364/001/PerfTest.0.hidx: index=PerfTest, field=PerfTest, 349 bytes
2025-12-03T18:31:59.261-0500	DEBUG	hashindexV3/header_manager.go:236	Updated statistics in /var/folders/85/q1ly22y17zl71m_r0pvz60z00000gn/T/TestPerformance_WriteSpeed1206205364/001/PerfTest.0.hidx: entries=8600, deleted=0, size=349, seq=8600
2025-12-03T18:31:59.261-0500	DEBUG	hashindexV3/hash_entry_storage.go:720	Updated header statistics: entries=8600, size=349, seq=8600
2025-12-03T18:31:59.261-0500	DEBUG	hashindexV3/header_manager.go:158	Read header from /var/folders/85/q1ly22y17zl71m_r0pvz60z00000gn/T/TestPerformance_WriteSpeed1206205364/001/PerfTest.0.hidx: index=PerfTest, field=PerfTest, entries=8600, size=349 bytes
2025-12-03T18:31:59.261-0500	DEBUG	hashindexV3/header_manager.go:198	Wrote header to /var/folders/85/q1ly22y17zl71m_r0pvz60z00000gn/T/TestPerformance_WriteSpeed1206205364/001/PerfTest.0.hidx: index=PerfTest, field=PerfTest, 349 bytes
2025-12-03T18:31:59.261-0500	DEBUG	hashindexV3/header_manager.go:236	Updated statistics in /var/folders/85/q1ly22y17zl71m_r0pvz60z00000gn/T/TestPerformance_WriteSpeed1206205364/001/PerfTest.0.hidx: entries=8700, deleted=0, size=349, seq=8700
2025-12-03T18:31:59.261-0500	DEBUG	hashindexV3/hash_entry_storage.go:720	Updated header statistics: entries=8700, size=349, seq=8700
2025-12-03T18:31:59.261-0500	DEBUG	hashindexV3/header_manager.go:158	Read header from /var/folders/85/q1ly22y17zl71m_r0pvz60z00000gn/T/TestPerformance_WriteSpeed1206205364/001/PerfTest.0.hidx: index=PerfTest, field=PerfTest, entries=8700, size=349 bytes
2025-12-03T18:31:59.261-0500	DEBUG	hashindexV3/header_manager.go:198	Wrote header to /var/folders/85/q1ly22y17zl71m_r0pvz60z00000gn/T/TestPerformance_WriteSpeed1206205364/001/PerfTest.0.hidx: index=PerfTest, field=PerfTest, 349 bytes
2025-12-03T18:31:59.261-0500	DEBUG	hashindexV3/header_manager.go:236	Updated statistics in /var/folders/85/q1ly22y17zl71m_r0pvz60z00000gn/T/TestPerformance_WriteSpeed1206205364/001/PerfTest.0.hidx: entries=8800, deleted=0, size=349, seq=8800
2025-12-03T18:31:59.261-0500	DEBUG	hashindexV3/hash_entry_storage.go:720	Updated header statistics: entries=8800, size=349, seq=8800
2025-12-03T18:31:59.261-0500	DEBUG	hashindexV3/header_manager.go:158	Read header from /var/folders/85/q1ly22y17zl71m_r0pvz60z00000gn/T/TestPerformance_WriteSpeed1206205364/001/PerfTest.0.hidx: index=PerfTest, field=PerfTest, entries=8800, size=349 bytes
2025-12-03T18:31:59.262-0500	DEBUG	hashindexV3/header_manager.go:198	Wrote header to /var/folders/85/q1ly22y17zl71m_r0pvz60z00000gn/T/TestPerformance_WriteSpeed1206205364/001/PerfTest.0.hidx: index=PerfTest, field=PerfTest, 349 bytes
2025-12-03T18:31:59.262-0500	DEBUG	hashindexV3/header_manager.go:236	Updated statistics in /var/folders/85/q1ly22y17zl71m_r0pvz60z00000gn/T/TestPerformance_WriteSpeed1206205364/001/PerfTest.0.hidx: entries=8900, deleted=0, size=349, seq=8900
2025-12-03T18:31:59.262-0500	DEBUG	hashindexV3/hash_entry_storage.go:720	Updated header statistics: entries=8900, size=349, seq=8900
2025-12-03T18:31:59.262-0500	DEBUG	hashindexV3/header_manager.go:158	Read header from /var/folders/85/q1ly22y17zl71m_r0pvz60z00000gn/T/TestPerformance_WriteSpeed1206205364/001/PerfTest.0.hidx: index=PerfTest, field=PerfTest, entries=8900, size=349 bytes
2025-12-03T18:31:59.262-0500	DEBUG	hashindexV3/header_manager.go:198	Wrote header to /var/folders/85/q1ly22y17zl71m_r0pvz60z00000gn/T/TestPerformance_WriteSpeed1206205364/001/PerfTest.0.hidx: index=PerfTest, field=PerfTest, 349 bytes
2025-12-03T18:31:59.262-0500	DEBUG	hashindexV3/header_manager.go:236	Updated statistics in /var/folders/85/q1ly22y17zl71m_r0pvz60z00000gn/T/TestPerformance_WriteSpeed1206205364/001/PerfTest.0.hidx: entries=9000, deleted=0, size=349, seq=9000
2025-12-03T18:31:59.262-0500	DEBUG	hashindexV3/hash_entry_storage.go:720	Updated header statistics: entries=9000, size=349, seq=9000
2025-12-03T18:31:59.262-0500	DEBUG	hashindexV3/header_manager.go:158	Read header from /var/folders/85/q1ly22y17zl71m_r0pvz60z00000gn/T/TestPerformance_WriteSpeed1206205364/001/PerfTest.0.hidx: index=PerfTest, field=PerfTest, entries=9000, size=349 bytes
2025-12-03T18:31:59.262-0500	DEBUG	hashindexV3/header_manager.go:198	Wrote header to /var/folders/85/q1ly22y17zl71m_r0pvz60z00000gn/T/TestPerformance_WriteSpeed1206205364/001/PerfTest.0.hidx: index=PerfTest, field=PerfTest, 349 bytes
2025-12-03T18:31:59.262-0500	DEBUG	hashindexV3/header_manager.go:236	Updated statistics in /var/folders/85/q1ly22y17zl71m_r0pvz60z00000gn/T/TestPerformance_WriteSpeed1206205364/001/PerfTest.0.hidx: entries=9100, deleted=0, size=349, seq=9100
2025-12-03T18:31:59.262-0500	DEBUG	hashindexV3/hash_entry_storage.go:720	Updated header statistics: entries=9100, size=349, seq=9100
2025-12-03T18:31:59.262-0500	DEBUG	hashindexV3/header_manager.go:158	Read header from /var/folders/85/q1ly22y17zl71m_r0pvz60z00000gn/T/TestPerformance_WriteSpeed1206205364/001/PerfTest.0.hidx: index=PerfTest, field=PerfTest, entries=9100, size=349 bytes
2025-12-03T18:31:59.262-0500	DEBUG	hashindexV3/header_manager.go:198	Wrote header to /var/folders/85/q1ly22y17zl71m_r0pvz60z00000gn/T/TestPerformance_WriteSpeed1206205364/001/PerfTest.0.hidx: index=PerfTest, field=PerfTest, 349 bytes
2025-12-03T18:31:59.262-0500	DEBUG	hashindexV3/header_manager.go:236	Updated statistics in /var/folders/85/q1ly22y17zl71m_r0pvz60z00000gn/T/TestPerformance_WriteSpeed1206205364/001/PerfTest.0.hidx: entries=9200, deleted=0, size=349, seq=9200
2025-12-03T18:31:59.262-0500	DEBUG	hashindexV3/hash_entry_storage.go:720	Updated header statistics: entries=9200, size=349, seq=9200
2025-12-03T18:31:59.263-0500	DEBUG	hashindexV3/header_manager.go:158	Read header from /var/folders/85/q1ly22y17zl71m_r0pvz60z00000gn/T/TestPerformance_WriteSpeed1206205364/001/PerfTest.0.hidx: index=PerfTest, field=PerfTest, entries=9200, size=349 bytes
2025-12-03T18:31:59.263-0500	DEBUG	hashindexV3/header_manager.go:198	Wrote header to /var/folders/85/q1ly22y17zl71m_r0pvz60z00000gn/T/TestPerformance_WriteSpeed1206205364/001/PerfTest.0.hidx: index=PerfTest, field=PerfTest, 349 bytes
2025-12-03T18:31:59.263-0500	DEBUG	hashindexV3/header_manager.go:236	Updated statistics in /var/folders/85/q1ly22y17zl71m_r0pvz60z00000gn/T/TestPerformance_WriteSpeed1206205364/001/PerfTest.0.hidx: entries=9300, deleted=0, size=349, seq=9300
2025-12-03T18:31:59.263-0500	DEBUG	hashindexV3/hash_entry_storage.go:720	Updated header statistics: entries=9300, size=349, seq=9300
2025-12-03T18:31:59.263-0500	DEBUG	hashindexV3/header_manager.go:158	Read header from /var/folders/85/q1ly22y17zl71m_r0pvz60z00000gn/T/TestPerformance_WriteSpeed1206205364/001/PerfTest.0.hidx: index=PerfTest, field=PerfTest, entries=9300, size=349 bytes
2025-12-03T18:31:59.263-0500	DEBUG	hashindexV3/header_manager.go:198	Wrote header to /var/folders/85/q1ly22y17zl71m_r0pvz60z00000gn/T/TestPerformance_WriteSpeed1206205364/001/PerfTest.0.hidx: index=PerfTest, field=PerfTest, 349 bytes
2025-12-03T18:31:59.263-0500	DEBUG	hashindexV3/header_manager.go:236	Updated statistics in /var/folders/85/q1ly22y17zl71m_r0pvz60z00000gn/T/TestPerformance_WriteSpeed1206205364/001/PerfTest.0.hidx: entries=9400, deleted=0, size=349, seq=9400
2025-12-03T18:31:59.263-0500	DEBUG	hashindexV3/hash_entry_storage.go:720	Updated header statistics: entries=9400, size=349, seq=9400
2025-12-03T18:31:59.263-0500	DEBUG	hashindexV3/header_manager.go:158	Read header from /var/folders/85/q1ly22y17zl71m_r0pvz60z00000gn/T/TestPerformance_WriteSpeed1206205364/001/PerfTest.0.hidx: index=PerfTest, field=PerfTest, entries=9400, size=349 bytes
2025-12-03T18:31:59.263-0500	DEBUG	hashindexV3/header_manager.go:198	Wrote header to /var/folders/85/q1ly22y17zl71m_r0pvz60z00000gn/T/TestPerformance_WriteSpeed1206205364/001/PerfTest.0.hidx: index=PerfTest, field=PerfTest, 349 bytes
2025-12-03T18:31:59.263-0500	DEBUG	hashindexV3/header_manager.go:236	Updated statistics in /var/folders/85/q1ly22y17zl71m_r0pvz60z00000gn/T/TestPerformance_WriteSpeed1206205364/001/PerfTest.0.hidx: entries=9500, deleted=0, size=349, seq=9500
2025-12-03T18:31:59.263-0500	DEBUG	hashindexV3/hash_entry_storage.go:720	Updated header statistics: entries=9500, size=349, seq=9500
2025-12-03T18:31:59.264-0500	DEBUG	hashindexV3/header_manager.go:158	Read header from /var/folders/85/q1ly22y17zl71m_r0pvz60z00000gn/T/TestPerformance_WriteSpeed1206205364/001/PerfTest.0.hidx: index=PerfTest, field=PerfTest, entries=9500, size=349 bytes
2025-12-03T18:31:59.264-0500	DEBUG	hashindexV3/header_manager.go:198	Wrote header to /var/folders/85/q1ly22y17zl71m_r0pvz60z00000gn/T/TestPerformance_WriteSpeed1206205364/001/PerfTest.0.hidx: index=PerfTest, field=PerfTest, 349 bytes
2025-12-03T18:31:59.264-0500	DEBUG	hashindexV3/header_manager.go:236	Updated statistics in /var/folders/85/q1ly22y17zl71m_r0pvz60z00000gn/T/TestPerformance_WriteSpeed1206205364/001/PerfTest.0.hidx: entries=9600, deleted=0, size=349, seq=9600
2025-12-03T18:31:59.264-0500	DEBUG	hashindexV3/hash_entry_storage.go:720	Updated header statistics: entries=9600, size=349, seq=9600
2025-12-03T18:31:59.264-0500	DEBUG	hashindexV3/header_manager.go:158	Read header from /var/folders/85/q1ly22y17zl71m_r0pvz60z00000gn/T/TestPerformance_WriteSpeed1206205364/001/PerfTest.0.hidx: index=PerfTest, field=PerfTest, entries=9600, size=349 bytes
2025-12-03T18:31:59.264-0500	DEBUG	hashindexV3/header_manager.go:198	Wrote header to /var/folders/85/q1ly22y17zl71m_r0pvz60z00000gn/T/TestPerformance_WriteSpeed1206205364/001/PerfTest.0.hidx: index=PerfTest, field=PerfTest, 349 bytes
2025-12-03T18:31:59.264-0500	DEBUG	hashindexV3/header_manager.go:236	Updated statistics in /var/folders/85/q1ly22y17zl71m_r0pvz60z00000gn/T/TestPerformance_WriteSpeed1206205364/001/PerfTest.0.hidx: entries=9700, deleted=0, size=349, seq=9700
2025-12-03T18:31:59.264-0500	DEBUG	hashindexV3/hash_entry_storage.go:720	Updated header statistics: entries=9700, size=349, seq=9700
2025-12-03T18:31:59.264-0500	DEBUG	hashindexV3/header_manager.go:158	Read header from /var/folders/85/q1ly22y17zl71m_r0pvz60z00000gn/T/TestPerformance_WriteSpeed1206205364/001/PerfTest.0.hidx: index=PerfTest, field=PerfTest, entries=9700, size=349 bytes
2025-12-03T18:31:59.264-0500	DEBUG	hashindexV3/header_manager.go:198	Wrote header to /var/folders/85/q1ly22y17zl71m_r0pvz60z00000gn/T/TestPerformance_WriteSpeed1206205364/001/PerfTest.0.hidx: index=PerfTest, field=PerfTest, 349 bytes
2025-12-03T18:31:59.264-0500	DEBUG	hashindexV3/header_manager.go:236	Updated statistics in /var/folders/85/q1ly22y17zl71m_r0pvz60z00000gn/T/TestPerformance_WriteSpeed1206205364/001/PerfTest.0.hidx: entries=9800, deleted=0, size=349, seq=9800
2025-12-03T18:31:59.264-0500	DEBUG	hashindexV3/hash_entry_storage.go:720	Updated header statistics: entries=9800, size=349, seq=9800
2025-12-03T18:31:59.264-0500	DEBUG	hashindexV3/header_manager.go:158	Read header from /var/folders/85/q1ly22y17zl71m_r0pvz60z00000gn/T/TestPerformance_WriteSpeed1206205364/001/PerfTest.0.hidx: index=PerfTest, field=PerfTest, entries=9800, size=349 bytes
2025-12-03T18:31:59.264-0500	DEBUG	hashindexV3/header_manager.go:198	Wrote header to /var/folders/85/q1ly22y17zl71m_r0pvz60z00000gn/T/TestPerformance_WriteSpeed1206205364/001/PerfTest.0.hidx: index=PerfTest, field=PerfTest, 349 bytes
2025-12-03T18:31:59.264-0500	DEBUG	hashindexV3/header_manager.go:236	Updated statistics in /var/folders/85/q1ly22y17zl71m_r0pvz60z00000gn/T/TestPerformance_WriteSpeed1206205364/001/PerfTest.0.hidx: entries=9900, deleted=0, size=349, seq=9900
2025-12-03T18:31:59.265-0500	DEBUG	hashindexV3/hash_entry_storage.go:720	Updated header statistics: entries=9900, size=349, seq=9900
2025-12-03T18:31:59.265-0500	DEBUG	hashindexV3/header_manager.go:158	Read header from /var/folders/85/q1ly22y17zl71m_r0pvz60z00000gn/T/TestPerformance_WriteSpeed1206205364/001/PerfTest.0.hidx: index=PerfTest, field=PerfTest, entries=9900, size=349 bytes
2025-12-03T18:31:59.265-0500	DEBUG	hashindexV3/header_manager.go:198	Wrote header to /var/folders/85/q1ly22y17zl71m_r0pvz60z00000gn/T/TestPerformance_WriteSpeed1206205364/001/PerfTest.0.hidx: index=PerfTest, field=PerfTest, 349 bytes
2025-12-03T18:31:59.265-0500	DEBUG	hashindexV3/header_manager.go:236	Updated statistics in /var/folders/85/q1ly22y17zl71m_r0pvz60z00000gn/T/TestPerformance_WriteSpeed1206205364/001/PerfTest.0.hidx: entries=10000, deleted=0, size=349, seq=10000
2025-12-03T18:31:59.265-0500	DEBUG	hashindexV3/hash_entry_storage.go:720	Updated header statistics: entries=10000, size=349, seq=10000
    header_based_index_test.go:770: ✅ Wrote 10000 entries in 69.170291ms (144570.74 entries/sec)
2025-12-03T18:31:59.269-0500	DEBUG	hashindexV3/header_manager.go:158	Read header from /var/folders/85/q1ly22y17zl71m_r0pvz60z00000gn/T/TestPerformance_WriteSpeed1206205364/001/PerfTest.0.hidx: index=PerfTest, field=PerfTest, entries=10000, size=349 bytes
2025-12-03T18:31:59.269-0500	DEBUG	hashindexV3/header_manager.go:198	Wrote header to /var/folders/85/q1ly22y17zl71m_r0pvz60z00000gn/T/TestPerformance_WriteSpeed1206205364/001/PerfTest.0.hidx: index=PerfTest, field=PerfTest, 349 bytes
2025-12-03T18:31:59.269-0500	DEBUG	hashindexV3/header_manager.go:236	Updated statistics in /var/folders/85/q1ly22y17zl71m_r0pvz60z00000gn/T/TestPerformance_WriteSpeed1206205364/001/PerfTest.0.hidx: entries=10000, deleted=0, size=349, seq=10000
2025-12-03T18:31:59.269-0500	DEBUG	hashindexV3/hash_entry_storage.go:720	Updated header statistics: entries=10000, size=349, seq=10000
2025-12-03T18:31:59.269-0500	DEBUG	hashindexV3/hash_index_metadata.go:56	SaveMetadata called (deprecated, now no-op - using headers)	{"indexName": "PerfTest"}
2025-12-03T18:31:59.271-0500	INFO	hashindexV3/hash_entry_storage.go:926	Entry storage closed	{"indexName": "PerfTest", "bundleName": "TestBundle", "useBuckets": true, "totalEntries": 10000, "totalBytes": 737780}
2025-12-03T18:31:59.271-0500	INFO	hashindexV3/hash_index_api.go:729	Closed hash index	{"indexName": "PerfTest", "totalPuts": 10000, "totalGets": 0, "totalDeletes": 0}
--- PASS: TestPerformance_WriteSpeed (0.08s)
=== RUN   TestPerformance_ReadSpeed
2025-12-03T18:31:59.279-0500	DEBUG	hashindexV3/header_manager.go:104	Created header for index PerfRead, field PerfRead, file 0 (FK=false, Unique=false, PK=false)
2025-12-03T18:31:59.279-0500	DEBUG	hashindexV3/header_manager.go:198	Wrote header to /var/folders/85/q1ly22y17zl71m_r0pvz60z00000gn/T/TestPerformance_ReadSpeed2428408619/001/PerfRead.0.hidx: index=PerfRead, field=PerfRead, 349 bytes
2025-12-03T18:31:59.279-0500	DEBUG	hashindexV3/hash_entry_storage.go:1171	Wrote header to new file PerfRead.0.hidx: 349 bytes
2025-12-03T18:31:59.279-0500	INFO	hashindexV3/hash_entry_storage.go:492	Entry storage initialized	{"indexName": "PerfRead", "fieldName": "PerfRead", "bundleName": "TestBundle", "dataDir": "/var/folders/85/q1ly22y17zl71m_r0pvz60z00000gn/T/TestPerformance_ReadSpeed2428408619/001", "isForeignKey": false, "existingFiles": 1}
2025-12-03T18:31:59.279-0500	DEBUG	hashindexV3/hash_index_api.go:284	Created new LSM-style hash index	{"indexName": "PerfRead", "bundleName": "TestBundle", "dataDir": "/var/folders/85/q1ly22y17zl71m_r0pvz60z00000gn/T/TestPerformance_ReadSpeed2428408619/001"}
2025-12-03T18:31:59.279-0500	DEBUG	hashindexV3/header_manager.go:104	Created header for index PerfRead, field PerfRead, file 0 (FK=false, Unique=false, PK=false)
2025-12-03T18:31:59.279-0500	DEBUG	hashindexV3/hash_entry_storage.go:230	Wrote header to new bucket file	{"fieldName": "PerfRead", "bucketNum": 115, "fileNum": 0, "headerBytes": 349}
2025-12-03T18:31:59.279-0500	DEBUG	hashindexV3/header_manager.go:104	Created header for index PerfRead, field PerfRead, file 0 (FK=false, Unique=false, PK=false)
2025-12-03T18:31:59.279-0500	DEBUG	hashindexV3/hash_entry_storage.go:230	Wrote header to new bucket file	{"fieldName": "PerfRead", "bucketNum": 158, "fileNum": 0, "headerBytes": 349}
2025-12-03T18:31:59.279-0500	DEBUG	hashindexV3/header_manager.go:104	Created header for index PerfRead, field PerfRead, file 0 (FK=false, Unique=false, PK=false)
2025-12-03T18:31:59.279-0500	DEBUG	hashindexV3/hash_entry_storage.go:230	Wrote header to new bucket file	{"fieldName": "PerfRead", "bucketNum": 40, "fileNum": 0, "headerBytes": 349}
2025-12-03T18:31:59.279-0500	DEBUG	hashindexV3/header_manager.go:104	Created header for index PerfRead, field PerfRead, file 0 (FK=false, Unique=false, PK=false)
2025-12-03T18:31:59.279-0500	DEBUG	hashindexV3/hash_entry_storage.go:230	Wrote header to new bucket file	{"fieldName": "PerfRead", "bucketNum": 108, "fileNum": 0, "headerBytes": 349}
2025-12-03T18:31:59.279-0500	DEBUG	hashindexV3/header_manager.go:104	Created header for index PerfRead, field PerfRead, file 0 (FK=false, Unique=false, PK=false)
2025-12-03T18:31:59.279-0500	DEBUG	hashindexV3/hash_entry_storage.go:230	Wrote header to new bucket file	{"fieldName": "PerfRead", "bucketNum": 231, "fileNum": 0, "headerBytes": 349}
2025-12-03T18:31:59.279-0500	DEBUG	hashindexV3/header_manager.go:104	Created header for index PerfRead, field PerfRead, file 0 (FK=false, Unique=false, PK=false)
2025-12-03T18:31:59.279-0500	DEBUG	hashindexV3/hash_entry_storage.go:230	Wrote header to new bucket file	{"fieldName": "PerfRead", "bucketNum": 78, "fileNum": 0, "headerBytes": 349}
2025-12-03T18:31:59.280-0500	DEBUG	hashindexV3/header_manager.go:104	Created header for index PerfRead, field PerfRead, file 0 (FK=false, Unique=false, PK=false)
2025-12-03T18:31:59.280-0500	DEBUG	hashindexV3/hash_entry_storage.go:230	Wrote header to new bucket file	{"fieldName": "PerfRead", "bucketNum": 195, "fileNum": 0, "headerBytes": 349}
2025-12-03T18:31:59.280-0500	DEBUG	hashindexV3/header_manager.go:104	Created header for index PerfRead, field PerfRead, file 0 (FK=false, Unique=false, PK=false)
2025-12-03T18:31:59.280-0500	DEBUG	hashindexV3/hash_entry_storage.go:230	Wrote header to new bucket file	{"fieldName": "PerfRead", "bucketNum": 245, "fileNum": 0, "headerBytes": 349}
2025-12-03T18:31:59.280-0500	DEBUG	hashindexV3/header_manager.go:104	Created header for index PerfRead, field PerfRead, file 0 (FK=false, Unique=false, PK=false)
2025-12-03T18:31:59.280-0500	DEBUG	hashindexV3/hash_entry_storage.go:230	Wrote header to new bucket file	{"fieldName": "PerfRead", "bucketNum": 241, "fileNum": 0, "headerBytes": 349}
2025-12-03T18:31:59.280-0500	DEBUG	hashindexV3/header_manager.go:104	Created header for index PerfRead, field PerfRead, file 0 (FK=false, Unique=false, PK=false)
2025-12-03T18:31:59.280-0500	DEBUG	hashindexV3/hash_entry_storage.go:230	Wrote header to new bucket file	{"fieldName": "PerfRead", "bucketNum": 194, "fileNum": 0, "headerBytes": 349}
2025-12-03T18:31:59.280-0500	DEBUG	hashindexV3/header_manager.go:104	Created header for index PerfRead, field PerfRead, file 0 (FK=false, Unique=false, PK=false)
2025-12-03T18:31:59.280-0500	DEBUG	hashindexV3/hash_entry_storage.go:230	Wrote header to new bucket file	{"fieldName": "PerfRead", "bucketNum": 171, "fileNum": 0, "headerBytes": 349}
2025-12-03T18:31:59.280-0500	DEBUG	hashindexV3/header_manager.go:104	Created header for index PerfRead, field PerfRead, file 0 (FK=false, Unique=false, PK=false)
2025-12-03T18:31:59.280-0500	DEBUG	hashindexV3/hash_entry_storage.go:230	Wrote header to new bucket file	{"fieldName": "PerfRead", "bucketNum": 167, "fileNum": 0, "headerBytes": 349}
2025-12-03T18:31:59.280-0500	DEBUG	hashindexV3/header_manager.go:104	Created header for index PerfRead, field PerfRead, file 0 (FK=false, Unique=false, PK=false)
2025-12-03T18:31:59.280-0500	DEBUG	hashindexV3/hash_entry_storage.go:230	Wrote header to new bucket file	{"fieldName": "PerfRead", "bucketNum": 112, "fileNum": 0, "headerBytes": 349}
2025-12-03T18:31:59.280-0500	DEBUG	hashindexV3/header_manager.go:104	Created header for index PerfRead, field PerfRead, file 0 (FK=false, Unique=false, PK=false)
2025-12-03T18:31:59.280-0500	DEBUG	hashindexV3/hash_entry_storage.go:230	Wrote header to new bucket file	{"fieldName": "PerfRead", "bucketNum": 107, "fileNum": 0, "headerBytes": 349}
2025-12-03T18:31:59.280-0500	DEBUG	hashindexV3/header_manager.go:104	Created header for index PerfRead, field PerfRead, file 0 (FK=false, Unique=false, PK=false)
2025-12-03T18:31:59.280-0500	DEBUG	hashindexV3/hash_entry_storage.go:230	Wrote header to new bucket file	{"fieldName": "PerfRead", "bucketNum": 214, "fileNum": 0, "headerBytes": 349}
2025-12-03T18:31:59.280-0500	DEBUG	hashindexV3/header_manager.go:104	Created header for index PerfRead, field PerfRead, file 0 (FK=false, Unique=false, PK=false)
2025-12-03T18:31:59.280-0500	DEBUG	hashindexV3/hash_entry_storage.go:230	Wrote header to new bucket file	{"fieldName": "PerfRead", "bucketNum": 101, "fileNum": 0, "headerBytes": 349}
2025-12-03T18:31:59.281-0500	DEBUG	hashindexV3/header_manager.go:104	Created header for index PerfRead, field PerfRead, file 0 (FK=false, Unique=false, PK=false)
2025-12-03T18:31:59.281-0500	DEBUG	hashindexV3/hash_entry_storage.go:230	Wrote header to new bucket file	{"fieldName": "PerfRead", "bucketNum": 124, "fileNum": 0, "headerBytes": 349}
2025-12-03T18:31:59.281-0500	DEBUG	hashindexV3/header_manager.go:104	Created header for index PerfRead, field PerfRead, file 0 (FK=false, Unique=false, PK=false)
2025-12-03T18:31:59.281-0500	DEBUG	hashindexV3/hash_entry_storage.go:230	Wrote header to new bucket file	{"fieldName": "PerfRead", "bucketNum": 186, "fileNum": 0, "headerBytes": 349}
2025-12-03T18:31:59.281-0500	DEBUG	hashindexV3/header_manager.go:104	Created header for index PerfRead, field PerfRead, file 0 (FK=false, Unique=false, PK=false)
2025-12-03T18:31:59.281-0500	DEBUG	hashindexV3/hash_entry_storage.go:230	Wrote header to new bucket file	{"fieldName": "PerfRead", "bucketNum": 20, "fileNum": 0, "headerBytes": 349}
2025-12-03T18:31:59.281-0500	DEBUG	hashindexV3/header_manager.go:104	Created header for index PerfRead, field PerfRead, file 0 (FK=false, Unique=false, PK=false)
2025-12-03T18:31:59.281-0500	DEBUG	hashindexV3/hash_entry_storage.go:230	Wrote header to new bucket file	{"fieldName": "PerfRead", "bucketNum": 173, "fileNum": 0, "headerBytes": 349}
2025-12-03T18:31:59.281-0500	DEBUG	hashindexV3/header_manager.go:104	Created header for index PerfRead, field PerfRead, file 0 (FK=false, Unique=false, PK=false)
2025-12-03T18:31:59.281-0500	DEBUG	hashindexV3/hash_entry_storage.go:230	Wrote header to new bucket file	{"fieldName": "PerfRead", "bucketNum": 21, "fileNum": 0, "headerBytes": 349}
2025-12-03T18:31:59.281-0500	DEBUG	hashindexV3/header_manager.go:104	Created header for index PerfRead, field PerfRead, file 0 (FK=false, Unique=false, PK=false)
2025-12-03T18:31:59.281-0500	DEBUG	hashindexV3/hash_entry_storage.go:230	Wrote header to new bucket file	{"fieldName": "PerfRead", "bucketNum": 130, "fileNum": 0, "headerBytes": 349}
2025-12-03T18:31:59.281-0500	DEBUG	hashindexV3/header_manager.go:104	Created header for index PerfRead, field PerfRead, file 0 (FK=false, Unique=false, PK=false)
2025-12-03T18:31:59.281-0500	DEBUG	hashindexV3/hash_entry_storage.go:230	Wrote header to new bucket file	{"fieldName": "PerfRead", "bucketNum": 161, "fileNum": 0, "headerBytes": 349}
2025-12-03T18:31:59.281-0500	DEBUG	hashindexV3/header_manager.go:104	Created header for index PerfRead, field PerfRead, file 0 (FK=false, Unique=false, PK=false)
2025-12-03T18:31:59.281-0500	DEBUG	hashindexV3/hash_entry_storage.go:230	Wrote header to new bucket file	{"fieldName": "PerfRead", "bucketNum": 30, "fileNum": 0, "headerBytes": 349}
2025-12-03T18:31:59.281-0500	DEBUG	hashindexV3/header_manager.go:104	Created header for index PerfRead, field PerfRead, file 0 (FK=false, Unique=false, PK=false)
2025-12-03T18:31:59.281-0500	DEBUG	hashindexV3/hash_entry_storage.go:230	Wrote header to new bucket file	{"fieldName": "PerfRead", "bucketNum": 87, "fileNum": 0, "headerBytes": 349}
2025-12-03T18:31:59.281-0500	DEBUG	hashindexV3/header_manager.go:104	Created header for index PerfRead, field PerfRead, file 0 (FK=false, Unique=false, PK=false)
2025-12-03T18:31:59.281-0500	DEBUG	hashindexV3/hash_entry_storage.go:230	Wrote header to new bucket file	{"fieldName": "PerfRead", "bucketNum": 18, "fileNum": 0, "headerBytes": 349}
2025-12-03T18:31:59.281-0500	DEBUG	hashindexV3/header_manager.go:104	Created header for index PerfRead, field PerfRead, file 0 (FK=false, Unique=false, PK=false)
2025-12-03T18:31:59.281-0500	DEBUG	hashindexV3/hash_entry_storage.go:230	Wrote header to new bucket file	{"fieldName": "PerfRead", "bucketNum": 15, "fileNum": 0, "headerBytes": 349}
2025-12-03T18:31:59.282-0500	DEBUG	hashindexV3/header_manager.go:104	Created header for index PerfRead, field PerfRead, file 0 (FK=false, Unique=false, PK=false)
2025-12-03T18:31:59.282-0500	DEBUG	hashindexV3/hash_entry_storage.go:230	Wrote header to new bucket file	{"fieldName": "PerfRead", "bucketNum": 211, "fileNum": 0, "headerBytes": 349}
2025-12-03T18:31:59.282-0500	DEBUG	hashindexV3/header_manager.go:104	Created header for index PerfRead, field PerfRead, file 0 (FK=false, Unique=false, PK=false)
2025-12-03T18:31:59.282-0500	DEBUG	hashindexV3/hash_entry_storage.go:230	Wrote header to new bucket file	{"fieldName": "PerfRead", "bucketNum": 227, "fileNum": 0, "headerBytes": 349}
2025-12-03T18:31:59.282-0500	DEBUG	hashindexV3/header_manager.go:104	Created header for index PerfRead, field PerfRead, file 0 (FK=false, Unique=false, PK=false)
2025-12-03T18:31:59.282-0500	DEBUG	hashindexV3/hash_entry_storage.go:230	Wrote header to new bucket file	{"fieldName": "PerfRead", "bucketNum": 57, "fileNum": 0, "headerBytes": 349}
2025-12-03T18:31:59.282-0500	DEBUG	hashindexV3/header_manager.go:104	Created header for index PerfRead, field PerfRead, file 0 (FK=false, Unique=false, PK=false)
2025-12-03T18:31:59.282-0500	DEBUG	hashindexV3/hash_entry_storage.go:230	Wrote header to new bucket file	{"fieldName": "PerfRead", "bucketNum": 72, "fileNum": 0, "headerBytes": 349}
2025-12-03T18:31:59.282-0500	DEBUG	hashindexV3/header_manager.go:104	Created header for index PerfRead, field PerfRead, file 0 (FK=false, Unique=false, PK=false)
2025-12-03T18:31:59.282-0500	DEBUG	hashindexV3/hash_entry_storage.go:230	Wrote header to new bucket file	{"fieldName": "PerfRead", "bucketNum": 144, "fileNum": 0, "headerBytes": 349}
2025-12-03T18:31:59.282-0500	DEBUG	hashindexV3/header_manager.go:104	Created header for index PerfRead, field PerfRead, file 0 (FK=false, Unique=false, PK=false)
2025-12-03T18:31:59.282-0500	DEBUG	hashindexV3/hash_entry_storage.go:230	Wrote header to new bucket file	{"fieldName": "PerfRead", "bucketNum": 114, "fileNum": 0, "headerBytes": 349}
2025-12-03T18:31:59.282-0500	DEBUG	hashindexV3/header_manager.go:104	Created header for index PerfRead, field PerfRead, file 0 (FK=false, Unique=false, PK=false)
2025-12-03T18:31:59.282-0500	DEBUG	hashindexV3/hash_entry_storage.go:230	Wrote header to new bucket file	{"fieldName": "PerfRead", "bucketNum": 70, "fileNum": 0, "headerBytes": 349}
2025-12-03T18:31:59.282-0500	DEBUG	hashindexV3/header_manager.go:104	Created header for index PerfRead, field PerfRead, file 0 (FK=false, Unique=false, PK=false)
2025-12-03T18:31:59.282-0500	DEBUG	hashindexV3/hash_entry_storage.go:230	Wrote header to new bucket file	{"fieldName": "PerfRead", "bucketNum": 217, "fileNum": 0, "headerBytes": 349}
2025-12-03T18:31:59.282-0500	DEBUG	hashindexV3/header_manager.go:104	Created header for index PerfRead, field PerfRead, file 0 (FK=false, Unique=false, PK=false)
2025-12-03T18:31:59.282-0500	DEBUG	hashindexV3/hash_entry_storage.go:230	Wrote header to new bucket file	{"fieldName": "PerfRead", "bucketNum": 137, "fileNum": 0, "headerBytes": 349}
2025-12-03T18:31:59.282-0500	DEBUG	hashindexV3/header_manager.go:104	Created header for index PerfRead, field PerfRead, file 0 (FK=false, Unique=false, PK=false)
2025-12-03T18:31:59.282-0500	DEBUG	hashindexV3/hash_entry_storage.go:230	Wrote header to new bucket file	{"fieldName": "PerfRead", "bucketNum": 238, "fileNum": 0, "headerBytes": 349}
2025-12-03T18:31:59.283-0500	DEBUG	hashindexV3/header_manager.go:104	Created header for index PerfRead, field PerfRead, file 0 (FK=false, Unique=false, PK=false)
2025-12-03T18:31:59.283-0500	DEBUG	hashindexV3/hash_entry_storage.go:230	Wrote header to new bucket file	{"fieldName": "PerfRead", "bucketNum": 62, "fileNum": 0, "headerBytes": 349}
2025-12-03T18:31:59.283-0500	DEBUG	hashindexV3/header_manager.go:104	Created header for index PerfRead, field PerfRead, file 0 (FK=false, Unique=false, PK=false)
2025-12-03T18:31:59.283-0500	DEBUG	hashindexV3/hash_entry_storage.go:230	Wrote header to new bucket file	{"fieldName": "PerfRead", "bucketNum": 66, "fileNum": 0, "headerBytes": 349}
2025-12-03T18:31:59.283-0500	DEBUG	hashindexV3/header_manager.go:104	Created header for index PerfRead, field PerfRead, file 0 (FK=false, Unique=false, PK=false)
2025-12-03T18:31:59.283-0500	DEBUG	hashindexV3/hash_entry_storage.go:230	Wrote header to new bucket file	{"fieldName": "PerfRead", "bucketNum": 25, "fileNum": 0, "headerBytes": 349}
2025-12-03T18:31:59.283-0500	DEBUG	hashindexV3/header_manager.go:104	Created header for index PerfRead, field PerfRead, file 0 (FK=false, Unique=false, PK=false)
2025-12-03T18:31:59.283-0500	DEBUG	hashindexV3/hash_entry_storage.go:230	Wrote header to new bucket file	{"fieldName": "PerfRead", "bucketNum": 160, "fileNum": 0, "headerBytes": 349}
2025-12-03T18:31:59.283-0500	DEBUG	hashindexV3/header_manager.go:104	Created header for index PerfRead, field PerfRead, file 0 (FK=false, Unique=false, PK=false)
2025-12-03T18:31:59.283-0500	DEBUG	hashindexV3/hash_entry_storage.go:230	Wrote header to new bucket file	{"fieldName": "PerfRead", "bucketNum": 79, "fileNum": 0, "headerBytes": 349}
2025-12-03T18:31:59.283-0500	DEBUG	hashindexV3/header_manager.go:104	Created header for index PerfRead, field PerfRead, file 0 (FK=false, Unique=false, PK=false)
2025-12-03T18:31:59.283-0500	DEBUG	hashindexV3/hash_entry_storage.go:230	Wrote header to new bucket file	{"fieldName": "PerfRead", "bucketNum": 5, "fileNum": 0, "headerBytes": 349}
2025-12-03T18:31:59.283-0500	DEBUG	hashindexV3/header_manager.go:104	Created header for index PerfRead, field PerfRead, file 0 (FK=false, Unique=false, PK=false)
2025-12-03T18:31:59.283-0500	DEBUG	hashindexV3/hash_entry_storage.go:230	Wrote header to new bucket file	{"fieldName": "PerfRead", "bucketNum": 19, "fileNum": 0, "headerBytes": 349}
2025-12-03T18:31:59.283-0500	DEBUG	hashindexV3/header_manager.go:104	Created header for index PerfRead, field PerfRead, file 0 (FK=false, Unique=false, PK=false)
2025-12-03T18:31:59.283-0500	DEBUG	hashindexV3/hash_entry_storage.go:230	Wrote header to new bucket file	{"fieldName": "PerfRead", "bucketNum": 81, "fileNum": 0, "headerBytes": 349}
2025-12-03T18:31:59.283-0500	DEBUG	hashindexV3/header_manager.go:104	Created header for index PerfRead, field PerfRead, file 0 (FK=false, Unique=false, PK=false)
2025-12-03T18:31:59.283-0500	DEBUG	hashindexV3/hash_entry_storage.go:230	Wrote header to new bucket file	{"fieldName": "PerfRead", "bucketNum": 37, "fileNum": 0, "headerBytes": 349}
2025-12-03T18:31:59.283-0500	DEBUG	hashindexV3/header_manager.go:104	Created header for index PerfRead, field PerfRead, file 0 (FK=false, Unique=false, PK=false)
2025-12-03T18:31:59.283-0500	DEBUG	hashindexV3/hash_entry_storage.go:230	Wrote header to new bucket file	{"fieldName": "PerfRead", "bucketNum": 28, "fileNum": 0, "headerBytes": 349}
2025-12-03T18:31:59.284-0500	DEBUG	hashindexV3/header_manager.go:104	Created header for index PerfRead, field PerfRead, file 0 (FK=false, Unique=false, PK=false)
2025-12-03T18:31:59.284-0500	DEBUG	hashindexV3/hash_entry_storage.go:230	Wrote header to new bucket file	{"fieldName": "PerfRead", "bucketNum": 82, "fileNum": 0, "headerBytes": 349}
2025-12-03T18:31:59.284-0500	DEBUG	hashindexV3/header_manager.go:104	Created header for index PerfRead, field PerfRead, file 0 (FK=false, Unique=false, PK=false)
2025-12-03T18:31:59.284-0500	DEBUG	hashindexV3/hash_entry_storage.go:230	Wrote header to new bucket file	{"fieldName": "PerfRead", "bucketNum": 9, "fileNum": 0, "headerBytes": 349}
2025-12-03T18:31:59.284-0500	DEBUG	hashindexV3/header_manager.go:104	Created header for index PerfRead, field PerfRead, file 0 (FK=false, Unique=false, PK=false)
2025-12-03T18:31:59.284-0500	DEBUG	hashindexV3/hash_entry_storage.go:230	Wrote header to new bucket file	{"fieldName": "PerfRead", "bucketNum": 16, "fileNum": 0, "headerBytes": 349}
2025-12-03T18:31:59.284-0500	DEBUG	hashindexV3/header_manager.go:104	Created header for index PerfRead, field PerfRead, file 0 (FK=false, Unique=false, PK=false)
2025-12-03T18:31:59.284-0500	DEBUG	hashindexV3/hash_entry_storage.go:230	Wrote header to new bucket file	{"fieldName": "PerfRead", "bucketNum": 157, "fileNum": 0, "headerBytes": 349}
2025-12-03T18:31:59.284-0500	DEBUG	hashindexV3/header_manager.go:104	Created header for index PerfRead, field PerfRead, file 0 (FK=false, Unique=false, PK=false)
2025-12-03T18:31:59.284-0500	DEBUG	hashindexV3/hash_entry_storage.go:230	Wrote header to new bucket file	{"fieldName": "PerfRead", "bucketNum": 13, "fileNum": 0, "headerBytes": 349}
2025-12-03T18:31:59.284-0500	DEBUG	hashindexV3/header_manager.go:104	Created header for index PerfRead, field PerfRead, file 0 (FK=false, Unique=false, PK=false)
2025-12-03T18:31:59.284-0500	DEBUG	hashindexV3/hash_entry_storage.go:230	Wrote header to new bucket file	{"fieldName": "PerfRead", "bucketNum": 191, "fileNum": 0, "headerBytes": 349}
2025-12-03T18:31:59.284-0500	DEBUG	hashindexV3/header_manager.go:104	Created header for index PerfRead, field PerfRead, file 0 (FK=false, Unique=false, PK=false)
2025-12-03T18:31:59.284-0500	DEBUG	hashindexV3/hash_entry_storage.go:230	Wrote header to new bucket file	{"fieldName": "PerfRead", "bucketNum": 47, "fileNum": 0, "headerBytes": 349}
2025-12-03T18:31:59.284-0500	DEBUG	hashindexV3/header_manager.go:104	Created header for index PerfRead, field PerfRead, file 0 (FK=false, Unique=false, PK=false)
2025-12-03T18:31:59.284-0500	DEBUG	hashindexV3/hash_entry_storage.go:230	Wrote header to new bucket file	{"fieldName": "PerfRead", "bucketNum": 85, "fileNum": 0, "headerBytes": 349}
2025-12-03T18:31:59.284-0500	DEBUG	hashindexV3/header_manager.go:104	Created header for index PerfRead, field PerfRead, file 0 (FK=false, Unique=false, PK=false)
2025-12-03T18:31:59.284-0500	DEBUG	hashindexV3/hash_entry_storage.go:230	Wrote header to new bucket file	{"fieldName": "PerfRead", "bucketNum": 71, "fileNum": 0, "headerBytes": 349}
2025-12-03T18:31:59.285-0500	DEBUG	hashindexV3/header_manager.go:104	Created header for index PerfRead, field PerfRead, file 0 (FK=false, Unique=false, PK=false)
2025-12-03T18:31:59.285-0500	DEBUG	hashindexV3/hash_entry_storage.go:230	Wrote header to new bucket file	{"fieldName": "PerfRead", "bucketNum": 127, "fileNum": 0, "headerBytes": 349}
2025-12-03T18:31:59.285-0500	DEBUG	hashindexV3/header_manager.go:104	Created header for index PerfRead, field PerfRead, file 0 (FK=false, Unique=false, PK=false)
2025-12-03T18:31:59.285-0500	DEBUG	hashindexV3/hash_entry_storage.go:230	Wrote header to new bucket file	{"fieldName": "PerfRead", "bucketNum": 102, "fileNum": 0, "headerBytes": 349}
2025-12-03T18:31:59.285-0500	DEBUG	hashindexV3/header_manager.go:104	Created header for index PerfRead, field PerfRead, file 0 (FK=false, Unique=false, PK=false)
2025-12-03T18:31:59.285-0500	DEBUG	hashindexV3/hash_entry_storage.go:230	Wrote header to new bucket file	{"fieldName": "PerfRead", "bucketNum": 8, "fileNum": 0, "headerBytes": 349}
2025-12-03T18:31:59.285-0500	DEBUG	hashindexV3/header_manager.go:104	Created header for index PerfRead, field PerfRead, file 0 (FK=false, Unique=false, PK=false)
2025-12-03T18:31:59.285-0500	DEBUG	hashindexV3/hash_entry_storage.go:230	Wrote header to new bucket file	{"fieldName": "PerfRead", "bucketNum": 48, "fileNum": 0, "headerBytes": 349}
2025-12-03T18:31:59.285-0500	DEBUG	hashindexV3/header_manager.go:104	Created header for index PerfRead, field PerfRead, file 0 (FK=false, Unique=false, PK=false)
2025-12-03T18:31:59.285-0500	DEBUG	hashindexV3/hash_entry_storage.go:230	Wrote header to new bucket file	{"fieldName": "PerfRead", "bucketNum": 86, "fileNum": 0, "headerBytes": 349}
2025-12-03T18:31:59.285-0500	DEBUG	hashindexV3/header_manager.go:104	Created header for index PerfRead, field PerfRead, file 0 (FK=false, Unique=false, PK=false)
2025-12-03T18:31:59.285-0500	DEBUG	hashindexV3/hash_entry_storage.go:230	Wrote header to new bucket file	{"fieldName": "PerfRead", "bucketNum": 45, "fileNum": 0, "headerBytes": 349}
2025-12-03T18:31:59.285-0500	DEBUG	hashindexV3/header_manager.go:104	Created header for index PerfRead, field PerfRead, file 0 (FK=false, Unique=false, PK=false)
2025-12-03T18:31:59.285-0500	DEBUG	hashindexV3/hash_entry_storage.go:230	Wrote header to new bucket file	{"fieldName": "PerfRead", "bucketNum": 74, "fileNum": 0, "headerBytes": 349}
2025-12-03T18:31:59.285-0500	DEBUG	hashindexV3/header_manager.go:104	Created header for index PerfRead, field PerfRead, file 0 (FK=false, Unique=false, PK=false)
2025-12-03T18:31:59.285-0500	DEBUG	hashindexV3/hash_entry_storage.go:230	Wrote header to new bucket file	{"fieldName": "PerfRead", "bucketNum": 7, "fileNum": 0, "headerBytes": 349}
2025-12-03T18:31:59.286-0500	DEBUG	hashindexV3/header_manager.go:104	Created header for index PerfRead, field PerfRead, file 0 (FK=false, Unique=false, PK=false)
2025-12-03T18:31:59.286-0500	DEBUG	hashindexV3/hash_entry_storage.go:230	Wrote header to new bucket file	{"fieldName": "PerfRead", "bucketNum": 199, "fileNum": 0, "headerBytes": 349}
2025-12-03T18:31:59.286-0500	DEBUG	hashindexV3/header_manager.go:104	Created header for index PerfRead, field PerfRead, file 0 (FK=false, Unique=false, PK=false)
2025-12-03T18:31:59.286-0500	DEBUG	hashindexV3/hash_entry_storage.go:230	Wrote header to new bucket file	{"fieldName": "PerfRead", "bucketNum": 132, "fileNum": 0, "headerBytes": 349}
2025-12-03T18:31:59.286-0500	DEBUG	hashindexV3/header_manager.go:104	Created header for index PerfRead, field PerfRead, file 0 (FK=false, Unique=false, PK=false)
2025-12-03T18:31:59.286-0500	DEBUG	hashindexV3/hash_entry_storage.go:230	Wrote header to new bucket file	{"fieldName": "PerfRead", "bucketNum": 182, "fileNum": 0, "headerBytes": 349}
2025-12-03T18:31:59.286-0500	DEBUG	hashindexV3/header_manager.go:104	Created header for index PerfRead, field PerfRead, file 0 (FK=false, Unique=false, PK=false)
2025-12-03T18:31:59.286-0500	DEBUG	hashindexV3/hash_entry_storage.go:230	Wrote header to new bucket file	{"fieldName": "PerfRead", "bucketNum": 56, "fileNum": 0, "headerBytes": 349}
2025-12-03T18:31:59.286-0500	DEBUG	hashindexV3/header_manager.go:104	Created header for index PerfRead, field PerfRead, file 0 (FK=false, Unique=false, PK=false)
2025-12-03T18:31:59.286-0500	DEBUG	hashindexV3/hash_entry_storage.go:230	Wrote header to new bucket file	{"fieldName": "PerfRead", "bucketNum": 36, "fileNum": 0, "headerBytes": 349}
2025-12-03T18:31:59.286-0500	DEBUG	hashindexV3/header_manager.go:104	Created header for index PerfRead, field PerfRead, file 0 (FK=false, Unique=false, PK=false)
2025-12-03T18:31:59.286-0500	DEBUG	hashindexV3/hash_entry_storage.go:230	Wrote header to new bucket file	{"fieldName": "PerfRead", "bucketNum": 109, "fileNum": 0, "headerBytes": 349}
2025-12-03T18:31:59.286-0500	DEBUG	hashindexV3/header_manager.go:104	Created header for index PerfRead, field PerfRead, file 0 (FK=false, Unique=false, PK=false)
2025-12-03T18:31:59.286-0500	DEBUG	hashindexV3/hash_entry_storage.go:230	Wrote header to new bucket file	{"fieldName": "PerfRead", "bucketNum": 208, "fileNum": 0, "headerBytes": 349}
2025-12-03T18:31:59.286-0500	DEBUG	hashindexV3/header_manager.go:104	Created header for index PerfRead, field PerfRead, file 0 (FK=false, Unique=false, PK=false)
2025-12-03T18:31:59.286-0500	DEBUG	hashindexV3/hash_entry_storage.go:230	Wrote header to new bucket file	{"fieldName": "PerfRead", "bucketNum": 77, "fileNum": 0, "headerBytes": 349}
2025-12-03T18:31:59.287-0500	DEBUG	hashindexV3/header_manager.go:104	Created header for index PerfRead, field PerfRead, file 0 (FK=false, Unique=false, PK=false)
2025-12-03T18:31:59.287-0500	DEBUG	hashindexV3/hash_entry_storage.go:230	Wrote header to new bucket file	{"fieldName": "PerfRead", "bucketNum": 32, "fileNum": 0, "headerBytes": 349}
2025-12-03T18:31:59.287-0500	DEBUG	hashindexV3/header_manager.go:104	Created header for index PerfRead, field PerfRead, file 0 (FK=false, Unique=false, PK=false)
2025-12-03T18:31:59.287-0500	DEBUG	hashindexV3/hash_entry_storage.go:230	Wrote header to new bucket file	{"fieldName": "PerfRead", "bucketNum": 223, "fileNum": 0, "headerBytes": 349}
2025-12-03T18:31:59.287-0500	DEBUG	hashindexV3/header_manager.go:104	Created header for index PerfRead, field PerfRead, file 0 (FK=false, Unique=false, PK=false)
2025-12-03T18:31:59.287-0500	DEBUG	hashindexV3/hash_entry_storage.go:230	Wrote header to new bucket file	{"fieldName": "PerfRead", "bucketNum": 22, "fileNum": 0, "headerBytes": 349}
2025-12-03T18:31:59.287-0500	DEBUG	hashindexV3/header_manager.go:104	Created header for index PerfRead, field PerfRead, file 0 (FK=false, Unique=false, PK=false)
2025-12-03T18:31:59.287-0500	DEBUG	hashindexV3/hash_entry_storage.go:230	Wrote header to new bucket file	{"fieldName": "PerfRead", "bucketNum": 228, "fileNum": 0, "headerBytes": 349}
2025-12-03T18:31:59.287-0500	DEBUG	hashindexV3/header_manager.go:104	Created header for index PerfRead, field PerfRead, file 0 (FK=false, Unique=false, PK=false)
2025-12-03T18:31:59.287-0500	DEBUG	hashindexV3/hash_entry_storage.go:230	Wrote header to new bucket file	{"fieldName": "PerfRead", "bucketNum": 198, "fileNum": 0, "headerBytes": 349}
2025-12-03T18:31:59.287-0500	DEBUG	hashindexV3/header_manager.go:104	Created header for index PerfRead, field PerfRead, file 0 (FK=false, Unique=false, PK=false)
2025-12-03T18:31:59.287-0500	DEBUG	hashindexV3/hash_entry_storage.go:230	Wrote header to new bucket file	{"fieldName": "PerfRead", "bucketNum": 237, "fileNum": 0, "headerBytes": 349}
2025-12-03T18:31:59.287-0500	DEBUG	hashindexV3/header_manager.go:104	Created header for index PerfRead, field PerfRead, file 0 (FK=false, Unique=false, PK=false)
2025-12-03T18:31:59.287-0500	DEBUG	hashindexV3/hash_entry_storage.go:230	Wrote header to new bucket file	{"fieldName": "PerfRead", "bucketNum": 200, "fileNum": 0, "headerBytes": 349}
2025-12-03T18:31:59.288-0500	DEBUG	hashindexV3/header_manager.go:104	Created header for index PerfRead, field PerfRead, file 0 (FK=false, Unique=false, PK=false)
2025-12-03T18:31:59.288-0500	DEBUG	hashindexV3/hash_entry_storage.go:230	Wrote header to new bucket file	{"fieldName": "PerfRead", "bucketNum": 105, "fileNum": 0, "headerBytes": 349}
2025-12-03T18:31:59.288-0500	DEBUG	hashindexV3/header_manager.go:104	Created header for index PerfRead, field PerfRead, file 0 (FK=false, Unique=false, PK=false)
2025-12-03T18:31:59.288-0500	DEBUG	hashindexV3/hash_entry_storage.go:230	Wrote header to new bucket file	{"fieldName": "PerfRead", "bucketNum": 65, "fileNum": 0, "headerBytes": 349}
2025-12-03T18:31:59.288-0500	DEBUG	hashindexV3/header_manager.go:104	Created header for index PerfRead, field PerfRead, file 0 (FK=false, Unique=false, PK=false)
2025-12-03T18:31:59.288-0500	DEBUG	hashindexV3/hash_entry_storage.go:230	Wrote header to new bucket file	{"fieldName": "PerfRead", "bucketNum": 153, "fileNum": 0, "headerBytes": 349}
2025-12-03T18:31:59.288-0500	DEBUG	hashindexV3/header_manager.go:104	Created header for index PerfRead, field PerfRead, file 0 (FK=false, Unique=false, PK=false)
2025-12-03T18:31:59.288-0500	DEBUG	hashindexV3/hash_entry_storage.go:230	Wrote header to new bucket file	{"fieldName": "PerfRead", "bucketNum": 95, "fileNum": 0, "headerBytes": 349}
2025-12-03T18:31:59.288-0500	DEBUG	hashindexV3/header_manager.go:158	Read header from /var/folders/85/q1ly22y17zl71m_r0pvz60z00000gn/T/TestPerformance_ReadSpeed2428408619/001/PerfRead.0.hidx: index=PerfRead, field=PerfRead, entries=0, size=349 bytes
2025-12-03T18:31:59.288-0500	DEBUG	hashindexV3/header_manager.go:198	Wrote header to /var/folders/85/q1ly22y17zl71m_r0pvz60z00000gn/T/TestPerformance_ReadSpeed2428408619/001/PerfRead.0.hidx: index=PerfRead, field=PerfRead, 349 bytes
2025-12-03T18:31:59.288-0500	DEBUG	hashindexV3/header_manager.go:236	Updated statistics in /var/folders/85/q1ly22y17zl71m_r0pvz60z00000gn/T/TestPerformance_ReadSpeed2428408619/001/PerfRead.0.hidx: entries=100, deleted=0, size=349, seq=100
2025-12-03T18:31:59.288-0500	DEBUG	hashindexV3/hash_entry_storage.go:720	Updated header statistics: entries=100, size=349, seq=100
2025-12-03T18:31:59.288-0500	DEBUG	hashindexV3/header_manager.go:104	Created header for index PerfRead, field PerfRead, file 0 (FK=false, Unique=false, PK=false)
2025-12-03T18:31:59.288-0500	DEBUG	hashindexV3/hash_entry_storage.go:230	Wrote header to new bucket file	{"fieldName": "PerfRead", "bucketNum": 159, "fileNum": 0, "headerBytes": 349}
2025-12-03T18:31:59.288-0500	DEBUG	hashindexV3/header_manager.go:104	Created header for index PerfRead, field PerfRead, file 0 (FK=false, Unique=false, PK=false)
2025-12-03T18:31:59.288-0500	DEBUG	hashindexV3/hash_entry_storage.go:230	Wrote header to new bucket file	{"fieldName": "PerfRead", "bucketNum": 169, "fileNum": 0, "headerBytes": 349}
2025-12-03T18:31:59.288-0500	DEBUG	hashindexV3/header_manager.go:104	Created header for index PerfRead, field PerfRead, file 0 (FK=false, Unique=false, PK=false)
2025-12-03T18:31:59.288-0500	DEBUG	hashindexV3/hash_entry_storage.go:230	Wrote header to new bucket file	{"fieldName": "PerfRead", "bucketNum": 96, "fileNum": 0, "headerBytes": 349}
2025-12-03T18:31:59.289-0500	DEBUG	hashindexV3/header_manager.go:104	Created header for index PerfRead, field PerfRead, file 0 (FK=false, Unique=false, PK=false)
2025-12-03T18:31:59.289-0500	DEBUG	hashindexV3/hash_entry_storage.go:230	Wrote header to new bucket file	{"fieldName": "PerfRead", "bucketNum": 187, "fileNum": 0, "headerBytes": 349}
2025-12-03T18:31:59.289-0500	DEBUG	hashindexV3/header_manager.go:104	Created header for index PerfRead, field PerfRead, file 0 (FK=false, Unique=false, PK=false)
2025-12-03T18:31:59.289-0500	DEBUG	hashindexV3/hash_entry_storage.go:230	Wrote header to new bucket file	{"fieldName": "PerfRead", "bucketNum": 39, "fileNum": 0, "headerBytes": 349}
2025-12-03T18:31:59.289-0500	DEBUG	hashindexV3/header_manager.go:104	Created header for index PerfRead, field PerfRead, file 0 (FK=false, Unique=false, PK=false)
2025-12-03T18:31:59.289-0500	DEBUG	hashindexV3/hash_entry_storage.go:230	Wrote header to new bucket file	{"fieldName": "PerfRead", "bucketNum": 90, "fileNum": 0, "headerBytes": 349}
2025-12-03T18:31:59.289-0500	DEBUG	hashindexV3/header_manager.go:104	Created header for index PerfRead, field PerfRead, file 0 (FK=false, Unique=false, PK=false)
2025-12-03T18:31:59.289-0500	DEBUG	hashindexV3/hash_entry_storage.go:230	Wrote header to new bucket file	{"fieldName": "PerfRead", "bucketNum": 239, "fileNum": 0, "headerBytes": 349}
2025-12-03T18:31:59.289-0500	DEBUG	hashindexV3/header_manager.go:104	Created header for index PerfRead, field PerfRead, file 0 (FK=false, Unique=false, PK=false)
2025-12-03T18:31:59.289-0500	DEBUG	hashindexV3/hash_entry_storage.go:230	Wrote header to new bucket file	{"fieldName": "PerfRead", "bucketNum": 51, "fileNum": 0, "headerBytes": 349}
2025-12-03T18:31:59.289-0500	DEBUG	hashindexV3/header_manager.go:104	Created header for index PerfRead, field PerfRead, file 0 (FK=false, Unique=false, PK=false)
2025-12-03T18:31:59.289-0500	DEBUG	hashindexV3/hash_entry_storage.go:230	Wrote header to new bucket file	{"fieldName": "PerfRead", "bucketNum": 136, "fileNum": 0, "headerBytes": 349}
2025-12-03T18:31:59.289-0500	DEBUG	hashindexV3/header_manager.go:104	Created header for index PerfRead, field PerfRead, file 0 (FK=false, Unique=false, PK=false)
2025-12-03T18:31:59.289-0500	DEBUG	hashindexV3/hash_entry_storage.go:230	Wrote header to new bucket file	{"fieldName": "PerfRead", "bucketNum": 192, "fileNum": 0, "headerBytes": 349}
2025-12-03T18:31:59.289-0500	DEBUG	hashindexV3/header_manager.go:104	Created header for index PerfRead, field PerfRead, file 0 (FK=false, Unique=false, PK=false)
2025-12-03T18:31:59.289-0500	DEBUG	hashindexV3/hash_entry_storage.go:230	Wrote header to new bucket file	{"fieldName": "PerfRead", "bucketNum": 185, "fileNum": 0, "headerBytes": 349}
2025-12-03T18:31:59.290-0500	DEBUG	hashindexV3/header_manager.go:104	Created header for index PerfRead, field PerfRead, file 0 (FK=false, Unique=false, PK=false)
2025-12-03T18:31:59.290-0500	DEBUG	hashindexV3/hash_entry_storage.go:230	Wrote header to new bucket file	{"fieldName": "PerfRead", "bucketNum": 147, "fileNum": 0, "headerBytes": 349}
2025-12-03T18:31:59.290-0500	DEBUG	hashindexV3/header_manager.go:104	Created header for index PerfRead, field PerfRead, file 0 (FK=false, Unique=false, PK=false)
2025-12-03T18:31:59.290-0500	DEBUG	hashindexV3/hash_entry_storage.go:230	Wrote header to new bucket file	{"fieldName": "PerfRead", "bucketNum": 99, "fileNum": 0, "headerBytes": 349}
2025-12-03T18:31:59.290-0500	DEBUG	hashindexV3/header_manager.go:104	Created header for index PerfRead, field PerfRead, file 0 (FK=false, Unique=false, PK=false)
2025-12-03T18:31:59.290-0500	DEBUG	hashindexV3/hash_entry_storage.go:230	Wrote header to new bucket file	{"fieldName": "PerfRead", "bucketNum": 26, "fileNum": 0, "headerBytes": 349}
2025-12-03T18:31:59.290-0500	DEBUG	hashindexV3/header_manager.go:104	Created header for index PerfRead, field PerfRead, file 0 (FK=false, Unique=false, PK=false)
2025-12-03T18:31:59.290-0500	DEBUG	hashindexV3/hash_entry_storage.go:230	Wrote header to new bucket file	{"fieldName": "PerfRead", "bucketNum": 242, "fileNum": 0, "headerBytes": 349}
2025-12-03T18:31:59.290-0500	DEBUG	hashindexV3/header_manager.go:104	Created header for index PerfRead, field PerfRead, file 0 (FK=false, Unique=false, PK=false)
2025-12-03T18:31:59.290-0500	DEBUG	hashindexV3/hash_entry_storage.go:230	Wrote header to new bucket file	{"fieldName": "PerfRead", "bucketNum": 122, "fileNum": 0, "headerBytes": 349}
2025-12-03T18:31:59.290-0500	DEBUG	hashindexV3/header_manager.go:104	Created header for index PerfRead, field PerfRead, file 0 (FK=false, Unique=false, PK=false)
2025-12-03T18:31:59.290-0500	DEBUG	hashindexV3/hash_entry_storage.go:230	Wrote header to new bucket file	{"fieldName": "PerfRead", "bucketNum": 180, "fileNum": 0, "headerBytes": 349}
2025-12-03T18:31:59.290-0500	DEBUG	hashindexV3/header_manager.go:104	Created header for index PerfRead, field PerfRead, file 0 (FK=false, Unique=false, PK=false)
2025-12-03T18:31:59.290-0500	DEBUG	hashindexV3/hash_entry_storage.go:230	Wrote header to new bucket file	{"fieldName": "PerfRead", "bucketNum": 121, "fileNum": 0, "headerBytes": 349}
2025-12-03T18:31:59.291-0500	DEBUG	hashindexV3/header_manager.go:104	Created header for index PerfRead, field PerfRead, file 0 (FK=false, Unique=false, PK=false)
2025-12-03T18:31:59.291-0500	DEBUG	hashindexV3/hash_entry_storage.go:230	Wrote header to new bucket file	{"fieldName": "PerfRead", "bucketNum": 59, "fileNum": 0, "headerBytes": 349}
2025-12-03T18:31:59.291-0500	DEBUG	hashindexV3/header_manager.go:104	Created header for index PerfRead, field PerfRead, file 0 (FK=false, Unique=false, PK=false)
2025-12-03T18:31:59.291-0500	DEBUG	hashindexV3/hash_entry_storage.go:230	Wrote header to new bucket file	{"fieldName": "PerfRead", "bucketNum": 44, "fileNum": 0, "headerBytes": 349}
2025-12-03T18:31:59.291-0500	DEBUG	hashindexV3/header_manager.go:104	Created header for index PerfRead, field PerfRead, file 0 (FK=false, Unique=false, PK=false)
2025-12-03T18:31:59.291-0500	DEBUG	hashindexV3/hash_entry_storage.go:230	Wrote header to new bucket file	{"fieldName": "PerfRead", "bucketNum": 145, "fileNum": 0, "headerBytes": 349}
2025-12-03T18:31:59.291-0500	DEBUG	hashindexV3/header_manager.go:104	Created header for index PerfRead, field PerfRead, file 0 (FK=false, Unique=false, PK=false)
2025-12-03T18:31:59.291-0500	DEBUG	hashindexV3/hash_entry_storage.go:230	Wrote header to new bucket file	{"fieldName": "PerfRead", "bucketNum": 197, "fileNum": 0, "headerBytes": 349}
2025-12-03T18:31:59.291-0500	DEBUG	hashindexV3/header_manager.go:104	Created header for index PerfRead, field PerfRead, file 0 (FK=false, Unique=false, PK=false)
2025-12-03T18:31:59.291-0500	DEBUG	hashindexV3/hash_entry_storage.go:230	Wrote header to new bucket file	{"fieldName": "PerfRead", "bucketNum": 125, "fileNum": 0, "headerBytes": 349}
2025-12-03T18:31:59.291-0500	DEBUG	hashindexV3/header_manager.go:104	Created header for index PerfRead, field PerfRead, file 0 (FK=false, Unique=false, PK=false)
2025-12-03T18:31:59.291-0500	DEBUG	hashindexV3/hash_entry_storage.go:230	Wrote header to new bucket file	{"fieldName": "PerfRead", "bucketNum": 148, "fileNum": 0, "headerBytes": 349}
2025-12-03T18:31:59.291-0500	DEBUG	hashindexV3/header_manager.go:104	Created header for index PerfRead, field PerfRead, file 0 (FK=false, Unique=false, PK=false)
2025-12-03T18:31:59.291-0500	DEBUG	hashindexV3/hash_entry_storage.go:230	Wrote header to new bucket file	{"fieldName": "PerfRead", "bucketNum": 150, "fileNum": 0, "headerBytes": 349}
2025-12-03T18:31:59.292-0500	DEBUG	hashindexV3/header_manager.go:104	Created header for index PerfRead, field PerfRead, file 0 (FK=false, Unique=false, PK=false)
2025-12-03T18:31:59.292-0500	DEBUG	hashindexV3/hash_entry_storage.go:230	Wrote header to new bucket file	{"fieldName": "PerfRead", "bucketNum": 0, "fileNum": 0, "headerBytes": 349}
2025-12-03T18:31:59.292-0500	DEBUG	hashindexV3/header_manager.go:104	Created header for index PerfRead, field PerfRead, file 0 (FK=false, Unique=false, PK=false)
2025-12-03T18:31:59.292-0500	DEBUG	hashindexV3/hash_entry_storage.go:230	Wrote header to new bucket file	{"fieldName": "PerfRead", "bucketNum": 207, "fileNum": 0, "headerBytes": 349}
2025-12-03T18:31:59.292-0500	DEBUG	hashindexV3/header_manager.go:104	Created header for index PerfRead, field PerfRead, file 0 (FK=false, Unique=false, PK=false)
2025-12-03T18:31:59.292-0500	DEBUG	hashindexV3/hash_entry_storage.go:230	Wrote header to new bucket file	{"fieldName": "PerfRead", "bucketNum": 135, "fileNum": 0, "headerBytes": 349}
2025-12-03T18:31:59.292-0500	DEBUG	hashindexV3/header_manager.go:104	Created header for index PerfRead, field PerfRead, file 0 (FK=false, Unique=false, PK=false)
2025-12-03T18:31:59.292-0500	DEBUG	hashindexV3/hash_entry_storage.go:230	Wrote header to new bucket file	{"fieldName": "PerfRead", "bucketNum": 92, "fileNum": 0, "headerBytes": 349}
2025-12-03T18:31:59.292-0500	DEBUG	hashindexV3/header_manager.go:104	Created header for index PerfRead, field PerfRead, file 0 (FK=false, Unique=false, PK=false)
2025-12-03T18:31:59.292-0500	DEBUG	hashindexV3/hash_entry_storage.go:230	Wrote header to new bucket file	{"fieldName": "PerfRead", "bucketNum": 27, "fileNum": 0, "headerBytes": 349}
2025-12-03T18:31:59.292-0500	DEBUG	hashindexV3/header_manager.go:104	Created header for index PerfRead, field PerfRead, file 0 (FK=false, Unique=false, PK=false)
2025-12-03T18:31:59.292-0500	DEBUG	hashindexV3/hash_entry_storage.go:230	Wrote header to new bucket file	{"fieldName": "PerfRead", "bucketNum": 163, "fileNum": 0, "headerBytes": 349}
2025-12-03T18:31:59.292-0500	DEBUG	hashindexV3/header_manager.go:104	Created header for index PerfRead, field PerfRead, file 0 (FK=false, Unique=false, PK=false)
2025-12-03T18:31:59.292-0500	DEBUG	hashindexV3/hash_entry_storage.go:230	Wrote header to new bucket file	{"fieldName": "PerfRead", "bucketNum": 232, "fileNum": 0, "headerBytes": 349}
2025-12-03T18:31:59.293-0500	DEBUG	hashindexV3/header_manager.go:104	Created header for index PerfRead, field PerfRead, file 0 (FK=false, Unique=false, PK=false)
2025-12-03T18:31:59.293-0500	DEBUG	hashindexV3/hash_entry_storage.go:230	Wrote header to new bucket file	{"fieldName": "PerfRead", "bucketNum": 106, "fileNum": 0, "headerBytes": 349}
2025-12-03T18:31:59.293-0500	DEBUG	hashindexV3/header_manager.go:104	Created header for index PerfRead, field PerfRead, file 0 (FK=false, Unique=false, PK=false)
2025-12-03T18:31:59.293-0500	DEBUG	hashindexV3/hash_entry_storage.go:230	Wrote header to new bucket file	{"fieldName": "PerfRead", "bucketNum": 138, "fileNum": 0, "headerBytes": 349}
2025-12-03T18:31:59.293-0500	DEBUG	hashindexV3/header_manager.go:104	Created header for index PerfRead, field PerfRead, file 0 (FK=false, Unique=false, PK=false)
2025-12-03T18:31:59.293-0500	DEBUG	hashindexV3/hash_entry_storage.go:230	Wrote header to new bucket file	{"fieldName": "PerfRead", "bucketNum": 34, "fileNum": 0, "headerBytes": 349}
2025-12-03T18:31:59.293-0500	DEBUG	hashindexV3/header_manager.go:104	Created header for index PerfRead, field PerfRead, file 0 (FK=false, Unique=false, PK=false)
2025-12-03T18:31:59.293-0500	DEBUG	hashindexV3/hash_entry_storage.go:230	Wrote header to new bucket file	{"fieldName": "PerfRead", "bucketNum": 139, "fileNum": 0, "headerBytes": 349}
2025-12-03T18:31:59.293-0500	DEBUG	hashindexV3/header_manager.go:104	Created header for index PerfRead, field PerfRead, file 0 (FK=false, Unique=false, PK=false)
2025-12-03T18:31:59.293-0500	DEBUG	hashindexV3/hash_entry_storage.go:230	Wrote header to new bucket file	{"fieldName": "PerfRead", "bucketNum": 97, "fileNum": 0, "headerBytes": 349}
2025-12-03T18:31:59.293-0500	DEBUG	hashindexV3/header_manager.go:104	Created header for index PerfRead, field PerfRead, file 0 (FK=false, Unique=false, PK=false)
2025-12-03T18:31:59.293-0500	DEBUG	hashindexV3/hash_entry_storage.go:230	Wrote header to new bucket file	{"fieldName": "PerfRead", "bucketNum": 6, "fileNum": 0, "headerBytes": 349}
2025-12-03T18:31:59.293-0500	DEBUG	hashindexV3/header_manager.go:104	Created header for index PerfRead, field PerfRead, file 0 (FK=false, Unique=false, PK=false)
2025-12-03T18:31:59.293-0500	DEBUG	hashindexV3/hash_entry_storage.go:230	Wrote header to new bucket file	{"fieldName": "PerfRead", "bucketNum": 174, "fileNum": 0, "headerBytes": 349}
2025-12-03T18:31:59.294-0500	DEBUG	hashindexV3/header_manager.go:104	Created header for index PerfRead, field PerfRead, file 0 (FK=false, Unique=false, PK=false)
2025-12-03T18:31:59.294-0500	DEBUG	hashindexV3/hash_entry_storage.go:230	Wrote header to new bucket file	{"fieldName": "PerfRead", "bucketNum": 38, "fileNum": 0, "headerBytes": 349}
2025-12-03T18:31:59.294-0500	DEBUG	hashindexV3/header_manager.go:104	Created header for index PerfRead, field PerfRead, file 0 (FK=false, Unique=false, PK=false)
2025-12-03T18:31:59.294-0500	DEBUG	hashindexV3/hash_entry_storage.go:230	Wrote header to new bucket file	{"fieldName": "PerfRead", "bucketNum": 63, "fileNum": 0, "headerBytes": 349}
2025-12-03T18:31:59.294-0500	DEBUG	hashindexV3/header_manager.go:104	Created header for index PerfRead, field PerfRead, file 0 (FK=false, Unique=false, PK=false)
2025-12-03T18:31:59.294-0500	DEBUG	hashindexV3/hash_entry_storage.go:230	Wrote header to new bucket file	{"fieldName": "PerfRead", "bucketNum": 218, "fileNum": 0, "headerBytes": 349}
2025-12-03T18:31:59.294-0500	DEBUG	hashindexV3/header_manager.go:104	Created header for index PerfRead, field PerfRead, file 0 (FK=false, Unique=false, PK=false)
2025-12-03T18:31:59.294-0500	DEBUG	hashindexV3/hash_entry_storage.go:230	Wrote header to new bucket file	{"fieldName": "PerfRead", "bucketNum": 225, "fileNum": 0, "headerBytes": 349}
2025-12-03T18:31:59.294-0500	DEBUG	hashindexV3/header_manager.go:104	Created header for index PerfRead, field PerfRead, file 0 (FK=false, Unique=false, PK=false)
2025-12-03T18:31:59.294-0500	DEBUG	hashindexV3/hash_entry_storage.go:230	Wrote header to new bucket file	{"fieldName": "PerfRead", "bucketNum": 131, "fileNum": 0, "headerBytes": 349}
2025-12-03T18:31:59.294-0500	DEBUG	hashindexV3/header_manager.go:104	Created header for index PerfRead, field PerfRead, file 0 (FK=false, Unique=false, PK=false)
2025-12-03T18:31:59.294-0500	DEBUG	hashindexV3/hash_entry_storage.go:230	Wrote header to new bucket file	{"fieldName": "PerfRead", "bucketNum": 14, "fileNum": 0, "headerBytes": 349}
2025-12-03T18:31:59.294-0500	DEBUG	hashindexV3/header_manager.go:104	Created header for index PerfRead, field PerfRead, file 0 (FK=false, Unique=false, PK=false)
2025-12-03T18:31:59.294-0500	DEBUG	hashindexV3/hash_entry_storage.go:230	Wrote header to new bucket file	{"fieldName": "PerfRead", "bucketNum": 196, "fileNum": 0, "headerBytes": 349}
2025-12-03T18:31:59.295-0500	DEBUG	hashindexV3/header_manager.go:104	Created header for index PerfRead, field PerfRead, file 0 (FK=false, Unique=false, PK=false)
2025-12-03T18:31:59.295-0500	DEBUG	hashindexV3/hash_entry_storage.go:230	Wrote header to new bucket file	{"fieldName": "PerfRead", "bucketNum": 91, "fileNum": 0, "headerBytes": 349}
2025-12-03T18:31:59.295-0500	DEBUG	hashindexV3/header_manager.go:104	Created header for index PerfRead, field PerfRead, file 0 (FK=false, Unique=false, PK=false)
2025-12-03T18:31:59.295-0500	DEBUG	hashindexV3/hash_entry_storage.go:230	Wrote header to new bucket file	{"fieldName": "PerfRead", "bucketNum": 4, "fileNum": 0, "headerBytes": 349}
2025-12-03T18:31:59.295-0500	DEBUG	hashindexV3/header_manager.go:104	Created header for index PerfRead, field PerfRead, file 0 (FK=false, Unique=false, PK=false)
2025-12-03T18:31:59.295-0500	DEBUG	hashindexV3/hash_entry_storage.go:230	Wrote header to new bucket file	{"fieldName": "PerfRead", "bucketNum": 155, "fileNum": 0, "headerBytes": 349}
2025-12-03T18:31:59.295-0500	DEBUG	hashindexV3/header_manager.go:104	Created header for index PerfRead, field PerfRead, file 0 (FK=false, Unique=false, PK=false)
2025-12-03T18:31:59.295-0500	DEBUG	hashindexV3/hash_entry_storage.go:230	Wrote header to new bucket file	{"fieldName": "PerfRead", "bucketNum": 2, "fileNum": 0, "headerBytes": 349}
2025-12-03T18:31:59.295-0500	DEBUG	hashindexV3/header_manager.go:104	Created header for index PerfRead, field PerfRead, file 0 (FK=false, Unique=false, PK=false)
2025-12-03T18:31:59.295-0500	DEBUG	hashindexV3/hash_entry_storage.go:230	Wrote header to new bucket file	{"fieldName": "PerfRead", "bucketNum": 23, "fileNum": 0, "headerBytes": 349}
2025-12-03T18:31:59.295-0500	DEBUG	hashindexV3/header_manager.go:104	Created header for index PerfRead, field PerfRead, file 0 (FK=false, Unique=false, PK=false)
2025-12-03T18:31:59.295-0500	DEBUG	hashindexV3/hash_entry_storage.go:230	Wrote header to new bucket file	{"fieldName": "PerfRead", "bucketNum": 240, "fileNum": 0, "headerBytes": 349}
2025-12-03T18:31:59.295-0500	DEBUG	hashindexV3/header_manager.go:104	Created header for index PerfRead, field PerfRead, file 0 (FK=false, Unique=false, PK=false)
2025-12-03T18:31:59.295-0500	DEBUG	hashindexV3/hash_entry_storage.go:230	Wrote header to new bucket file	{"fieldName": "PerfRead", "bucketNum": 133, "fileNum": 0, "headerBytes": 349}
2025-12-03T18:31:59.296-0500	DEBUG	hashindexV3/header_manager.go:104	Created header for index PerfRead, field PerfRead, file 0 (FK=false, Unique=false, PK=false)
2025-12-03T18:31:59.296-0500	DEBUG	hashindexV3/hash_entry_storage.go:230	Wrote header to new bucket file	{"fieldName": "PerfRead", "bucketNum": 222, "fileNum": 0, "headerBytes": 349}
2025-12-03T18:31:59.296-0500	DEBUG	hashindexV3/header_manager.go:104	Created header for index PerfRead, field PerfRead, file 0 (FK=false, Unique=false, PK=false)
2025-12-03T18:31:59.296-0500	DEBUG	hashindexV3/hash_entry_storage.go:230	Wrote header to new bucket file	{"fieldName": "PerfRead", "bucketNum": 24, "fileNum": 0, "headerBytes": 349}
2025-12-03T18:31:59.296-0500	DEBUG	hashindexV3/header_manager.go:104	Created header for index PerfRead, field PerfRead, file 0 (FK=false, Unique=false, PK=false)
2025-12-03T18:31:59.296-0500	DEBUG	hashindexV3/hash_entry_storage.go:230	Wrote header to new bucket file	{"fieldName": "PerfRead", "bucketNum": 113, "fileNum": 0, "headerBytes": 349}
2025-12-03T18:31:59.296-0500	DEBUG	hashindexV3/header_manager.go:104	Created header for index PerfRead, field PerfRead, file 0 (FK=false, Unique=false, PK=false)
2025-12-03T18:31:59.296-0500	DEBUG	hashindexV3/hash_entry_storage.go:230	Wrote header to new bucket file	{"fieldName": "PerfRead", "bucketNum": 236, "fileNum": 0, "headerBytes": 349}
2025-12-03T18:31:59.296-0500	DEBUG	hashindexV3/header_manager.go:104	Created header for index PerfRead, field PerfRead, file 0 (FK=false, Unique=false, PK=false)
2025-12-03T18:31:59.296-0500	DEBUG	hashindexV3/hash_entry_storage.go:230	Wrote header to new bucket file	{"fieldName": "PerfRead", "bucketNum": 250, "fileNum": 0, "headerBytes": 349}
2025-12-03T18:31:59.296-0500	DEBUG	hashindexV3/header_manager.go:104	Created header for index PerfRead, field PerfRead, file 0 (FK=false, Unique=false, PK=false)
2025-12-03T18:31:59.296-0500	DEBUG	hashindexV3/hash_entry_storage.go:230	Wrote header to new bucket file	{"fieldName": "PerfRead", "bucketNum": 190, "fileNum": 0, "headerBytes": 349}
2025-12-03T18:31:59.296-0500	DEBUG	hashindexV3/header_manager.go:158	Read header from /var/folders/85/q1ly22y17zl71m_r0pvz60z00000gn/T/TestPerformance_ReadSpeed2428408619/001/PerfRead.0.hidx: index=PerfRead, field=PerfRead, entries=100, size=349 bytes
2025-12-03T18:31:59.296-0500	DEBUG	hashindexV3/header_manager.go:198	Wrote header to /var/folders/85/q1ly22y17zl71m_r0pvz60z00000gn/T/TestPerformance_ReadSpeed2428408619/001/PerfRead.0.hidx: index=PerfRead, field=PerfRead, 349 bytes
2025-12-03T18:31:59.296-0500	DEBUG	hashindexV3/header_manager.go:236	Updated statistics in /var/folders/85/q1ly22y17zl71m_r0pvz60z00000gn/T/TestPerformance_ReadSpeed2428408619/001/PerfRead.0.hidx: entries=200, deleted=0, size=349, seq=200
2025-12-03T18:31:59.296-0500	DEBUG	hashindexV3/hash_entry_storage.go:720	Updated header statistics: entries=200, size=349, seq=200
2025-12-03T18:31:59.297-0500	DEBUG	hashindexV3/header_manager.go:104	Created header for index PerfRead, field PerfRead, file 0 (FK=false, Unique=false, PK=false)
2025-12-03T18:31:59.297-0500	DEBUG	hashindexV3/hash_entry_storage.go:230	Wrote header to new bucket file	{"fieldName": "PerfRead", "bucketNum": 100, "fileNum": 0, "headerBytes": 349}
2025-12-03T18:31:59.297-0500	DEBUG	hashindexV3/header_manager.go:104	Created header for index PerfRead, field PerfRead, file 0 (FK=false, Unique=false, PK=false)
2025-12-03T18:31:59.297-0500	DEBUG	hashindexV3/hash_entry_storage.go:230	Wrote header to new bucket file	{"fieldName": "PerfRead", "bucketNum": 249, "fileNum": 0, "headerBytes": 349}
2025-12-03T18:31:59.297-0500	DEBUG	hashindexV3/header_manager.go:104	Created header for index PerfRead, field PerfRead, file 0 (FK=false, Unique=false, PK=false)
2025-12-03T18:31:59.297-0500	DEBUG	hashindexV3/hash_entry_storage.go:230	Wrote header to new bucket file	{"fieldName": "PerfRead", "bucketNum": 84, "fileNum": 0, "headerBytes": 349}
2025-12-03T18:31:59.297-0500	DEBUG	hashindexV3/header_manager.go:104	Created header for index PerfRead, field PerfRead, file 0 (FK=false, Unique=false, PK=false)
2025-12-03T18:31:59.297-0500	DEBUG	hashindexV3/hash_entry_storage.go:230	Wrote header to new bucket file	{"fieldName": "PerfRead", "bucketNum": 104, "fileNum": 0, "headerBytes": 349}
2025-12-03T18:31:59.297-0500	DEBUG	hashindexV3/header_manager.go:104	Created header for index PerfRead, field PerfRead, file 0 (FK=false, Unique=false, PK=false)
2025-12-03T18:31:59.297-0500	DEBUG	hashindexV3/hash_entry_storage.go:230	Wrote header to new bucket file	{"fieldName": "PerfRead", "bucketNum": 76, "fileNum": 0, "headerBytes": 349}
2025-12-03T18:31:59.297-0500	DEBUG	hashindexV3/header_manager.go:104	Created header for index PerfRead, field PerfRead, file 0 (FK=false, Unique=false, PK=false)
2025-12-03T18:31:59.297-0500	DEBUG	hashindexV3/hash_entry_storage.go:230	Wrote header to new bucket file	{"fieldName": "PerfRead", "bucketNum": 247, "fileNum": 0, "headerBytes": 349}
2025-12-03T18:31:59.297-0500	DEBUG	hashindexV3/header_manager.go:104	Created header for index PerfRead, field PerfRead, file 0 (FK=false, Unique=false, PK=false)
2025-12-03T18:31:59.297-0500	DEBUG	hashindexV3/hash_entry_storage.go:230	Wrote header to new bucket file	{"fieldName": "PerfRead", "bucketNum": 181, "fileNum": 0, "headerBytes": 349}
2025-12-03T18:31:59.298-0500	DEBUG	hashindexV3/header_manager.go:104	Created header for index PerfRead, field PerfRead, file 0 (FK=false, Unique=false, PK=false)
2025-12-03T18:31:59.298-0500	DEBUG	hashindexV3/hash_entry_storage.go:230	Wrote header to new bucket file	{"fieldName": "PerfRead", "bucketNum": 41, "fileNum": 0, "headerBytes": 349}
2025-12-03T18:31:59.298-0500	DEBUG	hashindexV3/header_manager.go:104	Created header for index PerfRead, field PerfRead, file 0 (FK=false, Unique=false, PK=false)
2025-12-03T18:31:59.298-0500	DEBUG	hashindexV3/hash_entry_storage.go:230	Wrote header to new bucket file	{"fieldName": "PerfRead", "bucketNum": 243, "fileNum": 0, "headerBytes": 349}
2025-12-03T18:31:59.298-0500	DEBUG	hashindexV3/header_manager.go:104	Created header for index PerfRead, field PerfRead, file 0 (FK=false, Unique=false, PK=false)
2025-12-03T18:31:59.298-0500	DEBUG	hashindexV3/hash_entry_storage.go:230	Wrote header to new bucket file	{"fieldName": "PerfRead", "bucketNum": 166, "fileNum": 0, "headerBytes": 349}
2025-12-03T18:31:59.298-0500	DEBUG	hashindexV3/header_manager.go:104	Created header for index PerfRead, field PerfRead, file 0 (FK=false, Unique=false, PK=false)
2025-12-03T18:31:59.298-0500	DEBUG	hashindexV3/hash_entry_storage.go:230	Wrote header to new bucket file	{"fieldName": "PerfRead", "bucketNum": 93, "fileNum": 0, "headerBytes": 349}
2025-12-03T18:31:59.298-0500	DEBUG	hashindexV3/header_manager.go:104	Created header for index PerfRead, field PerfRead, file 0 (FK=false, Unique=false, PK=false)
2025-12-03T18:31:59.298-0500	DEBUG	hashindexV3/hash_entry_storage.go:230	Wrote header to new bucket file	{"fieldName": "PerfRead", "bucketNum": 58, "fileNum": 0, "headerBytes": 349}
2025-12-03T18:31:59.298-0500	DEBUG	hashindexV3/header_manager.go:104	Created header for index PerfRead, field PerfRead, file 0 (FK=false, Unique=false, PK=false)
2025-12-03T18:31:59.298-0500	DEBUG	hashindexV3/hash_entry_storage.go:230	Wrote header to new bucket file	{"fieldName": "PerfRead", "bucketNum": 116, "fileNum": 0, "headerBytes": 349}
2025-12-03T18:31:59.299-0500	DEBUG	hashindexV3/header_manager.go:104	Created header for index PerfRead, field PerfRead, file 0 (FK=false, Unique=false, PK=false)
2025-12-03T18:31:59.299-0500	DEBUG	hashindexV3/hash_entry_storage.go:230	Wrote header to new bucket file	{"fieldName": "PerfRead", "bucketNum": 172, "fileNum": 0, "headerBytes": 349}
2025-12-03T18:31:59.299-0500	DEBUG	hashindexV3/header_manager.go:104	Created header for index PerfRead, field PerfRead, file 0 (FK=false, Unique=false, PK=false)
2025-12-03T18:31:59.299-0500	DEBUG	hashindexV3/hash_entry_storage.go:230	Wrote header to new bucket file	{"fieldName": "PerfRead", "bucketNum": 52, "fileNum": 0, "headerBytes": 349}
2025-12-03T18:31:59.299-0500	DEBUG	hashindexV3/header_manager.go:104	Created header for index PerfRead, field PerfRead, file 0 (FK=false, Unique=false, PK=false)
2025-12-03T18:31:59.299-0500	DEBUG	hashindexV3/hash_entry_storage.go:230	Wrote header to new bucket file	{"fieldName": "PerfRead", "bucketNum": 142, "fileNum": 0, "headerBytes": 349}
2025-12-03T18:31:59.299-0500	DEBUG	hashindexV3/header_manager.go:104	Created header for index PerfRead, field PerfRead, file 0 (FK=false, Unique=false, PK=false)
2025-12-03T18:31:59.299-0500	DEBUG	hashindexV3/hash_entry_storage.go:230	Wrote header to new bucket file	{"fieldName": "PerfRead", "bucketNum": 244, "fileNum": 0, "headerBytes": 349}
2025-12-03T18:31:59.299-0500	DEBUG	hashindexV3/header_manager.go:104	Created header for index PerfRead, field PerfRead, file 0 (FK=false, Unique=false, PK=false)
2025-12-03T18:31:59.299-0500	DEBUG	hashindexV3/hash_entry_storage.go:230	Wrote header to new bucket file	{"fieldName": "PerfRead", "bucketNum": 213, "fileNum": 0, "headerBytes": 349}
2025-12-03T18:31:59.299-0500	DEBUG	hashindexV3/header_manager.go:104	Created header for index PerfRead, field PerfRead, file 0 (FK=false, Unique=false, PK=false)
2025-12-03T18:31:59.299-0500	DEBUG	hashindexV3/hash_entry_storage.go:230	Wrote header to new bucket file	{"fieldName": "PerfRead", "bucketNum": 10, "fileNum": 0, "headerBytes": 349}
2025-12-03T18:31:59.299-0500	DEBUG	hashindexV3/header_manager.go:104	Created header for index PerfRead, field PerfRead, file 0 (FK=false, Unique=false, PK=false)
2025-12-03T18:31:59.299-0500	DEBUG	hashindexV3/hash_entry_storage.go:230	Wrote header to new bucket file	{"fieldName": "PerfRead", "bucketNum": 234, "fileNum": 0, "headerBytes": 349}
2025-12-03T18:31:59.300-0500	DEBUG	hashindexV3/header_manager.go:104	Created header for index PerfRead, field PerfRead, file 0 (FK=false, Unique=false, PK=false)
2025-12-03T18:31:59.300-0500	DEBUG	hashindexV3/hash_entry_storage.go:230	Wrote header to new bucket file	{"fieldName": "PerfRead", "bucketNum": 154, "fileNum": 0, "headerBytes": 349}
2025-12-03T18:31:59.300-0500	DEBUG	hashindexV3/header_manager.go:104	Created header for index PerfRead, field PerfRead, file 0 (FK=false, Unique=false, PK=false)
2025-12-03T18:31:59.300-0500	DEBUG	hashindexV3/hash_entry_storage.go:230	Wrote header to new bucket file	{"fieldName": "PerfRead", "bucketNum": 11, "fileNum": 0, "headerBytes": 349}
2025-12-03T18:31:59.300-0500	DEBUG	hashindexV3/header_manager.go:104	Created header for index PerfRead, field PerfRead, file 0 (FK=false, Unique=false, PK=false)
2025-12-03T18:31:59.300-0500	DEBUG	hashindexV3/hash_entry_storage.go:230	Wrote header to new bucket file	{"fieldName": "PerfRead", "bucketNum": 221, "fileNum": 0, "headerBytes": 349}
2025-12-03T18:31:59.300-0500	DEBUG	hashindexV3/header_manager.go:104	Created header for index PerfRead, field PerfRead, file 0 (FK=false, Unique=false, PK=false)
2025-12-03T18:31:59.300-0500	DEBUG	hashindexV3/hash_entry_storage.go:230	Wrote header to new bucket file	{"fieldName": "PerfRead", "bucketNum": 118, "fileNum": 0, "headerBytes": 349}
2025-12-03T18:31:59.300-0500	DEBUG	hashindexV3/header_manager.go:104	Created header for index PerfRead, field PerfRead, file 0 (FK=false, Unique=false, PK=false)
2025-12-03T18:31:59.300-0500	DEBUG	hashindexV3/hash_entry_storage.go:230	Wrote header to new bucket file	{"fieldName": "PerfRead", "bucketNum": 156, "fileNum": 0, "headerBytes": 349}
2025-12-03T18:31:59.300-0500	DEBUG	hashindexV3/header_manager.go:104	Created header for index PerfRead, field PerfRead, file 0 (FK=false, Unique=false, PK=false)
2025-12-03T18:31:59.300-0500	DEBUG	hashindexV3/hash_entry_storage.go:230	Wrote header to new bucket file	{"fieldName": "PerfRead", "bucketNum": 255, "fileNum": 0, "headerBytes": 349}
2025-12-03T18:31:59.301-0500	DEBUG	hashindexV3/header_manager.go:104	Created header for index PerfRead, field PerfRead, file 0 (FK=false, Unique=false, PK=false)
2025-12-03T18:31:59.301-0500	DEBUG	hashindexV3/hash_entry_storage.go:230	Wrote header to new bucket file	{"fieldName": "PerfRead", "bucketNum": 140, "fileNum": 0, "headerBytes": 349}
2025-12-03T18:31:59.301-0500	DEBUG	hashindexV3/header_manager.go:104	Created header for index PerfRead, field PerfRead, file 0 (FK=false, Unique=false, PK=false)
2025-12-03T18:31:59.301-0500	DEBUG	hashindexV3/hash_entry_storage.go:230	Wrote header to new bucket file	{"fieldName": "PerfRead", "bucketNum": 29, "fileNum": 0, "headerBytes": 349}
2025-12-03T18:31:59.301-0500	DEBUG	hashindexV3/header_manager.go:104	Created header for index PerfRead, field PerfRead, file 0 (FK=false, Unique=false, PK=false)
2025-12-03T18:31:59.301-0500	DEBUG	hashindexV3/hash_entry_storage.go:230	Wrote header to new bucket file	{"fieldName": "PerfRead", "bucketNum": 204, "fileNum": 0, "headerBytes": 349}
2025-12-03T18:31:59.301-0500	DEBUG	hashindexV3/header_manager.go:104	Created header for index PerfRead, field PerfRead, file 0 (FK=false, Unique=false, PK=false)
2025-12-03T18:31:59.301-0500	DEBUG	hashindexV3/hash_entry_storage.go:230	Wrote header to new bucket file	{"fieldName": "PerfRead", "bucketNum": 67, "fileNum": 0, "headerBytes": 349}
2025-12-03T18:31:59.301-0500	DEBUG	hashindexV3/header_manager.go:104	Created header for index PerfRead, field PerfRead, file 0 (FK=false, Unique=false, PK=false)
2025-12-03T18:31:59.301-0500	DEBUG	hashindexV3/hash_entry_storage.go:230	Wrote header to new bucket file	{"fieldName": "PerfRead", "bucketNum": 80, "fileNum": 0, "headerBytes": 349}
2025-12-03T18:31:59.301-0500	DEBUG	hashindexV3/header_manager.go:104	Created header for index PerfRead, field PerfRead, file 0 (FK=false, Unique=false, PK=false)
2025-12-03T18:31:59.301-0500	DEBUG	hashindexV3/hash_entry_storage.go:230	Wrote header to new bucket file	{"fieldName": "PerfRead", "bucketNum": 162, "fileNum": 0, "headerBytes": 349}
2025-12-03T18:31:59.302-0500	DEBUG	hashindexV3/header_manager.go:104	Created header for index PerfRead, field PerfRead, file 0 (FK=false, Unique=false, PK=false)
2025-12-03T18:31:59.302-0500	DEBUG	hashindexV3/hash_entry_storage.go:230	Wrote header to new bucket file	{"fieldName": "PerfRead", "bucketNum": 215, "fileNum": 0, "headerBytes": 349}
2025-12-03T18:31:59.302-0500	DEBUG	hashindexV3/header_manager.go:104	Created header for index PerfRead, field PerfRead, file 0 (FK=false, Unique=false, PK=false)
2025-12-03T18:31:59.302-0500	DEBUG	hashindexV3/hash_entry_storage.go:230	Wrote header to new bucket file	{"fieldName": "PerfRead", "bucketNum": 193, "fileNum": 0, "headerBytes": 349}
2025-12-03T18:31:59.302-0500	DEBUG	hashindexV3/header_manager.go:104	Created header for index PerfRead, field PerfRead, file 0 (FK=false, Unique=false, PK=false)
2025-12-03T18:31:59.302-0500	DEBUG	hashindexV3/hash_entry_storage.go:230	Wrote header to new bucket file	{"fieldName": "PerfRead", "bucketNum": 128, "fileNum": 0, "headerBytes": 349}
2025-12-03T18:31:59.302-0500	DEBUG	hashindexV3/header_manager.go:104	Created header for index PerfRead, field PerfRead, file 0 (FK=false, Unique=false, PK=false)
2025-12-03T18:31:59.302-0500	DEBUG	hashindexV3/hash_entry_storage.go:230	Wrote header to new bucket file	{"fieldName": "PerfRead", "bucketNum": 149, "fileNum": 0, "headerBytes": 349}
2025-12-03T18:31:59.302-0500	DEBUG	hashindexV3/header_manager.go:104	Created header for index PerfRead, field PerfRead, file 0 (FK=false, Unique=false, PK=false)
2025-12-03T18:31:59.302-0500	DEBUG	hashindexV3/hash_entry_storage.go:230	Wrote header to new bucket file	{"fieldName": "PerfRead", "bucketNum": 205, "fileNum": 0, "headerBytes": 349}
2025-12-03T18:31:59.302-0500	DEBUG	hashindexV3/header_manager.go:104	Created header for index PerfRead, field PerfRead, file 0 (FK=false, Unique=false, PK=false)
2025-12-03T18:31:59.302-0500	DEBUG	hashindexV3/hash_entry_storage.go:230	Wrote header to new bucket file	{"fieldName": "PerfRead", "bucketNum": 168, "fileNum": 0, "headerBytes": 349}
2025-12-03T18:31:59.302-0500	DEBUG	hashindexV3/header_manager.go:158	Read header from /var/folders/85/q1ly22y17zl71m_r0pvz60z00000gn/T/TestPerformance_ReadSpeed2428408619/001/PerfRead.0.hidx: index=PerfRead, field=PerfRead, entries=200, size=349 bytes
2025-12-03T18:31:59.303-0500	DEBUG	hashindexV3/header_manager.go:198	Wrote header to /var/folders/85/q1ly22y17zl71m_r0pvz60z00000gn/T/TestPerformance_ReadSpeed2428408619/001/PerfRead.0.hidx: index=PerfRead, field=PerfRead, 349 bytes
2025-12-03T18:31:59.303-0500	DEBUG	hashindexV3/header_manager.go:236	Updated statistics in /var/folders/85/q1ly22y17zl71m_r0pvz60z00000gn/T/TestPerformance_ReadSpeed2428408619/001/PerfRead.0.hidx: entries=300, deleted=0, size=349, seq=300
2025-12-03T18:31:59.303-0500	DEBUG	hashindexV3/hash_entry_storage.go:720	Updated header statistics: entries=300, size=349, seq=300
2025-12-03T18:31:59.303-0500	DEBUG	hashindexV3/header_manager.go:104	Created header for index PerfRead, field PerfRead, file 0 (FK=false, Unique=false, PK=false)
2025-12-03T18:31:59.303-0500	DEBUG	hashindexV3/hash_entry_storage.go:230	Wrote header to new bucket file	{"fieldName": "PerfRead", "bucketNum": 141, "fileNum": 0, "headerBytes": 349}
2025-12-03T18:31:59.303-0500	DEBUG	hashindexV3/header_manager.go:104	Created header for index PerfRead, field PerfRead, file 0 (FK=false, Unique=false, PK=false)
2025-12-03T18:31:59.303-0500	DEBUG	hashindexV3/hash_entry_storage.go:230	Wrote header to new bucket file	{"fieldName": "PerfRead", "bucketNum": 178, "fileNum": 0, "headerBytes": 349}
2025-12-03T18:31:59.303-0500	DEBUG	hashindexV3/header_manager.go:104	Created header for index PerfRead, field PerfRead, file 0 (FK=false, Unique=false, PK=false)
2025-12-03T18:31:59.303-0500	DEBUG	hashindexV3/hash_entry_storage.go:230	Wrote header to new bucket file	{"fieldName": "PerfRead", "bucketNum": 69, "fileNum": 0, "headerBytes": 349}
2025-12-03T18:31:59.303-0500	DEBUG	hashindexV3/header_manager.go:104	Created header for index PerfRead, field PerfRead, file 0 (FK=false, Unique=false, PK=false)
2025-12-03T18:31:59.303-0500	DEBUG	hashindexV3/hash_entry_storage.go:230	Wrote header to new bucket file	{"fieldName": "PerfRead", "bucketNum": 35, "fileNum": 0, "headerBytes": 349}
2025-12-03T18:31:59.303-0500	DEBUG	hashindexV3/header_manager.go:104	Created header for index PerfRead, field PerfRead, file 0 (FK=false, Unique=false, PK=false)
2025-12-03T18:31:59.303-0500	DEBUG	hashindexV3/hash_entry_storage.go:230	Wrote header to new bucket file	{"fieldName": "PerfRead", "bucketNum": 120, "fileNum": 0, "headerBytes": 349}
2025-12-03T18:31:59.304-0500	DEBUG	hashindexV3/header_manager.go:104	Created header for index PerfRead, field PerfRead, file 0 (FK=false, Unique=false, PK=false)
2025-12-03T18:31:59.304-0500	DEBUG	hashindexV3/hash_entry_storage.go:230	Wrote header to new bucket file	{"fieldName": "PerfRead", "bucketNum": 209, "fileNum": 0, "headerBytes": 349}
2025-12-03T18:31:59.304-0500	DEBUG	hashindexV3/header_manager.go:104	Created header for index PerfRead, field PerfRead, file 0 (FK=false, Unique=false, PK=false)
2025-12-03T18:31:59.304-0500	DEBUG	hashindexV3/hash_entry_storage.go:230	Wrote header to new bucket file	{"fieldName": "PerfRead", "bucketNum": 83, "fileNum": 0, "headerBytes": 349}
2025-12-03T18:31:59.304-0500	DEBUG	hashindexV3/header_manager.go:104	Created header for index PerfRead, field PerfRead, file 0 (FK=false, Unique=false, PK=false)
2025-12-03T18:31:59.304-0500	DEBUG	hashindexV3/hash_entry_storage.go:230	Wrote header to new bucket file	{"fieldName": "PerfRead", "bucketNum": 12, "fileNum": 0, "headerBytes": 349}
2025-12-03T18:31:59.304-0500	DEBUG	hashindexV3/header_manager.go:104	Created header for index PerfRead, field PerfRead, file 0 (FK=false, Unique=false, PK=false)
2025-12-03T18:31:59.304-0500	DEBUG	hashindexV3/hash_entry_storage.go:230	Wrote header to new bucket file	{"fieldName": "PerfRead", "bucketNum": 229, "fileNum": 0, "headerBytes": 349}
2025-12-03T18:31:59.304-0500	DEBUG	hashindexV3/header_manager.go:104	Created header for index PerfRead, field PerfRead, file 0 (FK=false, Unique=false, PK=false)
2025-12-03T18:31:59.304-0500	DEBUG	hashindexV3/hash_entry_storage.go:230	Wrote header to new bucket file	{"fieldName": "PerfRead", "bucketNum": 210, "fileNum": 0, "headerBytes": 349}
2025-12-03T18:31:59.304-0500	DEBUG	hashindexV3/header_manager.go:104	Created header for index PerfRead, field PerfRead, file 0 (FK=false, Unique=false, PK=false)
2025-12-03T18:31:59.304-0500	DEBUG	hashindexV3/hash_entry_storage.go:230	Wrote header to new bucket file	{"fieldName": "PerfRead", "bucketNum": 134, "fileNum": 0, "headerBytes": 349}
2025-12-03T18:31:59.305-0500	DEBUG	hashindexV3/header_manager.go:104	Created header for index PerfRead, field PerfRead, file 0 (FK=false, Unique=false, PK=false)
2025-12-03T18:31:59.305-0500	DEBUG	hashindexV3/hash_entry_storage.go:230	Wrote header to new bucket file	{"fieldName": "PerfRead", "bucketNum": 206, "fileNum": 0, "headerBytes": 349}
2025-12-03T18:31:59.305-0500	DEBUG	hashindexV3/header_manager.go:104	Created header for index PerfRead, field PerfRead, file 0 (FK=false, Unique=false, PK=false)
2025-12-03T18:31:59.305-0500	DEBUG	hashindexV3/hash_entry_storage.go:230	Wrote header to new bucket file	{"fieldName": "PerfRead", "bucketNum": 73, "fileNum": 0, "headerBytes": 349}
2025-12-03T18:31:59.305-0500	DEBUG	hashindexV3/header_manager.go:104	Created header for index PerfRead, field PerfRead, file 0 (FK=false, Unique=false, PK=false)
2025-12-03T18:31:59.305-0500	DEBUG	hashindexV3/hash_entry_storage.go:230	Wrote header to new bucket file	{"fieldName": "PerfRead", "bucketNum": 123, "fileNum": 0, "headerBytes": 349}
2025-12-03T18:31:59.305-0500	DEBUG	hashindexV3/header_manager.go:104	Created header for index PerfRead, field PerfRead, file 0 (FK=false, Unique=false, PK=false)
2025-12-03T18:31:59.305-0500	DEBUG	hashindexV3/hash_entry_storage.go:230	Wrote header to new bucket file	{"fieldName": "PerfRead", "bucketNum": 151, "fileNum": 0, "headerBytes": 349}
2025-12-03T18:31:59.305-0500	DEBUG	hashindexV3/header_manager.go:104	Created header for index PerfRead, field PerfRead, file 0 (FK=false, Unique=false, PK=false)
2025-12-03T18:31:59.305-0500	DEBUG	hashindexV3/hash_entry_storage.go:230	Wrote header to new bucket file	{"fieldName": "PerfRead", "bucketNum": 252, "fileNum": 0, "headerBytes": 349}
2025-12-03T18:31:59.306-0500	DEBUG	hashindexV3/header_manager.go:104	Created header for index PerfRead, field PerfRead, file 0 (FK=false, Unique=false, PK=false)
2025-12-03T18:31:59.306-0500	DEBUG	hashindexV3/hash_entry_storage.go:230	Wrote header to new bucket file	{"fieldName": "PerfRead", "bucketNum": 224, "fileNum": 0, "headerBytes": 349}
2025-12-03T18:31:59.306-0500	DEBUG	hashindexV3/header_manager.go:104	Created header for index PerfRead, field PerfRead, file 0 (FK=false, Unique=false, PK=false)
2025-12-03T18:31:59.306-0500	DEBUG	hashindexV3/hash_entry_storage.go:230	Wrote header to new bucket file	{"fieldName": "PerfRead", "bucketNum": 31, "fileNum": 0, "headerBytes": 349}
2025-12-03T18:31:59.306-0500	DEBUG	hashindexV3/header_manager.go:104	Created header for index PerfRead, field PerfRead, file 0 (FK=false, Unique=false, PK=false)
2025-12-03T18:31:59.306-0500	DEBUG	hashindexV3/hash_entry_storage.go:230	Wrote header to new bucket file	{"fieldName": "PerfRead", "bucketNum": 89, "fileNum": 0, "headerBytes": 349}
2025-12-03T18:31:59.306-0500	DEBUG	hashindexV3/header_manager.go:104	Created header for index PerfRead, field PerfRead, file 0 (FK=false, Unique=false, PK=false)
2025-12-03T18:31:59.306-0500	DEBUG	hashindexV3/hash_entry_storage.go:230	Wrote header to new bucket file	{"fieldName": "PerfRead", "bucketNum": 143, "fileNum": 0, "headerBytes": 349}
2025-12-03T18:31:59.306-0500	DEBUG	hashindexV3/header_manager.go:104	Created header for index PerfRead, field PerfRead, file 0 (FK=false, Unique=false, PK=false)
2025-12-03T18:31:59.306-0500	DEBUG	hashindexV3/hash_entry_storage.go:230	Wrote header to new bucket file	{"fieldName": "PerfRead", "bucketNum": 189, "fileNum": 0, "headerBytes": 349}
2025-12-03T18:31:59.307-0500	DEBUG	hashindexV3/header_manager.go:104	Created header for index PerfRead, field PerfRead, file 0 (FK=false, Unique=false, PK=false)
2025-12-03T18:31:59.307-0500	DEBUG	hashindexV3/hash_entry_storage.go:230	Wrote header to new bucket file	{"fieldName": "PerfRead", "bucketNum": 183, "fileNum": 0, "headerBytes": 349}
2025-12-03T18:31:59.307-0500	DEBUG	hashindexV3/header_manager.go:104	Created header for index PerfRead, field PerfRead, file 0 (FK=false, Unique=false, PK=false)
2025-12-03T18:31:59.307-0500	DEBUG	hashindexV3/hash_entry_storage.go:230	Wrote header to new bucket file	{"fieldName": "PerfRead", "bucketNum": 55, "fileNum": 0, "headerBytes": 349}
2025-12-03T18:31:59.307-0500	DEBUG	hashindexV3/header_manager.go:104	Created header for index PerfRead, field PerfRead, file 0 (FK=false, Unique=false, PK=false)
2025-12-03T18:31:59.307-0500	DEBUG	hashindexV3/hash_entry_storage.go:230	Wrote header to new bucket file	{"fieldName": "PerfRead", "bucketNum": 126, "fileNum": 0, "headerBytes": 349}
2025-12-03T18:31:59.307-0500	DEBUG	hashindexV3/header_manager.go:104	Created header for index PerfRead, field PerfRead, file 0 (FK=false, Unique=false, PK=false)
2025-12-03T18:31:59.307-0500	DEBUG	hashindexV3/hash_entry_storage.go:230	Wrote header to new bucket file	{"fieldName": "PerfRead", "bucketNum": 49, "fileNum": 0, "headerBytes": 349}
2025-12-03T18:31:59.307-0500	DEBUG	hashindexV3/header_manager.go:158	Read header from /var/folders/85/q1ly22y17zl71m_r0pvz60z00000gn/T/TestPerformance_ReadSpeed2428408619/001/PerfRead.0.hidx: index=PerfRead, field=PerfRead, entries=300, size=349 bytes
2025-12-03T18:31:59.307-0500	DEBUG	hashindexV3/header_manager.go:198	Wrote header to /var/folders/85/q1ly22y17zl71m_r0pvz60z00000gn/T/TestPerformance_ReadSpeed2428408619/001/PerfRead.0.hidx: index=PerfRead, field=PerfRead, 349 bytes
2025-12-03T18:31:59.307-0500	DEBUG	hashindexV3/header_manager.go:236	Updated statistics in /var/folders/85/q1ly22y17zl71m_r0pvz60z00000gn/T/TestPerformance_ReadSpeed2428408619/001/PerfRead.0.hidx: entries=400, deleted=0, size=349, seq=400
2025-12-03T18:31:59.307-0500	DEBUG	hashindexV3/hash_entry_storage.go:720	Updated header statistics: entries=400, size=349, seq=400
2025-12-03T18:31:59.307-0500	DEBUG	hashindexV3/header_manager.go:104	Created header for index PerfRead, field PerfRead, file 0 (FK=false, Unique=false, PK=false)
2025-12-03T18:31:59.307-0500	DEBUG	hashindexV3/hash_entry_storage.go:230	Wrote header to new bucket file	{"fieldName": "PerfRead", "bucketNum": 103, "fileNum": 0, "headerBytes": 349}
2025-12-03T18:31:59.308-0500	DEBUG	hashindexV3/header_manager.go:104	Created header for index PerfRead, field PerfRead, file 0 (FK=false, Unique=false, PK=false)
2025-12-03T18:31:59.308-0500	DEBUG	hashindexV3/hash_entry_storage.go:230	Wrote header to new bucket file	{"fieldName": "PerfRead", "bucketNum": 202, "fileNum": 0, "headerBytes": 349}
2025-12-03T18:31:59.308-0500	DEBUG	hashindexV3/header_manager.go:104	Created header for index PerfRead, field PerfRead, file 0 (FK=false, Unique=false, PK=false)
2025-12-03T18:31:59.308-0500	DEBUG	hashindexV3/hash_entry_storage.go:230	Wrote header to new bucket file	{"fieldName": "PerfRead", "bucketNum": 146, "fileNum": 0, "headerBytes": 349}
2025-12-03T18:31:59.308-0500	DEBUG	hashindexV3/header_manager.go:104	Created header for index PerfRead, field PerfRead, file 0 (FK=false, Unique=false, PK=false)
2025-12-03T18:31:59.308-0500	DEBUG	hashindexV3/hash_entry_storage.go:230	Wrote header to new bucket file	{"fieldName": "PerfRead", "bucketNum": 220, "fileNum": 0, "headerBytes": 349}
2025-12-03T18:31:59.308-0500	DEBUG	hashindexV3/header_manager.go:104	Created header for index PerfRead, field PerfRead, file 0 (FK=false, Unique=false, PK=false)
2025-12-03T18:31:59.308-0500	DEBUG	hashindexV3/hash_entry_storage.go:230	Wrote header to new bucket file	{"fieldName": "PerfRead", "bucketNum": 98, "fileNum": 0, "headerBytes": 349}
2025-12-03T18:31:59.308-0500	DEBUG	hashindexV3/header_manager.go:104	Created header for index PerfRead, field PerfRead, file 0 (FK=false, Unique=false, PK=false)
2025-12-03T18:31:59.308-0500	DEBUG	hashindexV3/hash_entry_storage.go:230	Wrote header to new bucket file	{"fieldName": "PerfRead", "bucketNum": 50, "fileNum": 0, "headerBytes": 349}
2025-12-03T18:31:59.309-0500	DEBUG	hashindexV3/header_manager.go:104	Created header for index PerfRead, field PerfRead, file 0 (FK=false, Unique=false, PK=false)
2025-12-03T18:31:59.309-0500	DEBUG	hashindexV3/hash_entry_storage.go:230	Wrote header to new bucket file	{"fieldName": "PerfRead", "bucketNum": 117, "fileNum": 0, "headerBytes": 349}
2025-12-03T18:31:59.309-0500	DEBUG	hashindexV3/header_manager.go:104	Created header for index PerfRead, field PerfRead, file 0 (FK=false, Unique=false, PK=false)
2025-12-03T18:31:59.309-0500	DEBUG	hashindexV3/hash_entry_storage.go:230	Wrote header to new bucket file	{"fieldName": "PerfRead", "bucketNum": 164, "fileNum": 0, "headerBytes": 349}
2025-12-03T18:31:59.309-0500	DEBUG	hashindexV3/header_manager.go:104	Created header for index PerfRead, field PerfRead, file 0 (FK=false, Unique=false, PK=false)
2025-12-03T18:31:59.309-0500	DEBUG	hashindexV3/hash_entry_storage.go:230	Wrote header to new bucket file	{"fieldName": "PerfRead", "bucketNum": 170, "fileNum": 0, "headerBytes": 349}
2025-12-03T18:31:59.309-0500	DEBUG	hashindexV3/header_manager.go:104	Created header for index PerfRead, field PerfRead, file 0 (FK=false, Unique=false, PK=false)
2025-12-03T18:31:59.309-0500	DEBUG	hashindexV3/hash_entry_storage.go:230	Wrote header to new bucket file	{"fieldName": "PerfRead", "bucketNum": 17, "fileNum": 0, "headerBytes": 349}
2025-12-03T18:31:59.309-0500	DEBUG	hashindexV3/header_manager.go:104	Created header for index PerfRead, field PerfRead, file 0 (FK=false, Unique=false, PK=false)
2025-12-03T18:31:59.309-0500	DEBUG	hashindexV3/hash_entry_storage.go:230	Wrote header to new bucket file	{"fieldName": "PerfRead", "bucketNum": 88, "fileNum": 0, "headerBytes": 349}
2025-12-03T18:31:59.310-0500	DEBUG	hashindexV3/header_manager.go:104	Created header for index PerfRead, field PerfRead, file 0 (FK=false, Unique=false, PK=false)
2025-12-03T18:31:59.310-0500	DEBUG	hashindexV3/hash_entry_storage.go:230	Wrote header to new bucket file	{"fieldName": "PerfRead", "bucketNum": 179, "fileNum": 0, "headerBytes": 349}
2025-12-03T18:31:59.310-0500	DEBUG	hashindexV3/header_manager.go:104	Created header for index PerfRead, field PerfRead, file 0 (FK=false, Unique=false, PK=false)
2025-12-03T18:31:59.310-0500	DEBUG	hashindexV3/hash_entry_storage.go:230	Wrote header to new bucket file	{"fieldName": "PerfRead", "bucketNum": 201, "fileNum": 0, "headerBytes": 349}
2025-12-03T18:31:59.310-0500	DEBUG	hashindexV3/header_manager.go:104	Created header for index PerfRead, field PerfRead, file 0 (FK=false, Unique=false, PK=false)
2025-12-03T18:31:59.310-0500	DEBUG	hashindexV3/hash_entry_storage.go:230	Wrote header to new bucket file	{"fieldName": "PerfRead", "bucketNum": 254, "fileNum": 0, "headerBytes": 349}
2025-12-03T18:31:59.310-0500	DEBUG	hashindexV3/header_manager.go:104	Created header for index PerfRead, field PerfRead, file 0 (FK=false, Unique=false, PK=false)
2025-12-03T18:31:59.310-0500	DEBUG	hashindexV3/hash_entry_storage.go:230	Wrote header to new bucket file	{"fieldName": "PerfRead", "bucketNum": 119, "fileNum": 0, "headerBytes": 349}
2025-12-03T18:31:59.310-0500	DEBUG	hashindexV3/header_manager.go:104	Created header for index PerfRead, field PerfRead, file 0 (FK=false, Unique=false, PK=false)
2025-12-03T18:31:59.310-0500	DEBUG	hashindexV3/hash_entry_storage.go:230	Wrote header to new bucket file	{"fieldName": "PerfRead", "bucketNum": 1, "fileNum": 0, "headerBytes": 349}
2025-12-03T18:31:59.311-0500	DEBUG	hashindexV3/header_manager.go:104	Created header for index PerfRead, field PerfRead, file 0 (FK=false, Unique=false, PK=false)
2025-12-03T18:31:59.311-0500	DEBUG	hashindexV3/hash_entry_storage.go:230	Wrote header to new bucket file	{"fieldName": "PerfRead", "bucketNum": 43, "fileNum": 0, "headerBytes": 349}
2025-12-03T18:31:59.311-0500	DEBUG	hashindexV3/header_manager.go:104	Created header for index PerfRead, field PerfRead, file 0 (FK=false, Unique=false, PK=false)
2025-12-03T18:31:59.311-0500	DEBUG	hashindexV3/hash_entry_storage.go:230	Wrote header to new bucket file	{"fieldName": "PerfRead", "bucketNum": 111, "fileNum": 0, "headerBytes": 349}
2025-12-03T18:31:59.311-0500	DEBUG	hashindexV3/header_manager.go:104	Created header for index PerfRead, field PerfRead, file 0 (FK=false, Unique=false, PK=false)
2025-12-03T18:31:59.311-0500	DEBUG	hashindexV3/hash_entry_storage.go:230	Wrote header to new bucket file	{"fieldName": "PerfRead", "bucketNum": 46, "fileNum": 0, "headerBytes": 349}
2025-12-03T18:31:59.311-0500	DEBUG	hashindexV3/header_manager.go:104	Created header for index PerfRead, field PerfRead, file 0 (FK=false, Unique=false, PK=false)
2025-12-03T18:31:59.311-0500	DEBUG	hashindexV3/hash_entry_storage.go:230	Wrote header to new bucket file	{"fieldName": "PerfRead", "bucketNum": 188, "fileNum": 0, "headerBytes": 349}
2025-12-03T18:31:59.311-0500	DEBUG	hashindexV3/header_manager.go:104	Created header for index PerfRead, field PerfRead, file 0 (FK=false, Unique=false, PK=false)
2025-12-03T18:31:59.311-0500	DEBUG	hashindexV3/hash_entry_storage.go:230	Wrote header to new bucket file	{"fieldName": "PerfRead", "bucketNum": 216, "fileNum": 0, "headerBytes": 349}
2025-12-03T18:31:59.311-0500	DEBUG	hashindexV3/header_manager.go:158	Read header from /var/folders/85/q1ly22y17zl71m_r0pvz60z00000gn/T/TestPerformance_ReadSpeed2428408619/001/PerfRead.0.hidx: index=PerfRead, field=PerfRead, entries=400, size=349 bytes
2025-12-03T18:31:59.311-0500	DEBUG	hashindexV3/header_manager.go:198	Wrote header to /var/folders/85/q1ly22y17zl71m_r0pvz60z00000gn/T/TestPerformance_ReadSpeed2428408619/001/PerfRead.0.hidx: index=PerfRead, field=PerfRead, 349 bytes
2025-12-03T18:31:59.311-0500	DEBUG	hashindexV3/header_manager.go:236	Updated statistics in /var/folders/85/q1ly22y17zl71m_r0pvz60z00000gn/T/TestPerformance_ReadSpeed2428408619/001/PerfRead.0.hidx: entries=500, deleted=0, size=349, seq=500
2025-12-03T18:31:59.311-0500	DEBUG	hashindexV3/hash_entry_storage.go:720	Updated header statistics: entries=500, size=349, seq=500
2025-12-03T18:31:59.312-0500	DEBUG	hashindexV3/header_manager.go:104	Created header for index PerfRead, field PerfRead, file 0 (FK=false, Unique=false, PK=false)
2025-12-03T18:31:59.312-0500	DEBUG	hashindexV3/hash_entry_storage.go:230	Wrote header to new bucket file	{"fieldName": "PerfRead", "bucketNum": 175, "fileNum": 0, "headerBytes": 349}
2025-12-03T18:31:59.312-0500	DEBUG	hashindexV3/header_manager.go:104	Created header for index PerfRead, field PerfRead, file 0 (FK=false, Unique=false, PK=false)
2025-12-03T18:31:59.312-0500	DEBUG	hashindexV3/hash_entry_storage.go:230	Wrote header to new bucket file	{"fieldName": "PerfRead", "bucketNum": 42, "fileNum": 0, "headerBytes": 349}
2025-12-03T18:31:59.312-0500	DEBUG	hashindexV3/header_manager.go:104	Created header for index PerfRead, field PerfRead, file 0 (FK=false, Unique=false, PK=false)
2025-12-03T18:31:59.312-0500	DEBUG	hashindexV3/hash_entry_storage.go:230	Wrote header to new bucket file	{"fieldName": "PerfRead", "bucketNum": 212, "fileNum": 0, "headerBytes": 349}
2025-12-03T18:31:59.312-0500	DEBUG	hashindexV3/header_manager.go:104	Created header for index PerfRead, field PerfRead, file 0 (FK=false, Unique=false, PK=false)
2025-12-03T18:31:59.312-0500	DEBUG	hashindexV3/hash_entry_storage.go:230	Wrote header to new bucket file	{"fieldName": "PerfRead", "bucketNum": 68, "fileNum": 0, "headerBytes": 349}
2025-12-03T18:31:59.312-0500	DEBUG	hashindexV3/header_manager.go:104	Created header for index PerfRead, field PerfRead, file 0 (FK=false, Unique=false, PK=false)
2025-12-03T18:31:59.312-0500	DEBUG	hashindexV3/hash_entry_storage.go:230	Wrote header to new bucket file	{"fieldName": "PerfRead", "bucketNum": 226, "fileNum": 0, "headerBytes": 349}
2025-12-03T18:31:59.313-0500	DEBUG	hashindexV3/header_manager.go:104	Created header for index PerfRead, field PerfRead, file 0 (FK=false, Unique=false, PK=false)
2025-12-03T18:31:59.313-0500	DEBUG	hashindexV3/hash_entry_storage.go:230	Wrote header to new bucket file	{"fieldName": "PerfRead", "bucketNum": 176, "fileNum": 0, "headerBytes": 349}
2025-12-03T18:31:59.313-0500	DEBUG	hashindexV3/header_manager.go:104	Created header for index PerfRead, field PerfRead, file 0 (FK=false, Unique=false, PK=false)
2025-12-03T18:31:59.313-0500	DEBUG	hashindexV3/hash_entry_storage.go:230	Wrote header to new bucket file	{"fieldName": "PerfRead", "bucketNum": 64, "fileNum": 0, "headerBytes": 349}
2025-12-03T18:31:59.313-0500	DEBUG	hashindexV3/header_manager.go:104	Created header for index PerfRead, field PerfRead, file 0 (FK=false, Unique=false, PK=false)
2025-12-03T18:31:59.313-0500	DEBUG	hashindexV3/hash_entry_storage.go:230	Wrote header to new bucket file	{"fieldName": "PerfRead", "bucketNum": 251, "fileNum": 0, "headerBytes": 349}
2025-12-03T18:31:59.313-0500	DEBUG	hashindexV3/header_manager.go:104	Created header for index PerfRead, field PerfRead, file 0 (FK=false, Unique=false, PK=false)
2025-12-03T18:31:59.313-0500	DEBUG	hashindexV3/hash_entry_storage.go:230	Wrote header to new bucket file	{"fieldName": "PerfRead", "bucketNum": 165, "fileNum": 0, "headerBytes": 349}
2025-12-03T18:31:59.313-0500	DEBUG	hashindexV3/header_manager.go:104	Created header for index PerfRead, field PerfRead, file 0 (FK=false, Unique=false, PK=false)
2025-12-03T18:31:59.313-0500	DEBUG	hashindexV3/hash_entry_storage.go:230	Wrote header to new bucket file	{"fieldName": "PerfRead", "bucketNum": 3, "fileNum": 0, "headerBytes": 349}
2025-12-03T18:31:59.314-0500	DEBUG	hashindexV3/header_manager.go:104	Created header for index PerfRead, field PerfRead, file 0 (FK=false, Unique=false, PK=false)
2025-12-03T18:31:59.314-0500	DEBUG	hashindexV3/hash_entry_storage.go:230	Wrote header to new bucket file	{"fieldName": "PerfRead", "bucketNum": 203, "fileNum": 0, "headerBytes": 349}
2025-12-03T18:31:59.314-0500	DEBUG	hashindexV3/header_manager.go:104	Created header for index PerfRead, field PerfRead, file 0 (FK=false, Unique=false, PK=false)
2025-12-03T18:31:59.314-0500	DEBUG	hashindexV3/hash_entry_storage.go:230	Wrote header to new bucket file	{"fieldName": "PerfRead", "bucketNum": 230, "fileNum": 0, "headerBytes": 349}
2025-12-03T18:31:59.314-0500	DEBUG	hashindexV3/header_manager.go:104	Created header for index PerfRead, field PerfRead, file 0 (FK=false, Unique=false, PK=false)
2025-12-03T18:31:59.314-0500	DEBUG	hashindexV3/hash_entry_storage.go:230	Wrote header to new bucket file	{"fieldName": "PerfRead", "bucketNum": 248, "fileNum": 0, "headerBytes": 349}
2025-12-03T18:31:59.314-0500	DEBUG	hashindexV3/header_manager.go:104	Created header for index PerfRead, field PerfRead, file 0 (FK=false, Unique=false, PK=false)
2025-12-03T18:31:59.314-0500	DEBUG	hashindexV3/hash_entry_storage.go:230	Wrote header to new bucket file	{"fieldName": "PerfRead", "bucketNum": 75, "fileNum": 0, "headerBytes": 349}
2025-12-03T18:31:59.314-0500	DEBUG	hashindexV3/header_manager.go:104	Created header for index PerfRead, field PerfRead, file 0 (FK=false, Unique=false, PK=false)
2025-12-03T18:31:59.314-0500	DEBUG	hashindexV3/hash_entry_storage.go:230	Wrote header to new bucket file	{"fieldName": "PerfRead", "bucketNum": 253, "fileNum": 0, "headerBytes": 349}
2025-12-03T18:31:59.314-0500	DEBUG	hashindexV3/header_manager.go:158	Read header from /var/folders/85/q1ly22y17zl71m_r0pvz60z00000gn/T/TestPerformance_ReadSpeed2428408619/001/PerfRead.0.hidx: index=PerfRead, field=PerfRead, entries=500, size=349 bytes
2025-12-03T18:31:59.314-0500	DEBUG	hashindexV3/header_manager.go:198	Wrote header to /var/folders/85/q1ly22y17zl71m_r0pvz60z00000gn/T/TestPerformance_ReadSpeed2428408619/001/PerfRead.0.hidx: index=PerfRead, field=PerfRead, 349 bytes
2025-12-03T18:31:59.314-0500	DEBUG	hashindexV3/header_manager.go:236	Updated statistics in /var/folders/85/q1ly22y17zl71m_r0pvz60z00000gn/T/TestPerformance_ReadSpeed2428408619/001/PerfRead.0.hidx: entries=600, deleted=0, size=349, seq=600
2025-12-03T18:31:59.314-0500	DEBUG	hashindexV3/hash_entry_storage.go:720	Updated header statistics: entries=600, size=349, seq=600
2025-12-03T18:31:59.315-0500	DEBUG	hashindexV3/header_manager.go:104	Created header for index PerfRead, field PerfRead, file 0 (FK=false, Unique=false, PK=false)
2025-12-03T18:31:59.315-0500	DEBUG	hashindexV3/hash_entry_storage.go:230	Wrote header to new bucket file	{"fieldName": "PerfRead", "bucketNum": 235, "fileNum": 0, "headerBytes": 349}
2025-12-03T18:31:59.315-0500	DEBUG	hashindexV3/header_manager.go:104	Created header for index PerfRead, field PerfRead, file 0 (FK=false, Unique=false, PK=false)
2025-12-03T18:31:59.315-0500	DEBUG	hashindexV3/hash_entry_storage.go:230	Wrote header to new bucket file	{"fieldName": "PerfRead", "bucketNum": 177, "fileNum": 0, "headerBytes": 349}
2025-12-03T18:31:59.315-0500	DEBUG	hashindexV3/header_manager.go:104	Created header for index PerfRead, field PerfRead, file 0 (FK=false, Unique=false, PK=false)
2025-12-03T18:31:59.315-0500	DEBUG	hashindexV3/hash_entry_storage.go:230	Wrote header to new bucket file	{"fieldName": "PerfRead", "bucketNum": 94, "fileNum": 0, "headerBytes": 349}
2025-12-03T18:31:59.315-0500	DEBUG	hashindexV3/header_manager.go:104	Created header for index PerfRead, field PerfRead, file 0 (FK=false, Unique=false, PK=false)
2025-12-03T18:31:59.315-0500	DEBUG	hashindexV3/hash_entry_storage.go:230	Wrote header to new bucket file	{"fieldName": "PerfRead", "bucketNum": 110, "fileNum": 0, "headerBytes": 349}
2025-12-03T18:31:59.316-0500	DEBUG	hashindexV3/header_manager.go:104	Created header for index PerfRead, field PerfRead, file 0 (FK=false, Unique=false, PK=false)
2025-12-03T18:31:59.316-0500	DEBUG	hashindexV3/hash_entry_storage.go:230	Wrote header to new bucket file	{"fieldName": "PerfRead", "bucketNum": 61, "fileNum": 0, "headerBytes": 349}
2025-12-03T18:31:59.316-0500	DEBUG	hashindexV3/header_manager.go:104	Created header for index PerfRead, field PerfRead, file 0 (FK=false, Unique=false, PK=false)
2025-12-03T18:31:59.316-0500	DEBUG	hashindexV3/hash_entry_storage.go:230	Wrote header to new bucket file	{"fieldName": "PerfRead", "bucketNum": 53, "fileNum": 0, "headerBytes": 349}
2025-12-03T18:31:59.316-0500	DEBUG	hashindexV3/header_manager.go:158	Read header from /var/folders/85/q1ly22y17zl71m_r0pvz60z00000gn/T/TestPerformance_ReadSpeed2428408619/001/PerfRead.0.hidx: index=PerfRead, field=PerfRead, entries=600, size=349 bytes
2025-12-03T18:31:59.316-0500	DEBUG	hashindexV3/header_manager.go:198	Wrote header to /var/folders/85/q1ly22y17zl71m_r0pvz60z00000gn/T/TestPerformance_ReadSpeed2428408619/001/PerfRead.0.hidx: index=PerfRead, field=PerfRead, 349 bytes
2025-12-03T18:31:59.316-0500	DEBUG	hashindexV3/header_manager.go:236	Updated statistics in /var/folders/85/q1ly22y17zl71m_r0pvz60z00000gn/T/TestPerformance_ReadSpeed2428408619/001/PerfRead.0.hidx: entries=700, deleted=0, size=349, seq=700
2025-12-03T18:31:59.316-0500	DEBUG	hashindexV3/hash_entry_storage.go:720	Updated header statistics: entries=700, size=349, seq=700
2025-12-03T18:31:59.316-0500	DEBUG	hashindexV3/header_manager.go:104	Created header for index PerfRead, field PerfRead, file 0 (FK=false, Unique=false, PK=false)
2025-12-03T18:31:59.316-0500	DEBUG	hashindexV3/hash_entry_storage.go:230	Wrote header to new bucket file	{"fieldName": "PerfRead", "bucketNum": 246, "fileNum": 0, "headerBytes": 349}
2025-12-03T18:31:59.316-0500	DEBUG	hashindexV3/header_manager.go:104	Created header for index PerfRead, field PerfRead, file 0 (FK=false, Unique=false, PK=false)
2025-12-03T18:31:59.316-0500	DEBUG	hashindexV3/hash_entry_storage.go:230	Wrote header to new bucket file	{"fieldName": "PerfRead", "bucketNum": 152, "fileNum": 0, "headerBytes": 349}
2025-12-03T18:31:59.317-0500	DEBUG	hashindexV3/header_manager.go:104	Created header for index PerfRead, field PerfRead, file 0 (FK=false, Unique=false, PK=false)
2025-12-03T18:31:59.317-0500	DEBUG	hashindexV3/hash_entry_storage.go:230	Wrote header to new bucket file	{"fieldName": "PerfRead", "bucketNum": 219, "fileNum": 0, "headerBytes": 349}
2025-12-03T18:31:59.317-0500	DEBUG	hashindexV3/header_manager.go:104	Created header for index PerfRead, field PerfRead, file 0 (FK=false, Unique=false, PK=false)
2025-12-03T18:31:59.317-0500	DEBUG	hashindexV3/hash_entry_storage.go:230	Wrote header to new bucket file	{"fieldName": "PerfRead", "bucketNum": 54, "fileNum": 0, "headerBytes": 349}
2025-12-03T18:31:59.317-0500	DEBUG	hashindexV3/header_manager.go:158	Read header from /var/folders/85/q1ly22y17zl71m_r0pvz60z00000gn/T/TestPerformance_ReadSpeed2428408619/001/PerfRead.0.hidx: index=PerfRead, field=PerfRead, entries=700, size=349 bytes
2025-12-03T18:31:59.317-0500	DEBUG	hashindexV3/header_manager.go:198	Wrote header to /var/folders/85/q1ly22y17zl71m_r0pvz60z00000gn/T/TestPerformance_ReadSpeed2428408619/001/PerfRead.0.hidx: index=PerfRead, field=PerfRead, 349 bytes
2025-12-03T18:31:59.317-0500	DEBUG	hashindexV3/header_manager.go:236	Updated statistics in /var/folders/85/q1ly22y17zl71m_r0pvz60z00000gn/T/TestPerformance_ReadSpeed2428408619/001/PerfRead.0.hidx: entries=800, deleted=0, size=349, seq=800
2025-12-03T18:31:59.317-0500	DEBUG	hashindexV3/hash_entry_storage.go:720	Updated header statistics: entries=800, size=349, seq=800
2025-12-03T18:31:59.317-0500	DEBUG	hashindexV3/header_manager.go:104	Created header for index PerfRead, field PerfRead, file 0 (FK=false, Unique=false, PK=false)
2025-12-03T18:31:59.317-0500	DEBUG	hashindexV3/hash_entry_storage.go:230	Wrote header to new bucket file	{"fieldName": "PerfRead", "bucketNum": 184, "fileNum": 0, "headerBytes": 349}
2025-12-03T18:31:59.318-0500	DEBUG	hashindexV3/header_manager.go:104	Created header for index PerfRead, field PerfRead, file 0 (FK=false, Unique=false, PK=false)
2025-12-03T18:31:59.318-0500	DEBUG	hashindexV3/hash_entry_storage.go:230	Wrote header to new bucket file	{"fieldName": "PerfRead", "bucketNum": 129, "fileNum": 0, "headerBytes": 349}
2025-12-03T18:31:59.318-0500	DEBUG	hashindexV3/header_manager.go:158	Read header from /var/folders/85/q1ly22y17zl71m_r0pvz60z00000gn/T/TestPerformance_ReadSpeed2428408619/001/PerfRead.0.hidx: index=PerfRead, field=PerfRead, entries=800, size=349 bytes
2025-12-03T18:31:59.318-0500	DEBUG	hashindexV3/header_manager.go:198	Wrote header to /var/folders/85/q1ly22y17zl71m_r0pvz60z00000gn/T/TestPerformance_ReadSpeed2428408619/001/PerfRead.0.hidx: index=PerfRead, field=PerfRead, 349 bytes
2025-12-03T18:31:59.318-0500	DEBUG	hashindexV3/header_manager.go:236	Updated statistics in /var/folders/85/q1ly22y17zl71m_r0pvz60z00000gn/T/TestPerformance_ReadSpeed2428408619/001/PerfRead.0.hidx: entries=900, deleted=0, size=349, seq=900
2025-12-03T18:31:59.318-0500	DEBUG	hashindexV3/hash_entry_storage.go:720	Updated header statistics: entries=900, size=349, seq=900
2025-12-03T18:31:59.318-0500	DEBUG	hashindexV3/header_manager.go:104	Created header for index PerfRead, field PerfRead, file 0 (FK=false, Unique=false, PK=false)
2025-12-03T18:31:59.318-0500	DEBUG	hashindexV3/hash_entry_storage.go:230	Wrote header to new bucket file	{"fieldName": "PerfRead", "bucketNum": 233, "fileNum": 0, "headerBytes": 349}
2025-12-03T18:31:59.318-0500	DEBUG	hashindexV3/header_manager.go:104	Created header for index PerfRead, field PerfRead, file 0 (FK=false, Unique=false, PK=false)
2025-12-03T18:31:59.318-0500	DEBUG	hashindexV3/hash_entry_storage.go:230	Wrote header to new bucket file	{"fieldName": "PerfRead", "bucketNum": 60, "fileNum": 0, "headerBytes": 349}
2025-12-03T18:31:59.318-0500	DEBUG	hashindexV3/header_manager.go:158	Read header from /var/folders/85/q1ly22y17zl71m_r0pvz60z00000gn/T/TestPerformance_ReadSpeed2428408619/001/PerfRead.0.hidx: index=PerfRead, field=PerfRead, entries=900, size=349 bytes
2025-12-03T18:31:59.318-0500	DEBUG	hashindexV3/header_manager.go:198	Wrote header to /var/folders/85/q1ly22y17zl71m_r0pvz60z00000gn/T/TestPerformance_ReadSpeed2428408619/001/PerfRead.0.hidx: index=PerfRead, field=PerfRead, 349 bytes
2025-12-03T18:31:59.318-0500	DEBUG	hashindexV3/header_manager.go:236	Updated statistics in /var/folders/85/q1ly22y17zl71m_r0pvz60z00000gn/T/TestPerformance_ReadSpeed2428408619/001/PerfRead.0.hidx: entries=1000, deleted=0, size=349, seq=1000
2025-12-03T18:31:59.318-0500	DEBUG	hashindexV3/hash_entry_storage.go:720	Updated header statistics: entries=1000, size=349, seq=1000
    header_based_index_test.go:807: ✅ Read 1000 entries in 199.708µs (5007310.67 reads/sec)
2025-12-03T18:31:59.323-0500	DEBUG	hashindexV3/header_manager.go:158	Read header from /var/folders/85/q1ly22y17zl71m_r0pvz60z00000gn/T/TestPerformance_ReadSpeed2428408619/001/PerfRead.0.hidx: index=PerfRead, field=PerfRead, entries=1000, size=349 bytes
2025-12-03T18:31:59.323-0500	DEBUG	hashindexV3/header_manager.go:198	Wrote header to /var/folders/85/q1ly22y17zl71m_r0pvz60z00000gn/T/TestPerformance_ReadSpeed2428408619/001/PerfRead.0.hidx: index=PerfRead, field=PerfRead, 349 bytes
2025-12-03T18:31:59.323-0500	DEBUG	hashindexV3/header_manager.go:236	Updated statistics in /var/folders/85/q1ly22y17zl71m_r0pvz60z00000gn/T/TestPerformance_ReadSpeed2428408619/001/PerfRead.0.hidx: entries=1000, deleted=0, size=349, seq=1000
2025-12-03T18:31:59.323-0500	DEBUG	hashindexV3/hash_entry_storage.go:720	Updated header statistics: entries=1000, size=349, seq=1000
2025-12-03T18:31:59.323-0500	DEBUG	hashindexV3/hash_index_metadata.go:56	SaveMetadata called (deprecated, now no-op - using headers)	{"indexName": "PerfRead"}
2025-12-03T18:31:59.325-0500	INFO	hashindexV3/hash_entry_storage.go:926	Entry storage closed	{"indexName": "PerfRead", "bundleName": "TestBundle", "useBuckets": true, "totalEntries": 1000, "totalBytes": 71780}
2025-12-03T18:31:59.325-0500	INFO	hashindexV3/hash_index_api.go:729	Closed hash index	{"indexName": "PerfRead", "totalPuts": 1000, "totalGets": 1000, "totalDeletes": 0}
--- PASS: TestPerformance_ReadSpeed (0.05s)
PASS
ok  	syndrdb/src/tests/homegrown/LSM_index_Tests	0.484s
FAIL	syndrdb/src/tests/homegrown/graphQL [build failed]
FAIL	syndrdb/src/tests/homegrown/syndrQL [build failed]
FAIL
